[INFO] [1790223322.749116646] [sage_energy_monitor]: SAGE energy monitor started.
[INFO] [1790223322.749982735] [sage_energy_monitor]: Cruise speed 1.0 m/s | reserve 0.20
[INFO] [1790223323.617702056] [sage_energy_monitor]: ENERGY | remaining=98.7 % | voltage=16.17 V | drain_rate=n/a | home_distance=0.0 m | return_time=4 s | return_cost=n/a | margin_after_return=n/a
[INFO] [1790223324.616530317] [sage_energy_monitor]: ENERGY | remaining=98.6 % | voltage=16.17 V | drain_rate=n/a | home_distance=0.0 m | return_time=4 s | return_cost=n/a | margin_after_return=n/a
[INFO] [1790223325.617588428] [sage_energy_monitor]: ENERGY | remaining=98.5 % | voltage=16.17 V | drain_rate=n/a | home_distance=0.0 m | return_time=4 s | return_cost=n/a | margin_after_return=n/a
[INFO] [1790223326.615487641] [sage_energy_monitor]: ENERGY | remaining=98.5 % | voltage=16.17 V | drain_rate=n/a | home_distance=0.0 m | return_time=4 s | return_cost=n/a | margin_after_return=n/a
[INFO] [1790223327.615378850] [sage_energy_monitor]: ENERGY | remaining=98.4 % | voltage=16.17 V | drain_rate=n/a | home_distance=0.0 m | return_time=3 s | return_cost=n/a | margin_after_return=n/a
[INFO] [1790223328.618267914] [sage_energy_monitor]: ENERGY | remaining=98.3 % | voltage=16.17 V | drain_rate=0.070 %/s | home_distance=0.0 m | return_time=3 s | return_cost=0.2 % | margin_after_return=78.1 %
[INFO] [1790223329.618138658] [sage_energy_monitor]: ENERGY | remaining=98.3 % | voltage=16.17 V | drain_rate=0.070 %/s | home_distance=0.0 m | return_time=3 s | return_cost=0.2 % | margin_after_return=78.0 %
[INFO] [1790223330.617559412] [sage_energy_monitor]: ENERGY | remaining=98.2 % | voltage=16.17 V | drain_rate=0.069 %/s | home_distance=0.0 m | return_time=3 s | return_cost=0.2 % | margin_after_return=78.0 %
[INFO] [1790223331.617155526] [sage_energy_monitor]: ENERGY | remaining=98.1 % | voltage=16.16 V | drain_rate=0.069 %/s | home_distance=0.0 m | return_time=3 s | return_cost=0.2 % | margin_after_return=77.9 %
[INFO] [1790223332.619265352] [sage_energy_monitor]: ENERGY | remaining=98.1 % | voltage=16.16 V | drain_rate=0.069 %/s | home_distance=0.0 m | return_time=3 s | return_cost=0.2 % | margin_after_return=77.8 %
[INFO] [1790223333.616951677] [sage_energy_monitor]: ENERGY | remaining=98.0 % | voltage=16.16 V | drain_rate=0.068 %/s | home_distance=0.0 m | return_time=3 s | return_cost=0.2 % | margin_after_return=77.8 %
[INFO] [1790223334.616593403] [sage_energy_monitor]: ENERGY | remaining=97.9 % | voltage=16.16 V | drain_rate=0.067 %/s | home_distance=0.0 m | return_time=3 s | return_cost=0.2 % | margin_after_return=77.7 %
[INFO] [1790223335.618317395] [sage_energy_monitor]: ENERGY | remaining=97.9 % | voltage=16.16 V | drain_rate=0.067 %/s | home_distance=0.0 m | return_time=3 s | return_cost=0.2 % | margin_after_return=77.7 %
[INFO] [1790223336.615754031] [sage_energy_monitor]: ENERGY | remaining=97.8 % | voltage=16.16 V | drain_rate=0.066 %/s | home_distance=0.0 m | return_time=3 s | return_cost=0.2 % | margin_after_return=77.6 %
[INFO] [1790223337.616178323] [sage_energy_monitor]: ENERGY | remaining=97.8 % | voltage=16.16 V | drain_rate=0.065 %/s | home_distance=0.0 m | return_time=3 s | return_cost=0.2 % | margin_after_return=77.5 %
[INFO] [1790223338.621818715] [sage_energy_monitor]: ENERGY | remaining=97.7 % | voltage=16.16 V | drain_rate=0.064 %/s | home_distance=0.0 m | return_time=4 s | return_cost=0.2 % | margin_after_return=77.5 %
[INFO] [1790223339.618951568] [sage_energy_monitor]: ENERGY | remaining=97.7 % | voltage=16.16 V | drain_rate=0.064 %/s | home_distance=0.0 m | return_time=4 s | return_cost=0.2 % | margin_after_return=77.4 %
[INFO] [1790223340.615428966] [sage_energy_monitor]: ENERGY | remaining=97.6 % | voltage=16.16 V | drain_rate=0.063 %/s | home_distance=0.0 m | return_time=4 s | return_cost=0.2 % | margin_after_return=77.4 %
[INFO] [1790223341.619357070] [sage_energy_monitor]: ENERGY | remaining=97.6 % | voltage=16.15 V | drain_rate=0.062 %/s | home_distance=0.0 m | return_time=4 s | return_cost=0.2 % | margin_after_return=77.3 %
[INFO] [1790223342.616443564] [sage_energy_monitor]: ENERGY | remaining=97.5 % | voltage=16.15 V | drain_rate=0.061 %/s | home_distance=0.0 m | return_time=4 s | return_cost=0.2 % | margin_after_return=77.3 %
[INFO] [1790223343.617390240] [sage_energy_monitor]: ENERGY | remaining=97.5 % | voltage=16.15 V | drain_rate=0.060 %/s | home_distance=0.0 m | return_time=4 s | return_cost=0.2 % | margin_after_return=77.2 %
[INFO] [1790223344.621332749] [sage_energy_monitor]: ENERGY | remaining=97.4 % | voltage=16.15 V | drain_rate=0.059 %/s | home_distance=0.0 m | return_time=4 s | return_cost=0.2 % | margin_after_return=77.2 %
[INFO] [1790223345.619373541] [sage_energy_monitor]: ENERGY | remaining=97.4 % | voltage=16.15 V | drain_rate=0.058 %/s | home_distance=0.0 m | return_time=4 s | return_cost=0.2 % | margin_after_return=77.2 %
[INFO] [1790223346.617150002] [sage_energy_monitor]: ENERGY | remaining=97.4 % | voltage=16.15 V | drain_rate=0.057 %/s | home_distance=0.0 m | return_time=4 s | return_cost=0.2 % | margin_after_return=77.1 %
[INFO] [1790223347.623215449] [sage_energy_monitor]: ENERGY | remaining=97.3 % | voltage=16.15 V | drain_rate=0.057 %/s | home_distance=0.0 m | return_time=4 s | return_cost=0.2 % | margin_after_return=77.1 %
[INFO] [1790223348.615484580] [sage_energy_monitor]: ENERGY | remaining=97.3 % | voltage=16.15 V | drain_rate=0.056 %/s | home_distance=0.0 m | return_time=4 s | return_cost=0.2 % | margin_after_return=77.0 %
[INFO] [1790223349.617176566] [sage_energy_monitor]: ENERGY | remaining=97.2 % | voltage=16.15 V | drain_rate=0.056 %/s | home_distance=0.0 m | return_time=4 s | return_cost=0.2 % | margin_after_return=77.0 %
[INFO] [1790223350.615426273] [sage_energy_monitor]: ENERGY | remaining=97.2 % | voltage=16.15 V | drain_rate=0.056 %/s | home_distance=0.0 m | return_time=4 s | return_cost=0.2 % | margin_after_return=76.9 %
[INFO] [1790223351.616399115] [sage_energy_monitor]: ENERGY | remaining=97.1 % | voltage=16.15 V | drain_rate=0.056 %/s | home_distance=0.0 m | return_time=4 s | return_cost=0.2 % | margin_after_return=76.9 %
[INFO] [1790223352.615958924] [sage_energy_monitor]: ENERGY | remaining=97.1 % | voltage=16.15 V | drain_rate=0.056 %/s | home_distance=0.0 m | return_time=4 s | return_cost=0.2 % | margin_after_return=76.8 %
[INFO] [1790223353.618477803] [sage_energy_monitor]: ENERGY | remaining=97.0 % | voltage=16.14 V | drain_rate=0.056 %/s | home_distance=0.0 m | return_time=4 s | return_cost=0.2 % | margin_after_return=76.8 %
[INFO] [1790223354.617328801] [sage_energy_monitor]: ENERGY | remaining=96.9 % | voltage=16.14 V | drain_rate=0.055 %/s | home_distance=0.0 m | return_time=4 s | return_cost=0.2 % | margin_after_return=76.7 %
[INFO] [1790223355.620431627] [sage_energy_monitor]: ENERGY | remaining=96.9 % | voltage=16.14 V | drain_rate=0.055 %/s | home_distance=0.0 m | return_time=4 s | return_cost=0.2 % | margin_after_return=76.7 %
[INFO] [1790223356.618743773] [sage_energy_monitor]: ENERGY | remaining=96.8 % | voltage=16.14 V | drain_rate=0.054 %/s | home_distance=0.0 m | return_time=4 s | return_cost=0.2 % | margin_after_return=76.6 %
[INFO] [1790223357.615622679] [sage_energy_monitor]: ENERGY | remaining=96.8 % | voltage=16.14 V | drain_rate=0.053 %/s | home_distance=0.0 m | return_time=4 s | return_cost=0.2 % | margin_after_return=76.6 %
[INFO] [1790223358.615475811] [sage_energy_monitor]: ENERGY | remaining=96.7 % | voltage=16.14 V | drain_rate=0.053 %/s | home_distance=0.7 m | return_time=5 s | return_cost=0.2 % | margin_after_return=76.5 %
[INFO] [1790223359.618214871] [sage_energy_monitor]: ENERGY | remaining=96.7 % | voltage=16.14 V | drain_rate=0.052 %/s | home_distance=2.5 m | return_time=6 s | return_cost=0.3 % | margin_after_return=76.4 %
[INFO] [1790223360.615718169] [sage_energy_monitor]: ENERGY | remaining=96.6 % | voltage=16.14 V | drain_rate=0.052 %/s | home_distance=4.0 m | return_time=8 s | return_cost=0.4 % | margin_after_return=76.2 %
[INFO] [1790223361.620513446] [sage_energy_monitor]: ENERGY | remaining=96.6 % | voltage=16.14 V | drain_rate=0.052 %/s | home_distance=4.5 m | return_time=8 s | return_cost=0.4 % | margin_after_return=76.1 %
[INFO] [1790223362.615669176] [sage_energy_monitor]: ENERGY | remaining=96.5 % | voltage=16.14 V | drain_rate=0.051 %/s | home_distance=4.8 m | return_time=9 s | return_cost=0.4 % | margin_after_return=76.1 %
[INFO] [1790223363.615833617] [sage_energy_monitor]: ENERGY | remaining=96.5 % | voltage=16.13 V | drain_rate=0.051 %/s | home_distance=5.3 m | return_time=9 s | return_cost=0.5 % | margin_after_return=76.0 %
[INFO] [1790223364.616754828] [sage_energy_monitor]: ENERGY | remaining=96.4 % | voltage=16.13 V | drain_rate=0.051 %/s | home_distance=4.9 m | return_time=9 s | return_cost=0.4 % | margin_after_return=76.0 %
[INFO] [1790223365.616490602] [sage_energy_monitor]: ENERGY | remaining=96.4 % | voltage=16.13 V | drain_rate=0.050 %/s | home_distance=5.1 m | return_time=9 s | return_cost=0.5 % | margin_after_return=75.9 %
[INFO] [1790223366.621117298] [sage_energy_monitor]: ENERGY | remaining=96.3 % | voltage=16.13 V | drain_rate=0.050 %/s | home_distance=6.0 m | return_time=10 s | return_cost=0.5 % | margin_after_return=75.8 %
[INFO] [1790223367.615610836] [sage_energy_monitor]: ENERGY | remaining=96.3 % | voltage=16.13 V | drain_rate=0.050 %/s | home_distance=6.7 m | return_time=11 s | return_cost=0.5 % | margin_after_return=75.7 %
[INFO] [1790223368.624687418] [sage_energy_monitor]: ENERGY | remaining=96.2 % | voltage=16.13 V | drain_rate=0.050 %/s | home_distance=7.1 m | return_time=11 s | return_cost=0.6 % | margin_after_return=75.6 %
[INFO] [1790223369.617830002] [sage_energy_monitor]: ENERGY | remaining=96.2 % | voltage=16.13 V | drain_rate=0.050 %/s | home_distance=7.1 m | return_time=11 s | return_cost=0.6 % | margin_after_return=75.6 %
[INFO] [1790223370.621423160] [sage_energy_monitor]: ENERGY | remaining=96.1 % | voltage=16.13 V | drain_rate=0.050 %/s | home_distance=6.9 m | return_time=11 s | return_cost=0.6 % | margin_after_return=75.5 %
[INFO] [1790223371.618968563] [sage_energy_monitor]: ENERGY | remaining=96.0 % | voltage=16.13 V | drain_rate=0.050 %/s | home_distance=7.0 m | return_time=11 s | return_cost=0.6 % | margin_after_return=75.5 %
[INFO] [1790223372.619724802] [sage_energy_monitor]: ENERGY | remaining=96.0 % | voltage=16.13 V | drain_rate=0.051 %/s | home_distance=7.0 m | return_time=11 s | return_cost=0.6 % | margin_after_return=75.4 %
[INFO] [1790223373.618274870] [sage_energy_monitor]: ENERGY | remaining=95.9 % | voltage=16.13 V | drain_rate=0.051 %/s | home_distance=7.9 m | return_time=12 s | return_cost=0.6 % | margin_after_return=75.3 %
[INFO] [1790223374.620824172] [sage_energy_monitor]: ENERGY | remaining=95.9 % | voltage=16.12 V | drain_rate=0.052 %/s | home_distance=9.4 m | return_time=14 s | return_cost=0.7 % | margin_after_return=75.2 %
[INFO] [1790223375.617981439] [sage_energy_monitor]: ENERGY | remaining=95.8 % | voltage=16.12 V | drain_rate=0.052 %/s | home_distance=10.3 m | return_time=14 s | return_cost=0.8 % | margin_after_return=75.1 %
[INFO] [1790223376.620158137] [sage_energy_monitor]: ENERGY | remaining=95.8 % | voltage=16.12 V | drain_rate=0.053 %/s | home_distance=10.6 m | return_time=14 s | return_cost=0.8 % | margin_after_return=75.0 %
[INFO] [1790223377.617467090] [sage_energy_monitor]: ENERGY | remaining=95.7 % | voltage=16.12 V | drain_rate=0.053 %/s | home_distance=11.0 m | return_time=15 s | return_cost=0.8 % | margin_after_return=74.9 %
[INFO] [1790223378.628932346] [sage_energy_monitor]: ENERGY | remaining=95.7 % | voltage=16.12 V | drain_rate=0.053 %/s | home_distance=11.5 m | return_time=15 s | return_cost=0.8 % | margin_after_return=74.9 %
[INFO] [1790223379.617043079] [sage_energy_monitor]: ENERGY | remaining=95.6 % | voltage=16.12 V | drain_rate=0.053 %/s | home_distance=11.7 m | return_time=16 s | return_cost=0.8 % | margin_after_return=74.8 %
[INFO] [1790223380.617042408] [sage_energy_monitor]: ENERGY | remaining=95.6 % | voltage=16.12 V | drain_rate=0.053 %/s | home_distance=11.6 m | return_time=15 s | return_cost=0.8 % | margin_after_return=74.8 %
[INFO] [1790223381.620198944] [sage_energy_monitor]: ENERGY | remaining=95.5 % | voltage=16.12 V | drain_rate=0.053 %/s | home_distance=11.4 m | return_time=15 s | return_cost=0.8 % | margin_after_return=74.7 %
[INFO] [1790223382.617586865] [sage_energy_monitor]: ENERGY | remaining=95.5 % | voltage=16.12 V | drain_rate=0.053 %/s | home_distance=11.5 m | return_time=15 s | return_cost=0.8 % | margin_after_return=74.6 %
[INFO] [1790223383.617962554] [sage_energy_monitor]: ENERGY | remaining=95.4 % | voltage=16.12 V | drain_rate=0.053 %/s | home_distance=11.6 m | return_time=15 s | return_cost=0.8 % | margin_after_return=74.6 %
[INFO] [1790223384.622988464] [sage_energy_monitor]: ENERGY | remaining=95.3 % | voltage=16.11 V | drain_rate=0.053 %/s | home_distance=11.9 m | return_time=15 s | return_cost=0.8 % | margin_after_return=74.5 %
[INFO] [1790223385.622822632] [sage_energy_monitor]: ENERGY | remaining=95.3 % | voltage=16.11 V | drain_rate=0.054 %/s | home_distance=13.2 m | return_time=17 s | return_cost=0.9 % | margin_after_return=74.4 %
[INFO] [1790223386.618259198] [sage_energy_monitor]: ENERGY | remaining=95.2 % | voltage=16.11 V | drain_rate=0.053 %/s | home_distance=14.5 m | return_time=18 s | return_cost=1.0 % | margin_after_return=74.3 %
[INFO] [1790223387.616361256] [sage_energy_monitor]: ENERGY | remaining=95.2 % | voltage=16.11 V | drain_rate=0.053 %/s | home_distance=15.5 m | return_time=19 s | return_cost=1.0 % | margin_after_return=74.2 %
[INFO] [1790223388.617444466] [sage_energy_monitor]: ENERGY | remaining=95.1 % | voltage=16.11 V | drain_rate=0.053 %/s | home_distance=15.9 m | return_time=20 s | return_cost=1.1 % | margin_after_return=74.1 %
[INFO] [1790223389.623084537] [sage_energy_monitor]: ENERGY | remaining=95.1 % | voltage=16.11 V | drain_rate=0.053 %/s | home_distance=15.7 m | return_time=19 s | return_cost=1.0 % | margin_after_return=74.1 %
[INFO] [1790223390.615490970] [sage_energy_monitor]: ENERGY | remaining=95.0 % | voltage=16.11 V | drain_rate=0.053 %/s | home_distance=15.1 m | return_time=19 s | return_cost=1.0 % | margin_after_return=74.0 %
[INFO] [1790223391.620579657] [sage_energy_monitor]: ENERGY | remaining=95.0 % | voltage=16.11 V | drain_rate=0.053 %/s | home_distance=14.8 m | return_time=19 s | return_cost=1.0 % | margin_after_return=74.0 %
[INFO] [1790223392.626195510] [sage_energy_monitor]: ENERGY | remaining=94.9 % | voltage=16.11 V | drain_rate=0.053 %/s | home_distance=14.9 m | return_time=19 s | return_cost=1.0 % | margin_after_return=73.9 %
[INFO] [1790223393.618921623] [sage_energy_monitor]: ENERGY | remaining=94.9 % | voltage=16.11 V | drain_rate=0.053 %/s | home_distance=15.0 m | return_time=19 s | return_cost=1.0 % | margin_after_return=73.9 %
[INFO] [1790223394.619672142] [sage_energy_monitor]: ENERGY | remaining=94.8 % | voltage=16.11 V | drain_rate=0.053 %/s | home_distance=15.2 m | return_time=19 s | return_cost=1.0 % | margin_after_return=73.8 %
[INFO] [1790223395.618082222] [sage_energy_monitor]: ENERGY | remaining=94.8 % | voltage=16.10 V | drain_rate=0.053 %/s | home_distance=15.2 m | return_time=19 s | return_cost=1.0 % | margin_after_return=73.8 %
[INFO] [1790223396.618564567] [sage_energy_monitor]: ENERGY | remaining=94.7 % | voltage=16.10 V | drain_rate=0.053 %/s | home_distance=15.1 m | return_time=19 s | return_cost=1.0 % | margin_after_return=73.7 %
[INFO] [1790223397.616410887] [sage_energy_monitor]: ENERGY | remaining=94.7 % | voltage=16.10 V | drain_rate=0.053 %/s | home_distance=14.8 m | return_time=19 s | return_cost=1.0 % | margin_after_return=73.7 %
[INFO] [1790223398.615679857] [sage_energy_monitor]: ENERGY | remaining=94.6 % | voltage=16.10 V | drain_rate=0.054 %/s | home_distance=14.0 m | return_time=18 s | return_cost=1.0 % | margin_after_return=73.6 %
[INFO] [1790223399.616692644] [sage_energy_monitor]: ENERGY | remaining=94.5 % | voltage=16.10 V | drain_rate=0.054 %/s | home_distance=12.5 m | return_time=17 s | return_cost=0.9 % | margin_after_return=73.7 %
[INFO] [1790223400.621919146] [sage_energy_monitor]: ENERGY | remaining=94.5 % | voltage=16.10 V | drain_rate=0.054 %/s | home_distance=10.6 m | return_time=15 s | return_cost=0.8 % | margin_after_return=73.7 %
[INFO] [1790223401.623690191] [sage_energy_monitor]: ENERGY | remaining=94.4 % | voltage=16.10 V | drain_rate=0.054 %/s | home_distance=8.8 m | return_time=13 s | return_cost=0.7 % | margin_after_return=73.7 %
[INFO] [1790223402.617988410] [sage_energy_monitor]: ENERGY | remaining=94.4 % | voltage=16.10 V | drain_rate=0.054 %/s | home_distance=6.9 m | return_time=11 s | return_cost=0.6 % | margin_after_return=73.8 %
[INFO] [1790223403.620663045] [sage_energy_monitor]: ENERGY | remaining=94.3 % | voltage=16.10 V | drain_rate=0.054 %/s | home_distance=5.2 m | return_time=9 s | return_cost=0.5 % | margin_after_return=73.8 %
[INFO] [1790223404.627901652] [sage_energy_monitor]: ENERGY | remaining=94.3 % | voltage=16.10 V | drain_rate=0.054 %/s | home_distance=3.8 m | return_time=8 s | return_cost=0.4 % | margin_after_return=73.9 %
[INFO] [1790223405.621598504] [sage_energy_monitor]: ENERGY | remaining=94.2 % | voltage=16.09 V | drain_rate=0.054 %/s | home_distance=2.8 m | return_time=7 s | return_cost=0.4 % | margin_after_return=73.8 %
[INFO] [1790223406.623384629] [sage_energy_monitor]: ENERGY | remaining=94.2 % | voltage=16.09 V | drain_rate=0.054 %/s | home_distance=3.1 m | return_time=7 s | return_cost=0.4 % | margin_after_return=73.8 %
[INFO] [1790223407.615350482] [sage_energy_monitor]: ENERGY | remaining=94.1 % | voltage=16.09 V | drain_rate=0.054 %/s | home_distance=4.2 m | return_time=8 s | return_cost=0.4 % | margin_after_return=73.7 %
[INFO] [1790223408.618431244] [sage_energy_monitor]: ENERGY | remaining=94.1 % | voltage=16.09 V | drain_rate=0.054 %/s | home_distance=5.9 m | return_time=10 s | return_cost=0.5 % | margin_after_return=73.5 %
[INFO] [1790223409.618044238] [sage_energy_monitor]: ENERGY | remaining=94.0 % | voltage=16.09 V | drain_rate=0.054 %/s | home_distance=7.4 m | return_time=12 s | return_cost=0.6 % | margin_after_return=73.4 %
[INFO] [1790223410.619149084] [sage_energy_monitor]: ENERGY | remaining=93.9 % | voltage=16.09 V | drain_rate=0.054 %/s | home_distance=8.1 m | return_time=12 s | return_cost=0.7 % | margin_after_return=73.3 %
[INFO] [1790223411.616884137] [sage_energy_monitor]: ENERGY | remaining=93.9 % | voltage=16.09 V | drain_rate=0.054 %/s | home_distance=8.2 m | return_time=12 s | return_cost=0.7 % | margin_after_return=73.2 %
[INFO] [1790223412.618174225] [sage_energy_monitor]: ENERGY | remaining=93.8 % | voltage=16.09 V | drain_rate=0.054 %/s | home_distance=6.8 m | return_time=11 s | return_cost=0.6 % | margin_after_return=73.2 %
[INFO] [1790223413.618061568] [sage_energy_monitor]: ENERGY | remaining=93.8 % | voltage=16.09 V | drain_rate=0.054 %/s | home_distance=5.4 m | return_time=10 s | return_cost=0.5 % | margin_after_return=73.3 %
[INFO] [1790223414.620468698] [sage_energy_monitor]: ENERGY | remaining=93.7 % | voltage=16.09 V | drain_rate=0.054 %/s | home_distance=4.6 m | return_time=9 s | return_cost=0.5 % | margin_after_return=73.3 %
[INFO] [1790223415.618479025] [sage_energy_monitor]: ENERGY | remaining=93.7 % | voltage=16.08 V | drain_rate=0.054 %/s | home_distance=4.3 m | return_time=8 s | return_cost=0.5 % | margin_after_return=73.2 %
[INFO] [1790223416.616466482] [sage_energy_monitor]: ENERGY | remaining=93.6 % | voltage=16.08 V | drain_rate=0.054 %/s | home_distance=4.2 m | return_time=8 s | return_cost=0.4 % | margin_after_return=73.2 %
[INFO] [1790223417.619234676] [sage_energy_monitor]: ENERGY | remaining=93.6 % | voltage=16.08 V | drain_rate=0.054 %/s | home_distance=4.0 m | return_time=8 s | return_cost=0.4 % | margin_after_return=73.1 %
[INFO] [1790223418.615689432] [sage_energy_monitor]: ENERGY | remaining=93.5 % | voltage=16.08 V | drain_rate=0.054 %/s | home_distance=4.6 m | return_time=9 s | return_cost=0.5 % | margin_after_return=73.0 %
[INFO] [1790223419.616679326] [sage_energy_monitor]: ENERGY | remaining=93.5 % | voltage=16.08 V | drain_rate=0.054 %/s | home_distance=5.4 m | return_time=9 s | return_cost=0.5 % | margin_after_return=72.9 %
[INFO] [1790223420.616552914] [sage_energy_monitor]: ENERGY | remaining=93.4 % | voltage=16.08 V | drain_rate=0.054 %/s | home_distance=5.8 m | return_time=10 s | return_cost=0.5 % | margin_after_return=72.9 %
[INFO] [1790223421.621692290] [sage_energy_monitor]: ENERGY | remaining=93.3 % | voltage=16.08 V | drain_rate=0.054 %/s | home_distance=5.7 m | return_time=10 s | return_cost=0.5 % | margin_after_return=72.8 %
[INFO] [1790223422.615803728] [sage_energy_monitor]: ENERGY | remaining=93.3 % | voltage=16.08 V | drain_rate=0.054 %/s | home_distance=4.5 m | return_time=9 s | return_cost=0.5 % | margin_after_return=72.8 %
[INFO] [1790223423.620807725] [sage_energy_monitor]: ENERGY | remaining=93.2 % | voltage=16.08 V | drain_rate=0.054 %/s | home_distance=3.8 m | return_time=8 s | return_cost=0.4 % | margin_after_return=72.8 %
[INFO] [1790223424.626412807] [sage_energy_monitor]: ENERGY | remaining=93.2 % | voltage=16.08 V | drain_rate=0.054 %/s | home_distance=3.9 m | return_time=8 s | return_cost=0.4 % | margin_after_return=72.7 %
[INFO] [1790223425.626418986] [sage_energy_monitor]: ENERGY | remaining=93.1 % | voltage=16.07 V | drain_rate=0.055 %/s | home_distance=3.3 m | return_time=7 s | return_cost=0.4 % | margin_after_return=72.7 %
[INFO] [1790223426.618022116] [sage_energy_monitor]: ENERGY | remaining=93.1 % | voltage=16.07 V | drain_rate=0.055 %/s | home_distance=2.9 m | return_time=7 s | return_cost=0.4 % | margin_after_return=72.7 %
[INFO] [1790223427.633104494] [sage_energy_monitor]: ENERGY | remaining=93.0 % | voltage=16.07 V | drain_rate=0.054 %/s | home_distance=3.7 m | return_time=8 s | return_cost=0.4 % | margin_after_return=72.6 %
[INFO] [1790223428.615711708] [sage_energy_monitor]: ENERGY | remaining=93.0 % | voltage=16.07 V | drain_rate=0.055 %/s | home_distance=4.5 m | return_time=9 s | return_cost=0.5 % | margin_after_return=72.5 %
[INFO] [1790223429.618890706] [sage_energy_monitor]: ENERGY | remaining=92.9 % | voltage=16.07 V | drain_rate=0.054 %/s | home_distance=4.8 m | return_time=9 s | return_cost=0.5 % | margin_after_return=72.4 %
[INFO] [1790223430.618452759] [sage_energy_monitor]: ENERGY | remaining=92.9 % | voltage=16.07 V | drain_rate=0.054 %/s | home_distance=4.8 m | return_time=9 s | return_cost=0.5 % | margin_after_return=72.4 %
[INFO] [1790223431.616993583] [sage_energy_monitor]: ENERGY | remaining=92.8 % | voltage=16.07 V | drain_rate=0.054 %/s | home_distance=4.6 m | return_time=9 s | return_cost=0.5 % | margin_after_return=72.3 %
[INFO] [1790223432.616347643] [sage_energy_monitor]: ENERGY | remaining=92.8 % | voltage=16.07 V | drain_rate=0.054 %/s | home_distance=4.9 m | return_time=9 s | return_cost=0.5 % | margin_after_return=72.3 %
[INFO] [1790223433.616841888] [sage_energy_monitor]: ENERGY | remaining=92.7 % | voltage=16.07 V | drain_rate=0.054 %/s | home_distance=5.3 m | return_time=10 s | return_cost=0.5 % | margin_after_return=72.2 %
[INFO] [1790223434.622612218] [sage_energy_monitor]: ENERGY | remaining=92.6 % | voltage=16.07 V | drain_rate=0.054 %/s | home_distance=5.4 m | return_time=10 s | return_cost=0.5 % | margin_after_return=72.1 %
[INFO] [1790223435.617562931] [sage_energy_monitor]: ENERGY | remaining=92.6 % | voltage=16.07 V | drain_rate=0.054 %/s | home_distance=5.9 m | return_time=10 s | return_cost=0.5 % | margin_after_return=72.0 %
[INFO] [1790223436.621634526] [sage_energy_monitor]: ENERGY | remaining=92.5 % | voltage=16.06 V | drain_rate=0.054 %/s | home_distance=7.3 m | return_time=12 s | return_cost=0.6 % | margin_after_return=71.9 %
[INFO] [1790223437.617018477] [sage_energy_monitor]: ENERGY | remaining=92.5 % | voltage=16.06 V | drain_rate=0.054 %/s | home_distance=8.3 m | return_time=13 s | return_cost=0.7 % | margin_after_return=71.8 %
[INFO] [1790223438.616635101] [sage_energy_monitor]: ENERGY | remaining=92.4 % | voltage=16.06 V | drain_rate=0.054 %/s | home_distance=8.9 m | return_time=13 s | return_cost=0.7 % | margin_after_return=71.7 %
[INFO] [1790223439.622890554] [sage_energy_monitor]: ENERGY | remaining=92.4 % | voltage=16.06 V | drain_rate=0.054 %/s | home_distance=8.5 m | return_time=13 s | return_cost=0.7 % | margin_after_return=71.7 %
[INFO] [1790223440.618110177] [sage_energy_monitor]: ENERGY | remaining=92.3 % | voltage=16.06 V | drain_rate=0.054 %/s | home_distance=6.9 m | return_time=11 s | return_cost=0.6 % | margin_after_return=71.7 %
[INFO] [1790223441.620810680] [sage_energy_monitor]: ENERGY | remaining=92.3 % | voltage=16.06 V | drain_rate=0.054 %/s | home_distance=5.3 m | return_time=10 s | return_cost=0.5 % | margin_after_return=71.8 %
[INFO] [1790223442.615965970] [sage_energy_monitor]: ENERGY | remaining=92.2 % | voltage=16.06 V | drain_rate=0.053 %/s | home_distance=4.4 m | return_time=9 s | return_cost=0.5 % | margin_after_return=71.8 %
[INFO] [1790223443.624583445] [sage_energy_monitor]: ENERGY | remaining=92.2 % | voltage=16.06 V | drain_rate=0.054 %/s | home_distance=4.4 m | return_time=9 s | return_cost=0.5 % | margin_after_return=71.7 %
[INFO] [1790223444.616256742] [sage_energy_monitor]: ENERGY | remaining=92.1 % | voltage=16.06 V | drain_rate=0.054 %/s | home_distance=5.3 m | return_time=10 s | return_cost=0.5 % | margin_after_return=71.6 %
[INFO] [1790223445.623886941] [sage_energy_monitor]: ENERGY | remaining=92.1 % | voltage=16.06 V | drain_rate=0.053 %/s | home_distance=6.7 m | return_time=11 s | return_cost=0.6 % | margin_after_return=71.5 %
[INFO] [1790223446.619042273] [sage_energy_monitor]: ENERGY | remaining=92.0 % | voltage=16.05 V | drain_rate=0.053 %/s | home_distance=8.1 m | return_time=12 s | return_cost=0.7 % | margin_after_return=71.4 %
[INFO] [1790223447.623954772] [sage_energy_monitor]: ENERGY | remaining=92.0 % | voltage=16.05 V | drain_rate=0.054 %/s | home_distance=8.9 m | return_time=13 s | return_cost=0.7 % | margin_after_return=71.3 %
[INFO] [1790223448.624322725] [sage_energy_monitor]: ENERGY | remaining=91.9 % | voltage=16.05 V | drain_rate=0.054 %/s | home_distance=9.0 m | return_time=13 s | return_cost=0.7 % | margin_after_return=71.2 %
[INFO] [1790223449.617095607] [sage_energy_monitor]: ENERGY | remaining=91.9 % | voltage=16.05 V | drain_rate=0.053 %/s | home_distance=8.9 m | return_time=13 s | return_cost=0.7 % | margin_after_return=71.2 %
[INFO] [1790223450.617824519] [sage_energy_monitor]: ENERGY | remaining=91.8 % | voltage=16.05 V | drain_rate=0.053 %/s | home_distance=8.8 m | return_time=13 s | return_cost=0.7 % | margin_after_return=71.1 %
[INFO] [1790223451.615631407] [sage_energy_monitor]: ENERGY | remaining=91.7 % | voltage=16.05 V | drain_rate=0.054 %/s | home_distance=8.6 m | return_time=13 s | return_cost=0.7 % | margin_after_return=71.1 %
[INFO] [1790223452.620228397] [sage_energy_monitor]: ENERGY | remaining=91.7 % | voltage=16.05 V | drain_rate=0.053 %/s | home_distance=8.6 m | return_time=13 s | return_cost=0.7 % | margin_after_return=71.0 %
[INFO] [1790223453.618938427] [sage_energy_monitor]: ENERGY | remaining=91.6 % | voltage=16.05 V | drain_rate=0.053 %/s | home_distance=8.6 m | return_time=13 s | return_cost=0.7 % | margin_after_return=71.0 %
[INFO] [1790223454.615550062] [sage_energy_monitor]: ENERGY | remaining=91.6 % | voltage=16.05 V | drain_rate=0.053 %/s | home_distance=8.6 m | return_time=13 s | return_cost=0.7 % | margin_after_return=70.9 %
[INFO] [1790223455.624791235] [sage_energy_monitor]: ENERGY | remaining=91.5 % | voltage=16.05 V | drain_rate=0.053 %/s | home_distance=8.6 m | return_time=13 s | return_cost=0.7 % | margin_after_return=70.9 %
[INFO] [1790223456.619530739] [sage_energy_monitor]: ENERGY | remaining=91.5 % | voltage=16.05 V | drain_rate=0.053 %/s | home_distance=7.9 m | return_time=12 s | return_cost=0.6 % | margin_after_return=70.9 %
[INFO] [1790223457.618825939] [sage_energy_monitor]: ENERGY | remaining=91.4 % | voltage=16.04 V | drain_rate=0.053 %/s | home_distance=6.8 m | return_time=11 s | return_cost=0.6 % | margin_after_return=70.8 %
[INFO] [1790223458.617376246] [sage_energy_monitor]: ENERGY | remaining=91.4 % | voltage=16.04 V | drain_rate=0.053 %/s | home_distance=6.1 m | return_time=10 s | return_cost=0.5 % | margin_after_return=70.8 %
[INFO] [1790223459.615405118] [sage_energy_monitor]: ENERGY | remaining=91.3 % | voltage=16.04 V | drain_rate=0.053 %/s | home_distance=5.9 m | return_time=10 s | return_cost=0.5 % | margin_after_return=70.8 %
[INFO] [1790223460.620289567] [sage_energy_monitor]: ENERGY | remaining=91.3 % | voltage=16.04 V | drain_rate=0.053 %/s | home_distance=6.0 m | return_time=10 s | return_cost=0.5 % | margin_after_return=70.7 %
[INFO] [1790223461.619168311] [sage_energy_monitor]: ENERGY | remaining=91.2 % | voltage=16.04 V | drain_rate=0.053 %/s | home_distance=6.1 m | return_time=10 s | return_cost=0.5 % | margin_after_return=70.7 %
[INFO] [1790223462.618174569] [sage_energy_monitor]: ENERGY | remaining=91.2 % | voltage=16.04 V | drain_rate=0.053 %/s | home_distance=6.1 m | return_time=10 s | return_cost=0.5 % | margin_after_return=70.6 %
[INFO] [1790223463.615370328] [sage_energy_monitor]: ENERGY | remaining=91.1 % | voltage=16.04 V | drain_rate=0.053 %/s | home_distance=6.1 m | return_time=10 s | return_cost=0.5 % | margin_after_return=70.6 %
[INFO] [1790223464.618405403] [sage_energy_monitor]: ENERGY | remaining=91.0 % | voltage=16.04 V | drain_rate=0.053 %/s | home_distance=6.0 m | return_time=10 s | return_cost=0.5 % | margin_after_return=70.5 %
[INFO] [1790223465.617323607] [sage_energy_monitor]: ENERGY | remaining=91.0 % | voltage=16.04 V | drain_rate=0.053 %/s | home_distance=6.0 m | return_time=10 s | return_cost=0.5 % | margin_after_return=70.5 %
[INFO] [1790223466.617334695] [sage_energy_monitor]: ENERGY | remaining=90.9 % | voltage=16.04 V | drain_rate=0.053 %/s | home_distance=6.0 m | return_time=10 s | return_cost=0.5 % | margin_after_return=70.4 %
[INFO] [1790223467.616725484] [sage_energy_monitor]: ENERGY | remaining=90.9 % | voltage=16.03 V | drain_rate=0.053 %/s | home_distance=6.0 m | return_time=10 s | return_cost=0.5 % | margin_after_return=70.4 %
[INFO] [1790223468.619017009] [sage_energy_monitor]: ENERGY | remaining=90.8 % | voltage=16.03 V | drain_rate=0.053 %/s | home_distance=6.1 m | return_time=10 s | return_cost=0.5 % | margin_after_return=70.3 %
[INFO] [1790223469.620965385] [sage_energy_monitor]: ENERGY | remaining=90.8 % | voltage=16.03 V | drain_rate=0.053 %/s | home_distance=6.2 m | return_time=10 s | return_cost=0.6 % | margin_after_return=70.2 %
[INFO] [1790223470.618561542] [sage_energy_monitor]: ENERGY | remaining=90.7 % | voltage=16.03 V | drain_rate=0.054 %/s | home_distance=6.9 m | return_time=11 s | return_cost=0.6 % | margin_after_return=70.1 %
[INFO] [1790223471.619116417] [sage_energy_monitor]: ENERGY | remaining=90.7 % | voltage=16.03 V | drain_rate=0.054 %/s | home_distance=7.9 m | return_time=12 s | return_cost=0.6 % | margin_after_return=70.0 %
[INFO] [1790223472.618597919] [sage_energy_monitor]: ENERGY | remaining=90.6 % | voltage=16.03 V | drain_rate=0.054 %/s | home_distance=8.4 m | return_time=12 s | return_cost=0.7 % | margin_after_return=69.9 %
[INFO] [1790223473.618875690] [sage_energy_monitor]: ENERGY | remaining=90.6 % | voltage=16.03 V | drain_rate=0.054 %/s | home_distance=8.6 m | return_time=13 s | return_cost=0.7 % | margin_after_return=69.9 %
[INFO] [1790223474.621931251] [sage_energy_monitor]: ENERGY | remaining=90.5 % | voltage=16.03 V | drain_rate=0.054 %/s | home_distance=8.6 m | return_time=13 s | return_cost=0.7 % | margin_after_return=69.8 %
[INFO] [1790223475.619559789] [sage_energy_monitor]: ENERGY | remaining=90.5 % | voltage=16.03 V | drain_rate=0.054 %/s | home_distance=8.5 m | return_time=13 s | return_cost=0.7 % | margin_after_return=69.8 %
[INFO] [1790223476.620391092] [sage_energy_monitor]: ENERGY | remaining=90.4 % | voltage=16.03 V | drain_rate=0.054 %/s | home_distance=8.5 m | return_time=13 s | return_cost=0.7 % | margin_after_return=69.7 %
[INFO] [1790223477.616810563] [sage_energy_monitor]: ENERGY | remaining=90.3 % | voltage=16.02 V | drain_rate=0.054 %/s | home_distance=8.5 m | return_time=13 s | return_cost=0.7 % | margin_after_return=69.7 %
[INFO] [1790223478.616704121] [sage_energy_monitor]: ENERGY | remaining=90.3 % | voltage=16.02 V | drain_rate=0.054 %/s | home_distance=8.4 m | return_time=13 s | return_cost=0.7 % | margin_after_return=69.6 %
[INFO] [1790223479.617136898] [sage_energy_monitor]: ENERGY | remaining=90.2 % | voltage=16.02 V | drain_rate=0.054 %/s | home_distance=8.5 m | return_time=13 s | return_cost=0.7 % | margin_after_return=69.6 %
[INFO] [1790223480.618520340] [sage_energy_monitor]: ENERGY | remaining=90.2 % | voltage=16.02 V | drain_rate=0.054 %/s | home_distance=8.5 m | return_time=13 s | return_cost=0.7 % | margin_after_return=69.5 %
[INFO] [1790223481.616317666] [sage_energy_monitor]: ENERGY | remaining=90.1 % | voltage=16.02 V | drain_rate=0.054 %/s | home_distance=8.5 m | return_time=12 s | return_cost=0.7 % | margin_after_return=69.5 %
[INFO] [1790223482.616689023] [sage_energy_monitor]: ENERGY | remaining=90.1 % | voltage=16.02 V | drain_rate=0.054 %/s | home_distance=7.9 m | return_time=12 s | return_cost=0.6 % | margin_after_return=69.4 %
[INFO] [1790223483.619798370] [sage_energy_monitor]: ENERGY | remaining=90.0 % | voltage=16.02 V | drain_rate=0.054 %/s | home_distance=6.9 m | return_time=11 s | return_cost=0.6 % | margin_after_return=69.4 %
[INFO] [1790223484.615315788] [sage_energy_monitor]: ENERGY | remaining=90.0 % | voltage=16.02 V | drain_rate=0.054 %/s | home_distance=6.4 m | return_time=11 s | return_cost=0.6 % | margin_after_return=69.4 %
[INFO] [1790223485.624971806] [sage_energy_monitor]: ENERGY | remaining=89.9 % | voltage=16.02 V | drain_rate=0.054 %/s | home_distance=6.1 m | return_time=10 s | return_cost=0.5 % | margin_after_return=69.4 %
[INFO] [1790223486.617056901] [sage_energy_monitor]: ENERGY | remaining=89.9 % | voltage=16.02 V | drain_rate=0.054 %/s | home_distance=6.0 m | return_time=10 s | return_cost=0.5 % | margin_after_return=69.3 %
[INFO] [1790223487.618896981] [sage_energy_monitor]: ENERGY | remaining=89.8 % | voltage=16.02 V | drain_rate=0.054 %/s | home_distance=5.9 m | return_time=10 s | return_cost=0.5 % | margin_after_return=69.3 %
[INFO] [1790223488.618939719] [sage_energy_monitor]: ENERGY | remaining=89.8 % | voltage=16.01 V | drain_rate=0.054 %/s | home_distance=5.9 m | return_time=10 s | return_cost=0.5 % | margin_after_return=69.2 %
[INFO] [1790223489.624265341] [sage_energy_monitor]: ENERGY | remaining=89.7 % | voltage=16.01 V | drain_rate=0.054 %/s | home_distance=5.9 m | return_time=10 s | return_cost=0.5 % | margin_after_return=69.2 %
[INFO] [1790223490.616108619] [sage_energy_monitor]: ENERGY | remaining=89.7 % | voltage=16.01 V | drain_rate=0.054 %/s | home_distance=5.9 m | return_time=10 s | return_cost=0.5 % | margin_after_return=69.1 %
[INFO] [1790223491.619035306] [sage_energy_monitor]: ENERGY | remaining=89.6 % | voltage=16.01 V | drain_rate=0.054 %/s | home_distance=5.9 m | return_time=10 s | return_cost=0.5 % | margin_after_return=69.1 %
[INFO] [1790223492.615614253] [sage_energy_monitor]: ENERGY | remaining=89.5 % | voltage=16.01 V | drain_rate=0.054 %/s | home_distance=5.9 m | return_time=10 s | return_cost=0.5 % | margin_after_return=69.0 %
[INFO] [1790223493.624410136] [sage_energy_monitor]: ENERGY | remaining=89.5 % | voltage=16.01 V | drain_rate=0.054 %/s | home_distance=6.0 m | return_time=10 s | return_cost=0.5 % | margin_after_return=68.9 %
[INFO] [1790223494.619421969] [sage_energy_monitor]: ENERGY | remaining=89.4 % | voltage=16.01 V | drain_rate=0.054 %/s | home_distance=6.0 m | return_time=10 s | return_cost=0.5 % | margin_after_return=68.9 %
[INFO] [1790223495.618034205] [sage_energy_monitor]: ENERGY | remaining=89.4 % | voltage=16.01 V | drain_rate=0.054 %/s | home_distance=5.5 m | return_time=9 s | return_cost=0.5 % | margin_after_return=68.9 %
[INFO] [1790223496.616325063] [sage_energy_monitor]: ENERGY | remaining=89.3 % | voltage=16.01 V | drain_rate=0.054 %/s | home_distance=4.1 m | return_time=8 s | return_cost=0.4 % | margin_after_return=68.9 %
[INFO] [1790223497.619350704] [sage_energy_monitor]: ENERGY | remaining=89.3 % | voltage=16.01 V | drain_rate=0.054 %/s | home_distance=2.3 m | return_time=7 s | return_cost=0.4 % | margin_after_return=68.9 %
[INFO] [1790223498.623351964] [sage_energy_monitor]: ENERGY | remaining=89.2 % | voltage=16.00 V | drain_rate=0.054 %/s | home_distance=0.9 m | return_time=5 s | return_cost=0.3 % | margin_after_return=68.9 %
[INFO] [1790223499.618781834] [sage_energy_monitor]: ENERGY | remaining=89.2 % | voltage=16.00 V | drain_rate=0.054 %/s | home_distance=0.2 m | return_time=4 s | return_cost=0.2 % | margin_after_return=68.9 %
[INFO] [1790223500.619300422] [sage_energy_monitor]: ENERGY | remaining=89.1 % | voltage=16.00 V | drain_rate=0.054 %/s | home_distance=0.0 m | return_time=4 s | return_cost=0.2 % | margin_after_return=68.9 %
[INFO] [1790223501.628547249] [sage_energy_monitor]: ENERGY | remaining=89.1 % | voltage=16.00 V | drain_rate=0.054 %/s | home_distance=0.1 m | return_time=4 s | return_cost=0.2 % | margin_after_return=68.8 %
[INFO] [1790223502.619101324] [sage_energy_monitor]: ENERGY | remaining=89.0 % | voltage=16.00 V | drain_rate=0.054 %/s | home_distance=0.1 m | return_time=4 s | return_cost=0.2 % | margin_after_return=68.8 %
[INFO] [1790223503.626562185] [sage_energy_monitor]: ENERGY | remaining=89.0 % | voltage=16.00 V | drain_rate=0.054 %/s | home_distance=0.1 m | return_time=4 s | return_cost=0.2 % | margin_after_return=68.7 %
[INFO] [1790223504.617763715] [sage_energy_monitor]: ENERGY | remaining=88.9 % | voltage=16.00 V | drain_rate=0.054 %/s | home_distance=0.0 m | return_time=4 s | return_cost=0.2 % | margin_after_return=68.7 %
[INFO] [1790223505.618808923] [sage_energy_monitor]: ENERGY | remaining=88.8 % | voltage=16.00 V | drain_rate=0.054 %/s | home_distance=0.0 m | return_time=4 s | return_cost=0.2 % | margin_after_return=68.6 %
[INFO] [1790223506.616375173] [sage_energy_monitor]: ENERGY | remaining=88.8 % | voltage=16.00 V | drain_rate=0.054 %/s | home_distance=0.1 m | return_time=4 s | return_cost=0.2 % | margin_after_return=68.6 %
[INFO] [1790223507.615635027] [sage_energy_monitor]: ENERGY | remaining=88.7 % | voltage=16.00 V | drain_rate=0.054 %/s | home_distance=0.1 m | return_time=4 s | return_cost=0.2 % | margin_after_return=68.5 %
[INFO] [1790223508.617377985] [sage_energy_monitor]: ENERGY | remaining=88.7 % | voltage=15.99 V | drain_rate=0.054 %/s | home_distance=0.3 m | return_time=4 s | return_cost=0.2 % | margin_after_return=68.5 %
[INFO] [1790223509.620300516] [sage_energy_monitor]: ENERGY | remaining=88.6 % | voltage=15.99 V | drain_rate=0.054 %/s | home_distance=1.5 m | return_time=6 s | return_cost=0.3 % | margin_after_return=68.3 %
[INFO] [1790223510.616469485] [sage_energy_monitor]: ENERGY | remaining=88.6 % | voltage=15.99 V | drain_rate=0.054 %/s | home_distance=3.4 m | return_time=7 s | return_cost=0.4 % | margin_after_return=68.2 %
[INFO] [1790223511.618832931] [sage_energy_monitor]: ENERGY | remaining=88.5 % | voltage=15.99 V | drain_rate=0.054 %/s | home_distance=5.0 m | return_time=9 s | return_cost=0.5 % | margin_after_return=68.0 %
[INFO] [1790223512.624581773] [sage_energy_monitor]: ENERGY | remaining=88.5 % | voltage=15.99 V | drain_rate=0.054 %/s | home_distance=5.9 m | return_time=10 s | return_cost=0.5 % | margin_after_return=67.9 %
[INFO] [1790223513.616779488] [sage_energy_monitor]: ENERGY | remaining=88.4 % | voltage=15.99 V | drain_rate=0.054 %/s | home_distance=6.2 m | return_time=10 s | return_cost=0.6 % | margin_after_return=67.9 %
[INFO] [1790223514.616494892] [sage_energy_monitor]: ENERGY | remaining=88.4 % | voltage=15.99 V | drain_rate=0.054 %/s | home_distance=6.2 m | return_time=10 s | return_cost=0.6 % | margin_after_return=67.8 %
[INFO] [1790223515.619067364] [sage_energy_monitor]: ENERGY | remaining=88.3 % | voltage=15.99 V | drain_rate=0.054 %/s | home_distance=6.1 m | return_time=10 s | return_cost=0.6 % | margin_after_return=67.8 %
[INFO] [1790223516.620717096] [sage_energy_monitor]: ENERGY | remaining=88.2 % | voltage=15.99 V | drain_rate=0.054 %/s | home_distance=6.0 m | return_time=10 s | return_cost=0.5 % | margin_after_return=67.7 %
[INFO] [1790223517.618704441] [sage_energy_monitor]: ENERGY | remaining=88.2 % | voltage=15.99 V | drain_rate=0.054 %/s | home_distance=5.9 m | return_time=10 s | return_cost=0.5 % | margin_after_return=67.7 %
[INFO] [1790223518.616491525] [sage_energy_monitor]: ENERGY | remaining=88.1 % | voltage=15.99 V | drain_rate=0.054 %/s | home_distance=6.0 m | return_time=10 s | return_cost=0.5 % | margin_after_return=67.6 %
[INFO] [1790223519.615888605] [sage_energy_monitor]: ENERGY | remaining=88.1 % | voltage=15.98 V | drain_rate=0.054 %/s | home_distance=6.0 m | return_time=10 s | return_cost=0.5 % | margin_after_return=67.5 %
[INFO] [1790223520.615231062] [sage_energy_monitor]: ENERGY | remaining=88.0 % | voltage=15.98 V | drain_rate=0.054 %/s | home_distance=6.1 m | return_time=10 s | return_cost=0.5 % | margin_after_return=67.5 %
[INFO] [1790223521.622439901] [sage_energy_monitor]: ENERGY | remaining=88.0 % | voltage=15.98 V | drain_rate=0.054 %/s | home_distance=5.7 m | return_time=10 s | return_cost=0.5 % | margin_after_return=67.5 %
[INFO] [1790223522.622086837] [sage_energy_monitor]: ENERGY | remaining=87.9 % | voltage=15.98 V | drain_rate=0.053 %/s | home_distance=4.6 m | return_time=9 s | return_cost=0.5 % | margin_after_return=67.5 %
[INFO] [1790223523.620532884] [sage_energy_monitor]: ENERGY | remaining=87.9 % | voltage=15.98 V | drain_rate=0.054 %/s | home_distance=3.5 m | return_time=8 s | return_cost=0.4 % | margin_after_return=67.5 %
[INFO] [1790223524.620885768] [sage_energy_monitor]: ENERGY | remaining=87.8 % | voltage=15.98 V | drain_rate=0.054 %/s | home_distance=3.0 m | return_time=7 s | return_cost=0.4 % | margin_after_return=67.4 %
[INFO] [1790223525.619875871] [sage_energy_monitor]: ENERGY | remaining=87.8 % | voltage=15.98 V | drain_rate=0.053 %/s | home_distance=3.6 m | return_time=8 s | return_cost=0.4 % | margin_after_return=67.4 %
[INFO] [1790223526.622760422] [sage_energy_monitor]: ENERGY | remaining=87.7 % | voltage=15.98 V | drain_rate=0.054 %/s | home_distance=4.9 m | return_time=9 s | return_cost=0.5 % | margin_after_return=67.2 %
[INFO] [1790223527.621506309] [sage_energy_monitor]: ENERGY | remaining=87.7 % | voltage=15.98 V | drain_rate=0.053 %/s | home_distance=6.5 m | return_time=11 s | return_cost=0.6 % | margin_after_return=67.1 %
[INFO] [1790223528.622260480] [sage_energy_monitor]: ENERGY | remaining=87.6 % | voltage=15.98 V | drain_rate=0.053 %/s | home_distance=7.4 m | return_time=12 s | return_cost=0.6 % | margin_after_return=67.0 %
[INFO] [1790223529.617113024] [sage_energy_monitor]: ENERGY | remaining=87.6 % | voltage=15.97 V | drain_rate=0.053 %/s | home_distance=7.6 m | return_time=12 s | return_cost=0.6 % | margin_after_return=66.9 %
[INFO] [1790223530.622340783] [sage_energy_monitor]: ENERGY | remaining=87.5 % | voltage=15.97 V | drain_rate=0.053 %/s | home_distance=7.5 m | return_time=12 s | return_cost=0.6 % | margin_after_return=66.9 %
[INFO] [1790223531.616124156] [sage_energy_monitor]: ENERGY | remaining=87.5 % | voltage=15.97 V | drain_rate=0.053 %/s | home_distance=7.4 m | return_time=12 s | return_cost=0.6 % | margin_after_return=66.8 %
[INFO] [1790223532.617122525] [sage_energy_monitor]: ENERGY | remaining=87.4 % | voltage=15.97 V | drain_rate=0.053 %/s | home_distance=7.4 m | return_time=12 s | return_cost=0.6 % | margin_after_return=66.8 %
[INFO] [1790223533.621095695] [sage_energy_monitor]: ENERGY | remaining=87.4 % | voltage=15.97 V | drain_rate=0.053 %/s | home_distance=7.5 m | return_time=12 s | return_cost=0.6 % | margin_after_return=66.7 %
[INFO] [1790223534.616662823] [sage_energy_monitor]: ENERGY | remaining=87.3 % | voltage=15.97 V | drain_rate=0.053 %/s | home_distance=7.7 m | return_time=12 s | return_cost=0.6 % | margin_after_return=66.7 %
[INFO] [1790223535.620545296] [sage_energy_monitor]: ENERGY | remaining=87.2 % | voltage=15.97 V | drain_rate=0.053 %/s | home_distance=8.1 m | return_time=12 s | return_cost=0.7 % | margin_after_return=66.6 %
[INFO] [1790223536.616167299] [sage_energy_monitor]: ENERGY | remaining=87.2 % | voltage=15.97 V | drain_rate=0.053 %/s | home_distance=8.5 m | return_time=13 s | return_cost=0.7 % | margin_after_return=66.5 %
[INFO] [1790223537.615418493] [sage_energy_monitor]: ENERGY | remaining=87.1 % | voltage=15.97 V | drain_rate=0.054 %/s | home_distance=8.5 m | return_time=13 s | return_cost=0.7 % | margin_after_return=66.5 %
[INFO] [1790223538.620933981] [sage_energy_monitor]: ENERGY | remaining=87.1 % | voltage=15.97 V | drain_rate=0.054 %/s | home_distance=8.2 m | return_time=12 s | return_cost=0.6 % | margin_after_return=66.4 %
[INFO] [1790223539.617783141] [sage_energy_monitor]: ENERGY | remaining=87.0 % | voltage=15.96 V | drain_rate=0.053 %/s | home_distance=7.0 m | return_time=11 s | return_cost=0.6 % | margin_after_return=66.4 %
[INFO] [1790223540.618870211] [sage_energy_monitor]: ENERGY | remaining=87.0 % | voltage=15.96 V | drain_rate=0.053 %/s | home_distance=5.7 m | return_time=10 s | return_cost=0.5 % | margin_after_return=66.4 %
[INFO] [1790223541.617773599] [sage_energy_monitor]: ENERGY | remaining=86.9 % | voltage=15.96 V | drain_rate=0.053 %/s | home_distance=5.2 m | return_time=9 s | return_cost=0.5 % | margin_after_return=66.4 %
[INFO] [1790223542.618683655] [sage_energy_monitor]: ENERGY | remaining=86.9 % | voltage=15.96 V | drain_rate=0.053 %/s | home_distance=5.0 m | return_time=9 s | return_cost=0.5 % | margin_after_return=66.4 %
[INFO] [1790223543.618058194] [sage_energy_monitor]: ENERGY | remaining=86.8 % | voltage=15.96 V | drain_rate=0.053 %/s | home_distance=5.0 m | return_time=9 s | return_cost=0.5 % | margin_after_return=66.3 %
[INFO] [1790223544.627343361] [sage_energy_monitor]: ENERGY | remaining=86.8 % | voltage=15.96 V | drain_rate=0.053 %/s | home_distance=4.6 m | return_time=8 s | return_cost=0.4 % | margin_after_return=66.3 %
[INFO] [1790223545.615635896] [sage_energy_monitor]: ENERGY | remaining=86.7 % | voltage=15.96 V | drain_rate=0.053 %/s | home_distance=2.9 m | return_time=7 s | return_cost=0.4 % | margin_after_return=66.3 %
[INFO] [1790223546.621880068] [sage_energy_monitor]: ENERGY | remaining=86.6 % | voltage=15.96 V | drain_rate=0.053 %/s | home_distance=1.1 m | return_time=5 s | return_cost=0.3 % | margin_after_return=66.4 %
[INFO] [1790223547.615376740] [sage_energy_monitor]: ENERGY | remaining=86.6 % | voltage=15.96 V | drain_rate=0.054 %/s | home_distance=0.9 m | return_time=5 s | return_cost=0.3 % | margin_after_return=66.3 %
[INFO] [1790223548.623528463] [sage_energy_monitor]: ENERGY | remaining=86.5 % | voltage=15.96 V | drain_rate=0.053 %/s | home_distance=2.5 m | return_time=7 s | return_cost=0.4 % | margin_after_return=66.2 %
[INFO] [1790223549.617026693] [sage_energy_monitor]: ENERGY | remaining=86.5 % | voltage=15.96 V | drain_rate=0.054 %/s | home_distance=4.2 m | return_time=8 s | return_cost=0.5 % | margin_after_return=66.0 %
[INFO] [1790223550.616004435] [sage_energy_monitor]: ENERGY | remaining=86.4 % | voltage=15.95 V | drain_rate=0.054 %/s | home_distance=5.4 m | return_time=10 s | return_cost=0.5 % | margin_after_return=65.9 %
[INFO] [1790223551.618114871] [sage_energy_monitor]: ENERGY | remaining=86.4 % | voltage=15.95 V | drain_rate=0.054 %/s | home_distance=6.0 m | return_time=10 s | return_cost=0.5 % | margin_after_return=65.8 %
[INFO] [1790223552.619647848] [sage_energy_monitor]: ENERGY | remaining=86.3 % | voltage=15.95 V | drain_rate=0.054 %/s | home_distance=6.1 m | return_time=10 s | return_cost=0.6 % | margin_after_return=65.8 %
[INFO] [1790223553.621067093] [sage_energy_monitor]: ENERGY | remaining=86.3 % | voltage=15.95 V | drain_rate=0.054 %/s | home_distance=6.1 m | return_time=10 s | return_cost=0.5 % | margin_after_return=65.7 %
[INFO] [1790223554.620139539] [sage_energy_monitor]: ENERGY | remaining=86.2 % | voltage=15.95 V | drain_rate=0.054 %/s | home_distance=6.0 m | return_time=10 s | return_cost=0.5 % | margin_after_return=65.7 %
[INFO] [1790223555.616394334] [sage_energy_monitor]: ENERGY | remaining=86.2 % | voltage=15.95 V | drain_rate=0.054 %/s | home_distance=6.0 m | return_time=10 s | return_cost=0.5 % | margin_after_return=65.6 %
[INFO] [1790223556.615695522] [sage_energy_monitor]: ENERGY | remaining=86.1 % | voltage=15.95 V | drain_rate=0.054 %/s | home_distance=6.1 m | return_time=10 s | return_cost=0.5 % | margin_after_return=65.6 %
[INFO] [1790223557.616699603] [sage_energy_monitor]: ENERGY | remaining=86.1 % | voltage=15.95 V | drain_rate=0.054 %/s | home_distance=6.1 m | return_time=10 s | return_cost=0.5 % | margin_after_return=65.5 %
[INFO] [1790223558.617151661] [sage_energy_monitor]: ENERGY | remaining=86.0 % | voltage=15.95 V | drain_rate=0.054 %/s | home_distance=6.1 m | return_time=10 s | return_cost=0.5 % | margin_after_return=65.5 %
[INFO] [1790223559.615577645] [sage_energy_monitor]: ENERGY | remaining=86.0 % | voltage=15.95 V | drain_rate=0.054 %/s | home_distance=6.0 m | return_time=10 s | return_cost=0.5 % | margin_after_return=65.4 %
[INFO] [1790223560.619859896] [sage_energy_monitor]: ENERGY | remaining=85.9 % | voltage=15.94 V | drain_rate=0.054 %/s | home_distance=6.1 m | return_time=10 s | return_cost=0.6 % | margin_after_return=65.3 %
[INFO] [1790223561.617368530] [sage_energy_monitor]: ENERGY | remaining=85.8 % | voltage=15.94 V | drain_rate=0.054 %/s | home_distance=6.6 m | return_time=11 s | return_cost=0.6 % | margin_after_return=65.3 %
[INFO] [1790223562.617120017] [sage_energy_monitor]: ENERGY | remaining=85.8 % | voltage=15.94 V | drain_rate=0.054 %/s | home_distance=7.5 m | return_time=12 s | return_cost=0.6 % | margin_after_return=65.2 %
[INFO] [1790223563.616412616] [sage_energy_monitor]: ENERGY | remaining=85.7 % | voltage=15.94 V | drain_rate=0.054 %/s | home_distance=8.3 m | return_time=12 s | return_cost=0.7 % | margin_after_return=65.1 %
[INFO] [1790223564.616090870] [sage_energy_monitor]: ENERGY | remaining=85.7 % | voltage=15.94 V | drain_rate=0.054 %/s | home_distance=8.5 m | return_time=13 s | return_cost=0.7 % | margin_after_return=65.0 %
[INFO] [1790223565.629951003] [sage_energy_monitor]: ENERGY | remaining=85.6 % | voltage=15.94 V | drain_rate=0.054 %/s | home_distance=8.5 m | return_time=13 s | return_cost=0.7 % | margin_after_return=64.9 %
[INFO] [1790223566.617896349] [sage_energy_monitor]: ENERGY | remaining=85.6 % | voltage=15.94 V | drain_rate=0.054 %/s | home_distance=8.5 m | return_time=13 s | return_cost=0.7 % | margin_after_return=64.9 %
[INFO] [1790223567.616871971] [sage_energy_monitor]: ENERGY | remaining=85.5 % | voltage=15.94 V | drain_rate=0.054 %/s | home_distance=8.5 m | return_time=13 s | return_cost=0.7 % | margin_after_return=64.8 %
[INFO] [1790223568.617704672] [sage_energy_monitor]: ENERGY | remaining=85.5 % | voltage=15.94 V | drain_rate=0.054 %/s | home_distance=8.5 m | return_time=13 s | return_cost=0.7 % | margin_after_return=64.8 %
[INFO] [1790223569.617173175] [sage_energy_monitor]: ENERGY | remaining=85.4 % | voltage=15.94 V | drain_rate=0.054 %/s | home_distance=8.6 m | return_time=13 s | return_cost=0.7 % | margin_after_return=64.7 %
[INFO] [1790223570.627541211] [sage_energy_monitor]: ENERGY | remaining=85.4 % | voltage=15.93 V | drain_rate=0.054 %/s | home_distance=8.6 m | return_time=13 s | return_cost=0.7 % | margin_after_return=64.7 %
[INFO] [1790223571.617537592] [sage_energy_monitor]: ENERGY | remaining=85.3 % | voltage=15.93 V | drain_rate=0.054 %/s | home_distance=8.6 m | return_time=13 s | return_cost=0.7 % | margin_after_return=64.6 %
[INFO] [1790223572.616468695] [sage_energy_monitor]: ENERGY | remaining=85.2 % | voltage=15.93 V | drain_rate=0.054 %/s | home_distance=8.5 m | return_time=12 s | return_cost=0.7 % | margin_after_return=64.6 %
[INFO] [1790223573.618683869] [sage_energy_monitor]: ENERGY | remaining=85.2 % | voltage=15.93 V | drain_rate=0.054 %/s | home_distance=7.7 m | return_time=12 s | return_cost=0.6 % | margin_after_return=64.6 %
[INFO] [1790223574.618545393] [sage_energy_monitor]: ENERGY | remaining=85.1 % | voltage=15.93 V | drain_rate=0.054 %/s | home_distance=6.7 m | return_time=11 s | return_cost=0.6 % | margin_after_return=64.6 %
[INFO] [1790223575.615980717] [sage_energy_monitor]: ENERGY | remaining=85.1 % | voltage=15.93 V | drain_rate=0.054 %/s | home_distance=6.0 m | return_time=10 s | return_cost=0.5 % | margin_after_return=64.5 %
[INFO] [1790223576.615577571] [sage_energy_monitor]: ENERGY | remaining=85.0 % | voltage=15.93 V | drain_rate=0.054 %/s | home_distance=5.9 m | return_time=10 s | return_cost=0.5 % | margin_after_return=64.5 %
[INFO] [1790223577.624562138] [sage_energy_monitor]: ENERGY | remaining=85.0 % | voltage=15.93 V | drain_rate=0.054 %/s | home_distance=6.0 m | return_time=10 s | return_cost=0.5 % | margin_after_return=64.4 %
[INFO] [1790223578.620144888] [sage_energy_monitor]: ENERGY | remaining=84.9 % | voltage=15.93 V | drain_rate=0.054 %/s | home_distance=6.0 m | return_time=10 s | return_cost=0.5 % | margin_after_return=64.4 %
[INFO] [1790223579.615550453] [sage_energy_monitor]: ENERGY | remaining=84.9 % | voltage=15.93 V | drain_rate=0.054 %/s | home_distance=6.0 m | return_time=10 s | return_cost=0.5 % | margin_after_return=64.3 %
[INFO] [1790223580.625001087] [sage_energy_monitor]: ENERGY | remaining=84.8 % | voltage=15.93 V | drain_rate=0.054 %/s | home_distance=6.0 m | return_time=10 s | return_cost=0.5 % | margin_after_return=64.3 %
[INFO] [1790223581.618719044] [sage_energy_monitor]: ENERGY | remaining=84.8 % | voltage=15.92 V | drain_rate=0.054 %/s | home_distance=6.0 m | return_time=10 s | return_cost=0.5 % | margin_after_return=64.2 %
[INFO] [1790223582.621718465] [sage_energy_monitor]: ENERGY | remaining=84.7 % | voltage=15.92 V | drain_rate=0.054 %/s | home_distance=6.0 m | return_time=10 s | return_cost=0.5 % | margin_after_return=64.2 %
[INFO] [1790223583.616357402] [sage_energy_monitor]: ENERGY | remaining=84.7 % | voltage=15.92 V | drain_rate=0.054 %/s | home_distance=6.0 m | return_time=10 s | return_cost=0.5 % | margin_after_return=64.1 %
[INFO] [1790223584.617975217] [sage_energy_monitor]: ENERGY | remaining=84.6 % | voltage=15.92 V | drain_rate=0.054 %/s | home_distance=6.0 m | return_time=10 s | return_cost=0.5 % | margin_after_return=64.1 %
[INFO] [1790223585.618188752] [sage_energy_monitor]: ENERGY | remaining=84.5 % | voltage=15.92 V | drain_rate=0.054 %/s | home_distance=6.0 m | return_time=10 s | return_cost=0.5 % | margin_after_return=64.0 %
[INFO] [1790223586.616465071] [sage_energy_monitor]: ENERGY | remaining=84.5 % | voltage=15.92 V | drain_rate=0.054 %/s | home_distance=6.0 m | return_time=10 s | return_cost=0.5 % | margin_after_return=64.0 %
[INFO] [1790223587.625442512] [sage_energy_monitor]: ENERGY | remaining=84.4 % | voltage=15.92 V | drain_rate=0.054 %/s | home_distance=6.5 m | return_time=10 s | return_cost=0.6 % | margin_after_return=63.9 %
[INFO] [1790223588.616399253] [sage_energy_monitor]: ENERGY | remaining=84.4 % | voltage=15.92 V | drain_rate=0.054 %/s | home_distance=7.4 m | return_time=11 s | return_cost=0.6 % | margin_after_return=63.8 %
[INFO] [1790223589.621952256] [sage_energy_monitor]: ENERGY | remaining=84.3 % | voltage=15.92 V | drain_rate=0.054 %/s | home_distance=8.2 m | return_time=12 s | return_cost=0.7 % | margin_after_return=63.7 %
[INFO] [1790223590.627497605] [sage_energy_monitor]: ENERGY | remaining=84.3 % | voltage=15.92 V | drain_rate=0.054 %/s | home_distance=8.6 m | return_time=12 s | return_cost=0.7 % | margin_after_return=63.6 %
[INFO] [1790223591.617277082] [sage_energy_monitor]: ENERGY | remaining=84.2 % | voltage=15.91 V | drain_rate=0.054 %/s | home_distance=8.7 m | return_time=12 s | return_cost=0.7 % | margin_after_return=63.5 %
[INFO] [1790223592.615900273] [sage_energy_monitor]: ENERGY | remaining=84.2 % | voltage=15.91 V | drain_rate=0.054 %/s | home_distance=8.6 m | return_time=12 s | return_cost=0.7 % | margin_after_return=63.5 %
[INFO] [1790223593.615498388] [sage_energy_monitor]: ENERGY | remaining=84.1 % | voltage=15.91 V | drain_rate=0.054 %/s | home_distance=8.6 m | return_time=12 s | return_cost=0.7 % | margin_after_return=63.4 %
[INFO] [1790223594.615687944] [sage_energy_monitor]: ENERGY | remaining=84.1 % | voltage=15.91 V | drain_rate=0.054 %/s | home_distance=8.6 m | return_time=12 s | return_cost=0.7 % | margin_after_return=63.4 %
[INFO] [1790223595.617701472] [sage_energy_monitor]: ENERGY | remaining=84.0 % | voltage=15.91 V | drain_rate=0.054 %/s | home_distance=8.6 m | return_time=12 s | return_cost=0.7 % | margin_after_return=63.3 %
[INFO] [1790223596.620420062] [sage_energy_monitor]: ENERGY | remaining=83.9 % | voltage=15.91 V | drain_rate=0.054 %/s | home_distance=8.5 m | return_time=12 s | return_cost=0.7 % | margin_after_return=63.3 %
[INFO] [1790223597.619134121] [sage_energy_monitor]: ENERGY | remaining=83.9 % | voltage=15.91 V | drain_rate=0.054 %/s | home_distance=8.5 m | return_time=12 s | return_cost=0.7 % | margin_after_return=63.2 %
[INFO] [1790223598.616024499] [sage_energy_monitor]: ENERGY | remaining=83.8 % | voltage=15.91 V | drain_rate=0.054 %/s | home_distance=8.5 m | return_time=12 s | return_cost=0.7 % | margin_after_return=63.2 %
[INFO] [1790223599.616646930] [sage_energy_monitor]: ENERGY | remaining=83.8 % | voltage=15.91 V | drain_rate=0.054 %/s | home_distance=8.4 m | return_time=12 s | return_cost=0.7 % | margin_after_return=63.1 %
[INFO] [1790223600.619689010] [sage_energy_monitor]: ENERGY | remaining=83.7 % | voltage=15.91 V | drain_rate=0.054 %/s | home_distance=7.8 m | return_time=11 s | return_cost=0.6 % | margin_after_return=63.1 %
[INFO] [1790223601.616500506] [sage_energy_monitor]: ENERGY | remaining=83.7 % | voltage=15.90 V | drain_rate=0.054 %/s | home_distance=7.0 m | return_time=11 s | return_cost=0.6 % | margin_after_return=63.1 %
[INFO] [1790223602.618488857] [sage_energy_monitor]: ENERGY | remaining=83.6 % | voltage=15.90 V | drain_rate=0.054 %/s | home_distance=6.2 m | return_time=10 s | return_cost=0.6 % | margin_after_return=63.1 %
[INFO] [1790223603.616332288] [sage_energy_monitor]: ENERGY | remaining=83.6 % | voltage=15.90 V | drain_rate=0.054 %/s | home_distance=5.4 m | return_time=9 s | return_cost=0.5 % | margin_after_return=63.1 %
[INFO] [1790223604.622015201] [sage_energy_monitor]: ENERGY | remaining=83.5 % | voltage=15.90 V | drain_rate=0.054 %/s | home_distance=4.6 m | return_time=9 s | return_cost=0.5 % | margin_after_return=63.1 %
[INFO] [1790223605.615884530] [sage_energy_monitor]: ENERGY | remaining=83.5 % | voltage=15.90 V | drain_rate=0.054 %/s | home_distance=3.7 m | return_time=8 s | return_cost=0.4 % | margin_after_return=63.1 %
[INFO] [1790223606.615602303] [sage_energy_monitor]: ENERGY | remaining=83.4 % | voltage=15.90 V | drain_rate=0.054 %/s | home_distance=2.8 m | return_time=7 s | return_cost=0.4 % | margin_after_return=63.0 %
[INFO] [1790223607.617816879] [sage_energy_monitor]: ENERGY | remaining=83.4 % | voltage=15.90 V | drain_rate=0.054 %/s | home_distance=1.9 m | return_time=6 s | return_cost=0.3 % | margin_after_return=63.0 %
[INFO] [1790223608.618762013] [sage_energy_monitor]: ENERGY | remaining=83.3 % | voltage=15.90 V | drain_rate=0.054 %/s | home_distance=1.0 m | return_time=5 s | return_cost=0.3 % | margin_after_return=63.0 %
[INFO] [1790223609.617150657] [sage_energy_monitor]: ENERGY | remaining=83.2 % | voltage=15.90 V | drain_rate=0.054 %/s | home_distance=0.3 m | return_time=4 s | return_cost=0.2 % | margin_after_return=63.0 %
[INFO] [1790223610.616805417] [sage_energy_monitor]: ENERGY | remaining=83.2 % | voltage=15.90 V | drain_rate=0.054 %/s | home_distance=0.2 m | return_time=4 s | return_cost=0.2 % | margin_after_return=63.0 %
[INFO] [1790223611.616388366] [sage_energy_monitor]: ENERGY | remaining=83.1 % | voltage=15.89 V | drain_rate=0.054 %/s | home_distance=0.3 m | return_time=3 s | return_cost=0.2 % | margin_after_return=63.0 %
[INFO] [1790223612.617988497] [sage_energy_monitor]: ENERGY | remaining=83.1 % | voltage=15.89 V | drain_rate=0.054 %/s | home_distance=0.4 m | return_time=2 s | return_cost=0.1 % | margin_after_return=62.9 %
[INFO] [1790223613.617500349] [sage_energy_monitor]: ENERGY | remaining=83.0 % | voltage=15.89 V | drain_rate=0.054 %/s | home_distance=0.6 m | return_time=2 s | return_cost=0.1 % | margin_after_return=62.9 %
[INFO] [1790223614.619929191] [sage_energy_monitor]: ENERGY | remaining=83.0 % | voltage=15.89 V | drain_rate=0.055 %/s | home_distance=0.6 m | return_time=1 s | return_cost=0.0 % | margin_after_return=62.9 %
[INFO] [1790223615.617822939] [sage_energy_monitor]: ENERGY | remaining=82.9 % | voltage=15.89 V | drain_rate=0.054 %/s | home_distance=0.6 m | return_time=1 s | return_cost=0.0 % | margin_after_return=62.9 %
[INFO] [1790223616.618380454] [sage_energy_monitor]: ENERGY | remaining=82.9 % | voltage=15.89 V | drain_rate=0.054 %/s | home_distance=0.6 m | return_time=1 s | return_cost=0.0 % | margin_after_return=62.8 %
[INFO] [1790223617.617763034] [sage_energy_monitor]: ENERGY | remaining=84.1 % | voltage=16.20 V | drain_rate=0.010 %/s | home_distance=0.7 m | return_time=1 s | return_cost=0.0 % | margin_after_return=64.1 %
[INFO] [1790223618.616630040] [sage_energy_monitor]: ENERGY | remaining=91.6 % | voltage=16.20 V | drain_rate=0.000 %/s | home_distance=0.7 m | return_time=1 s | return_cost=0.0 % | margin_after_return=71.6 %
[INFO] [1790223619.617855354] [sage_energy_monitor]: ENERGY | remaining=95.8 % | voltage=16.20 V | drain_rate=0.000 %/s | home_distance=0.7 m | return_time=1 s | return_cost=0.0 % | margin_after_return=75.8 %
[INFO] [1790223620.620058688] [sage_energy_monitor]: ENERGY | remaining=97.8 % | voltage=16.20 V | drain_rate=0.000 %/s | home_distance=0.8 m | return_time=1 s | return_cost=0.0 % | margin_after_return=77.8 %
[INFO] [1790223621.617779244] [sage_energy_monitor]: ENERGY | remaining=98.8 % | voltage=16.20 V | drain_rate=0.000 %/s | home_distance=0.8 m | return_time=1 s | return_cost=0.0 % | margin_after_return=78.8 %
[INFO] [1790223622.618122100] [sage_energy_monitor]: ENERGY | remaining=99.4 % | voltage=16.20 V | drain_rate=0.000 %/s | home_distance=0.8 m | return_time=1 s | return_cost=0.0 % | margin_after_return=79.4 %
