[INFO] [1790223347.088614144] [sage_viewpoint_planner]: SAGE active-vision viewpoint planner started.
[INFO] [1790223347.089475083] [sage_viewpoint_planner]: Standoff distance: 3.0 m
[INFO] [1790223347.090151326] [sage_viewpoint_planner]: Viewpoint altitude: -2.0 m
[INFO] [1790223347.090829534] [sage_viewpoint_planner]: Search viewpoints: 4
[INFO] [1790223347.092181597] [sage_viewpoint_planner]: Arrival tolerance: 0.35 m
[INFO] [1790223347.092987831] [sage_viewpoint_planner]: Maximum planner step: 0.7 m
[INFO] [1790223347.094937480] [sage_viewpoint_planner]: Observation confidence threshold: 0.60
[INFO] [1790223347.096407575] [sage_viewpoint_planner]: Observation bbox-area threshold: 0.0100 (1% of image)
[INFO] [1790223347.097737088] [sage_viewpoint_planner]: Camera resolution for bbox measurement: 1280x960
[INFO] [1790223347.099437604] [sage_viewpoint_planner]: Image-border margin threshold: 0.02
[INFO] [1790223347.786498943] [sage_viewpoint_planner]: PERSON OBSERVATION | confidence=0.736 | bbox_area_fraction=0.0176 | bbox_center_px=(701.2, 666.0) | image_position=(0.548, 0.694) | bbox_margin=0.176
[INFO] [1790223348.906096151] [sage_viewpoint_planner]: PERSON OBSERVATION | confidence=0.769 | bbox_area_fraction=0.0080 | bbox_center_px=(1173.8, 597.7) | image_position=(0.917, 0.623) | bbox_margin=0.055
[INFO] [1790223349.684879106] [sage_viewpoint_planner]: New target acquired | target_id=1
[INFO] [1790223350.042814851] [sage_viewpoint_planner]: PERSON OBSERVATION | confidence=0.818 | bbox_area_fraction=0.0120 | bbox_center_px=(1173.0, 598.8) | image_position=(0.916, 0.624) | bbox_margin=0.040
[INFO] [1790223351.320676154] [sage_viewpoint_planner]: PERSON OBSERVATION | confidence=0.725 | bbox_area_fraction=0.0104 | bbox_center_px=(684.9, 682.7) | image_position=(0.535, 0.711) | bbox_margin=0.160
[INFO] [1790223352.574691116] [sage_viewpoint_planner]: PERSON OBSERVATION | confidence=0.739 | bbox_area_fraction=0.0158 | bbox_center_px=(1164.6, 604.7) | image_position=(0.910, 0.630) | bbox_margin=0.036
[INFO] [1790223353.777403178] [sage_viewpoint_planner]: PERSON OBSERVATION | confidence=0.700 | bbox_area_fraction=0.0120 | bbox_center_px=(1171.5, 613.5) | image_position=(0.915, 0.639) | bbox_margin=0.044
[INFO] [1790223355.031236013] [sage_viewpoint_planner]: PERSON OBSERVATION | confidence=0.756 | bbox_area_fraction=0.0080 | bbox_center_px=(1178.3, 617.3) | image_position=(0.921, 0.643) | bbox_margin=0.051
[INFO] [1790223356.338367187] [sage_viewpoint_planner]: PERSON OBSERVATION | confidence=0.750 | bbox_area_fraction=0.0082 | bbox_center_px=(1183.1, 610.6) | image_position=(0.924, 0.636) | bbox_margin=0.047
[INFO] [1790223357.007038704] [sage_viewpoint_planner]: MISSION ACCEPTED | target=person | attribute=None | quantity=all | output=locations | text='Find all people in this area and report their locations'
[INFO] [1790223357.063816648] [sage_viewpoint_planner]: New target acquired | target_id=3
[INFO] [1790223357.138903837] [sage_viewpoint_planner]: CANDIDATE STATUS | id=3 | track=(-0.3,3.2) | uav=(-0.0,-0.0) | range=3.3 m | sufficient=False | matches_track=False | evidence=0.0/2.0 s
[INFO] [1790223357.514091103] [sage_viewpoint_planner]: PERSON OBSERVATION | confidence=0.744 | bbox_area_fraction=0.0139 | bbox_center_px=(697.9, 690.1) | image_position=(0.545, 0.719) | bbox_margin=0.155
[INFO] [1790223358.891805819] [sage_viewpoint_planner]: PERSON OBSERVATION | confidence=0.775 | bbox_area_fraction=0.0251 | bbox_center_px=(362.9, 538.8) | image_position=(0.283, 0.561) | bbox_margin=0.235
[INFO] [1790223360.387702998] [sage_viewpoint_planner]: PERSON OBSERVATION | confidence=0.779 | bbox_area_fraction=0.0576 | bbox_center_px=(86.8, 749.0) | image_position=(0.068, 0.780) | bbox_margin=0.001
[INFO] [1790223361.340991155] [sage_viewpoint_planner]: CANDIDATE STATUS | id=3 | track=(-0.9,3.7) | uav=(3.1,3.1) | range=4.1 m | sufficient=True | matches_track=True | evidence=2.0/2.0 s
[INFO] [1790223361.341920335] [sage_viewpoint_planner]: TARGET VERIFIED | id=3 | position=(-0.55, 3.88) | confidence=0.601 | evidence_points=11 | speed=0.29 m/s | verified_total=1
[INFO] [1790223361.540668223] [sage_viewpoint_planner]: COVERAGE START | area x[-9,9] y[-9,9] | 9 waypoints | continuous 45 deg/s yaw sweep each
[INFO] [1790223361.595891032] [sage_viewpoint_planner]: PERSON OBSERVATION | confidence=0.724 | bbox_area_fraction=0.0375 | bbox_center_px=(495.6, 642.1) | image_position=(0.387, 0.669) | bbox_margin=0.179
[INFO] [1790223362.255929063] [sage_viewpoint_planner]: New target acquired | target_id=4
[INFO] [1790223362.350532742] [sage_viewpoint_planner]: CANDIDATE FOUND | leaving sweep to verify target_id=4
[INFO] [1790223362.698641751] [sage_viewpoint_planner]: PERSON OBSERVATION | confidence=0.760 | bbox_area_fraction=0.0377 | bbox_center_px=(544.2, 746.1) | image_position=(0.425, 0.777) | bbox_margin=0.058
[INFO] [1790223364.648263738] [sage_viewpoint_planner]: PERSON OBSERVATION | confidence=0.551 | bbox_area_fraction=0.0057 | bbox_center_px=(1126.8, 415.0) | image_position=(0.880, 0.432) | bbox_margin=0.098
[INFO] [1790223365.341060581] [sage_viewpoint_planner]: CANDIDATE STATUS | id=4 | track=(-6.3,6.3) | uav=(0.2,4.9) | range=6.6 m | sufficient=False | matches_track=False | evidence=0.0/2.0 s
[INFO] [1790223365.811340202] [sage_viewpoint_planner]: PERSON OBSERVATION | confidence=0.308 | bbox_area_fraction=0.0560 | bbox_center_px=(999.0, 860.0) | image_position=(0.780, 0.896) | bbox_margin=0.000
[INFO] [1790223367.141462066] [sage_viewpoint_planner]: PERSON OBSERVATION | confidence=0.594 | bbox_area_fraction=0.0132 | bbox_center_px=(521.6, 705.2) | image_position=(0.407, 0.735) | bbox_margin=0.157
[INFO] [1790223367.949195367] [sage_viewpoint_planner]: OBSERVATION SUFFICIENT | viewpoint=1/4 | person_confidence=0.807 | bbox_area_fraction=0.0206 | fresh=True | confidence_ok=True | bbox_size_ok=True | position_ok=True | bbox_margin=0.044 | confidence_threshold=0.60 | bbox_threshold=0.0100 | HOLDING VIEWPOINT.
[INFO] [1790223368.144810088] [sage_viewpoint_planner]: PERSON OBSERVATION | confidence=0.782 | bbox_area_fraction=0.0252 | bbox_center_px=(521.9, 819.3) | image_position=(0.408, 0.853) | bbox_margin=0.002
[INFO] [1790223368.342020084] [sage_viewpoint_planner]: OBSERVATION QUALITY LOST | fresh=True | confidence_ok=True | bbox_size_ok=True | position_ok=False | resuming active search.
[INFO] [1790223368.345974808] [sage_viewpoint_planner]: OBSERVATION INSUFFICIENT | viewpoint=1/4 | person_confidence=0.782 | bbox_area_fraction=0.0252 | fresh=True | confidence_ok=True | bbox_size_ok=True | position_ok=False | bbox_margin=0.002 | confidence_threshold=0.60 | bbox_threshold=0.0100
[INFO] [1790223368.347129775] [sage_viewpoint_planner]: ENERGY-AWARE SELECTION | chosen=4/4 | distance=3.4 m | est_cost_incl_return=0.7 % | unaffordable_skipped=0
[INFO] [1790223369.374762430] [sage_viewpoint_planner]: PERSON OBSERVATION | confidence=0.829 | bbox_area_fraction=0.0273 | bbox_center_px=(480.6, 829.1) | image_position=(0.375, 0.864) | bbox_margin=0.000
[INFO] [1790223369.538797160] [sage_viewpoint_planner]: CANDIDATE STATUS | id=4 | track=(-6.0,7.0) | uav=(-3.5,6.2) | range=2.6 m | sufficient=False | matches_track=False | evidence=1.0/2.0 s
[INFO] [1790223370.564975231] [sage_viewpoint_planner]: PERSON OBSERVATION | confidence=0.812 | bbox_area_fraction=0.0389 | bbox_center_px=(624.0, 795.7) | image_position=(0.487, 0.829) | bbox_margin=0.000
[INFO] [1790223371.747465108] [sage_viewpoint_planner]: OBSERVATION INSUFFICIENT | viewpoint=4/4 | person_confidence=0.812 | bbox_area_fraction=0.0389 | fresh=False | confidence_ok=True | bbox_size_ok=True | position_ok=False | bbox_margin=0.000 | confidence_threshold=0.60 | bbox_threshold=0.0100
[INFO] [1790223371.748648357] [sage_viewpoint_planner]: ENERGY-AWARE SELECTION | chosen=3/4 | distance=4.8 m | est_cost_incl_return=1.0 % | unaffordable_skipped=0
[INFO] [1790223371.798847162] [sage_viewpoint_planner]: PERSON OBSERVATION | confidence=0.538 | bbox_area_fraction=0.0661 | bbox_center_px=(998.6, 797.5) | image_position=(0.780, 0.831) | bbox_margin=0.000
[INFO] [1790223372.993549666] [sage_viewpoint_planner]: PERSON OBSERVATION | confidence=0.822 | bbox_area_fraction=0.0386 | bbox_center_px=(601.4, 686.7) | image_position=(0.470, 0.715) | bbox_margin=0.115
[INFO] [1790223373.338628220] [sage_viewpoint_planner]: TARGET VERIFIED | id=4 | position=(-5.94, 6.82) | confidence=0.719 | evidence_points=11 | speed=0.03 m/s | verified_total=2
[INFO] [1790223374.126536090] [sage_viewpoint_planner]: PERSON OBSERVATION | confidence=0.826 | bbox_area_fraction=0.0620 | bbox_center_px=(978.0, 554.3) | image_position=(0.764, 0.577) | bbox_margin=0.141
[INFO] [1790223374.770725148] [sage_viewpoint_planner]: New target acquired | target_id=1
[INFO] [1790223374.938411192] [sage_viewpoint_planner]: CANDIDATE FOUND | leaving sweep to verify target_id=1
[INFO] [1790223374.940562033] [sage_viewpoint_planner]: CANDIDATE STATUS | id=1 | track=(-9.6,9.7) | uav=(-8.0,5.7) | range=4.3 m | sufficient=False | matches_track=False | evidence=0.0/2.0 s
[INFO] [1790223375.171254302] [sage_viewpoint_planner]: PERSON OBSERVATION | confidence=0.310 | bbox_area_fraction=0.0015 | bbox_center_px=(379.0, 530.5) | image_position=(0.296, 0.553) | bbox_margin=0.284
[INFO] [1790223376.191260282] [sage_viewpoint_planner]: PERSON OBSERVATION | confidence=0.419 | bbox_area_fraction=0.0038 | bbox_center_px=(609.3, 539.2) | image_position=(0.476, 0.562) | bbox_margin=0.381
[INFO] [1790223379.140783728] [sage_viewpoint_planner]: CANDIDATE STATUS | id=1 | track=(-9.6,9.7) | uav=(-6.8,9.4) | range=2.8 m | sufficient=False | matches_track=False | evidence=0.0/2.0 s
[INFO] [1790223379.345698663] [sage_viewpoint_planner]: OBSERVATION INSUFFICIENT | viewpoint=1/4 | person_confidence=0.709 | bbox_area_fraction=0.0413 | fresh=False | confidence_ok=True | bbox_size_ok=True | position_ok=True | bbox_margin=0.219 | confidence_threshold=0.60 | bbox_threshold=0.0100
[INFO] [1790223379.353664689] [sage_viewpoint_planner]: ENERGY-AWARE SELECTION | chosen=4/4 | distance=4.0 m | est_cost_incl_return=1.0 % | unaffordable_skipped=0
[INFO] [1790223383.341180021] [sage_viewpoint_planner]: CANDIDATE STATUS | id=1 | track=(-9.6,9.7) | uav=(-9.3,6.8) | range=2.9 m | sufficient=False | matches_track=False | evidence=0.0/2.0 s
[INFO] [1790223383.342533945] [sage_viewpoint_planner]: OBSERVATION INSUFFICIENT | viewpoint=4/4 | person_confidence=0.709 | bbox_area_fraction=0.0413 | fresh=False | confidence_ok=True | bbox_size_ok=True | position_ok=True | bbox_margin=0.219 | confidence_threshold=0.60 | bbox_threshold=0.0100
[INFO] [1790223383.344095408] [sage_viewpoint_planner]: ENERGY-AWARE SELECTION | chosen=3/4 | distance=4.3 m | est_cost_incl_return=1.3 % | unaffordable_skipped=0
[INFO] [1790223385.143645305] [sage_viewpoint_planner]: PERSON OBSERVATION | confidence=0.722 | bbox_area_fraction=0.0545 | bbox_center_px=(97.9, 750.5) | image_position=(0.076, 0.782) | bbox_margin=0.004
[INFO] [1790223386.176399033] [sage_viewpoint_planner]: PERSON OBSERVATION | confidence=0.708 | bbox_area_fraction=0.0165 | bbox_center_px=(786.9, 656.9) | image_position=(0.615, 0.684) | bbox_margin=0.195
[INFO] [1790223387.346331157] [sage_viewpoint_planner]: CANDIDATE STATUS | id=1 | track=(-8.5,9.2) | uav=(-12.2,9.3) | range=3.7 m | sufficient=False | matches_track=False | evidence=0.0/2.0 s
[INFO] [1790223387.376289372] [sage_viewpoint_planner]: PERSON OBSERVATION | confidence=0.581 | bbox_area_fraction=0.0097 | bbox_center_px=(548.6, 554.6) | image_position=(0.429, 0.578) | bbox_margin=0.343
[INFO] [1790223387.754748192] [sage_viewpoint_planner]: OBSERVATION INSUFFICIENT | viewpoint=3/4 | person_confidence=0.425 | bbox_area_fraction=0.0010 | fresh=True | confidence_ok=False | bbox_size_ok=False | position_ok=True | bbox_margin=0.085 | confidence_threshold=0.60 | bbox_threshold=0.0100
[INFO] [1790223387.755360449] [sage_viewpoint_planner]: ENERGY-AWARE SELECTION | chosen=2/4 | distance=4.7 m | est_cost_incl_return=1.3 % | unaffordable_skipped=0
[INFO] [1790223388.408702350] [sage_viewpoint_planner]: PERSON OBSERVATION | confidence=0.460 | bbox_area_fraction=0.0015 | bbox_center_px=(101.9, 411.3) | image_position=(0.080, 0.428) | bbox_margin=0.067
[INFO] [1790223391.540790990] [sage_viewpoint_planner]: CANDIDATE STATUS | id=1 | track=(-8.5,9.2) | uav=(-9.2,11.6) | range=2.6 m | sufficient=False | matches_track=False | evidence=0.0/2.0 s
[INFO] [1790223391.692217500] [sage_viewpoint_planner]: PERSON OBSERVATION | confidence=0.486 | bbox_area_fraction=0.0013 | bbox_center_px=(1203.6, 551.9) | image_position=(0.940, 0.575) | bbox_margin=0.049
[INFO] [1790223392.143093671] [sage_viewpoint_planner]: OBSERVATION SUFFICIENT | viewpoint=2/4 | person_confidence=0.735 | bbox_area_fraction=0.0180 | fresh=True | confidence_ok=True | bbox_size_ok=True | position_ok=True | bbox_margin=0.070 | confidence_threshold=0.60 | bbox_threshold=0.0100 | HOLDING VIEWPOINT.
[INFO] [1790223392.786482574] [sage_viewpoint_planner]: PERSON OBSERVATION | confidence=0.759 | bbox_area_fraction=0.0122 | bbox_center_px=(935.1, 630.2) | image_position=(0.731, 0.656) | bbox_margin=0.235
[INFO] [1790223393.546942954] [sage_viewpoint_planner]: OBSERVATION QUALITY LOST | fresh=True | confidence_ok=False | bbox_size_ok=True | position_ok=True | resuming active search.
[INFO] [1790223393.824938617] [sage_viewpoint_planner]: PERSON OBSERVATION | confidence=0.565 | bbox_area_fraction=0.0108 | bbox_center_px=(937.1, 585.5) | image_position=(0.732, 0.610) | bbox_margin=0.235
[INFO] [1790223395.005358996] [sage_viewpoint_planner]: PERSON OBSERVATION | confidence=0.712 | bbox_area_fraction=0.0090 | bbox_center_px=(887.9, 566.7) | image_position=(0.694, 0.590) | bbox_margin=0.277
[INFO] [1790223395.737946093] [sage_viewpoint_planner]: CANDIDATE STATUS | id=1 | track=(-5.3,6.8) | uav=(-8.4,12.6) | range=6.7 m | sufficient=False | matches_track=False | evidence=1.6/2.0 s
[INFO] [1790223396.125690327] [sage_viewpoint_planner]: PERSON OBSERVATION | confidence=0.652 | bbox_area_fraction=0.0112 | bbox_center_px=(895.4, 574.9) | image_position=(0.700, 0.599) | bbox_margin=0.265
[INFO] [1790223396.341186133] [sage_viewpoint_planner]: DUPLICATE TRACK MERGED | id=1 | position=(-5.24, 7.06) | same as verified id=4
[INFO] [1790223396.372788685] [sage_viewpoint_planner]: New target acquired | target_id=6
[INFO] [1790223397.265996799] [sage_viewpoint_planner]: New target acquired | target_id=5
[INFO] [1790223397.390823720] [sage_viewpoint_planner]: PERSON OBSERVATION | confidence=0.655 | bbox_area_fraction=0.0202 | bbox_center_px=(929.9, 598.5) | image_position=(0.727, 0.623) | bbox_margin=0.215
[INFO] [1790223399.739313366] [sage_viewpoint_planner]: CANDIDATE STATUS | id=5 | track=(4.4,-3.5) | uav=(-6.3,10.4) | range=17.6 m | sufficient=False | matches_track=False | evidence=0.0/2.0 s
[INFO] [1790223402.033409181] [sage_viewpoint_planner]: PERSON OBSERVATION | confidence=0.377 | bbox_area_fraction=0.0586 | bbox_center_px=(1127.3, 840.3) | image_position=(0.881, 0.875) | bbox_margin=0.000
[INFO] [1790223403.111937085] [sage_viewpoint_planner]: PERSON OBSERVATION | confidence=0.743 | bbox_area_fraction=0.0253 | bbox_center_px=(608.6, 761.7) | image_position=(0.475, 0.793) | bbox_margin=0.030
[INFO] [1790223403.741937457] [sage_viewpoint_planner]: CANDIDATE STATUS | id=5 | track=(4.4,-3.5) | uav=(-1.1,4.9) | range=10.0 m | sufficient=True | matches_track=False | evidence=0.0/2.0 s
[INFO] [1790223404.889924815] [sage_viewpoint_planner]: PERSON OBSERVATION | confidence=0.668 | bbox_area_fraction=0.0077 | bbox_center_px=(398.1, 634.5) | image_position=(0.311, 0.661) | bbox_margin=0.250
[INFO] [1790223406.187569943] [sage_viewpoint_planner]: PERSON OBSERVATION | confidence=0.308 | bbox_area_fraction=0.0602 | bbox_center_px=(157.8, 837.7) | image_position=(0.123, 0.873) | bbox_margin=0.000
[INFO] [1790223407.249939356] [sage_viewpoint_planner]: PERSON OBSERVATION | confidence=0.869 | bbox_area_fraction=0.0736 | bbox_center_px=(141.6, 797.5) | image_position=(0.111, 0.831) | bbox_margin=0.001
[INFO] [1790223407.938995769] [sage_viewpoint_planner]: CANDIDATE STATUS | id=5 | track=(4.4,-3.5) | uav=(4.7,-0.8) | range=2.7 m | sufficient=True | matches_track=False | evidence=0.0/2.0 s
[INFO] [1790223408.581966234] [sage_viewpoint_planner]: PERSON OBSERVATION | confidence=0.748 | bbox_area_fraction=0.0232 | bbox_center_px=(130.5, 700.0) | image_position=(0.102, 0.729) | bbox_margin=0.050
[INFO] [1790223409.748341901] [sage_viewpoint_planner]: PERSON OBSERVATION | confidence=0.702 | bbox_area_fraction=0.0109 | bbox_center_px=(126.1, 548.6) | image_position=(0.098, 0.571) | bbox_margin=0.063
[INFO] [1790223410.344184392] [sage_viewpoint_planner]: OBSERVATION INSUFFICIENT | viewpoint=1/4 | person_confidence=0.674 | bbox_area_fraction=0.0082 | fresh=True | confidence_ok=True | bbox_size_ok=False | position_ok=True | bbox_margin=0.068 | confidence_threshold=0.60 | bbox_threshold=0.0100
[INFO] [1790223410.344986936] [sage_viewpoint_planner]: ENERGY-AWARE SELECTION | chosen=2/4 | distance=4.0 m | est_cost_incl_return=0.7 % | unaffordable_skipped=0
[INFO] [1790223410.866241342] [sage_viewpoint_planner]: PERSON OBSERVATION | confidence=0.709 | bbox_area_fraction=0.0079 | bbox_center_px=(135.4, 465.4) | image_position=(0.106, 0.485) | bbox_margin=0.074
[INFO] [1790223411.866248093] [sage_viewpoint_planner]: PERSON OBSERVATION | confidence=0.839 | bbox_area_fraction=0.0548 | bbox_center_px=(1074.0, 801.1) | image_position=(0.839, 0.835) | bbox_margin=0.000
[INFO] [1790223411.941399572] [sage_viewpoint_planner]: CANDIDATE STATUS | id=5 | track=(4.4,-3.5) | uav=(7.2,-3.2) | range=2.8 m | sufficient=False | matches_track=False | evidence=0.0/2.0 s
[INFO] [1790223413.083269042] [sage_viewpoint_planner]: PERSON OBSERVATION | confidence=0.808 | bbox_area_fraction=0.0483 | bbox_center_px=(154.1, 803.3) | image_position=(0.120, 0.837) | bbox_margin=0.000
[INFO] [1790223414.086958374] [sage_viewpoint_planner]: PERSON OBSERVATION | confidence=0.772 | bbox_area_fraction=0.0153 | bbox_center_px=(524.1, 665.5) | image_position=(0.409, 0.693) | bbox_margin=0.187
[INFO] [1790223414.538947271] [sage_viewpoint_planner]: OBSERVATION SUFFICIENT | viewpoint=2/4 | person_confidence=0.602 | bbox_area_fraction=0.0117 | fresh=True | confidence_ok=True | bbox_size_ok=True | position_ok=True | bbox_margin=0.252 | confidence_threshold=0.60 | bbox_threshold=0.0100 | HOLDING VIEWPOINT.
[INFO] [1790223415.219031134] [sage_viewpoint_planner]: PERSON OBSERVATION | confidence=0.680 | bbox_area_fraction=0.0089 | bbox_center_px=(780.8, 580.0) | image_position=(0.610, 0.604) | bbox_margin=0.303
[INFO] [1790223415.339885386] [sage_viewpoint_planner]: OBSERVATION QUALITY LOST | fresh=True | confidence_ok=True | bbox_size_ok=False | position_ok=True | resuming active search.
[INFO] [1790223415.341742239] [sage_viewpoint_planner]: OBSERVATION INSUFFICIENT | viewpoint=2/4 | person_confidence=0.680 | bbox_area_fraction=0.0089 | fresh=True | confidence_ok=True | bbox_size_ok=False | position_ok=True | bbox_margin=0.303 | confidence_threshold=0.60 | bbox_threshold=0.0100
[INFO] [1790223415.342451445] [sage_viewpoint_planner]: ENERGY-AWARE SELECTION | chosen=3/4 | distance=5.5 m | est_cost_incl_return=0.8 % | unaffordable_skipped=0
[INFO] [1790223416.145222425] [sage_viewpoint_planner]: CANDIDATE STATUS | id=5 | track=(5.4,-5.5) | uav=(4.2,-0.3) | range=5.3 m | sufficient=False | matches_track=False | evidence=1.4/2.0 s
[INFO] [1790223416.474768483] [sage_viewpoint_planner]: PERSON OBSERVATION | confidence=0.755 | bbox_area_fraction=0.0077 | bbox_center_px=(741.7, 594.1) | image_position=(0.579, 0.619) | bbox_margin=0.299
[INFO] [1790223417.942027484] [sage_viewpoint_planner]: TARGET VERIFIED | id=5 | position=(5.16, -5.58) | confidence=0.757 | evidence_points=11 | speed=0.14 m/s | verified_total=3
[INFO] [1790223419.497058525] [sage_viewpoint_planner]: PERSON OBSERVATION | confidence=0.852 | bbox_area_fraction=0.0541 | bbox_center_px=(173.0, 791.0) | image_position=(0.135, 0.824) | bbox_margin=0.000
[INFO] [1790223420.762883033] [sage_viewpoint_planner]: PERSON OBSERVATION | confidence=0.605 | bbox_area_fraction=0.0447 | bbox_center_px=(513.6, 731.0) | image_position=(0.401, 0.761) | bbox_margin=0.078
[INFO] [1790223421.767363125] [sage_viewpoint_planner]: PERSON OBSERVATION | confidence=0.740 | bbox_area_fraction=0.0370 | bbox_center_px=(550.9, 713.3) | image_position=(0.430, 0.743) | bbox_margin=0.104
[INFO] [1790223422.911775699] [sage_viewpoint_planner]: PERSON OBSERVATION | confidence=0.707 | bbox_area_fraction=0.0100 | bbox_center_px=(1191.9, 479.9) | image_position=(0.931, 0.500) | bbox_margin=0.035
[INFO] [1790223423.576722816] [sage_viewpoint_planner]: New target acquired | target_id=9
[INFO] [1790223423.737740917] [sage_viewpoint_planner]: CANDIDATE FOUND | leaving sweep to verify target_id=9
[INFO] [1790223423.738804942] [sage_viewpoint_planner]: CANDIDATE STATUS | id=9 | track=(-3.3,4.6) | uav=(3.5,-1.4) | range=9.0 m | sufficient=False | matches_track=False | evidence=0.0/2.0 s
[INFO] [1790223424.273023489] [sage_viewpoint_planner]: PERSON OBSERVATION | confidence=0.350 | bbox_area_fraction=0.0096 | bbox_center_px=(1248.5, 638.9) | image_position=(0.975, 0.666) | bbox_margin=0.001
[INFO] [1790223425.792775394] [sage_viewpoint_planner]: PERSON OBSERVATION | confidence=0.743 | bbox_area_fraction=0.0114 | bbox_center_px=(965.3, 563.1) | image_position=(0.754, 0.587) | bbox_margin=0.218
[INFO] [1790223426.926543157] [sage_viewpoint_planner]: PERSON OBSERVATION | confidence=0.717 | bbox_area_fraction=0.0056 | bbox_center_px=(123.9, 548.7) | image_position=(0.097, 0.572) | bbox_margin=0.075
[INFO] [1790223427.744287013] [sage_viewpoint_planner]: CANDIDATE STATUS | id=9 | track=(-4.4,5.9) | uav=(0.7,3.7) | range=5.6 m | sufficient=False | matches_track=False | evidence=0.0/2.0 s
[INFO] [1790223428.168545919] [sage_viewpoint_planner]: PERSON OBSERVATION | confidence=0.652 | bbox_area_fraction=0.0044 | bbox_center_px=(456.6, 643.1) | image_position=(0.357, 0.670) | bbox_margin=0.269
[INFO] [1790223429.296742853] [sage_viewpoint_planner]: PERSON OBSERVATION | confidence=0.625 | bbox_area_fraction=0.0083 | bbox_center_px=(509.2, 712.3) | image_position=(0.398, 0.742) | bbox_margin=0.183
[INFO] [1790223429.350368224] [sage_viewpoint_planner]: OBSERVATION INSUFFICIENT | viewpoint=1/4 | person_confidence=0.625 | bbox_area_fraction=0.0083 | fresh=True | confidence_ok=True | bbox_size_ok=False | position_ok=True | bbox_margin=0.183 | confidence_threshold=0.60 | bbox_threshold=0.0100
[INFO] [1790223429.350959287] [sage_viewpoint_planner]: ENERGY-AWARE SELECTION | chosen=4/4 | distance=5.1 m | est_cost_incl_return=0.8 % | unaffordable_skipped=0
[INFO] [1790223430.385715399] [sage_viewpoint_planner]: PERSON OBSERVATION | confidence=0.638 | bbox_area_fraction=0.0101 | bbox_center_px=(468.3, 689.9) | image_position=(0.366, 0.719) | bbox_margin=0.199
[INFO] [1790223431.560297442] [sage_viewpoint_planner]: PERSON OBSERVATION | confidence=0.731 | bbox_area_fraction=0.0237 | bbox_center_px=(1054.3, 537.7) | image_position=(0.824, 0.560) | bbox_margin=0.127
[INFO] [1790223431.939432811] [sage_viewpoint_planner]: CANDIDATE STATUS | id=9 | track=(-5.2,6.8) | uav=(-2.1,4.1) | range=4.1 m | sufficient=True | matches_track=False | evidence=0.8/2.0 s
[INFO] [1790223433.567831018] [sage_viewpoint_planner]: PERSON OBSERVATION | confidence=0.859 | bbox_area_fraction=0.0238 | bbox_center_px=(1123.8, 844.6) | image_position=(0.878, 0.880) | bbox_margin=0.001
[INFO] [1790223433.941603644] [sage_viewpoint_planner]: OBSERVATION INSUFFICIENT | viewpoint=4/4 | person_confidence=0.817 | bbox_area_fraction=0.0226 | fresh=True | confidence_ok=True | bbox_size_ok=True | position_ok=False | bbox_margin=0.000 | confidence_threshold=0.60 | bbox_threshold=0.0100
[INFO] [1790223433.942904071] [sage_viewpoint_planner]: ENERGY-AWARE SELECTION | chosen=3/4 | distance=5.5 m | est_cost_incl_return=1.1 % | unaffordable_skipped=0
[INFO] [1790223434.773922843] [sage_viewpoint_planner]: PERSON OBSERVATION | confidence=0.786 | bbox_area_fraction=0.0166 | bbox_center_px=(880.2, 730.1) | image_position=(0.688, 0.761) | bbox_margin=0.116
[INFO] [1790223435.542156393] [sage_viewpoint_planner]: DUPLICATE TRACK MERGED | id=9 | position=(-5.92, 6.48) | same as verified id=4
[INFO] [1790223435.838470865] [sage_viewpoint_planner]: PERSON OBSERVATION | confidence=0.725 | bbox_area_fraction=0.0227 | bbox_center_px=(264.4, 731.3) | image_position=(0.207, 0.762) | bbox_margin=0.119
[INFO] [1790223437.058222819] [sage_viewpoint_planner]: PERSON OBSERVATION | confidence=0.765 | bbox_area_fraction=0.0138 | bbox_center_px=(955.8, 710.0) | image_position=(0.747, 0.740) | bbox_margin=0.153
[INFO] [1790223438.194732220] [sage_viewpoint_planner]: PERSON OBSERVATION | confidence=0.609 | bbox_area_fraction=0.0028 | bbox_center_px=(138.7, 483.8) | image_position=(0.108, 0.504) | bbox_margin=0.091
[INFO] [1790223439.543322508] [sage_viewpoint_planner]: PERSON OBSERVATION | confidence=0.640 | bbox_area_fraction=0.0032 | bbox_center_px=(145.4, 232.8) | image_position=(0.114, 0.242) | bbox_margin=0.095
[INFO] [1790223440.743416600] [sage_viewpoint_planner]: PERSON OBSERVATION | confidence=0.567 | bbox_area_fraction=0.0071 | bbox_center_px=(502.2, 486.0) | image_position=(0.392, 0.506) | bbox_margin=0.365
[INFO] [1790223441.970798055] [sage_viewpoint_planner]: PERSON OBSERVATION | confidence=0.668 | bbox_area_fraction=0.0149 | bbox_center_px=(530.8, 658.2) | image_position=(0.415, 0.686) | bbox_margin=0.211
[INFO] [1790223443.238554532] [sage_viewpoint_planner]: PERSON OBSERVATION | confidence=0.882 | bbox_area_fraction=0.0584 | bbox_center_px=(630.1, 800.1) | image_position=(0.492, 0.833) | bbox_margin=0.000
[INFO] [1790223446.738556394] [sage_viewpoint_planner]: COVERAGE WAYPOINT | 1/9 at (6.0, 6.0) | scanning
[INFO] [1790223451.446888097] [sage_viewpoint_planner]: PERSON OBSERVATION | confidence=0.457 | bbox_area_fraction=0.0022 | bbox_center_px=(1014.4, 579.0) | image_position=(0.793, 0.603) | bbox_margin=0.196
[INFO] [1790223452.695310494] [sage_viewpoint_planner]: PERSON OBSERVATION | confidence=0.408 | bbox_area_fraction=0.0018 | bbox_center_px=(434.5, 566.2) | image_position=(0.339, 0.590) | bbox_margin=0.330
[INFO] [1790223457.799693527] [sage_viewpoint_planner]: PERSON OBSERVATION | confidence=0.372 | bbox_area_fraction=0.0017 | bbox_center_px=(637.6, 522.4) | image_position=(0.498, 0.544) | bbox_margin=0.413
[INFO] [1790223459.397181494] [sage_viewpoint_planner]: PERSON OBSERVATION | confidence=0.328 | bbox_area_fraction=0.0044 | bbox_center_px=(523.3, 641.5) | image_position=(0.409, 0.668) | bbox_margin=0.267
[INFO] [1790223459.748060669] [sage_viewpoint_planner]: COVERAGE WAYPOINT | 2/9 at (6.0, 0.0) | scanning
[INFO] [1790223460.531272244] [sage_viewpoint_planner]: PERSON OBSERVATION | confidence=0.572 | bbox_area_fraction=0.0076 | bbox_center_px=(479.0, 703.4) | image_position=(0.374, 0.733) | bbox_margin=0.187
[INFO] [1790223461.706303564] [sage_viewpoint_planner]: PERSON OBSERVATION | confidence=0.720 | bbox_area_fraction=0.0167 | bbox_center_px=(200.1, 712.9) | image_position=(0.156, 0.743) | bbox_margin=0.119
[INFO] [1790223465.002035903] [sage_viewpoint_planner]: PERSON OBSERVATION | confidence=0.571 | bbox_area_fraction=0.0225 | bbox_center_px=(1180.6, 620.4) | image_position=(0.922, 0.646) | bbox_margin=0.023
[INFO] [1790223466.734967503] [sage_viewpoint_planner]: PERSON OBSERVATION | confidence=0.524 | bbox_area_fraction=0.0155 | bbox_center_px=(303.8, 599.8) | image_position=(0.237, 0.625) | bbox_margin=0.194
[INFO] [1790223468.749312870] [sage_viewpoint_planner]: PERSON OBSERVATION | confidence=0.669 | bbox_area_fraction=0.0071 | bbox_center_px=(558.9, 625.1) | image_position=(0.437, 0.651) | bbox_margin=0.264
[INFO] [1790223469.855836306] [sage_viewpoint_planner]: PERSON OBSERVATION | confidence=0.663 | bbox_area_fraction=0.0090 | bbox_center_px=(374.0, 417.5) | image_position=(0.292, 0.435) | bbox_margin=0.268
[INFO] [1790223470.933601365] [sage_viewpoint_planner]: PERSON OBSERVATION | confidence=0.688 | bbox_area_fraction=0.0110 | bbox_center_px=(486.7, 588.7) | image_position=(0.380, 0.613) | bbox_margin=0.277
[INFO] [1790223472.208725374] [sage_viewpoint_planner]: PERSON OBSERVATION | confidence=0.851 | bbox_area_fraction=0.0483 | bbox_center_px=(206.4, 816.3) | image_position=(0.161, 0.850) | bbox_margin=0.001
[INFO] [1790223472.547968365] [sage_viewpoint_planner]: COVERAGE WAYPOINT | 3/9 at (6.0, -6.0) | scanning
[INFO] [1790223478.331738172] [sage_viewpoint_planner]: PERSON OBSERVATION | confidence=0.670 | bbox_area_fraction=0.0039 | bbox_center_px=(1081.1, 583.9) | image_position=(0.845, 0.608) | bbox_margin=0.136
[INFO] [1790223479.627595932] [sage_viewpoint_planner]: PERSON OBSERVATION | confidence=0.586 | bbox_area_fraction=0.0019 | bbox_center_px=(502.7, 563.6) | image_position=(0.393, 0.587) | bbox_margin=0.371
[INFO] [1790223483.805733549] [sage_viewpoint_planner]: PERSON OBSERVATION | confidence=0.473 | bbox_area_fraction=0.0036 | bbox_center_px=(27.7, 498.6) | image_position=(0.022, 0.519) | bbox_margin=0.000
[INFO] [1790223485.939682720] [sage_viewpoint_planner]: COVERAGE WAYPOINT | 4/9 at (0.0, -6.0) | scanning
[INFO] [1790223492.241633851] [sage_viewpoint_planner]: PERSON OBSERVATION | confidence=0.431 | bbox_area_fraction=0.0436 | bbox_center_px=(294.8, 658.8) | image_position=(0.230, 0.686) | bbox_margin=0.143
[INFO] [1790223493.512854362] [sage_viewpoint_planner]: PERSON OBSERVATION | confidence=0.425 | bbox_area_fraction=0.0019 | bbox_center_px=(884.5, 547.7) | image_position=(0.691, 0.571) | bbox_margin=0.295
[INFO] [1790223494.680016758] [sage_viewpoint_planner]: PERSON OBSERVATION | confidence=0.432 | bbox_area_fraction=0.0017 | bbox_center_px=(391.5, 548.7) | image_position=(0.306, 0.572) | bbox_margin=0.294
[INFO] [1790223496.269508894] [sage_viewpoint_planner]: PERSON OBSERVATION | confidence=0.351 | bbox_area_fraction=0.0031 | bbox_center_px=(118.7, 299.6) | image_position=(0.093, 0.312) | bbox_margin=0.076
[INFO] [1790223497.803308399] [sage_viewpoint_planner]: PERSON OBSERVATION | confidence=0.638 | bbox_area_fraction=0.0035 | bbox_center_px=(641.9, 575.6) | image_position=(0.501, 0.600) | bbox_margin=0.338
[INFO] [1790223498.937846016] [sage_viewpoint_planner]: PERSON OBSERVATION | confidence=0.451 | bbox_area_fraction=0.0040 | bbox_center_px=(907.7, 662.8) | image_position=(0.709, 0.690) | bbox_margin=0.257
[INFO] [1790223499.341729936] [sage_viewpoint_planner]: COVERAGE WAYPOINT | 5/9 at (0.0, 0.0) | scanning
[INFO] [1790223500.197586145] [sage_viewpoint_planner]: PERSON OBSERVATION | confidence=0.636 | bbox_area_fraction=0.0185 | bbox_center_px=(778.0, 796.7) | image_position=(0.608, 0.830) | bbox_margin=0.035
[INFO] [1790223501.223058520] [sage_viewpoint_planner]: PERSON OBSERVATION | confidence=0.717 | bbox_area_fraction=0.0277 | bbox_center_px=(970.5, 801.0) | image_position=(0.758, 0.834) | bbox_margin=0.010
[INFO] [1790223502.257721014] [sage_viewpoint_planner]: PERSON OBSERVATION | confidence=0.787 | bbox_area_fraction=0.0220 | bbox_center_px=(401.2, 759.9) | image_position=(0.313, 0.792) | bbox_margin=0.061
[INFO] [1790223503.581852792] [sage_viewpoint_planner]: PERSON OBSERVATION | confidence=0.792 | bbox_area_fraction=0.0090 | bbox_center_px=(128.6, 602.3) | image_position=(0.100, 0.627) | bbox_margin=0.068
[INFO] [1790223505.553982536] [sage_viewpoint_planner]: PERSON OBSERVATION | confidence=0.675 | bbox_area_fraction=0.0126 | bbox_center_px=(1151.4, 623.4) | image_position=(0.900, 0.649) | bbox_margin=0.062
[INFO] [1790223506.898944403] [sage_viewpoint_planner]: PERSON OBSERVATION | confidence=0.677 | bbox_area_fraction=0.0048 | bbox_center_px=(522.9, 579.7) | image_position=(0.409, 0.604) | bbox_margin=0.335
[INFO] [1790223508.663761311] [sage_viewpoint_planner]: PERSON OBSERVATION | confidence=0.828 | bbox_area_fraction=0.0427 | bbox_center_px=(1148.9, 733.1) | image_position=(0.898, 0.764) | bbox_margin=0.041
[INFO] [1790223509.739887467] [sage_viewpoint_planner]: PERSON OBSERVATION | confidence=0.764 | bbox_area_fraction=0.0199 | bbox_center_px=(463.7, 520.0) | image_position=(0.362, 0.542) | bbox_margin=0.322
[INFO] [1790223510.845655767] [sage_viewpoint_planner]: PERSON OBSERVATION | confidence=0.854 | bbox_area_fraction=0.0456 | bbox_center_px=(411.2, 759.9) | image_position=(0.321, 0.792) | bbox_margin=0.000
[INFO] [1790223512.343093098] [sage_viewpoint_planner]: COVERAGE WAYPOINT | 6/9 at (0.0, 6.0) | scanning
[INFO] [1790223515.711609203] [sage_viewpoint_planner]: PERSON OBSERVATION | confidence=0.617 | bbox_area_fraction=0.0119 | bbox_center_px=(916.5, 641.3) | image_position=(0.716, 0.668) | bbox_margin=0.216
[INFO] [1790223517.667444593] [sage_viewpoint_planner]: PERSON OBSERVATION | confidence=0.785 | bbox_area_fraction=0.0257 | bbox_center_px=(1121.3, 856.9) | image_position=(0.876, 0.893) | bbox_margin=0.002
[INFO] [1790223518.701613335] [sage_viewpoint_planner]: PERSON OBSERVATION | confidence=0.798 | bbox_area_fraction=0.0214 | bbox_center_px=(605.2, 832.0) | image_position=(0.473, 0.867) | bbox_margin=0.000
[INFO] [1790223519.736139905] [sage_viewpoint_planner]: PERSON OBSERVATION | confidence=0.456 | bbox_area_fraction=0.0015 | bbox_center_px=(313.6, 561.7) | image_position=(0.245, 0.585) | bbox_margin=0.236
[INFO] [1790223520.158324678] [sage_viewpoint_planner]: New target acquired | target_id=8
[INFO] [1790223520.344987930] [sage_viewpoint_planner]: CANDIDATE FOUND | leaving sweep to verify target_id=8
[INFO] [1790223520.345763574] [sage_viewpoint_planner]: CANDIDATE STATUS | id=8 | track=(2.6,-5.2) | uav=(0.0,6.0) | range=11.6 m | sufficient=False | matches_track=False | evidence=0.0/2.0 s
[INFO] [1790223522.732616178] [sage_viewpoint_planner]: PERSON OBSERVATION | confidence=0.719 | bbox_area_fraction=0.0162 | bbox_center_px=(709.8, 778.7) | image_position=(0.555, 0.811) | bbox_margin=0.067
[INFO] [1790223523.795764874] [sage_viewpoint_planner]: PERSON OBSERVATION | confidence=0.580 | bbox_area_fraction=0.0090 | bbox_center_px=(423.1, 911.9) | image_position=(0.331, 0.950) | bbox_margin=0.002
[INFO] [1790223524.540994732] [sage_viewpoint_planner]: CANDIDATE STATUS | id=8 | track=(2.3,-5.0) | uav=(2.7,1.2) | range=6.2 m | sufficient=False | matches_track=False | evidence=0.0/2.0 s
[INFO] [1790223524.982389608] [sage_viewpoint_planner]: PERSON OBSERVATION | confidence=0.593 | bbox_area_fraction=0.0075 | bbox_center_px=(142.4, 612.1) | image_position=(0.111, 0.638) | bbox_margin=0.082
[INFO] [1790223528.544094788] [sage_viewpoint_planner]: CANDIDATE STATUS | id=8 | track=(2.3,-5.0) | uav=(5.0,-5.4) | range=2.7 m | sufficient=False | matches_track=False | evidence=0.0/2.0 s
[INFO] [1790223532.741062263] [sage_viewpoint_planner]: CANDIDATE STATUS | id=8 | track=(2.3,-5.0) | uav=(5.2,-5.3) | range=2.9 m | sufficient=False | matches_track=False | evidence=0.0/2.0 s
[INFO] [1790223532.743487123] [sage_viewpoint_planner]: OBSERVATION INSUFFICIENT | viewpoint=1/4 | person_confidence=0.632 | bbox_area_fraction=0.0063 | fresh=False | confidence_ok=True | bbox_size_ok=False | position_ok=True | bbox_margin=0.062 | confidence_threshold=0.60 | bbox_threshold=0.0100
[INFO] [1790223532.744126699] [sage_viewpoint_planner]: ENERGY-AWARE SELECTION | chosen=4/4 | distance=4.0 m | est_cost_incl_return=0.9 % | unaffordable_skipped=0
[INFO] [1790223534.666982574] [sage_viewpoint_planner]: PERSON OBSERVATION | confidence=0.404 | bbox_area_fraction=0.0051 | bbox_center_px=(260.0, 652.5) | image_position=(0.203, 0.680) | bbox_margin=0.179
[INFO] [1790223535.718523370] [sage_viewpoint_planner]: PERSON OBSERVATION | confidence=0.548 | bbox_area_fraction=0.0032 | bbox_center_px=(647.3, 618.2) | image_position=(0.506, 0.644) | bbox_margin=0.313
[INFO] [1790223536.743725819] [sage_viewpoint_planner]: CANDIDATE STATUS | id=8 | track=(2.3,-5.0) | uav=(2.9,-8.0) | range=3.0 m | sufficient=False | matches_track=False | evidence=0.0/2.0 s
[INFO] [1790223537.350561603] [sage_viewpoint_planner]: OBSERVATION INSUFFICIENT | viewpoint=4/4 | person_confidence=0.356 | bbox_area_fraction=0.0018 | fresh=False | confidence_ok=False | bbox_size_ok=False | position_ok=True | bbox_margin=0.163 | confidence_threshold=0.60 | bbox_threshold=0.0100
[INFO] [1790223537.351163195] [sage_viewpoint_planner]: ENERGY-AWARE SELECTION | chosen=3/4 | distance=4.5 m | est_cost_incl_return=0.7 % | unaffordable_skipped=0
[INFO] [1790223538.610665951] [sage_viewpoint_planner]: PERSON OBSERVATION | confidence=0.811 | bbox_area_fraction=0.0432 | bbox_center_px=(64.1, 749.6) | image_position=(0.050, 0.781) | bbox_margin=0.000
[INFO] [1790223539.888624697] [sage_viewpoint_planner]: PERSON OBSERVATION | confidence=0.835 | bbox_area_fraction=0.0626 | bbox_center_px=(892.4, 765.5) | image_position=(0.697, 0.797) | bbox_margin=0.029
[INFO] [1790223540.927951062] [sage_viewpoint_planner]: PERSON OBSERVATION | confidence=0.517 | bbox_area_fraction=0.0189 | bbox_center_px=(745.2, 665.0) | image_position=(0.582, 0.693) | bbox_margin=0.195
[INFO] [1790223540.939721570] [sage_viewpoint_planner]: CANDIDATE STATUS | id=8 | track=(4.4,-5.8) | uav=(-0.2,-5.5) | range=4.7 m | sufficient=False | matches_track=False | evidence=0.6/2.0 s
[INFO] [1790223541.341372046] [sage_viewpoint_planner]: OBSERVATION SUFFICIENT | viewpoint=3/4 | person_confidence=0.770 | bbox_area_fraction=0.0141 | fresh=True | confidence_ok=True | bbox_size_ok=True | position_ok=True | bbox_margin=0.242 | confidence_threshold=0.60 | bbox_threshold=0.0100 | HOLDING VIEWPOINT.
[INFO] [1790223541.984063322] [sage_viewpoint_planner]: PERSON OBSERVATION | confidence=0.773 | bbox_area_fraction=0.0114 | bbox_center_px=(492.1, 577.7) | image_position=(0.384, 0.602) | bbox_margin=0.306
[INFO] [1790223543.139363909] [sage_viewpoint_planner]: DUPLICATE TRACK MERGED | id=8 | position=(4.56, -5.90) | same as verified id=5
[INFO] [1790223543.295284205] [sage_viewpoint_planner]: PERSON OBSERVATION | confidence=0.695 | bbox_area_fraction=0.0098 | bbox_center_px=(541.3, 582.8) | image_position=(0.423, 0.607) | bbox_margin=0.312
[INFO] [1790223544.354996478] [sage_viewpoint_planner]: PERSON OBSERVATION | confidence=0.734 | bbox_area_fraction=0.0093 | bbox_center_px=(539.1, 604.5) | image_position=(0.421, 0.630) | bbox_margin=0.293
[INFO] [1790223545.704441558] [sage_viewpoint_planner]: PERSON OBSERVATION | confidence=0.509 | bbox_area_fraction=0.0031 | bbox_center_px=(658.5, 475.2) | image_position=(0.514, 0.495) | bbox_margin=0.441
[INFO] [1790223546.764767558] [sage_viewpoint_planner]: PERSON OBSERVATION | confidence=0.603 | bbox_area_fraction=0.0057 | bbox_center_px=(580.5, 592.6) | image_position=(0.454, 0.617) | bbox_margin=0.307
[INFO] [1790223548.039840931] [sage_viewpoint_planner]: PERSON OBSERVATION | confidence=0.674 | bbox_area_fraction=0.0156 | bbox_center_px=(702.2, 679.3) | image_position=(0.549, 0.708) | bbox_margin=0.176
[INFO] [1790223549.332963732] [sage_viewpoint_planner]: PERSON OBSERVATION | confidence=0.837 | bbox_area_fraction=0.0355 | bbox_center_px=(661.2, 820.5) | image_position=(0.517, 0.855) | bbox_margin=0.001
[INFO] [1790223550.939685194] [sage_viewpoint_planner]: COVERAGE WAYPOINT | 6/9 at (0.0, 6.0) | scanning
[INFO] [1790223553.169901427] [sage_viewpoint_planner]: PERSON OBSERVATION | confidence=0.745 | bbox_area_fraction=0.0183 | bbox_center_px=(1131.3, 681.5) | image_position=(0.884, 0.710) | bbox_margin=0.075
[INFO] [1790223554.334237985] [sage_viewpoint_planner]: PERSON OBSERVATION | confidence=0.597 | bbox_area_fraction=0.0180 | bbox_center_px=(414.9, 667.8) | image_position=(0.324, 0.696) | bbox_margin=0.181
[INFO] [1790223555.537113225] [sage_viewpoint_planner]: PERSON OBSERVATION | confidence=0.826 | bbox_area_fraction=0.0427 | bbox_center_px=(949.1, 829.3) | image_position=(0.741, 0.864) | bbox_margin=0.002
[INFO] [1790223556.920182139] [sage_viewpoint_planner]: PERSON OBSERVATION | confidence=0.748 | bbox_area_fraction=0.0424 | bbox_center_px=(434.9, 816.8) | image_position=(0.340, 0.851) | bbox_margin=0.000
[INFO] [1790223560.783690246] [sage_viewpoint_planner]: PERSON OBSERVATION | confidence=0.418 | bbox_area_fraction=0.0150 | bbox_center_px=(1100.7, 474.2) | image_position=(0.860, 0.494) | bbox_margin=0.107
[INFO] [1790223561.890657313] [sage_viewpoint_planner]: PERSON OBSERVATION | confidence=0.788 | bbox_area_fraction=0.0176 | bbox_center_px=(319.8, 649.7) | image_position=(0.250, 0.677) | bbox_margin=0.200
[INFO] [1790223563.686613007] [sage_viewpoint_planner]: PERSON OBSERVATION | confidence=0.717 | bbox_area_fraction=0.0367 | bbox_center_px=(393.3, 860.7) | image_position=(0.307, 0.897) | bbox_margin=0.001
[INFO] [1790223563.739259242] [sage_viewpoint_planner]: COVERAGE WAYPOINT | 7/9 at (-6.0, 6.0) | scanning
[INFO] [1790223567.227666715] [sage_viewpoint_planner]: PERSON OBSERVATION | confidence=0.510 | bbox_area_fraction=0.0015 | bbox_center_px=(1115.8, 554.5) | image_position=(0.872, 0.578) | bbox_margin=0.118
[INFO] [1790223568.399217586] [sage_viewpoint_planner]: PERSON OBSERVATION | confidence=0.510 | bbox_area_fraction=0.0015 | bbox_center_px=(1115.8, 554.5) | image_position=(0.872, 0.578) | bbox_margin=0.118
[INFO] [1790223569.647570871] [sage_viewpoint_planner]: PERSON OBSERVATION | confidence=0.711 | bbox_area_fraction=0.0154 | bbox_center_px=(305.8, 628.7) | image_position=(0.239, 0.655) | bbox_margin=0.193
[INFO] [1790223574.570361980] [sage_viewpoint_planner]: PERSON OBSERVATION | confidence=0.422 | bbox_area_fraction=0.0011 | bbox_center_px=(831.1, 478.0) | image_position=(0.649, 0.498) | bbox_margin=0.342
[INFO] [1790223575.683149579] [sage_viewpoint_planner]: PERSON OBSERVATION | confidence=0.376 | bbox_area_fraction=0.0022 | bbox_center_px=(1018.8, 509.6) | image_position=(0.796, 0.531) | bbox_margin=0.190
[INFO] [1790223576.538983980] [sage_viewpoint_planner]: COVERAGE WAYPOINT | 8/9 at (-6.0, 0.0) | scanning
[INFO] [1790223579.462808319] [sage_viewpoint_planner]: PERSON OBSERVATION | confidence=0.644 | bbox_area_fraction=0.0027 | bbox_center_px=(918.1, 559.6) | image_position=(0.717, 0.583) | bbox_margin=0.266
[INFO] [1790223580.577078447] [sage_viewpoint_planner]: PERSON OBSERVATION | confidence=0.404 | bbox_area_fraction=0.0022 | bbox_center_px=(443.1, 546.3) | image_position=(0.346, 0.569) | bbox_margin=0.331
[INFO] [1790223581.830006891] [sage_viewpoint_planner]: PERSON OBSERVATION | confidence=0.725 | bbox_area_fraction=0.0113 | bbox_center_px=(1007.7, 590.3) | image_position=(0.787, 0.615) | bbox_margin=0.177
[INFO] [1790223583.019289364] [sage_viewpoint_planner]: PERSON OBSERVATION | confidence=0.739 | bbox_area_fraction=0.0089 | bbox_center_px=(441.8, 572.0) | image_position=(0.345, 0.596) | bbox_margin=0.311
[INFO] [1790223586.946027457] [sage_viewpoint_planner]: PERSON OBSERVATION | confidence=0.521 | bbox_area_fraction=0.0069 | bbox_center_px=(1235.2, 427.0) | image_position=(0.965, 0.445) | bbox_margin=0.003
[INFO] [1790223589.541562587] [sage_viewpoint_planner]: COVERAGE WAYPOINT | 9/9 at (-6.0, -6.0) | scanning
[INFO] [1790223592.689783458] [sage_viewpoint_planner]: PERSON OBSERVATION | confidence=0.641 | bbox_area_fraction=0.0064 | bbox_center_px=(1096.2, 536.6) | image_position=(0.856, 0.559) | bbox_margin=0.115
[INFO] [1790223594.127180927] [sage_viewpoint_planner]: PERSON OBSERVATION | confidence=0.491 | bbox_area_fraction=0.0029 | bbox_center_px=(475.3, 530.6) | image_position=(0.371, 0.553) | bbox_margin=0.355
[INFO] [1790223595.998191546] [sage_viewpoint_planner]: PERSON OBSERVATION | confidence=0.327 | bbox_area_fraction=0.0019 | bbox_center_px=(531.4, 530.7) | image_position=(0.415, 0.553) | bbox_margin=0.402
[INFO] [1790223597.941357552] [sage_viewpoint_planner]: MISSION COMPLETE | status=area_covered | found=3 | locations=#3 (-0.6, 3.9); #4 (-5.9, 6.8); #5 (5.2, -5.6) | duration=241 s
[INFO] [1790223597.941966991] [sage_viewpoint_planner]: Requesting return home + land.
[INFO] [1790223601.274376952] [sage_viewpoint_planner]: PERSON OBSERVATION | confidence=0.429 | bbox_area_fraction=0.0029 | bbox_center_px=(940.0, 530.7) | image_position=(0.734, 0.553) | bbox_margin=0.250
[INFO] [1790223601.361651610] [sage_viewpoint_planner]: New target acquired | target_id=1
[INFO] [1790223602.546050002] [sage_viewpoint_planner]: PERSON OBSERVATION | confidence=0.501 | bbox_area_fraction=0.0036 | bbox_center_px=(440.5, 551.9) | image_position=(0.344, 0.575) | bbox_margin=0.326
[INFO] [1790223603.753460361] [sage_viewpoint_planner]: PERSON OBSERVATION | confidence=0.493 | bbox_area_fraction=0.0032 | bbox_center_px=(615.3, 551.6) | image_position=(0.481, 0.575) | bbox_margin=0.375
[INFO] [1790223605.066151264] [sage_viewpoint_planner]: PERSON OBSERVATION | confidence=0.698 | bbox_area_fraction=0.0053 | bbox_center_px=(483.2, 559.5) | image_position=(0.377, 0.583) | bbox_margin=0.353
[INFO] [1790223606.434463474] [sage_viewpoint_planner]: PERSON OBSERVATION | confidence=0.650 | bbox_area_fraction=0.0072 | bbox_center_px=(407.3, 571.5) | image_position=(0.318, 0.595) | bbox_margin=0.290
[INFO] [1790223607.784352362] [sage_viewpoint_planner]: PERSON OBSERVATION | confidence=0.661 | bbox_area_fraction=0.0081 | bbox_center_px=(313.6, 583.3) | image_position=(0.245, 0.608) | bbox_margin=0.216
[INFO] [1790223609.084924490] [sage_viewpoint_planner]: PERSON OBSERVATION | confidence=0.764 | bbox_area_fraction=0.0097 | bbox_center_px=(189.9, 601.3) | image_position=(0.148, 0.626) | bbox_margin=0.116
[INFO] [1790223610.087285305] [sage_viewpoint_planner]: PERSON OBSERVATION | confidence=0.699 | bbox_area_fraction=0.0110 | bbox_center_px=(58.8, 615.8) | image_position=(0.046, 0.642) | bbox_margin=0.015
[INFO] [1790223611.145250531] [sage_viewpoint_planner]: PERSON OBSERVATION | confidence=0.304 | bbox_area_fraction=0.0046 | bbox_center_px=(17.0, 617.8) | image_position=(0.013, 0.644) | bbox_margin=0.000
