[INFO] [1790214402.523629309] [sage_energy_monitor]: SAGE energy monitor started.
[INFO] [1790214402.524570110] [sage_energy_monitor]: Cruise speed 1.0 m/s | reserve 0.20
[INFO] [1790214403.402452189] [sage_energy_monitor]: ENERGY | remaining=98.9 % | voltage=16.18 V | drain_rate=n/a | home_distance=0.7 m | return_time=5 s | return_cost=n/a | margin_after_return=n/a
[INFO] [1790214404.401972737] [sage_energy_monitor]: ENERGY | remaining=98.8 % | voltage=16.18 V | drain_rate=n/a | home_distance=0.8 m | return_time=5 s | return_cost=n/a | margin_after_return=n/a
[INFO] [1790214405.402474777] [sage_energy_monitor]: ENERGY | remaining=98.7 % | voltage=16.18 V | drain_rate=n/a | home_distance=0.9 m | return_time=5 s | return_cost=n/a | margin_after_return=n/a
[INFO] [1790214406.402256980] [sage_energy_monitor]: ENERGY | remaining=98.7 % | voltage=16.17 V | drain_rate=n/a | home_distance=0.8 m | return_time=4 s | return_cost=n/a | margin_after_return=n/a
[INFO] [1790214407.401962431] [sage_energy_monitor]: ENERGY | remaining=98.6 % | voltage=16.17 V | drain_rate=n/a | home_distance=0.5 m | return_time=4 s | return_cost=n/a | margin_after_return=n/a
[INFO] [1790214408.401712318] [sage_energy_monitor]: ENERGY | remaining=98.5 % | voltage=16.17 V | drain_rate=0.077 %/s | home_distance=0.3 m | return_time=4 s | return_cost=0.3 % | margin_after_return=78.2 %
[INFO] [1790214409.401960989] [sage_energy_monitor]: ENERGY | remaining=98.4 % | voltage=16.17 V | drain_rate=0.076 %/s | home_distance=0.3 m | return_time=4 s | return_cost=0.3 % | margin_after_return=78.1 %
[INFO] [1790214410.408473715] [sage_energy_monitor]: ENERGY | remaining=98.4 % | voltage=16.17 V | drain_rate=0.076 %/s | home_distance=0.4 m | return_time=4 s | return_cost=0.3 % | margin_after_return=78.1 %
[INFO] [1790214411.406274222] [sage_energy_monitor]: ENERGY | remaining=98.3 % | voltage=16.17 V | drain_rate=0.075 %/s | home_distance=0.4 m | return_time=4 s | return_cost=0.3 % | margin_after_return=78.0 %
[INFO] [1790214412.401873374] [sage_energy_monitor]: ENERGY | remaining=98.2 % | voltage=16.17 V | drain_rate=0.074 %/s | home_distance=0.4 m | return_time=4 s | return_cost=0.3 % | margin_after_return=77.9 %
[INFO] [1790214413.404044749] [sage_energy_monitor]: ENERGY | remaining=98.2 % | voltage=16.17 V | drain_rate=0.073 %/s | home_distance=0.4 m | return_time=4 s | return_cost=0.3 % | margin_after_return=77.9 %
[INFO] [1790214414.401649526] [sage_energy_monitor]: ENERGY | remaining=98.1 % | voltage=16.16 V | drain_rate=0.072 %/s | home_distance=0.4 m | return_time=4 s | return_cost=0.3 % | margin_after_return=77.8 %
[INFO] [1790214415.402377090] [sage_energy_monitor]: ENERGY | remaining=98.0 % | voltage=16.16 V | drain_rate=0.072 %/s | home_distance=0.4 m | return_time=4 s | return_cost=0.3 % | margin_after_return=77.8 %
[INFO] [1790214416.401582469] [sage_energy_monitor]: ENERGY | remaining=98.0 % | voltage=16.16 V | drain_rate=0.072 %/s | home_distance=0.3 m | return_time=4 s | return_cost=0.3 % | margin_after_return=77.7 %
[INFO] [1790214417.402191287] [sage_energy_monitor]: ENERGY | remaining=97.9 % | voltage=16.16 V | drain_rate=0.071 %/s | home_distance=0.3 m | return_time=4 s | return_cost=0.3 % | margin_after_return=77.6 %
[INFO] [1790214418.401472601] [sage_energy_monitor]: ENERGY | remaining=97.8 % | voltage=16.16 V | drain_rate=0.071 %/s | home_distance=0.3 m | return_time=4 s | return_cost=0.3 % | margin_after_return=77.6 %
[INFO] [1790214419.406253001] [sage_energy_monitor]: ENERGY | remaining=97.8 % | voltage=16.16 V | drain_rate=0.071 %/s | home_distance=0.3 m | return_time=4 s | return_cost=0.3 % | margin_after_return=77.5 %
[INFO] [1790214420.401414376] [sage_energy_monitor]: ENERGY | remaining=97.7 % | voltage=16.16 V | drain_rate=0.070 %/s | home_distance=0.4 m | return_time=4 s | return_cost=0.2 % | margin_after_return=77.5 %
[INFO] [1790214421.404089546] [sage_energy_monitor]: ENERGY | remaining=97.6 % | voltage=16.16 V | drain_rate=0.069 %/s | home_distance=0.3 m | return_time=3 s | return_cost=0.2 % | margin_after_return=77.4 %
[INFO] [1790214422.402603318] [sage_energy_monitor]: ENERGY | remaining=97.6 % | voltage=16.16 V | drain_rate=0.069 %/s | home_distance=0.3 m | return_time=3 s | return_cost=0.2 % | margin_after_return=77.4 %
[INFO] [1790214423.404826329] [sage_energy_monitor]: ENERGY | remaining=97.5 % | voltage=16.15 V | drain_rate=0.069 %/s | home_distance=0.4 m | return_time=4 s | return_cost=0.2 % | margin_after_return=77.3 %
[INFO] [1790214424.401544814] [sage_energy_monitor]: ENERGY | remaining=97.5 % | voltage=16.15 V | drain_rate=0.069 %/s | home_distance=0.3 m | return_time=4 s | return_cost=0.3 % | margin_after_return=77.2 %
[INFO] [1790214425.403537873] [sage_energy_monitor]: ENERGY | remaining=97.4 % | voltage=16.15 V | drain_rate=0.068 %/s | home_distance=0.3 m | return_time=4 s | return_cost=0.3 % | margin_after_return=77.1 %
[INFO] [1790214426.401962624] [sage_energy_monitor]: ENERGY | remaining=97.3 % | voltage=16.15 V | drain_rate=0.068 %/s | home_distance=0.3 m | return_time=4 s | return_cost=0.3 % | margin_after_return=77.1 %
[INFO] [1790214427.404616925] [sage_energy_monitor]: ENERGY | remaining=97.3 % | voltage=16.15 V | drain_rate=0.067 %/s | home_distance=0.2 m | return_time=4 s | return_cost=0.3 % | margin_after_return=77.0 %
[INFO] [1790214428.401452396] [sage_energy_monitor]: ENERGY | remaining=97.2 % | voltage=16.15 V | drain_rate=0.067 %/s | home_distance=0.2 m | return_time=4 s | return_cost=0.3 % | margin_after_return=76.9 %
[INFO] [1790214429.401809988] [sage_energy_monitor]: ENERGY | remaining=97.2 % | voltage=16.15 V | drain_rate=0.066 %/s | home_distance=0.2 m | return_time=4 s | return_cost=0.3 % | margin_after_return=76.9 %
[INFO] [1790214430.403791751] [sage_energy_monitor]: ENERGY | remaining=97.1 % | voltage=16.15 V | drain_rate=0.065 %/s | home_distance=0.2 m | return_time=4 s | return_cost=0.3 % | margin_after_return=76.9 %
[INFO] [1790214431.403500764] [sage_energy_monitor]: ENERGY | remaining=97.1 % | voltage=16.15 V | drain_rate=0.064 %/s | home_distance=0.2 m | return_time=4 s | return_cost=0.3 % | margin_after_return=76.8 %
[INFO] [1790214432.402695427] [sage_energy_monitor]: ENERGY | remaining=97.0 % | voltage=16.15 V | drain_rate=0.064 %/s | home_distance=0.2 m | return_time=5 s | return_cost=0.3 % | margin_after_return=76.8 %
[INFO] [1790214433.406445235] [sage_energy_monitor]: ENERGY | remaining=97.0 % | voltage=16.14 V | drain_rate=0.064 %/s | home_distance=0.2 m | return_time=5 s | return_cost=0.3 % | margin_after_return=76.7 %
[INFO] [1790214434.411521312] [sage_energy_monitor]: ENERGY | remaining=96.9 % | voltage=16.14 V | drain_rate=0.063 %/s | home_distance=0.2 m | return_time=5 s | return_cost=0.3 % | margin_after_return=76.6 %
[INFO] [1790214435.402376888] [sage_energy_monitor]: ENERGY | remaining=96.9 % | voltage=16.14 V | drain_rate=0.063 %/s | home_distance=0.2 m | return_time=5 s | return_cost=0.3 % | margin_after_return=76.6 %
[INFO] [1790214436.404273629] [sage_energy_monitor]: ENERGY | remaining=96.8 % | voltage=16.14 V | drain_rate=0.062 %/s | home_distance=0.2 m | return_time=4 s | return_cost=0.3 % | margin_after_return=76.5 %
[INFO] [1790214437.403866511] [sage_energy_monitor]: ENERGY | remaining=96.7 % | voltage=16.14 V | drain_rate=0.062 %/s | home_distance=0.2 m | return_time=4 s | return_cost=0.3 % | margin_after_return=76.5 %
[INFO] [1790214438.407895692] [sage_energy_monitor]: ENERGY | remaining=96.7 % | voltage=16.14 V | drain_rate=0.061 %/s | home_distance=0.1 m | return_time=4 s | return_cost=0.3 % | margin_after_return=76.4 %
[INFO] [1790214439.403546382] [sage_energy_monitor]: ENERGY | remaining=96.6 % | voltage=16.14 V | drain_rate=0.061 %/s | home_distance=0.1 m | return_time=4 s | return_cost=0.3 % | margin_after_return=76.3 %
[INFO] [1790214440.404053968] [sage_energy_monitor]: ENERGY | remaining=96.6 % | voltage=16.14 V | drain_rate=0.060 %/s | home_distance=0.1 m | return_time=5 s | return_cost=0.3 % | margin_after_return=76.3 %
[INFO] [1790214441.405574548] [sage_energy_monitor]: ENERGY | remaining=96.5 % | voltage=16.14 V | drain_rate=0.060 %/s | home_distance=0.1 m | return_time=5 s | return_cost=0.3 % | margin_after_return=76.2 %
[INFO] [1790214442.401771069] [sage_energy_monitor]: ENERGY | remaining=96.5 % | voltage=16.13 V | drain_rate=0.059 %/s | home_distance=0.2 m | return_time=5 s | return_cost=0.3 % | margin_after_return=76.2 %
[INFO] [1790214443.404987286] [sage_energy_monitor]: ENERGY | remaining=96.4 % | voltage=16.13 V | drain_rate=0.059 %/s | home_distance=1.5 m | return_time=6 s | return_cost=0.4 % | margin_after_return=76.0 %
[INFO] [1790214444.409440135] [sage_energy_monitor]: ENERGY | remaining=96.3 % | voltage=16.13 V | drain_rate=0.059 %/s | home_distance=3.7 m | return_time=8 s | return_cost=0.5 % | margin_after_return=75.9 %
[INFO] [1790214445.407850434] [sage_energy_monitor]: ENERGY | remaining=96.3 % | voltage=16.13 V | drain_rate=0.058 %/s | home_distance=5.0 m | return_time=9 s | return_cost=0.6 % | margin_after_return=75.7 %
[INFO] [1790214446.408601034] [sage_energy_monitor]: ENERGY | remaining=96.2 % | voltage=16.13 V | drain_rate=0.058 %/s | home_distance=5.6 m | return_time=10 s | return_cost=0.6 % | margin_after_return=75.6 %
[INFO] [1790214447.402724929] [sage_energy_monitor]: ENERGY | remaining=96.2 % | voltage=16.13 V | drain_rate=0.058 %/s | home_distance=6.8 m | return_time=11 s | return_cost=0.6 % | margin_after_return=75.5 %
[INFO] [1790214448.402404621] [sage_energy_monitor]: ENERGY | remaining=96.1 % | voltage=16.13 V | drain_rate=0.057 %/s | home_distance=7.2 m | return_time=11 s | return_cost=0.6 % | margin_after_return=75.5 %
[INFO] [1790214449.402390860] [sage_energy_monitor]: ENERGY | remaining=96.0 % | voltage=16.13 V | drain_rate=0.057 %/s | home_distance=6.5 m | return_time=11 s | return_cost=0.6 % | margin_after_return=75.4 %
[INFO] [1790214450.408529056] [sage_energy_monitor]: ENERGY | remaining=96.0 % | voltage=16.13 V | drain_rate=0.057 %/s | home_distance=6.8 m | return_time=11 s | return_cost=0.6 % | margin_after_return=75.3 %
[INFO] [1790214451.406273502] [sage_energy_monitor]: ENERGY | remaining=95.9 % | voltage=16.13 V | drain_rate=0.057 %/s | home_distance=7.8 m | return_time=12 s | return_cost=0.7 % | margin_after_return=75.2 %
[INFO] [1790214452.403253406] [sage_energy_monitor]: ENERGY | remaining=95.9 % | voltage=16.12 V | drain_rate=0.057 %/s | home_distance=8.6 m | return_time=13 s | return_cost=0.7 % | margin_after_return=75.1 %
[INFO] [1790214453.410949370] [sage_energy_monitor]: ENERGY | remaining=95.8 % | voltage=16.12 V | drain_rate=0.057 %/s | home_distance=8.7 m | return_time=13 s | return_cost=0.7 % | margin_after_return=75.1 %
[INFO] [1790214454.406847712] [sage_energy_monitor]: ENERGY | remaining=95.8 % | voltage=16.12 V | drain_rate=0.057 %/s | home_distance=8.5 m | return_time=13 s | return_cost=0.7 % | margin_after_return=75.0 %
[INFO] [1790214455.403430303] [sage_energy_monitor]: ENERGY | remaining=95.7 % | voltage=16.12 V | drain_rate=0.057 %/s | home_distance=8.7 m | return_time=13 s | return_cost=0.7 % | margin_after_return=75.0 %
[INFO] [1790214456.402394891] [sage_energy_monitor]: ENERGY | remaining=95.6 % | voltage=16.12 V | drain_rate=0.057 %/s | home_distance=8.9 m | return_time=13 s | return_cost=0.7 % | margin_after_return=74.9 %
[INFO] [1790214457.402134327] [sage_energy_monitor]: ENERGY | remaining=95.6 % | voltage=16.12 V | drain_rate=0.057 %/s | home_distance=10.1 m | return_time=14 s | return_cost=0.8 % | margin_after_return=74.8 %
[INFO] [1790214458.406849885] [sage_energy_monitor]: ENERGY | remaining=95.5 % | voltage=16.12 V | drain_rate=0.057 %/s | home_distance=11.9 m | return_time=16 s | return_cost=0.9 % | margin_after_return=74.6 %
[INFO] [1790214459.405450838] [sage_energy_monitor]: ENERGY | remaining=95.5 % | voltage=16.12 V | drain_rate=0.057 %/s | home_distance=12.9 m | return_time=17 s | return_cost=1.0 % | margin_after_return=74.5 %
[INFO] [1790214460.402062936] [sage_energy_monitor]: ENERGY | remaining=95.4 % | voltage=16.12 V | drain_rate=0.058 %/s | home_distance=13.3 m | return_time=18 s | return_cost=1.0 % | margin_after_return=74.4 %
[INFO] [1790214461.411755182] [sage_energy_monitor]: ENERGY | remaining=95.4 % | voltage=16.11 V | drain_rate=0.058 %/s | home_distance=13.3 m | return_time=18 s | return_cost=1.0 % | margin_after_return=74.3 %
[INFO] [1790214462.410306153] [sage_energy_monitor]: ENERGY | remaining=95.3 % | voltage=16.11 V | drain_rate=0.058 %/s | home_distance=13.0 m | return_time=17 s | return_cost=1.0 % | margin_after_return=74.3 %
[INFO] [1790214463.402327429] [sage_energy_monitor]: ENERGY | remaining=95.2 % | voltage=16.11 V | drain_rate=0.058 %/s | home_distance=12.9 m | return_time=17 s | return_cost=1.0 % | margin_after_return=74.2 %
[INFO] [1790214464.411196566] [sage_energy_monitor]: ENERGY | remaining=95.2 % | voltage=16.11 V | drain_rate=0.058 %/s | home_distance=13.0 m | return_time=17 s | return_cost=1.0 % | margin_after_return=74.2 %
[INFO] [1790214465.404708062] [sage_energy_monitor]: ENERGY | remaining=95.1 % | voltage=16.11 V | drain_rate=0.058 %/s | home_distance=13.0 m | return_time=17 s | return_cost=1.0 % | margin_after_return=74.1 %
[INFO] [1790214466.405633404] [sage_energy_monitor]: ENERGY | remaining=95.1 % | voltage=16.11 V | drain_rate=0.058 %/s | home_distance=12.9 m | return_time=17 s | return_cost=1.0 % | margin_after_return=74.1 %
[INFO] [1790214467.406611322] [sage_energy_monitor]: ENERGY | remaining=95.0 % | voltage=16.11 V | drain_rate=0.057 %/s | home_distance=13.1 m | return_time=18 s | return_cost=1.0 % | margin_after_return=74.0 %
[INFO] [1790214468.421092086] [sage_energy_monitor]: ENERGY | remaining=95.0 % | voltage=16.11 V | drain_rate=0.057 %/s | home_distance=13.2 m | return_time=18 s | return_cost=1.0 % | margin_after_return=73.9 %
[INFO] [1790214469.402745882] [sage_energy_monitor]: ENERGY | remaining=94.9 % | voltage=16.11 V | drain_rate=0.057 %/s | home_distance=12.4 m | return_time=17 s | return_cost=1.0 % | margin_after_return=73.9 %
[INFO] [1790214470.401743579] [sage_energy_monitor]: ENERGY | remaining=94.8 % | voltage=16.11 V | drain_rate=0.057 %/s | home_distance=10.4 m | return_time=15 s | return_cost=0.8 % | margin_after_return=74.0 %
[INFO] [1790214471.403094743] [sage_energy_monitor]: ENERGY | remaining=94.8 % | voltage=16.10 V | drain_rate=0.058 %/s | home_distance=9.1 m | return_time=13 s | return_cost=0.8 % | margin_after_return=74.0 %
[INFO] [1790214472.403298148] [sage_energy_monitor]: ENERGY | remaining=94.7 % | voltage=16.10 V | drain_rate=0.058 %/s | home_distance=8.6 m | return_time=13 s | return_cost=0.7 % | margin_after_return=74.0 %
[INFO] [1790214473.405839663] [sage_energy_monitor]: ENERGY | remaining=94.7 % | voltage=16.10 V | drain_rate=0.058 %/s | home_distance=8.4 m | return_time=13 s | return_cost=0.7 % | margin_after_return=73.9 %
[INFO] [1790214474.404820229] [sage_energy_monitor]: ENERGY | remaining=94.6 % | voltage=16.10 V | drain_rate=0.058 %/s | home_distance=8.4 m | return_time=13 s | return_cost=0.7 % | margin_after_return=73.9 %
[INFO] [1790214475.410414664] [sage_energy_monitor]: ENERGY | remaining=94.5 % | voltage=16.10 V | drain_rate=0.058 %/s | home_distance=8.5 m | return_time=13 s | return_cost=0.7 % | margin_after_return=73.8 %
[INFO] [1790214476.410985710] [sage_energy_monitor]: ENERGY | remaining=94.5 % | voltage=16.10 V | drain_rate=0.058 %/s | home_distance=8.4 m | return_time=13 s | return_cost=0.7 % | margin_after_return=73.8 %
[INFO] [1790214477.401558849] [sage_energy_monitor]: ENERGY | remaining=94.4 % | voltage=16.10 V | drain_rate=0.058 %/s | home_distance=8.2 m | return_time=13 s | return_cost=0.7 % | margin_after_return=73.7 %
[INFO] [1790214478.403384471] [sage_energy_monitor]: ENERGY | remaining=94.4 % | voltage=16.10 V | drain_rate=0.058 %/s | home_distance=8.5 m | return_time=13 s | return_cost=0.7 % | margin_after_return=73.6 %
[INFO] [1790214479.408432382] [sage_energy_monitor]: ENERGY | remaining=94.3 % | voltage=16.10 V | drain_rate=0.058 %/s | home_distance=8.8 m | return_time=13 s | return_cost=0.8 % | margin_after_return=73.6 %
[INFO] [1790214480.402768487] [sage_energy_monitor]: ENERGY | remaining=94.3 % | voltage=16.10 V | drain_rate=0.058 %/s | home_distance=9.4 m | return_time=14 s | return_cost=0.8 % | margin_after_return=73.5 %
[INFO] [1790214481.414168828] [sage_energy_monitor]: ENERGY | remaining=94.2 % | voltage=16.09 V | drain_rate=0.058 %/s | home_distance=11.2 m | return_time=16 s | return_cost=0.9 % | margin_after_return=73.3 %
[INFO] [1790214482.403573842] [sage_energy_monitor]: ENERGY | remaining=94.1 % | voltage=16.09 V | drain_rate=0.058 %/s | home_distance=12.7 m | return_time=17 s | return_cost=1.0 % | margin_after_return=73.2 %
[INFO] [1790214483.403971407] [sage_energy_monitor]: ENERGY | remaining=94.1 % | voltage=16.09 V | drain_rate=0.058 %/s | home_distance=13.3 m | return_time=18 s | return_cost=1.0 % | margin_after_return=73.1 %
[INFO] [1790214484.401903919] [sage_energy_monitor]: ENERGY | remaining=94.0 % | voltage=16.09 V | drain_rate=0.058 %/s | home_distance=13.2 m | return_time=18 s | return_cost=1.0 % | margin_after_return=73.0 %
[INFO] [1790214485.403290093] [sage_energy_monitor]: ENERGY | remaining=94.0 % | voltage=16.09 V | drain_rate=0.058 %/s | home_distance=13.0 m | return_time=17 s | return_cost=1.0 % | margin_after_return=73.0 %
[INFO] [1790214486.403127303] [sage_energy_monitor]: ENERGY | remaining=93.9 % | voltage=16.09 V | drain_rate=0.058 %/s | home_distance=13.0 m | return_time=17 s | return_cost=1.0 % | margin_after_return=72.9 %
[INFO] [1790214487.403431742] [sage_energy_monitor]: ENERGY | remaining=93.9 % | voltage=16.09 V | drain_rate=0.058 %/s | home_distance=13.0 m | return_time=17 s | return_cost=1.0 % | margin_after_return=72.9 %
[INFO] [1790214488.405154646] [sage_energy_monitor]: ENERGY | remaining=93.8 % | voltage=16.09 V | drain_rate=0.058 %/s | home_distance=12.9 m | return_time=17 s | return_cost=1.0 % | margin_after_return=72.8 %
[INFO] [1790214489.405679373] [sage_energy_monitor]: ENERGY | remaining=93.7 % | voltage=16.09 V | drain_rate=0.058 %/s | home_distance=12.9 m | return_time=17 s | return_cost=1.0 % | margin_after_return=72.7 %
[INFO] [1790214490.402159286] [sage_energy_monitor]: ENERGY | remaining=93.7 % | voltage=16.08 V | drain_rate=0.057 %/s | home_distance=13.0 m | return_time=17 s | return_cost=1.0 % | margin_after_return=72.7 %
[INFO] [1790214491.401973633] [sage_energy_monitor]: ENERGY | remaining=93.6 % | voltage=16.08 V | drain_rate=0.058 %/s | home_distance=13.0 m | return_time=17 s | return_cost=1.0 % | margin_after_return=72.6 %
[INFO] [1790214492.404408315] [sage_energy_monitor]: ENERGY | remaining=93.6 % | voltage=16.08 V | drain_rate=0.058 %/s | home_distance=11.7 m | return_time=16 s | return_cost=0.9 % | margin_after_return=72.7 %
[INFO] [1790214493.401862171] [sage_energy_monitor]: ENERGY | remaining=93.5 % | voltage=16.08 V | drain_rate=0.057 %/s | home_distance=10.5 m | return_time=14 s | return_cost=0.8 % | margin_after_return=72.7 %
[INFO] [1790214494.402464074] [sage_energy_monitor]: ENERGY | remaining=93.5 % | voltage=16.08 V | drain_rate=0.057 %/s | home_distance=9.4 m | return_time=14 s | return_cost=0.8 % | margin_after_return=72.7 %
[INFO] [1790214495.411373164] [sage_energy_monitor]: ENERGY | remaining=93.4 % | voltage=16.08 V | drain_rate=0.057 %/s | home_distance=8.1 m | return_time=13 s | return_cost=0.7 % | margin_after_return=72.7 %
[INFO] [1790214496.405634458] [sage_energy_monitor]: ENERGY | remaining=93.3 % | voltage=16.08 V | drain_rate=0.057 %/s | home_distance=7.0 m | return_time=11 s | return_cost=0.7 % | margin_after_return=72.7 %
[INFO] [1790214497.402883492] [sage_energy_monitor]: ENERGY | remaining=93.3 % | voltage=16.08 V | drain_rate=0.057 %/s | home_distance=6.4 m | return_time=11 s | return_cost=0.6 % | margin_after_return=72.7 %
[INFO] [1790214498.405520305] [sage_energy_monitor]: ENERGY | remaining=93.2 % | voltage=16.08 V | drain_rate=0.057 %/s | home_distance=6.5 m | return_time=11 s | return_cost=0.6 % | margin_after_return=72.6 %
[INFO] [1790214499.404428489] [sage_energy_monitor]: ENERGY | remaining=93.2 % | voltage=16.08 V | drain_rate=0.057 %/s | home_distance=7.2 m | return_time=12 s | return_cost=0.7 % | margin_after_return=72.5 %
[INFO] [1790214500.402495899] [sage_energy_monitor]: ENERGY | remaining=93.1 % | voltage=16.07 V | drain_rate=0.058 %/s | home_distance=7.5 m | return_time=12 s | return_cost=0.7 % | margin_after_return=72.4 %
[INFO] [1790214501.405062935] [sage_energy_monitor]: ENERGY | remaining=93.1 % | voltage=16.07 V | drain_rate=0.058 %/s | home_distance=6.7 m | return_time=11 s | return_cost=0.6 % | margin_after_return=72.4 %
[INFO] [1790214502.408868397] [sage_energy_monitor]: ENERGY | remaining=93.0 % | voltage=16.07 V | drain_rate=0.057 %/s | home_distance=6.6 m | return_time=11 s | return_cost=0.6 % | margin_after_return=72.4 %
[INFO] [1790214503.402196053] [sage_energy_monitor]: ENERGY | remaining=92.9 % | voltage=16.07 V | drain_rate=0.057 %/s | home_distance=7.3 m | return_time=12 s | return_cost=0.7 % | margin_after_return=72.3 %
[INFO] [1790214504.402065659] [sage_energy_monitor]: ENERGY | remaining=92.9 % | voltage=16.07 V | drain_rate=0.057 %/s | home_distance=7.9 m | return_time=12 s | return_cost=0.7 % | margin_after_return=72.2 %
[INFO] [1790214505.406424112] [sage_energy_monitor]: ENERGY | remaining=92.8 % | voltage=16.07 V | drain_rate=0.057 %/s | home_distance=8.4 m | return_time=13 s | return_cost=0.7 % | margin_after_return=72.1 %
[INFO] [1790214506.402899101] [sage_energy_monitor]: ENERGY | remaining=92.8 % | voltage=16.07 V | drain_rate=0.057 %/s | home_distance=9.9 m | return_time=14 s | return_cost=0.8 % | margin_after_return=71.9 %
[INFO] [1790214507.408366448] [sage_energy_monitor]: ENERGY | remaining=92.7 % | voltage=16.07 V | drain_rate=0.057 %/s | home_distance=11.3 m | return_time=16 s | return_cost=0.9 % | margin_after_return=71.8 %
[INFO] [1790214508.402132890] [sage_energy_monitor]: ENERGY | remaining=92.6 % | voltage=16.07 V | drain_rate=0.057 %/s | home_distance=11.8 m | return_time=16 s | return_cost=0.9 % | margin_after_return=71.7 %
[INFO] [1790214509.412173919] [sage_energy_monitor]: ENERGY | remaining=92.6 % | voltage=16.07 V | drain_rate=0.057 %/s | home_distance=11.6 m | return_time=16 s | return_cost=0.9 % | margin_after_return=71.7 %
[INFO] [1790214510.411480201] [sage_energy_monitor]: ENERGY | remaining=92.5 % | voltage=16.06 V | drain_rate=0.057 %/s | home_distance=11.2 m | return_time=16 s | return_cost=0.9 % | margin_after_return=71.6 %
[INFO] [1790214511.401822065] [sage_energy_monitor]: ENERGY | remaining=92.5 % | voltage=16.06 V | drain_rate=0.057 %/s | home_distance=11.2 m | return_time=15 s | return_cost=0.9 % | margin_after_return=71.6 %
[INFO] [1790214512.412251982] [sage_energy_monitor]: ENERGY | remaining=92.4 % | voltage=16.06 V | drain_rate=0.057 %/s | home_distance=11.5 m | return_time=16 s | return_cost=0.9 % | margin_after_return=71.5 %
[INFO] [1790214513.403140385] [sage_energy_monitor]: ENERGY | remaining=92.4 % | voltage=16.06 V | drain_rate=0.057 %/s | home_distance=10.9 m | return_time=15 s | return_cost=0.9 % | margin_after_return=71.5 %
[INFO] [1790214514.401849366] [sage_energy_monitor]: ENERGY | remaining=92.3 % | voltage=16.06 V | drain_rate=0.058 %/s | home_distance=8.9 m | return_time=13 s | return_cost=0.8 % | margin_after_return=71.5 %
[INFO] [1790214515.402738570] [sage_energy_monitor]: ENERGY | remaining=92.2 % | voltage=16.06 V | drain_rate=0.058 %/s | home_distance=7.8 m | return_time=12 s | return_cost=0.7 % | margin_after_return=71.6 %
[INFO] [1790214516.411506352] [sage_energy_monitor]: ENERGY | remaining=92.2 % | voltage=16.06 V | drain_rate=0.057 %/s | home_distance=7.0 m | return_time=11 s | return_cost=0.6 % | margin_after_return=71.5 %
[INFO] [1790214517.403809162] [sage_energy_monitor]: ENERGY | remaining=92.1 % | voltage=16.06 V | drain_rate=0.057 %/s | home_distance=5.5 m | return_time=10 s | return_cost=0.6 % | margin_after_return=71.6 %
[INFO] [1790214518.418821203] [sage_energy_monitor]: ENERGY | remaining=92.1 % | voltage=16.06 V | drain_rate=0.057 %/s | home_distance=3.2 m | return_time=7 s | return_cost=0.4 % | margin_after_return=71.7 %
[INFO] [1790214519.406824664] [sage_energy_monitor]: ENERGY | remaining=92.0 % | voltage=16.05 V | drain_rate=0.057 %/s | home_distance=0.7 m | return_time=5 s | return_cost=0.3 % | margin_after_return=71.7 %
[INFO] [1790214520.402101885] [sage_energy_monitor]: ENERGY | remaining=92.0 % | voltage=16.05 V | drain_rate=0.057 %/s | home_distance=2.2 m | return_time=6 s | return_cost=0.4 % | margin_after_return=71.6 %
[INFO] [1790214521.404752344] [sage_energy_monitor]: ENERGY | remaining=91.9 % | voltage=16.05 V | drain_rate=0.058 %/s | home_distance=4.9 m | return_time=9 s | return_cost=0.5 % | margin_after_return=71.4 %
[INFO] [1790214522.411279141] [sage_energy_monitor]: ENERGY | remaining=91.8 % | voltage=16.05 V | drain_rate=0.058 %/s | home_distance=7.6 m | return_time=12 s | return_cost=0.7 % | margin_after_return=71.2 %
[INFO] [1790214523.406522982] [sage_energy_monitor]: ENERGY | remaining=91.8 % | voltage=16.05 V | drain_rate=0.058 %/s | home_distance=9.6 m | return_time=14 s | return_cost=0.8 % | margin_after_return=71.0 %
[INFO] [1790214524.402445556] [sage_energy_monitor]: ENERGY | remaining=91.7 % | voltage=16.05 V | drain_rate=0.058 %/s | home_distance=10.3 m | return_time=14 s | return_cost=0.8 % | margin_after_return=70.9 %
[INFO] [1790214525.407017748] [sage_energy_monitor]: ENERGY | remaining=91.7 % | voltage=16.05 V | drain_rate=0.058 %/s | home_distance=9.3 m | return_time=13 s | return_cost=0.8 % | margin_after_return=70.9 %
[INFO] [1790214526.403866473] [sage_energy_monitor]: ENERGY | remaining=91.6 % | voltage=16.05 V | drain_rate=0.058 %/s | home_distance=7.5 m | return_time=12 s | return_cost=0.7 % | margin_after_return=70.9 %
[INFO] [1790214527.402894420] [sage_energy_monitor]: ENERGY | remaining=91.5 % | voltage=16.05 V | drain_rate=0.058 %/s | home_distance=6.5 m | return_time=11 s | return_cost=0.6 % | margin_after_return=70.9 %
[INFO] [1790214528.402892654] [sage_energy_monitor]: ENERGY | remaining=91.5 % | voltage=16.05 V | drain_rate=0.058 %/s | home_distance=6.3 m | return_time=10 s | return_cost=0.6 % | margin_after_return=70.9 %
[INFO] [1790214529.406801690] [sage_energy_monitor]: ENERGY | remaining=91.4 % | voltage=16.04 V | drain_rate=0.058 %/s | home_distance=6.3 m | return_time=11 s | return_cost=0.6 % | margin_after_return=70.8 %
[INFO] [1790214530.402059214] [sage_energy_monitor]: ENERGY | remaining=91.4 % | voltage=16.04 V | drain_rate=0.058 %/s | home_distance=6.9 m | return_time=11 s | return_cost=0.7 % | margin_after_return=70.7 %
[INFO] [1790214531.405515487] [sage_energy_monitor]: ENERGY | remaining=91.3 % | voltage=16.04 V | drain_rate=0.058 %/s | home_distance=7.1 m | return_time=11 s | return_cost=0.7 % | margin_after_return=70.7 %
[INFO] [1790214532.403407556] [sage_energy_monitor]: ENERGY | remaining=91.3 % | voltage=16.04 V | drain_rate=0.058 %/s | home_distance=7.2 m | return_time=11 s | return_cost=0.6 % | margin_after_return=70.6 %
[INFO] [1790214533.404793312] [sage_energy_monitor]: ENERGY | remaining=91.2 % | voltage=16.04 V | drain_rate=0.058 %/s | home_distance=8.5 m | return_time=13 s | return_cost=0.7 % | margin_after_return=70.5 %
[INFO] [1790214534.404266552] [sage_energy_monitor]: ENERGY | remaining=91.1 % | voltage=16.04 V | drain_rate=0.058 %/s | home_distance=9.9 m | return_time=14 s | return_cost=0.8 % | margin_after_return=70.3 %
[INFO] [1790214535.406553196] [sage_energy_monitor]: ENERGY | remaining=91.1 % | voltage=16.04 V | drain_rate=0.058 %/s | home_distance=10.7 m | return_time=15 s | return_cost=0.9 % | margin_after_return=70.2 %
[INFO] [1790214536.405061545] [sage_energy_monitor]: ENERGY | remaining=91.0 % | voltage=16.04 V | drain_rate=0.058 %/s | home_distance=10.4 m | return_time=14 s | return_cost=0.8 % | margin_after_return=70.2 %
[INFO] [1790214537.401573122] [sage_energy_monitor]: ENERGY | remaining=91.0 % | voltage=16.04 V | drain_rate=0.058 %/s | home_distance=8.6 m | return_time=13 s | return_cost=0.7 % | margin_after_return=70.2 %
[INFO] [1790214538.410038530] [sage_energy_monitor]: ENERGY | remaining=90.9 % | voltage=16.04 V | drain_rate=0.058 %/s | home_distance=7.6 m | return_time=12 s | return_cost=0.7 % | margin_after_return=70.2 %
[INFO] [1790214539.404020725] [sage_energy_monitor]: ENERGY | remaining=90.9 % | voltage=16.03 V | drain_rate=0.058 %/s | home_distance=6.4 m | return_time=11 s | return_cost=0.6 % | margin_after_return=70.2 %
[INFO] [1790214540.406159582] [sage_energy_monitor]: ENERGY | remaining=90.8 % | voltage=16.03 V | drain_rate=0.058 %/s | home_distance=5.2 m | return_time=9 s | return_cost=0.5 % | margin_after_return=70.2 %
[INFO] [1790214541.402028721] [sage_energy_monitor]: ENERGY | remaining=90.7 % | voltage=16.03 V | drain_rate=0.058 %/s | home_distance=4.9 m | return_time=9 s | return_cost=0.5 % | margin_after_return=70.2 %
[INFO] [1790214542.406374798] [sage_energy_monitor]: ENERGY | remaining=90.7 % | voltage=16.03 V | drain_rate=0.058 %/s | home_distance=5.6 m | return_time=10 s | return_cost=0.6 % | margin_after_return=70.1 %
[INFO] [1790214543.405697473] [sage_energy_monitor]: ENERGY | remaining=90.6 % | voltage=16.03 V | drain_rate=0.058 %/s | home_distance=6.6 m | return_time=11 s | return_cost=0.6 % | margin_after_return=70.0 %
[INFO] [1790214544.402568981] [sage_energy_monitor]: ENERGY | remaining=90.6 % | voltage=16.03 V | drain_rate=0.058 %/s | home_distance=6.9 m | return_time=11 s | return_cost=0.6 % | margin_after_return=69.9 %
[INFO] [1790214545.402379937] [sage_energy_monitor]: ENERGY | remaining=90.5 % | voltage=16.03 V | drain_rate=0.058 %/s | home_distance=7.0 m | return_time=11 s | return_cost=0.7 % | margin_after_return=69.8 %
[INFO] [1790214546.402347166] [sage_energy_monitor]: ENERGY | remaining=90.4 % | voltage=16.03 V | drain_rate=0.058 %/s | home_distance=6.9 m | return_time=11 s | return_cost=0.6 % | margin_after_return=69.8 %
[INFO] [1790214547.403564043] [sage_energy_monitor]: ENERGY | remaining=90.4 % | voltage=16.03 V | drain_rate=0.059 %/s | home_distance=6.7 m | return_time=11 s | return_cost=0.6 % | margin_after_return=69.7 %
[INFO] [1790214548.401808262] [sage_energy_monitor]: ENERGY | remaining=90.3 % | voltage=16.02 V | drain_rate=0.059 %/s | home_distance=6.7 m | return_time=11 s | return_cost=0.6 % | margin_after_return=69.7 %
[INFO] [1790214549.403162981] [sage_energy_monitor]: ENERGY | remaining=90.2 % | voltage=16.02 V | drain_rate=0.059 %/s | home_distance=6.6 m | return_time=11 s | return_cost=0.6 % | margin_after_return=69.6 %
[INFO] [1790214550.401856530] [sage_energy_monitor]: ENERGY | remaining=90.2 % | voltage=16.02 V | drain_rate=0.059 %/s | home_distance=6.7 m | return_time=11 s | return_cost=0.6 % | margin_after_return=69.6 %
[INFO] [1790214551.408353867] [sage_energy_monitor]: ENERGY | remaining=90.1 % | voltage=16.02 V | drain_rate=0.059 %/s | home_distance=6.7 m | return_time=11 s | return_cost=0.6 % | margin_after_return=69.5 %
[INFO] [1790214552.403377475] [sage_energy_monitor]: ENERGY | remaining=90.1 % | voltage=16.02 V | drain_rate=0.059 %/s | home_distance=6.7 m | return_time=11 s | return_cost=0.6 % | margin_after_return=69.4 %
[INFO] [1790214553.402994239] [sage_energy_monitor]: ENERGY | remaining=90.0 % | voltage=16.02 V | drain_rate=0.059 %/s | home_distance=6.7 m | return_time=10 s | return_cost=0.6 % | margin_after_return=69.4 %
[INFO] [1790214554.401554690] [sage_energy_monitor]: ENERGY | remaining=89.9 % | voltage=16.02 V | drain_rate=0.059 %/s | home_distance=6.7 m | return_time=10 s | return_cost=0.6 % | margin_after_return=69.3 %
[INFO] [1790214555.404479854] [sage_energy_monitor]: ENERGY | remaining=89.9 % | voltage=16.02 V | drain_rate=0.059 %/s | home_distance=6.7 m | return_time=11 s | return_cost=0.6 % | margin_after_return=69.3 %
[INFO] [1790214556.404494379] [sage_energy_monitor]: ENERGY | remaining=89.8 % | voltage=16.02 V | drain_rate=0.059 %/s | home_distance=6.7 m | return_time=11 s | return_cost=0.6 % | margin_after_return=69.2 %
[INFO] [1790214557.404291168] [sage_energy_monitor]: ENERGY | remaining=89.8 % | voltage=16.01 V | drain_rate=0.059 %/s | home_distance=6.8 m | return_time=11 s | return_cost=0.6 % | margin_after_return=69.1 %
[INFO] [1790214558.404495830] [sage_energy_monitor]: ENERGY | remaining=89.7 % | voltage=16.01 V | drain_rate=0.059 %/s | home_distance=6.8 m | return_time=11 s | return_cost=0.6 % | margin_after_return=69.1 %
[INFO] [1790214559.411140526] [sage_energy_monitor]: ENERGY | remaining=89.7 % | voltage=16.01 V | drain_rate=0.059 %/s | home_distance=6.7 m | return_time=11 s | return_cost=0.6 % | margin_after_return=69.0 %
[INFO] [1790214560.404659810] [sage_energy_monitor]: ENERGY | remaining=89.6 % | voltage=16.01 V | drain_rate=0.059 %/s | home_distance=6.7 m | return_time=11 s | return_cost=0.6 % | margin_after_return=69.0 %
[INFO] [1790214561.401705687] [sage_energy_monitor]: ENERGY | remaining=89.5 % | voltage=16.01 V | drain_rate=0.060 %/s | home_distance=6.7 m | return_time=11 s | return_cost=0.6 % | margin_after_return=68.9 %
[INFO] [1790214562.403930376] [sage_energy_monitor]: ENERGY | remaining=89.5 % | voltage=16.01 V | drain_rate=0.060 %/s | home_distance=6.7 m | return_time=11 s | return_cost=0.6 % | margin_after_return=68.8 %
[INFO] [1790214563.405582315] [sage_energy_monitor]: ENERGY | remaining=89.4 % | voltage=16.01 V | drain_rate=0.060 %/s | home_distance=6.7 m | return_time=11 s | return_cost=0.6 % | margin_after_return=68.8 %
[INFO] [1790214564.406366092] [sage_energy_monitor]: ENERGY | remaining=89.4 % | voltage=16.01 V | drain_rate=0.060 %/s | home_distance=6.7 m | return_time=11 s | return_cost=0.6 % | margin_after_return=68.7 %
[INFO] [1790214565.402493050] [sage_energy_monitor]: ENERGY | remaining=89.3 % | voltage=16.01 V | drain_rate=0.060 %/s | home_distance=6.7 m | return_time=11 s | return_cost=0.6 % | margin_after_return=68.6 %
[INFO] [1790214566.403373550] [sage_energy_monitor]: ENERGY | remaining=89.2 % | voltage=16.00 V | drain_rate=0.060 %/s | home_distance=6.7 m | return_time=11 s | return_cost=0.6 % | margin_after_return=68.6 %
[INFO] [1790214567.401584282] [sage_energy_monitor]: ENERGY | remaining=89.2 % | voltage=16.00 V | drain_rate=0.060 %/s | home_distance=6.7 m | return_time=11 s | return_cost=0.7 % | margin_after_return=68.5 %
[INFO] [1790214568.407780921] [sage_energy_monitor]: ENERGY | remaining=89.1 % | voltage=16.00 V | drain_rate=0.060 %/s | home_distance=6.7 m | return_time=11 s | return_cost=0.7 % | margin_after_return=68.5 %
[INFO] [1790214569.402531853] [sage_energy_monitor]: ENERGY | remaining=89.0 % | voltage=16.00 V | drain_rate=0.060 %/s | home_distance=6.7 m | return_time=11 s | return_cost=0.7 % | margin_after_return=68.4 %
[INFO] [1790214570.406278863] [sage_energy_monitor]: ENERGY | remaining=89.0 % | voltage=16.00 V | drain_rate=0.060 %/s | home_distance=6.7 m | return_time=11 s | return_cost=0.6 % | margin_after_return=68.3 %
[INFO] [1790214571.404752192] [sage_energy_monitor]: ENERGY | remaining=88.9 % | voltage=16.00 V | drain_rate=0.061 %/s | home_distance=6.7 m | return_time=11 s | return_cost=0.6 % | margin_after_return=68.3 %
[INFO] [1790214572.403975641] [sage_energy_monitor]: ENERGY | remaining=88.9 % | voltage=16.00 V | drain_rate=0.061 %/s | home_distance=6.7 m | return_time=11 s | return_cost=0.6 % | margin_after_return=68.2 %
[INFO] [1790214573.407206633] [sage_energy_monitor]: ENERGY | remaining=88.8 % | voltage=16.00 V | drain_rate=0.061 %/s | home_distance=6.7 m | return_time=11 s | return_cost=0.7 % | margin_after_return=68.1 %
[INFO] [1790214574.401669363] [sage_energy_monitor]: ENERGY | remaining=88.7 % | voltage=16.00 V | drain_rate=0.061 %/s | home_distance=6.7 m | return_time=11 s | return_cost=0.7 % | margin_after_return=68.1 %
[INFO] [1790214575.404897378] [sage_energy_monitor]: ENERGY | remaining=88.7 % | voltage=15.99 V | drain_rate=0.061 %/s | home_distance=6.7 m | return_time=11 s | return_cost=0.7 % | margin_after_return=68.0 %
[INFO] [1790214576.403126676] [sage_energy_monitor]: ENERGY | remaining=88.6 % | voltage=15.99 V | drain_rate=0.061 %/s | home_distance=6.7 m | return_time=11 s | return_cost=0.7 % | margin_after_return=68.0 %
[INFO] [1790214577.401506892] [sage_energy_monitor]: ENERGY | remaining=88.5 % | voltage=15.99 V | drain_rate=0.061 %/s | home_distance=6.7 m | return_time=11 s | return_cost=0.7 % | margin_after_return=67.9 %
[INFO] [1790214578.408685981] [sage_energy_monitor]: ENERGY | remaining=88.5 % | voltage=15.99 V | drain_rate=0.061 %/s | home_distance=6.7 m | return_time=11 s | return_cost=0.7 % | margin_after_return=67.8 %
[INFO] [1790214579.405287723] [sage_energy_monitor]: ENERGY | remaining=88.4 % | voltage=15.99 V | drain_rate=0.061 %/s | home_distance=6.7 m | return_time=11 s | return_cost=0.7 % | margin_after_return=67.8 %
[INFO] [1790214580.402880509] [sage_energy_monitor]: ENERGY | remaining=88.4 % | voltage=15.99 V | drain_rate=0.061 %/s | home_distance=6.7 m | return_time=11 s | return_cost=0.7 % | margin_after_return=67.7 %
[INFO] [1790214581.401858608] [sage_energy_monitor]: ENERGY | remaining=88.3 % | voltage=15.99 V | drain_rate=0.061 %/s | home_distance=6.7 m | return_time=11 s | return_cost=0.7 % | margin_after_return=67.7 %
[INFO] [1790214582.406237589] [sage_energy_monitor]: ENERGY | remaining=88.2 % | voltage=15.99 V | drain_rate=0.061 %/s | home_distance=6.7 m | return_time=11 s | return_cost=0.6 % | margin_after_return=67.6 %
[INFO] [1790214583.404863597] [sage_energy_monitor]: ENERGY | remaining=88.2 % | voltage=15.99 V | drain_rate=0.061 %/s | home_distance=6.7 m | return_time=11 s | return_cost=0.6 % | margin_after_return=67.5 %
[INFO] [1790214584.403835244] [sage_energy_monitor]: ENERGY | remaining=88.1 % | voltage=15.98 V | drain_rate=0.061 %/s | home_distance=6.7 m | return_time=11 s | return_cost=0.6 % | margin_after_return=67.5 %
[INFO] [1790214585.401630162] [sage_energy_monitor]: ENERGY | remaining=88.1 % | voltage=15.98 V | drain_rate=0.061 %/s | home_distance=6.7 m | return_time=11 s | return_cost=0.7 % | margin_after_return=67.4 %
[INFO] [1790214586.403535118] [sage_energy_monitor]: ENERGY | remaining=88.0 % | voltage=15.98 V | drain_rate=0.061 %/s | home_distance=6.8 m | return_time=11 s | return_cost=0.7 % | margin_after_return=67.4 %
[INFO] [1790214587.402480689] [sage_energy_monitor]: ENERGY | remaining=87.9 % | voltage=15.98 V | drain_rate=0.061 %/s | home_distance=7.6 m | return_time=12 s | return_cost=0.7 % | margin_after_return=67.2 %
[INFO] [1790214588.403289891] [sage_energy_monitor]: ENERGY | remaining=87.9 % | voltage=15.98 V | drain_rate=0.061 %/s | home_distance=8.3 m | return_time=12 s | return_cost=0.7 % | margin_after_return=67.1 %
[INFO] [1790214589.405444555] [sage_energy_monitor]: ENERGY | remaining=87.8 % | voltage=15.98 V | drain_rate=0.061 %/s | home_distance=8.5 m | return_time=12 s | return_cost=0.8 % | margin_after_return=67.1 %
[INFO] [1790214590.405778944] [sage_energy_monitor]: ENERGY | remaining=87.8 % | voltage=15.98 V | drain_rate=0.061 %/s | home_distance=8.5 m | return_time=12 s | return_cost=0.8 % | margin_after_return=67.0 %
[INFO] [1790214591.402359798] [sage_energy_monitor]: ENERGY | remaining=87.7 % | voltage=15.98 V | drain_rate=0.061 %/s | home_distance=8.5 m | return_time=13 s | return_cost=0.8 % | margin_after_return=66.9 %
[INFO] [1790214592.401622149] [sage_energy_monitor]: ENERGY | remaining=87.7 % | voltage=15.98 V | drain_rate=0.061 %/s | home_distance=8.4 m | return_time=13 s | return_cost=0.8 % | margin_after_return=66.9 %
[INFO] [1790214593.403670037] [sage_energy_monitor]: ENERGY | remaining=87.6 % | voltage=15.98 V | drain_rate=0.061 %/s | home_distance=8.5 m | return_time=12 s | return_cost=0.8 % | margin_after_return=66.8 %
[INFO] [1790214594.403587863] [sage_energy_monitor]: ENERGY | remaining=87.5 % | voltage=15.97 V | drain_rate=0.061 %/s | home_distance=8.5 m | return_time=13 s | return_cost=0.8 % | margin_after_return=66.8 %
[INFO] [1790214595.404734642] [sage_energy_monitor]: ENERGY | remaining=87.5 % | voltage=15.97 V | drain_rate=0.061 %/s | home_distance=8.5 m | return_time=12 s | return_cost=0.8 % | margin_after_return=66.7 %
[INFO] [1790214596.402999879] [sage_energy_monitor]: ENERGY | remaining=87.4 % | voltage=15.97 V | drain_rate=0.061 %/s | home_distance=8.4 m | return_time=12 s | return_cost=0.7 % | margin_after_return=66.7 %
[INFO] [1790214597.401906962] [sage_energy_monitor]: ENERGY | remaining=87.4 % | voltage=15.97 V | drain_rate=0.061 %/s | home_distance=8.4 m | return_time=13 s | return_cost=0.8 % | margin_after_return=66.6 %
[INFO] [1790214598.402053051] [sage_energy_monitor]: ENERGY | remaining=87.3 % | voltage=15.97 V | drain_rate=0.060 %/s | home_distance=8.5 m | return_time=13 s | return_cost=0.8 % | margin_after_return=66.5 %
[INFO] [1790214599.409417174] [sage_energy_monitor]: ENERGY | remaining=87.2 % | voltage=15.97 V | drain_rate=0.060 %/s | home_distance=8.5 m | return_time=12 s | return_cost=0.7 % | margin_after_return=66.5 %
[INFO] [1790214600.407874457] [sage_energy_monitor]: ENERGY | remaining=87.2 % | voltage=15.97 V | drain_rate=0.060 %/s | home_distance=8.5 m | return_time=13 s | return_cost=0.8 % | margin_after_return=66.4 %
[INFO] [1790214601.401931395] [sage_energy_monitor]: ENERGY | remaining=87.1 % | voltage=15.97 V | drain_rate=0.060 %/s | home_distance=8.5 m | return_time=13 s | return_cost=0.8 % | margin_after_return=66.4 %
[INFO] [1790214602.403004357] [sage_energy_monitor]: ENERGY | remaining=87.1 % | voltage=15.97 V | drain_rate=0.060 %/s | home_distance=8.3 m | return_time=12 s | return_cost=0.7 % | margin_after_return=66.3 %
[INFO] [1790214603.401760610] [sage_energy_monitor]: ENERGY | remaining=87.0 % | voltage=15.96 V | drain_rate=0.060 %/s | home_distance=7.2 m | return_time=11 s | return_cost=0.7 % | margin_after_return=66.3 %
[INFO] [1790214604.409676084] [sage_energy_monitor]: ENERGY | remaining=86.9 % | voltage=15.96 V | drain_rate=0.060 %/s | home_distance=6.1 m | return_time=10 s | return_cost=0.6 % | margin_after_return=66.3 %
[INFO] [1790214605.402275624] [sage_energy_monitor]: ENERGY | remaining=86.9 % | voltage=15.96 V | drain_rate=0.059 %/s | home_distance=5.9 m | return_time=10 s | return_cost=0.6 % | margin_after_return=66.3 %
[INFO] [1790214606.402143798] [sage_energy_monitor]: ENERGY | remaining=86.8 % | voltage=15.96 V | drain_rate=0.059 %/s | home_distance=6.0 m | return_time=10 s | return_cost=0.6 % | margin_after_return=66.2 %
[INFO] [1790214607.404486455] [sage_energy_monitor]: ENERGY | remaining=86.8 % | voltage=15.96 V | drain_rate=0.059 %/s | home_distance=6.1 m | return_time=10 s | return_cost=0.6 % | margin_after_return=66.2 %
[INFO] [1790214608.402770134] [sage_energy_monitor]: ENERGY | remaining=86.7 % | voltage=15.96 V | drain_rate=0.059 %/s | home_distance=6.1 m | return_time=10 s | return_cost=0.6 % | margin_after_return=66.1 %
[INFO] [1790214609.407148236] [sage_energy_monitor]: ENERGY | remaining=86.7 % | voltage=15.96 V | drain_rate=0.059 %/s | home_distance=6.1 m | return_time=10 s | return_cost=0.6 % | margin_after_return=66.1 %
[INFO] [1790214610.408399651] [sage_energy_monitor]: ENERGY | remaining=86.6 % | voltage=15.96 V | drain_rate=0.059 %/s | home_distance=6.0 m | return_time=10 s | return_cost=0.6 % | margin_after_return=66.0 %
[INFO] [1790214611.402295638] [sage_energy_monitor]: ENERGY | remaining=86.5 % | voltage=15.96 V | drain_rate=0.059 %/s | home_distance=6.0 m | return_time=10 s | return_cost=0.6 % | margin_after_return=65.9 %
[INFO] [1790214612.403142590] [sage_energy_monitor]: ENERGY | remaining=86.5 % | voltage=15.96 V | drain_rate=0.059 %/s | home_distance=6.0 m | return_time=10 s | return_cost=0.6 % | margin_after_return=65.9 %
[INFO] [1790214613.411529114] [sage_energy_monitor]: ENERGY | remaining=86.4 % | voltage=15.95 V | drain_rate=0.059 %/s | home_distance=5.9 m | return_time=10 s | return_cost=0.6 % | margin_after_return=65.8 %
[INFO] [1790214614.413548998] [sage_energy_monitor]: ENERGY | remaining=86.4 % | voltage=15.95 V | drain_rate=0.059 %/s | home_distance=5.9 m | return_time=10 s | return_cost=0.6 % | margin_after_return=65.8 %
[INFO] [1790214615.402127367] [sage_energy_monitor]: ENERGY | remaining=86.3 % | voltage=15.95 V | drain_rate=0.058 %/s | home_distance=6.0 m | return_time=10 s | return_cost=0.6 % | margin_after_return=65.7 %
[INFO] [1790214616.401637141] [sage_energy_monitor]: ENERGY | remaining=86.3 % | voltage=15.95 V | drain_rate=0.058 %/s | home_distance=6.1 m | return_time=10 s | return_cost=0.6 % | margin_after_return=65.7 %
[INFO] [1790214617.402567490] [sage_energy_monitor]: ENERGY | remaining=86.2 % | voltage=15.95 V | drain_rate=0.058 %/s | home_distance=6.0 m | return_time=10 s | return_cost=0.6 % | margin_after_return=65.6 %
[INFO] [1790214618.409827984] [sage_energy_monitor]: ENERGY | remaining=86.1 % | voltage=15.95 V | drain_rate=0.058 %/s | home_distance=6.0 m | return_time=10 s | return_cost=0.6 % | margin_after_return=65.6 %
[INFO] [1790214619.401957423] [sage_energy_monitor]: ENERGY | remaining=86.1 % | voltage=15.95 V | drain_rate=0.058 %/s | home_distance=6.0 m | return_time=10 s | return_cost=0.6 % | margin_after_return=65.5 %
[INFO] [1790214620.401535563] [sage_energy_monitor]: ENERGY | remaining=86.0 % | voltage=15.95 V | drain_rate=0.058 %/s | home_distance=6.3 m | return_time=10 s | return_cost=0.6 % | margin_after_return=65.4 %
[INFO] [1790214621.411045220] [sage_energy_monitor]: ENERGY | remaining=86.0 % | voltage=15.95 V | drain_rate=0.058 %/s | home_distance=7.2 m | return_time=11 s | return_cost=0.7 % | margin_after_return=65.3 %
[INFO] [1790214622.404585510] [sage_energy_monitor]: ENERGY | remaining=85.9 % | voltage=15.94 V | drain_rate=0.058 %/s | home_distance=8.2 m | return_time=12 s | return_cost=0.7 % | margin_after_return=65.2 %
[INFO] [1790214623.407634766] [sage_energy_monitor]: ENERGY | remaining=85.9 % | voltage=15.94 V | drain_rate=0.058 %/s | home_distance=8.6 m | return_time=13 s | return_cost=0.7 % | margin_after_return=65.1 %
[INFO] [1790214624.402575836] [sage_energy_monitor]: ENERGY | remaining=85.8 % | voltage=15.94 V | drain_rate=0.058 %/s | home_distance=8.7 m | return_time=13 s | return_cost=0.7 % | margin_after_return=65.1 %
[INFO] [1790214625.403492948] [sage_energy_monitor]: ENERGY | remaining=85.7 % | voltage=15.94 V | drain_rate=0.058 %/s | home_distance=8.7 m | return_time=13 s | return_cost=0.7 % | margin_after_return=65.0 %
[INFO] [1790214626.410382275] [sage_energy_monitor]: ENERGY | remaining=85.7 % | voltage=15.94 V | drain_rate=0.058 %/s | home_distance=8.6 m | return_time=12 s | return_cost=0.7 % | margin_after_return=65.0 %
[INFO] [1790214627.407189174] [sage_energy_monitor]: ENERGY | remaining=85.6 % | voltage=15.94 V | drain_rate=0.058 %/s | home_distance=8.5 m | return_time=13 s | return_cost=0.7 % | margin_after_return=64.9 %
[INFO] [1790214628.403447144] [sage_energy_monitor]: ENERGY | remaining=85.6 % | voltage=15.94 V | drain_rate=0.058 %/s | home_distance=8.6 m | return_time=13 s | return_cost=0.7 % | margin_after_return=64.8 %
[INFO] [1790214629.409637244] [sage_energy_monitor]: ENERGY | remaining=85.5 % | voltage=15.94 V | drain_rate=0.058 %/s | home_distance=8.6 m | return_time=13 s | return_cost=0.7 % | margin_after_return=64.8 %
[INFO] [1790214630.404172105] [sage_energy_monitor]: ENERGY | remaining=85.4 % | voltage=15.94 V | drain_rate=0.058 %/s | home_distance=8.5 m | return_time=13 s | return_cost=0.7 % | margin_after_return=64.7 %
[INFO] [1790214631.401809530] [sage_energy_monitor]: ENERGY | remaining=85.4 % | voltage=15.94 V | drain_rate=0.058 %/s | home_distance=8.4 m | return_time=13 s | return_cost=0.7 % | margin_after_return=64.7 %
[INFO] [1790214632.406916293] [sage_energy_monitor]: ENERGY | remaining=85.3 % | voltage=15.93 V | drain_rate=0.058 %/s | home_distance=7.2 m | return_time=11 s | return_cost=0.7 % | margin_after_return=64.7 %
[INFO] [1790214633.405113257] [sage_energy_monitor]: ENERGY | remaining=85.3 % | voltage=15.93 V | drain_rate=0.058 %/s | home_distance=5.2 m | return_time=9 s | return_cost=0.5 % | margin_after_return=64.7 %
[INFO] [1790214634.410701814] [sage_energy_monitor]: ENERGY | remaining=85.2 % | voltage=15.93 V | drain_rate=0.058 %/s | home_distance=3.5 m | return_time=8 s | return_cost=0.4 % | margin_after_return=64.8 %
[INFO] [1790214635.405417539] [sage_energy_monitor]: ENERGY | remaining=85.2 % | voltage=15.93 V | drain_rate=0.058 %/s | home_distance=3.1 m | return_time=7 s | return_cost=0.4 % | margin_after_return=64.7 %
[INFO] [1790214636.403480235] [sage_energy_monitor]: ENERGY | remaining=85.1 % | voltage=15.93 V | drain_rate=0.058 %/s | home_distance=4.4 m | return_time=9 s | return_cost=0.5 % | margin_after_return=64.6 %
[INFO] [1790214637.409784009] [sage_energy_monitor]: ENERGY | remaining=85.0 % | voltage=15.93 V | drain_rate=0.058 %/s | home_distance=6.5 m | return_time=11 s | return_cost=0.6 % | margin_after_return=64.4 %
[INFO] [1790214638.409916896] [sage_energy_monitor]: ENERGY | remaining=85.0 % | voltage=15.93 V | drain_rate=0.058 %/s | home_distance=8.4 m | return_time=12 s | return_cost=0.7 % | margin_after_return=64.3 %
[INFO] [1790214639.401788509] [sage_energy_monitor]: ENERGY | remaining=84.9 % | voltage=15.93 V | drain_rate=0.058 %/s | home_distance=9.4 m | return_time=13 s | return_cost=0.8 % | margin_after_return=64.1 %
[INFO] [1790214640.403277334] [sage_energy_monitor]: ENERGY | remaining=84.9 % | voltage=15.93 V | drain_rate=0.058 %/s | home_distance=9.4 m | return_time=13 s | return_cost=0.8 % | margin_after_return=64.1 %
[INFO] [1790214641.402378039] [sage_energy_monitor]: ENERGY | remaining=84.8 % | voltage=15.92 V | drain_rate=0.058 %/s | home_distance=8.2 m | return_time=12 s | return_cost=0.7 % | margin_after_return=64.1 %
[INFO] [1790214642.403980003] [sage_energy_monitor]: ENERGY | remaining=84.7 % | voltage=15.92 V | drain_rate=0.058 %/s | home_distance=7.6 m | return_time=12 s | return_cost=0.7 % | margin_after_return=64.1 %
[INFO] [1790214643.406491084] [sage_energy_monitor]: ENERGY | remaining=84.7 % | voltage=15.92 V | drain_rate=0.058 %/s | home_distance=7.6 m | return_time=12 s | return_cost=0.7 % | margin_after_return=64.0 %
[INFO] [1790214644.404464643] [sage_energy_monitor]: ENERGY | remaining=84.6 % | voltage=15.92 V | drain_rate=0.058 %/s | home_distance=9.1 m | return_time=13 s | return_cost=0.8 % | margin_after_return=63.9 %
[INFO] [1790214645.403035596] [sage_energy_monitor]: ENERGY | remaining=84.6 % | voltage=15.92 V | drain_rate=0.058 %/s | home_distance=10.7 m | return_time=15 s | return_cost=0.9 % | margin_after_return=63.7 %
[INFO] [1790214646.407642525] [sage_energy_monitor]: ENERGY | remaining=84.5 % | voltage=15.92 V | drain_rate=0.058 %/s | home_distance=11.6 m | return_time=16 s | return_cost=0.9 % | margin_after_return=63.6 %
[INFO] [1790214647.402058928] [sage_energy_monitor]: ENERGY | remaining=84.5 % | voltage=15.92 V | drain_rate=0.058 %/s | home_distance=11.9 m | return_time=16 s | return_cost=0.9 % | margin_after_return=63.5 %
[INFO] [1790214648.407957239] [sage_energy_monitor]: ENERGY | remaining=84.4 % | voltage=15.92 V | drain_rate=0.058 %/s | home_distance=12.3 m | return_time=16 s | return_cost=1.0 % | margin_after_return=63.4 %
[INFO] [1790214649.403417121] [sage_energy_monitor]: ENERGY | remaining=84.3 % | voltage=15.92 V | drain_rate=0.058 %/s | home_distance=12.9 m | return_time=17 s | return_cost=1.0 % | margin_after_return=63.4 %
[INFO] [1790214650.405564216] [sage_energy_monitor]: ENERGY | remaining=84.3 % | voltage=15.92 V | drain_rate=0.058 %/s | home_distance=13.1 m | return_time=17 s | return_cost=1.0 % | margin_after_return=63.3 %
[INFO] [1790214651.403497555] [sage_energy_monitor]: ENERGY | remaining=84.2 % | voltage=15.91 V | drain_rate=0.058 %/s | home_distance=13.0 m | return_time=17 s | return_cost=1.0 % | margin_after_return=63.2 %
[INFO] [1790214652.411139416] [sage_energy_monitor]: ENERGY | remaining=84.2 % | voltage=15.91 V | drain_rate=0.058 %/s | home_distance=12.4 m | return_time=17 s | return_cost=1.0 % | margin_after_return=63.2 %
[INFO] [1790214653.403961791] [sage_energy_monitor]: ENERGY | remaining=84.1 % | voltage=15.91 V | drain_rate=0.058 %/s | home_distance=12.0 m | return_time=16 s | return_cost=0.9 % | margin_after_return=63.2 %
[INFO] [1790214654.403984438] [sage_energy_monitor]: ENERGY | remaining=84.0 % | voltage=15.91 V | drain_rate=0.058 %/s | home_distance=11.9 m | return_time=16 s | return_cost=0.9 % | margin_after_return=63.1 %
[INFO] [1790214655.403750463] [sage_energy_monitor]: ENERGY | remaining=84.0 % | voltage=15.91 V | drain_rate=0.058 %/s | home_distance=11.5 m | return_time=15 s | return_cost=0.9 % | margin_after_return=63.1 %
[INFO] [1790214656.403237172] [sage_energy_monitor]: ENERGY | remaining=83.9 % | voltage=15.91 V | drain_rate=0.058 %/s | home_distance=9.3 m | return_time=13 s | return_cost=0.8 % | margin_after_return=63.2 %
[INFO] [1790214657.404839325] [sage_energy_monitor]: ENERGY | remaining=83.9 % | voltage=15.91 V | drain_rate=0.058 %/s | home_distance=7.8 m | return_time=12 s | return_cost=0.7 % | margin_after_return=63.2 %
[INFO] [1790214658.401575285] [sage_energy_monitor]: ENERGY | remaining=83.8 % | voltage=15.91 V | drain_rate=0.058 %/s | home_distance=7.3 m | return_time=11 s | return_cost=0.7 % | margin_after_return=63.2 %
[INFO] [1790214659.401836221] [sage_energy_monitor]: ENERGY | remaining=83.8 % | voltage=15.91 V | drain_rate=0.058 %/s | home_distance=7.5 m | return_time=12 s | return_cost=0.7 % | margin_after_return=63.1 %
[INFO] [1790214660.402881259] [sage_energy_monitor]: ENERGY | remaining=83.7 % | voltage=15.91 V | drain_rate=0.058 %/s | home_distance=8.5 m | return_time=13 s | return_cost=0.7 % | margin_after_return=63.0 %
[INFO] [1790214661.404254305] [sage_energy_monitor]: ENERGY | remaining=83.6 % | voltage=15.90 V | drain_rate=0.058 %/s | home_distance=9.2 m | return_time=13 s | return_cost=0.8 % | margin_after_return=62.9 %
[INFO] [1790214662.403536937] [sage_energy_monitor]: ENERGY | remaining=83.6 % | voltage=15.90 V | drain_rate=0.058 %/s | home_distance=9.3 m | return_time=13 s | return_cost=0.8 % | margin_after_return=62.8 %
[INFO] [1790214663.404913340] [sage_energy_monitor]: ENERGY | remaining=83.5 % | voltage=15.90 V | drain_rate=0.058 %/s | home_distance=8.0 m | return_time=12 s | return_cost=0.7 % | margin_after_return=62.8 %
[INFO] [1790214664.403926613] [sage_energy_monitor]: ENERGY | remaining=83.5 % | voltage=15.90 V | drain_rate=0.058 %/s | home_distance=7.1 m | return_time=11 s | return_cost=0.7 % | margin_after_return=62.8 %
[INFO] [1790214665.404040286] [sage_energy_monitor]: ENERGY | remaining=83.4 % | voltage=15.90 V | drain_rate=0.058 %/s | home_distance=7.0 m | return_time=11 s | return_cost=0.7 % | margin_after_return=62.8 %
[INFO] [1790214666.408891966] [sage_energy_monitor]: ENERGY | remaining=83.3 % | voltage=15.90 V | drain_rate=0.058 %/s | home_distance=7.2 m | return_time=11 s | return_cost=0.7 % | margin_after_return=62.7 %
[INFO] [1790214667.403677718] [sage_energy_monitor]: ENERGY | remaining=83.3 % | voltage=15.90 V | drain_rate=0.058 %/s | home_distance=7.9 m | return_time=12 s | return_cost=0.7 % | margin_after_return=62.6 %
[INFO] [1790214668.404402820] [sage_energy_monitor]: ENERGY | remaining=83.2 % | voltage=15.90 V | drain_rate=0.058 %/s | home_distance=9.9 m | return_time=14 s | return_cost=0.8 % | margin_after_return=62.4 %
[INFO] [1790214669.405085787] [sage_energy_monitor]: ENERGY | remaining=83.2 % | voltage=15.90 V | drain_rate=0.058 %/s | home_distance=11.3 m | return_time=15 s | return_cost=0.9 % | margin_after_return=62.3 %
[INFO] [1790214670.404583414] [sage_energy_monitor]: ENERGY | remaining=83.1 % | voltage=15.89 V | drain_rate=0.058 %/s | home_distance=11.9 m | return_time=16 s | return_cost=0.9 % | margin_after_return=62.2 %
[INFO] [1790214671.401465414] [sage_energy_monitor]: ENERGY | remaining=83.1 % | voltage=15.89 V | drain_rate=0.058 %/s | home_distance=12.2 m | return_time=16 s | return_cost=0.9 % | margin_after_return=62.1 %
[INFO] [1790214672.403455251] [sage_energy_monitor]: ENERGY | remaining=83.0 % | voltage=15.89 V | drain_rate=0.058 %/s | home_distance=12.8 m | return_time=17 s | return_cost=1.0 % | margin_after_return=62.0 %
[INFO] [1790214673.403331525] [sage_energy_monitor]: ENERGY | remaining=83.0 % | voltage=15.89 V | drain_rate=0.058 %/s | home_distance=13.2 m | return_time=17 s | return_cost=1.0 % | margin_after_return=62.0 %
[INFO] [1790214674.402370511] [sage_energy_monitor]: ENERGY | remaining=82.9 % | voltage=15.89 V | drain_rate=0.058 %/s | home_distance=13.3 m | return_time=17 s | return_cost=1.0 % | margin_after_return=61.9 %
[INFO] [1790214675.404178735] [sage_energy_monitor]: ENERGY | remaining=82.8 % | voltage=15.89 V | drain_rate=0.058 %/s | home_distance=12.6 m | return_time=17 s | return_cost=1.0 % | margin_after_return=61.9 %
[INFO] [1790214676.404863432] [sage_energy_monitor]: ENERGY | remaining=82.8 % | voltage=15.89 V | drain_rate=0.058 %/s | home_distance=12.1 m | return_time=16 s | return_cost=0.9 % | margin_after_return=61.8 %
[INFO] [1790214677.402241561] [sage_energy_monitor]: ENERGY | remaining=82.7 % | voltage=15.89 V | drain_rate=0.058 %/s | home_distance=10.9 m | return_time=15 s | return_cost=0.9 % | margin_after_return=61.9 %
[INFO] [1790214678.403697931] [sage_energy_monitor]: ENERGY | remaining=82.7 % | voltage=15.89 V | drain_rate=0.058 %/s | home_distance=8.9 m | return_time=13 s | return_cost=0.8 % | margin_after_return=61.9 %
[INFO] [1790214679.403159055] [sage_energy_monitor]: ENERGY | remaining=82.6 % | voltage=15.89 V | drain_rate=0.058 %/s | home_distance=6.8 m | return_time=11 s | return_cost=0.6 % | margin_after_return=62.0 %
[INFO] [1790214680.401868173] [sage_energy_monitor]: ENERGY | remaining=82.5 % | voltage=15.88 V | drain_rate=0.058 %/s | home_distance=4.6 m | return_time=9 s | return_cost=0.5 % | margin_after_return=62.0 %
[INFO] [1790214681.405637773] [sage_energy_monitor]: ENERGY | remaining=82.5 % | voltage=15.88 V | drain_rate=0.058 %/s | home_distance=2.6 m | return_time=7 s | return_cost=0.4 % | margin_after_return=62.1 %
[INFO] [1790214682.403940090] [sage_energy_monitor]: ENERGY | remaining=82.4 % | voltage=15.88 V | drain_rate=0.058 %/s | home_distance=1.8 m | return_time=6 s | return_cost=0.3 % | margin_after_return=62.1 %
[INFO] [1790214683.405292568] [sage_energy_monitor]: ENERGY | remaining=82.4 % | voltage=15.88 V | drain_rate=0.058 %/s | home_distance=1.8 m | return_time=6 s | return_cost=0.3 % | margin_after_return=62.0 %
[INFO] [1790214684.403261547] [sage_energy_monitor]: ENERGY | remaining=82.3 % | voltage=15.88 V | drain_rate=0.058 %/s | home_distance=2.5 m | return_time=7 s | return_cost=0.4 % | margin_after_return=61.9 %
[INFO] [1790214685.404233725] [sage_energy_monitor]: ENERGY | remaining=82.3 % | voltage=15.88 V | drain_rate=0.058 %/s | home_distance=4.3 m | return_time=8 s | return_cost=0.5 % | margin_after_return=61.8 %
[INFO] [1790214686.403646498] [sage_energy_monitor]: ENERGY | remaining=82.2 % | voltage=15.88 V | drain_rate=0.058 %/s | home_distance=6.7 m | return_time=11 s | return_cost=0.6 % | margin_after_return=61.6 %
[INFO] [1790214687.403051275] [sage_energy_monitor]: ENERGY | remaining=82.2 % | voltage=15.88 V | drain_rate=0.057 %/s | home_distance=8.2 m | return_time=12 s | return_cost=0.7 % | margin_after_return=61.4 %
[INFO] [1790214688.407666836] [sage_energy_monitor]: ENERGY | remaining=82.1 % | voltage=15.88 V | drain_rate=0.057 %/s | home_distance=8.8 m | return_time=13 s | return_cost=0.7 % | margin_after_return=61.4 %
[INFO] [1790214689.401568561] [sage_energy_monitor]: ENERGY | remaining=82.0 % | voltage=15.88 V | drain_rate=0.057 %/s | home_distance=8.8 m | return_time=13 s | return_cost=0.7 % | margin_after_return=61.3 %
[INFO] [1790214690.402195997] [sage_energy_monitor]: ENERGY | remaining=82.0 % | voltage=15.87 V | drain_rate=0.057 %/s | home_distance=8.7 m | return_time=13 s | return_cost=0.7 % | margin_after_return=61.2 %
[INFO] [1790214691.402151721] [sage_energy_monitor]: ENERGY | remaining=81.9 % | voltage=15.87 V | drain_rate=0.057 %/s | home_distance=8.7 m | return_time=13 s | return_cost=0.7 % | margin_after_return=61.2 %
[INFO] [1790214692.405176021] [sage_energy_monitor]: ENERGY | remaining=81.9 % | voltage=15.87 V | drain_rate=0.058 %/s | home_distance=8.6 m | return_time=13 s | return_cost=0.7 % | margin_after_return=61.1 %
[INFO] [1790214693.405404267] [sage_energy_monitor]: ENERGY | remaining=81.8 % | voltage=15.87 V | drain_rate=0.057 %/s | home_distance=8.7 m | return_time=13 s | return_cost=0.7 % | margin_after_return=61.1 %
[INFO] [1790214694.403701043] [sage_energy_monitor]: ENERGY | remaining=81.7 % | voltage=15.87 V | drain_rate=0.057 %/s | home_distance=8.6 m | return_time=13 s | return_cost=0.7 % | margin_after_return=61.0 %
[INFO] [1790214695.402014016] [sage_energy_monitor]: ENERGY | remaining=81.7 % | voltage=15.87 V | drain_rate=0.057 %/s | home_distance=8.6 m | return_time=13 s | return_cost=0.7 % | margin_after_return=61.0 %
[INFO] [1790214696.402876783] [sage_energy_monitor]: ENERGY | remaining=81.6 % | voltage=15.87 V | drain_rate=0.057 %/s | home_distance=8.6 m | return_time=13 s | return_cost=0.7 % | margin_after_return=60.9 %
[INFO] [1790214697.404665594] [sage_energy_monitor]: ENERGY | remaining=81.6 % | voltage=15.87 V | drain_rate=0.057 %/s | home_distance=8.6 m | return_time=13 s | return_cost=0.7 % | margin_after_return=60.8 %
[INFO] [1790214698.404765477] [sage_energy_monitor]: ENERGY | remaining=81.5 % | voltage=15.87 V | drain_rate=0.057 %/s | home_distance=8.6 m | return_time=13 s | return_cost=0.7 % | margin_after_return=60.8 %
[INFO] [1790214699.402949216] [sage_energy_monitor]: ENERGY | remaining=81.5 % | voltage=15.86 V | drain_rate=0.058 %/s | home_distance=8.5 m | return_time=13 s | return_cost=0.7 % | margin_after_return=60.7 %
[INFO] [1790214700.415648286] [sage_energy_monitor]: ENERGY | remaining=81.4 % | voltage=15.86 V | drain_rate=0.058 %/s | home_distance=8.4 m | return_time=12 s | return_cost=0.7 % | margin_after_return=60.7 %
[INFO] [1790214701.411910606] [sage_energy_monitor]: ENERGY | remaining=81.3 % | voltage=15.86 V | drain_rate=0.058 %/s | home_distance=8.0 m | return_time=12 s | return_cost=0.7 % | margin_after_return=60.7 %
[INFO] [1790214702.401767640] [sage_energy_monitor]: ENERGY | remaining=81.3 % | voltage=15.86 V | drain_rate=0.058 %/s | home_distance=6.9 m | return_time=11 s | return_cost=0.6 % | margin_after_return=60.7 %
[INFO] [1790214703.401926916] [sage_energy_monitor]: ENERGY | remaining=81.2 % | voltage=15.86 V | drain_rate=0.058 %/s | home_distance=6.1 m | return_time=10 s | return_cost=0.6 % | margin_after_return=60.6 %
[INFO] [1790214704.401699323] [sage_energy_monitor]: ENERGY | remaining=81.2 % | voltage=15.86 V | drain_rate=0.058 %/s | home_distance=6.0 m | return_time=10 s | return_cost=0.6 % | margin_after_return=60.6 %
[INFO] [1790214705.403958202] [sage_energy_monitor]: ENERGY | remaining=81.1 % | voltage=15.86 V | drain_rate=0.057 %/s | home_distance=6.1 m | return_time=10 s | return_cost=0.6 % | margin_after_return=60.5 %
[INFO] [1790214706.410452213] [sage_energy_monitor]: ENERGY | remaining=81.0 % | voltage=15.86 V | drain_rate=0.058 %/s | home_distance=6.2 m | return_time=10 s | return_cost=0.6 % | margin_after_return=60.5 %
[INFO] [1790214707.404029486] [sage_energy_monitor]: ENERGY | remaining=81.0 % | voltage=15.86 V | drain_rate=0.058 %/s | home_distance=6.2 m | return_time=10 s | return_cost=0.6 % | margin_after_return=60.4 %
[INFO] [1790214708.405199880] [sage_energy_monitor]: ENERGY | remaining=80.9 % | voltage=15.86 V | drain_rate=0.057 %/s | home_distance=6.1 m | return_time=10 s | return_cost=0.6 % | margin_after_return=60.4 %
[INFO] [1790214709.402269369] [sage_energy_monitor]: ENERGY | remaining=80.9 % | voltage=15.85 V | drain_rate=0.057 %/s | home_distance=6.0 m | return_time=10 s | return_cost=0.6 % | margin_after_return=60.3 %
[INFO] [1790214710.403224766] [sage_energy_monitor]: ENERGY | remaining=80.8 % | voltage=15.85 V | drain_rate=0.058 %/s | home_distance=6.0 m | return_time=10 s | return_cost=0.6 % | margin_after_return=60.2 %
[INFO] [1790214711.403042504] [sage_energy_monitor]: ENERGY | remaining=80.8 % | voltage=15.85 V | drain_rate=0.058 %/s | home_distance=6.0 m | return_time=10 s | return_cost=0.6 % | margin_after_return=60.2 %
[INFO] [1790214712.403610855] [sage_energy_monitor]: ENERGY | remaining=80.7 % | voltage=15.85 V | drain_rate=0.058 %/s | home_distance=6.0 m | return_time=10 s | return_cost=0.6 % | margin_after_return=60.1 %
[INFO] [1790214713.402345283] [sage_energy_monitor]: ENERGY | remaining=80.7 % | voltage=15.85 V | drain_rate=0.058 %/s | home_distance=6.0 m | return_time=10 s | return_cost=0.6 % | margin_after_return=60.1 %
[INFO] [1790214714.403957913] [sage_energy_monitor]: ENERGY | remaining=80.6 % | voltage=15.85 V | drain_rate=0.058 %/s | home_distance=6.0 m | return_time=10 s | return_cost=0.6 % | margin_after_return=60.0 %
[INFO] [1790214715.404470164] [sage_energy_monitor]: ENERGY | remaining=80.5 % | voltage=15.85 V | drain_rate=0.058 %/s | home_distance=6.0 m | return_time=10 s | return_cost=0.6 % | margin_after_return=60.0 %
[INFO] [1790214716.402402413] [sage_energy_monitor]: ENERGY | remaining=80.5 % | voltage=15.85 V | drain_rate=0.058 %/s | home_distance=6.0 m | return_time=10 s | return_cost=0.6 % | margin_after_return=59.9 %
[INFO] [1790214717.403319690] [sage_energy_monitor]: ENERGY | remaining=80.4 % | voltage=15.85 V | drain_rate=0.058 %/s | home_distance=5.9 m | return_time=10 s | return_cost=0.6 % | margin_after_return=59.8 %
[INFO] [1790214718.401767855] [sage_energy_monitor]: ENERGY | remaining=80.3 % | voltage=15.84 V | drain_rate=0.058 %/s | home_distance=4.7 m | return_time=8 s | return_cost=0.5 % | margin_after_return=59.9 %
[INFO] [1790214719.404158239] [sage_energy_monitor]: ENERGY | remaining=80.3 % | voltage=15.84 V | drain_rate=0.058 %/s | home_distance=2.2 m | return_time=6 s | return_cost=0.4 % | margin_after_return=59.9 %
[INFO] [1790214720.402486839] [sage_energy_monitor]: ENERGY | remaining=80.2 % | voltage=15.84 V | drain_rate=0.058 %/s | home_distance=0.5 m | return_time=5 s | return_cost=0.3 % | margin_after_return=60.0 %
[INFO] [1790214721.403830664] [sage_energy_monitor]: ENERGY | remaining=80.2 % | voltage=15.84 V | drain_rate=0.058 %/s | home_distance=0.3 m | return_time=4 s | return_cost=0.3 % | margin_after_return=59.9 %
[INFO] [1790214722.402850823] [sage_energy_monitor]: ENERGY | remaining=80.1 % | voltage=15.84 V | drain_rate=0.058 %/s | home_distance=0.2 m | return_time=4 s | return_cost=0.3 % | margin_after_return=59.9 %
[INFO] [1790214723.411691288] [sage_energy_monitor]: ENERGY | remaining=80.1 % | voltage=15.84 V | drain_rate=0.058 %/s | home_distance=0.1 m | return_time=4 s | return_cost=0.2 % | margin_after_return=59.8 %
[INFO] [1790214724.403384922] [sage_energy_monitor]: ENERGY | remaining=80.0 % | voltage=15.84 V | drain_rate=0.058 %/s | home_distance=0.0 m | return_time=4 s | return_cost=0.2 % | margin_after_return=59.8 %
[INFO] [1790214725.405749490] [sage_energy_monitor]: ENERGY | remaining=79.9 % | voltage=15.84 V | drain_rate=0.058 %/s | home_distance=0.0 m | return_time=4 s | return_cost=0.2 % | margin_after_return=59.7 %
[INFO] [1790214726.409141049] [sage_energy_monitor]: ENERGY | remaining=79.9 % | voltage=15.84 V | drain_rate=0.058 %/s | home_distance=0.1 m | return_time=4 s | return_cost=0.2 % | margin_after_return=59.6 %
[INFO] [1790214727.413869255] [sage_energy_monitor]: ENERGY | remaining=79.8 % | voltage=15.84 V | drain_rate=0.058 %/s | home_distance=0.1 m | return_time=4 s | return_cost=0.2 % | margin_after_return=59.6 %
[INFO] [1790214728.414293209] [sage_energy_monitor]: ENERGY | remaining=79.8 % | voltage=15.83 V | drain_rate=0.058 %/s | home_distance=0.1 m | return_time=4 s | return_cost=0.2 % | margin_after_return=59.5 %
[INFO] [1790214729.404513086] [sage_energy_monitor]: ENERGY | remaining=79.7 % | voltage=15.83 V | drain_rate=0.058 %/s | home_distance=0.1 m | return_time=4 s | return_cost=0.2 % | margin_after_return=59.5 %
[INFO] [1790214730.405589334] [sage_energy_monitor]: ENERGY | remaining=79.6 % | voltage=15.83 V | drain_rate=0.058 %/s | home_distance=0.1 m | return_time=4 s | return_cost=0.2 % | margin_after_return=59.4 %
[INFO] [1790214731.404841636] [sage_energy_monitor]: ENERGY | remaining=79.6 % | voltage=15.83 V | drain_rate=0.058 %/s | home_distance=0.1 m | return_time=4 s | return_cost=0.2 % | margin_after_return=59.4 %
[INFO] [1790214732.402337221] [sage_energy_monitor]: ENERGY | remaining=79.5 % | voltage=15.83 V | drain_rate=0.058 %/s | home_distance=0.1 m | return_time=4 s | return_cost=0.2 % | margin_after_return=59.3 %
[INFO] [1790214733.404365947] [sage_energy_monitor]: ENERGY | remaining=79.5 % | voltage=15.83 V | drain_rate=0.058 %/s | home_distance=0.1 m | return_time=4 s | return_cost=0.2 % | margin_after_return=59.2 %
[INFO] [1790214734.405471505] [sage_energy_monitor]: ENERGY | remaining=79.4 % | voltage=15.83 V | drain_rate=0.058 %/s | home_distance=0.2 m | return_time=4 s | return_cost=0.2 % | margin_after_return=59.2 %
[INFO] [1790214735.402717520] [sage_energy_monitor]: ENERGY | remaining=79.4 % | voltage=15.83 V | drain_rate=0.058 %/s | home_distance=1.6 m | return_time=6 s | return_cost=0.3 % | margin_after_return=59.0 %
[INFO] [1790214736.411458355] [sage_energy_monitor]: ENERGY | remaining=79.3 % | voltage=15.83 V | drain_rate=0.058 %/s | home_distance=4.1 m | return_time=8 s | return_cost=0.5 % | margin_after_return=58.8 %
[INFO] [1790214737.402064810] [sage_energy_monitor]: ENERGY | remaining=79.2 % | voltage=15.82 V | drain_rate=0.058 %/s | home_distance=5.7 m | return_time=10 s | return_cost=0.6 % | margin_after_return=58.7 %
[INFO] [1790214738.413205398] [sage_energy_monitor]: ENERGY | remaining=79.2 % | voltage=15.82 V | drain_rate=0.059 %/s | home_distance=6.2 m | return_time=10 s | return_cost=0.6 % | margin_after_return=58.6 %
[INFO] [1790214739.404921410] [sage_energy_monitor]: ENERGY | remaining=79.1 % | voltage=15.82 V | drain_rate=0.059 %/s | home_distance=6.1 m | return_time=10 s | return_cost=0.6 % | margin_after_return=58.5 %
[INFO] [1790214740.403843894] [sage_energy_monitor]: ENERGY | remaining=79.1 % | voltage=15.82 V | drain_rate=0.058 %/s | home_distance=6.0 m | return_time=10 s | return_cost=0.6 % | margin_after_return=58.5 %
[INFO] [1790214741.401892771] [sage_energy_monitor]: ENERGY | remaining=79.0 % | voltage=15.82 V | drain_rate=0.058 %/s | home_distance=5.9 m | return_time=10 s | return_cost=0.6 % | margin_after_return=58.4 %
[INFO] [1790214742.409692782] [sage_energy_monitor]: ENERGY | remaining=79.0 % | voltage=15.82 V | drain_rate=0.058 %/s | home_distance=5.9 m | return_time=10 s | return_cost=0.6 % | margin_after_return=58.4 %
[INFO] [1790214743.402927292] [sage_energy_monitor]: ENERGY | remaining=78.9 % | voltage=15.82 V | drain_rate=0.058 %/s | home_distance=5.9 m | return_time=10 s | return_cost=0.6 % | margin_after_return=58.3 %
[INFO] [1790214744.405958790] [sage_energy_monitor]: ENERGY | remaining=78.9 % | voltage=15.82 V | drain_rate=0.058 %/s | home_distance=5.9 m | return_time=10 s | return_cost=0.6 % | margin_after_return=58.3 %
[INFO] [1790214745.404029248] [sage_energy_monitor]: ENERGY | remaining=78.8 % | voltage=15.82 V | drain_rate=0.058 %/s | home_distance=5.9 m | return_time=10 s | return_cost=0.6 % | margin_after_return=58.2 %
[INFO] [1790214746.407333448] [sage_energy_monitor]: ENERGY | remaining=78.7 % | voltage=15.82 V | drain_rate=0.057 %/s | home_distance=6.0 m | return_time=10 s | return_cost=0.6 % | margin_after_return=58.2 %
[INFO] [1790214747.401558994] [sage_energy_monitor]: ENERGY | remaining=78.7 % | voltage=15.81 V | drain_rate=0.057 %/s | home_distance=6.0 m | return_time=10 s | return_cost=0.6 % | margin_after_return=58.1 %
[INFO] [1790214748.403432558] [sage_energy_monitor]: ENERGY | remaining=78.6 % | voltage=15.81 V | drain_rate=0.057 %/s | home_distance=5.9 m | return_time=10 s | return_cost=0.6 % | margin_after_return=58.1 %
[INFO] [1790214749.402044895] [sage_energy_monitor]: ENERGY | remaining=78.6 % | voltage=15.81 V | drain_rate=0.057 %/s | home_distance=5.9 m | return_time=10 s | return_cost=0.6 % | margin_after_return=58.0 %
[INFO] [1790214750.403347244] [sage_energy_monitor]: ENERGY | remaining=78.5 % | voltage=15.81 V | drain_rate=0.057 %/s | home_distance=6.0 m | return_time=10 s | return_cost=0.6 % | margin_after_return=57.9 %
[INFO] [1790214751.410563188] [sage_energy_monitor]: ENERGY | remaining=78.5 % | voltage=15.81 V | drain_rate=0.057 %/s | home_distance=6.0 m | return_time=10 s | return_cost=0.6 % | margin_after_return=57.9 %
[INFO] [1790214752.404867416] [sage_energy_monitor]: ENERGY | remaining=78.4 % | voltage=15.81 V | drain_rate=0.057 %/s | home_distance=6.3 m | return_time=11 s | return_cost=0.6 % | margin_after_return=57.8 %
[INFO] [1790214753.409766635] [sage_energy_monitor]: ENERGY | remaining=78.3 % | voltage=15.81 V | drain_rate=0.057 %/s | home_distance=7.3 m | return_time=11 s | return_cost=0.6 % | margin_after_return=57.7 %
[INFO] [1790214754.409064316] [sage_energy_monitor]: ENERGY | remaining=78.3 % | voltage=15.81 V | drain_rate=0.057 %/s | home_distance=8.3 m | return_time=12 s | return_cost=0.7 % | margin_after_return=57.6 %
[INFO] [1790214755.412730947] [sage_energy_monitor]: ENERGY | remaining=78.2 % | voltage=15.81 V | drain_rate=0.057 %/s | home_distance=8.6 m | return_time=12 s | return_cost=0.7 % | margin_after_return=57.5 %
[INFO] [1790214756.403208290] [sage_energy_monitor]: ENERGY | remaining=78.2 % | voltage=15.81 V | drain_rate=0.057 %/s | home_distance=8.5 m | return_time=12 s | return_cost=0.7 % | margin_after_return=57.5 %
[INFO] [1790214757.402301855] [sage_energy_monitor]: ENERGY | remaining=78.1 % | voltage=15.80 V | drain_rate=0.057 %/s | home_distance=8.4 m | return_time=12 s | return_cost=0.7 % | margin_after_return=57.4 %
[INFO] [1790214758.411110603] [sage_energy_monitor]: ENERGY | remaining=78.1 % | voltage=15.80 V | drain_rate=0.056 %/s | home_distance=8.4 m | return_time=12 s | return_cost=0.7 % | margin_after_return=57.4 %
[INFO] [1790214759.407841166] [sage_energy_monitor]: ENERGY | remaining=78.0 % | voltage=15.80 V | drain_rate=0.056 %/s | home_distance=8.5 m | return_time=12 s | return_cost=0.7 % | margin_after_return=57.3 %
[INFO] [1790214760.407268255] [sage_energy_monitor]: ENERGY | remaining=78.0 % | voltage=15.80 V | drain_rate=0.056 %/s | home_distance=8.5 m | return_time=13 s | return_cost=0.7 % | margin_after_return=57.2 %
[INFO] [1790214761.405378427] [sage_energy_monitor]: ENERGY | remaining=77.9 % | voltage=15.80 V | drain_rate=0.056 %/s | home_distance=8.5 m | return_time=13 s | return_cost=0.7 % | margin_after_return=57.2 %
[INFO] [1790214762.407081172] [sage_energy_monitor]: ENERGY | remaining=77.8 % | voltage=15.80 V | drain_rate=0.057 %/s | home_distance=8.5 m | return_time=12 s | return_cost=0.7 % | margin_after_return=57.1 %
[INFO] [1790214763.410428652] [sage_energy_monitor]: ENERGY | remaining=77.8 % | voltage=15.80 V | drain_rate=0.056 %/s | home_distance=8.5 m | return_time=13 s | return_cost=0.7 % | margin_after_return=57.1 %
[INFO] [1790214764.406677875] [sage_energy_monitor]: ENERGY | remaining=77.7 % | voltage=15.80 V | drain_rate=0.056 %/s | home_distance=8.5 m | return_time=13 s | return_cost=0.7 % | margin_after_return=57.0 %
[INFO] [1790214765.403268451] [sage_energy_monitor]: ENERGY | remaining=77.7 % | voltage=15.80 V | drain_rate=0.056 %/s | home_distance=8.4 m | return_time=12 s | return_cost=0.7 % | margin_after_return=57.0 %
[INFO] [1790214766.405371713] [sage_energy_monitor]: ENERGY | remaining=77.6 % | voltage=15.80 V | drain_rate=0.057 %/s | home_distance=8.4 m | return_time=13 s | return_cost=0.7 % | margin_after_return=56.9 %
[INFO] [1790214767.405701287] [sage_energy_monitor]: ENERGY | remaining=77.5 % | voltage=15.79 V | drain_rate=0.056 %/s | home_distance=8.4 m | return_time=13 s | return_cost=0.7 % | margin_after_return=56.8 %
[INFO] [1790214768.402353089] [sage_energy_monitor]: ENERGY | remaining=77.5 % | voltage=15.79 V | drain_rate=0.056 %/s | home_distance=8.3 m | return_time=13 s | return_cost=0.7 % | margin_after_return=56.8 %
[INFO] [1790214769.404995966] [sage_energy_monitor]: ENERGY | remaining=77.4 % | voltage=15.79 V | drain_rate=0.057 %/s | home_distance=7.3 m | return_time=12 s | return_cost=0.7 % | margin_after_return=56.8 %
[INFO] [1790214770.405076161] [sage_energy_monitor]: ENERGY | remaining=77.4 % | voltage=15.79 V | drain_rate=0.057 %/s | home_distance=6.2 m | return_time=10 s | return_cost=0.6 % | margin_after_return=56.8 %
[INFO] [1790214771.406313956] [sage_energy_monitor]: ENERGY | remaining=77.3 % | voltage=15.79 V | drain_rate=0.057 %/s | home_distance=5.9 m | return_time=10 s | return_cost=0.6 % | margin_after_return=56.7 %
[INFO] [1790214772.402558564] [sage_energy_monitor]: ENERGY | remaining=77.2 % | voltage=15.79 V | drain_rate=0.057 %/s | home_distance=6.0 m | return_time=10 s | return_cost=0.6 % | margin_after_return=56.7 %
[INFO] [1790214773.404052958] [sage_energy_monitor]: ENERGY | remaining=77.2 % | voltage=15.79 V | drain_rate=0.057 %/s | home_distance=6.1 m | return_time=10 s | return_cost=0.6 % | margin_after_return=56.6 %
[INFO] [1790214774.402247667] [sage_energy_monitor]: ENERGY | remaining=77.1 % | voltage=15.79 V | drain_rate=0.058 %/s | home_distance=6.1 m | return_time=10 s | return_cost=0.6 % | margin_after_return=56.6 %
[INFO] [1790214775.404760846] [sage_energy_monitor]: ENERGY | remaining=77.1 % | voltage=15.79 V | drain_rate=0.058 %/s | home_distance=6.2 m | return_time=10 s | return_cost=0.6 % | margin_after_return=56.5 %
[INFO] [1790214776.404100024] [sage_energy_monitor]: ENERGY | remaining=77.0 % | voltage=15.78 V | drain_rate=0.058 %/s | home_distance=6.1 m | return_time=10 s | return_cost=0.6 % | margin_after_return=56.5 %
[INFO] [1790214777.404000223] [sage_energy_monitor]: ENERGY | remaining=77.0 % | voltage=15.78 V | drain_rate=0.058 %/s | home_distance=6.0 m | return_time=10 s | return_cost=0.6 % | margin_after_return=56.4 %
[INFO] [1790214778.403142750] [sage_energy_monitor]: ENERGY | remaining=76.9 % | voltage=15.78 V | drain_rate=0.058 %/s | home_distance=6.0 m | return_time=10 s | return_cost=0.6 % | margin_after_return=56.3 %
[INFO] [1790214779.402150588] [sage_energy_monitor]: ENERGY | remaining=76.8 % | voltage=15.78 V | drain_rate=0.058 %/s | home_distance=6.0 m | return_time=10 s | return_cost=0.6 % | margin_after_return=56.3 %
[INFO] [1790214780.405416812] [sage_energy_monitor]: ENERGY | remaining=76.8 % | voltage=15.78 V | drain_rate=0.058 %/s | home_distance=6.0 m | return_time=10 s | return_cost=0.6 % | margin_after_return=56.2 %
[INFO] [1790214781.401653051] [sage_energy_monitor]: ENERGY | remaining=76.7 % | voltage=15.78 V | drain_rate=0.058 %/s | home_distance=6.0 m | return_time=10 s | return_cost=0.6 % | margin_after_return=56.1 %
[INFO] [1790214782.402606376] [sage_energy_monitor]: ENERGY | remaining=76.7 % | voltage=15.78 V | drain_rate=0.058 %/s | home_distance=5.9 m | return_time=10 s | return_cost=0.6 % | margin_after_return=56.1 %
[INFO] [1790214783.403736206] [sage_energy_monitor]: ENERGY | remaining=76.6 % | voltage=15.78 V | drain_rate=0.058 %/s | home_distance=5.9 m | return_time=10 s | return_cost=0.6 % | margin_after_return=56.0 %
[INFO] [1790214784.404134808] [sage_energy_monitor]: ENERGY | remaining=76.6 % | voltage=15.78 V | drain_rate=0.058 %/s | home_distance=6.0 m | return_time=10 s | return_cost=0.6 % | margin_after_return=56.0 %
[INFO] [1790214785.402829588] [sage_energy_monitor]: ENERGY | remaining=76.5 % | voltage=15.78 V | drain_rate=0.058 %/s | home_distance=5.9 m | return_time=10 s | return_cost=0.6 % | margin_after_return=55.9 %
[INFO] [1790214786.405143242] [sage_energy_monitor]: ENERGY | remaining=76.4 % | voltage=15.77 V | drain_rate=0.058 %/s | home_distance=6.2 m | return_time=10 s | return_cost=0.6 % | margin_after_return=55.8 %
[INFO] [1790214787.407599337] [sage_energy_monitor]: ENERGY | remaining=76.4 % | voltage=15.77 V | drain_rate=0.058 %/s | home_distance=7.2 m | return_time=11 s | return_cost=0.6 % | margin_after_return=55.7 %
[INFO] [1790214788.411222391] [sage_energy_monitor]: ENERGY | remaining=76.3 % | voltage=15.77 V | drain_rate=0.059 %/s | home_distance=8.2 m | return_time=12 s | return_cost=0.7 % | margin_after_return=55.6 %
[INFO] [1790214789.404024796] [sage_energy_monitor]: ENERGY | remaining=76.3 % | voltage=15.77 V | drain_rate=0.059 %/s | home_distance=8.7 m | return_time=13 s | return_cost=0.7 % | margin_after_return=55.5 %
[INFO] [1790214790.402673688] [sage_energy_monitor]: ENERGY | remaining=76.2 % | voltage=15.77 V | drain_rate=0.059 %/s | home_distance=8.8 m | return_time=13 s | return_cost=0.8 % | margin_after_return=55.4 %
[INFO] [1790214791.404137085] [sage_energy_monitor]: ENERGY | remaining=76.1 % | voltage=15.77 V | drain_rate=0.059 %/s | home_distance=8.8 m | return_time=13 s | return_cost=0.8 % | margin_after_return=55.4 %
[INFO] [1790214792.402049470] [sage_energy_monitor]: ENERGY | remaining=76.1 % | voltage=15.77 V | drain_rate=0.059 %/s | home_distance=8.7 m | return_time=13 s | return_cost=0.8 % | margin_after_return=55.3 %
[INFO] [1790214793.401884012] [sage_energy_monitor]: ENERGY | remaining=76.0 % | voltage=15.77 V | drain_rate=0.058 %/s | home_distance=8.6 m | return_time=13 s | return_cost=0.8 % | margin_after_return=55.3 %
[INFO] [1790214794.402751635] [sage_energy_monitor]: ENERGY | remaining=76.0 % | voltage=15.77 V | drain_rate=0.058 %/s | home_distance=8.5 m | return_time=13 s | return_cost=0.8 % | margin_after_return=55.2 %
[INFO] [1790214795.408660766] [sage_energy_monitor]: ENERGY | remaining=75.9 % | voltage=15.76 V | drain_rate=0.058 %/s | home_distance=8.5 m | return_time=13 s | return_cost=0.7 % | margin_after_return=55.2 %
[INFO] [1790214796.408521118] [sage_energy_monitor]: ENERGY | remaining=75.9 % | voltage=15.76 V | drain_rate=0.058 %/s | home_distance=8.5 m | return_time=13 s | return_cost=0.7 % | margin_after_return=55.1 %
[INFO] [1790214797.403427529] [sage_energy_monitor]: ENERGY | remaining=75.8 % | voltage=15.76 V | drain_rate=0.058 %/s | home_distance=8.5 m | return_time=13 s | return_cost=0.7 % | margin_after_return=55.1 %
[INFO] [1790214798.408862098] [sage_energy_monitor]: ENERGY | remaining=75.7 % | voltage=15.76 V | drain_rate=0.059 %/s | home_distance=8.5 m | return_time=13 s | return_cost=0.7 % | margin_after_return=55.0 %
[INFO] [1790214799.403125498] [sage_energy_monitor]: ENERGY | remaining=75.7 % | voltage=15.76 V | drain_rate=0.058 %/s | home_distance=8.5 m | return_time=13 s | return_cost=0.7 % | margin_after_return=54.9 %
[INFO] [1790214800.404335219] [sage_energy_monitor]: ENERGY | remaining=75.6 % | voltage=15.76 V | drain_rate=0.058 %/s | home_distance=8.5 m | return_time=13 s | return_cost=0.7 % | margin_after_return=54.9 %
[INFO] [1790214801.404385444] [sage_energy_monitor]: ENERGY | remaining=75.6 % | voltage=15.76 V | drain_rate=0.059 %/s | home_distance=8.5 m | return_time=13 s | return_cost=0.7 % | margin_after_return=54.8 %
[INFO] [1790214802.409967890] [sage_energy_monitor]: ENERGY | remaining=75.5 % | voltage=15.76 V | drain_rate=0.059 %/s | home_distance=8.4 m | return_time=12 s | return_cost=0.7 % | margin_after_return=54.8 %
[INFO] [1790214803.403861792] [sage_energy_monitor]: ENERGY | remaining=75.4 % | voltage=15.76 V | drain_rate=0.059 %/s | home_distance=7.6 m | return_time=12 s | return_cost=0.7 % | margin_after_return=54.8 %
[INFO] [1790214804.403015439] [sage_energy_monitor]: ENERGY | remaining=75.4 % | voltage=15.76 V | drain_rate=0.058 %/s | home_distance=6.9 m | return_time=11 s | return_cost=0.6 % | margin_after_return=54.7 %
[INFO] [1790214805.402340446] [sage_energy_monitor]: ENERGY | remaining=75.3 % | voltage=15.75 V | drain_rate=0.058 %/s | home_distance=6.0 m | return_time=10 s | return_cost=0.6 % | margin_after_return=54.7 %
[INFO] [1790214806.404141354] [sage_energy_monitor]: ENERGY | remaining=75.3 % | voltage=15.75 V | drain_rate=0.058 %/s | home_distance=5.0 m | return_time=9 s | return_cost=0.5 % | margin_after_return=54.7 %
[INFO] [1790214807.407385571] [sage_energy_monitor]: ENERGY | remaining=75.2 % | voltage=15.75 V | drain_rate=0.059 %/s | home_distance=4.0 m | return_time=8 s | return_cost=0.5 % | margin_after_return=54.7 %
[INFO] [1790214808.406651731] [sage_energy_monitor]: ENERGY | remaining=75.1 % | voltage=15.75 V | drain_rate=0.059 %/s | home_distance=3.1 m | return_time=7 s | return_cost=0.4 % | margin_after_return=54.7 %
[INFO] [1790214809.405205186] [sage_energy_monitor]: ENERGY | remaining=75.1 % | voltage=15.75 V | drain_rate=0.059 %/s | home_distance=2.1 m | return_time=6 s | return_cost=0.4 % | margin_after_return=54.7 %
[INFO] [1790214810.402444340] [sage_energy_monitor]: ENERGY | remaining=75.0 % | voltage=15.75 V | drain_rate=0.059 %/s | home_distance=1.2 m | return_time=5 s | return_cost=0.3 % | margin_after_return=54.7 %
[INFO] [1790214811.402917424] [sage_energy_monitor]: ENERGY | remaining=75.0 % | voltage=15.75 V | drain_rate=0.059 %/s | home_distance=0.3 m | return_time=4 s | return_cost=0.3 % | margin_after_return=54.7 %
[INFO] [1790214812.402456342] [sage_energy_monitor]: ENERGY | remaining=74.9 % | voltage=15.75 V | drain_rate=0.059 %/s | home_distance=0.2 m | return_time=4 s | return_cost=0.2 % | margin_after_return=54.7 %
[INFO] [1790214813.406481804] [sage_energy_monitor]: ENERGY | remaining=74.8 % | voltage=15.75 V | drain_rate=0.059 %/s | home_distance=0.3 m | return_time=3 s | return_cost=0.2 % | margin_after_return=54.7 %
[INFO] [1790214814.405018000] [sage_energy_monitor]: ENERGY | remaining=74.8 % | voltage=15.74 V | drain_rate=0.059 %/s | home_distance=0.3 m | return_time=2 s | return_cost=0.1 % | margin_after_return=54.6 %
[INFO] [1790214815.402374185] [sage_energy_monitor]: ENERGY | remaining=74.7 % | voltage=15.74 V | drain_rate=0.059 %/s | home_distance=0.4 m | return_time=1 s | return_cost=0.1 % | margin_after_return=54.6 %
[INFO] [1790214816.401893367] [sage_energy_monitor]: ENERGY | remaining=74.7 % | voltage=15.74 V | drain_rate=0.059 %/s | home_distance=0.3 m | return_time=1 s | return_cost=0.0 % | margin_after_return=54.6 %
[INFO] [1790214817.404870303] [sage_energy_monitor]: ENERGY | remaining=74.6 % | voltage=15.74 V | drain_rate=0.060 %/s | home_distance=0.3 m | return_time=1 s | return_cost=0.0 % | margin_after_return=54.6 %
[INFO] [1790214818.402349732] [sage_energy_monitor]: ENERGY | remaining=74.5 % | voltage=15.74 V | drain_rate=0.059 %/s | home_distance=0.3 m | return_time=1 s | return_cost=0.0 % | margin_after_return=54.5 %
[INFO] [1790214819.404330193] [sage_energy_monitor]: ENERGY | remaining=81.6 % | voltage=16.20 V | drain_rate=0.000 %/s | home_distance=0.3 m | return_time=1 s | return_cost=0.0 % | margin_after_return=61.6 %
[INFO] [1790214820.402868841] [sage_energy_monitor]: ENERGY | remaining=90.7 % | voltage=16.20 V | drain_rate=0.000 %/s | home_distance=0.3 m | return_time=1 s | return_cost=0.0 % | margin_after_return=70.7 %
[INFO] [1790214821.402903895] [sage_energy_monitor]: ENERGY | remaining=95.3 % | voltage=16.20 V | drain_rate=0.000 %/s | home_distance=0.3 m | return_time=1 s | return_cost=0.0 % | margin_after_return=75.3 %
[INFO] [1790214822.404335855] [sage_energy_monitor]: ENERGY | remaining=97.7 % | voltage=16.20 V | drain_rate=0.000 %/s | home_distance=0.3 m | return_time=1 s | return_cost=0.0 % | margin_after_return=77.7 %
[INFO] [1790214823.404486403] [sage_energy_monitor]: ENERGY | remaining=98.8 % | voltage=16.20 V | drain_rate=0.000 %/s | home_distance=0.3 m | return_time=1 s | return_cost=0.0 % | margin_after_return=78.8 %
[INFO] [1790214824.404733723] [sage_energy_monitor]: ENERGY | remaining=99.4 % | voltage=16.20 V | drain_rate=0.000 %/s | home_distance=0.3 m | return_time=0 s | return_cost=0.0 % | margin_after_return=79.4 %
[INFO] [1790214825.401635097] [sage_energy_monitor]: ENERGY | remaining=99.7 % | voltage=16.20 V | drain_rate=0.000 %/s | home_distance=0.3 m | return_time=0 s | return_cost=0.0 % | margin_after_return=79.7 %
[INFO] [1790214826.402169874] [sage_energy_monitor]: ENERGY | remaining=99.9 % | voltage=16.20 V | drain_rate=0.000 %/s | home_distance=0.3 m | return_time=0 s | return_cost=0.0 % | margin_after_return=79.9 %
[INFO] [1790214827.407051460] [sage_energy_monitor]: ENERGY | remaining=99.9 % | voltage=16.20 V | drain_rate=0.000 %/s | home_distance=0.3 m | return_time=0 s | return_cost=0.0 % | margin_after_return=79.9 %
