[INFO] [1790214430.850048036] [sage_viewpoint_planner]: SAGE active-vision viewpoint planner started.
[INFO] [1790214430.851647665] [sage_viewpoint_planner]: Standoff distance: 3.0 m
[INFO] [1790214430.852135082] [sage_viewpoint_planner]: Viewpoint altitude: -2.0 m
[INFO] [1790214430.852614754] [sage_viewpoint_planner]: Search viewpoints: 4
[INFO] [1790214430.853130745] [sage_viewpoint_planner]: Arrival tolerance: 0.35 m
[INFO] [1790214430.853604320] [sage_viewpoint_planner]: Maximum planner step: 0.7 m
[INFO] [1790214430.854066866] [sage_viewpoint_planner]: Observation confidence threshold: 0.60
[INFO] [1790214430.855141388] [sage_viewpoint_planner]: Observation bbox-area threshold: 0.0100 (1% of image)
[INFO] [1790214430.855895158] [sage_viewpoint_planner]: Camera resolution for bbox measurement: 1280x960
[INFO] [1790214430.856554379] [sage_viewpoint_planner]: Image-border margin threshold: 0.02
[INFO] [1790214432.651655278] [sage_viewpoint_planner]: New target acquired | target_id=1
[INFO] [1790214433.351607632] [sage_viewpoint_planner]: PERSON OBSERVATION | confidence=0.653 | bbox_area_fraction=0.0110 | bbox_center_px=(745.6, 736.8) | image_position=(0.582, 0.768) | bbox_margin=0.104
[INFO] [1790214434.360761410] [sage_viewpoint_planner]: PERSON OBSERVATION | confidence=0.714 | bbox_area_fraction=0.0114 | bbox_center_px=(745.6, 750.8) | image_position=(0.582, 0.782) | bbox_margin=0.089
[INFO] [1790214435.579324956] [sage_viewpoint_planner]: PERSON OBSERVATION | confidence=0.341 | bbox_area_fraction=0.0117 | bbox_center_px=(752.5, 748.7) | image_position=(0.588, 0.780) | bbox_margin=0.091
[INFO] [1790214436.656382223] [sage_viewpoint_planner]: PERSON OBSERVATION | confidence=0.647 | bbox_area_fraction=0.0128 | bbox_center_px=(762.1, 741.8) | image_position=(0.595, 0.773) | bbox_margin=0.096
[INFO] [1790214437.774926384] [sage_viewpoint_planner]: PERSON OBSERVATION | confidence=0.799 | bbox_area_fraction=0.0207 | bbox_center_px=(784.0, 744.1) | image_position=(0.613, 0.775) | bbox_margin=0.093
[INFO] [1790214438.887162683] [sage_viewpoint_planner]: PERSON OBSERVATION | confidence=0.805 | bbox_area_fraction=0.0218 | bbox_center_px=(787.5, 747.0) | image_position=(0.615, 0.778) | bbox_margin=0.090
[INFO] [1790214440.083388670] [sage_viewpoint_planner]: PERSON OBSERVATION | confidence=0.797 | bbox_area_fraction=0.0203 | bbox_center_px=(788.1, 750.8) | image_position=(0.616, 0.782) | bbox_margin=0.086
[INFO] [1790214441.246993027] [sage_viewpoint_planner]: PERSON OBSERVATION | confidence=0.796 | bbox_area_fraction=0.0219 | bbox_center_px=(792.7, 770.5) | image_position=(0.619, 0.803) | bbox_margin=0.063
[INFO] [1790214441.413241204] [sage_viewpoint_planner]: MISSION ACCEPTED | target=person | attribute=None | quantity=all | output=locations | text='Find all people in this area and report their locations'
[INFO] [1790214441.484970626] [sage_viewpoint_planner]: New target acquired | target_id=1
[INFO] [1790214441.562312415] [sage_viewpoint_planner]: CANDIDATE STATUS | id=1 | track=(-0.2,4.2) | uav=(-0.1,0.1) | range=4.1 m | sufficient=True | matches_track=True | evidence=0.0/2.0 s
[INFO] [1790214442.518716794] [sage_viewpoint_planner]: PERSON OBSERVATION | confidence=0.836 | bbox_area_fraction=0.0223 | bbox_center_px=(806.7, 787.5) | image_position=(0.630, 0.820) | bbox_margin=0.039
[INFO] [1790214443.756608960] [sage_viewpoint_planner]: PERSON OBSERVATION | confidence=0.357 | bbox_area_fraction=0.0045 | bbox_center_px=(470.0, 620.3) | image_position=(0.367, 0.646) | bbox_margin=0.299
[INFO] [1790214445.036297007] [sage_viewpoint_planner]: PERSON OBSERVATION | confidence=0.832 | bbox_area_fraction=0.0327 | bbox_center_px=(399.5, 811.5) | image_position=(0.312, 0.845) | bbox_margin=0.001
[INFO] [1790214445.561710212] [sage_viewpoint_planner]: TARGET VERIFIED | id=1 | position=(-0.25, 4.11) | confidence=0.763 | evidence_points=11 | verified_total=1
[INFO] [1790214445.767798286] [sage_viewpoint_planner]: COVERAGE START | area x[-9,9] y[-9,9] | 9 waypoints | scan 3 s x 4 headings each
[INFO] [1790214446.071828411] [sage_viewpoint_planner]: PERSON OBSERVATION | confidence=0.697 | bbox_area_fraction=0.0214 | bbox_center_px=(741.6, 681.7) | image_position=(0.579, 0.710) | bbox_margin=0.164
[INFO] [1790214446.981781720] [sage_viewpoint_planner]: New target acquired | target_id=2
[INFO] [1790214447.161287225] [sage_viewpoint_planner]: CANDIDATE FOUND | leaving sweep to verify target_id=2
[INFO] [1790214447.162222402] [sage_viewpoint_planner]: CANDIDATE STATUS | id=2 | track=(-7.8,7.3) | uav=(4.1,5.0) | range=12.1 m | sufficient=False | matches_track=False | evidence=0.0/2.0 s
[INFO] [1790214447.331182739] [sage_viewpoint_planner]: PERSON OBSERVATION | confidence=0.572 | bbox_area_fraction=0.0041 | bbox_center_px=(917.0, 785.8) | image_position=(0.716, 0.819) | bbox_margin=0.119
[INFO] [1790214451.096955164] [sage_viewpoint_planner]: PERSON OBSERVATION | confidence=0.525 | bbox_area_fraction=0.0147 | bbox_center_px=(749.8, 692.8) | image_position=(0.586, 0.722) | bbox_margin=0.139
[INFO] [1790214451.162310084] [sage_viewpoint_planner]: CANDIDATE STATUS | id=2 | track=(-7.8,7.3) | uav=(-2.6,7.1) | range=5.2 m | sufficient=False | matches_track=False | evidence=0.0/2.0 s
[INFO] [1790214452.362535212] [sage_viewpoint_planner]: OBSERVATION INSUFFICIENT | viewpoint=1/4 | person_confidence=0.320 | bbox_area_fraction=0.0129 | fresh=True | confidence_ok=False | bbox_size_ok=True | position_ok=False | bbox_margin=0.002 | confidence_threshold=0.60 | bbox_threshold=0.0100
[INFO] [1790214452.363145261] [sage_viewpoint_planner]: ENERGY-AWARE SELECTION | chosen=4/4 | distance=4.3 m | est_cost_incl_return=1.0 % | unaffordable_skipped=0
[INFO] [1790214455.164723994] [sage_viewpoint_planner]: CANDIDATE STATUS | id=2 | track=(-7.8,7.3) | uav=(-7.3,4.7) | range=2.6 m | sufficient=False | matches_track=False | evidence=0.0/2.0 s
[INFO] [1790214455.572585949] [sage_viewpoint_planner]: OBSERVATION INSUFFICIENT | viewpoint=4/4 | person_confidence=0.320 | bbox_area_fraction=0.0129 | fresh=False | confidence_ok=False | bbox_size_ok=True | position_ok=False | bbox_margin=0.002 | confidence_threshold=0.60 | bbox_threshold=0.0100
[INFO] [1790214455.573220220] [sage_viewpoint_planner]: ENERGY-AWARE SELECTION | chosen=3/4 | distance=4.4 m | est_cost_incl_return=1.2 % | unaffordable_skipped=0
[INFO] [1790214455.645957378] [sage_viewpoint_planner]: PERSON OBSERVATION | confidence=0.860 | bbox_area_fraction=0.0361 | bbox_center_px=(471.6, 832.9) | image_position=(0.368, 0.868) | bbox_margin=0.000
[INFO] [1790214456.818654486] [sage_viewpoint_planner]: PERSON OBSERVATION | confidence=0.876 | bbox_area_fraction=0.0439 | bbox_center_px=(348.1, 803.5) | image_position=(0.272, 0.837) | bbox_margin=0.000
[INFO] [1790214457.973662911] [sage_viewpoint_planner]: PERSON OBSERVATION | confidence=0.439 | bbox_area_fraction=0.0151 | bbox_center_px=(1233.7, 754.0) | image_position=(0.964, 0.785) | bbox_margin=0.001
[INFO] [1790214459.108761742] [sage_viewpoint_planner]: PERSON OBSERVATION | confidence=0.608 | bbox_area_fraction=0.0245 | bbox_center_px=(912.3, 734.7) | image_position=(0.713, 0.765) | bbox_margin=0.101
[INFO] [1790214459.360663531] [sage_viewpoint_planner]: CANDIDATE STATUS | id=2 | track=(-7.8,7.3) | uav=(-10.9,6.9) | range=3.1 m | sufficient=True | matches_track=True | evidence=0.0/2.0 s
[INFO] [1790214459.561839593] [sage_viewpoint_planner]: OBSERVATION SUFFICIENT | viewpoint=3/4 | person_confidence=0.608 | bbox_area_fraction=0.0245 | fresh=True | confidence_ok=True | bbox_size_ok=True | position_ok=True | bbox_margin=0.101 | confidence_threshold=0.60 | bbox_threshold=0.0100 | HOLDING VIEWPOINT.
[INFO] [1790214460.170526562] [sage_viewpoint_planner]: OBSERVATION QUALITY LOST | fresh=True | confidence_ok=False | bbox_size_ok=True | position_ok=True | resuming active search.
[INFO] [1790214460.181671571] [sage_viewpoint_planner]: OBSERVATION INSUFFICIENT | viewpoint=3/4 | person_confidence=0.558 | bbox_area_fraction=0.0112 | fresh=True | confidence_ok=False | bbox_size_ok=True | position_ok=True | bbox_margin=0.216 | confidence_threshold=0.60 | bbox_threshold=0.0100
[INFO] [1790214460.182313457] [sage_viewpoint_planner]: ENERGY-AWARE SELECTION | chosen=2/4 | distance=4.5 m | est_cost_incl_return=1.2 % | unaffordable_skipped=0
[INFO] [1790214460.316768361] [sage_viewpoint_planner]: PERSON OBSERVATION | confidence=0.415 | bbox_area_fraction=0.0024 | bbox_center_px=(115.1, 457.5) | image_position=(0.090, 0.477) | bbox_margin=0.072
[INFO] [1790214461.327295404] [sage_viewpoint_planner]: PERSON OBSERVATION | confidence=0.429 | bbox_area_fraction=0.0012 | bbox_center_px=(213.5, 499.9) | image_position=(0.167, 0.521) | bbox_margin=0.156
[INFO] [1790214463.361643180] [sage_viewpoint_planner]: CANDIDATE STATUS | id=2 | track=(-7.8,7.3) | uav=(-8.4,9.8) | range=2.6 m | sufficient=False | matches_track=False | evidence=0.8/2.0 s
[INFO] [1790214463.775392415] [sage_viewpoint_planner]: OBSERVATION INSUFFICIENT | viewpoint=2/4 | person_confidence=0.702 | bbox_area_fraction=0.0192 | fresh=False | confidence_ok=True | bbox_size_ok=True | position_ok=True | bbox_margin=0.049 | confidence_threshold=0.60 | bbox_threshold=0.0100
[INFO] [1790214463.779108663] [sage_viewpoint_planner]: SEARCH CYCLE COMPLETE | starting next cycle.
[INFO] [1790214463.780123053] [sage_viewpoint_planner]: ENERGY-AWARE SELECTION | chosen=3/4 | distance=4.0 m | est_cost_incl_return=1.2 % | unaffordable_skipped=0
[INFO] [1790214463.788660923] [sage_viewpoint_planner]: PERSON OBSERVATION | confidence=0.508 | bbox_area_fraction=0.0019 | bbox_center_px=(1182.0, 562.0) | image_position=(0.923, 0.585) | bbox_margin=0.062
[INFO] [1790214464.965412104] [sage_viewpoint_planner]: PERSON OBSERVATION | confidence=0.815 | bbox_area_fraction=0.0246 | bbox_center_px=(856.1, 772.3) | image_position=(0.669, 0.804) | bbox_margin=0.072
[INFO] [1790214466.098312798] [sage_viewpoint_planner]: PERSON OBSERVATION | confidence=0.722 | bbox_area_fraction=0.0072 | bbox_center_px=(153.6, 649.1) | image_position=(0.120, 0.676) | bbox_margin=0.090
[INFO] [1790214467.174248480] [sage_viewpoint_planner]: PERSON OBSERVATION | confidence=0.769 | bbox_area_fraction=0.0350 | bbox_center_px=(260.9, 808.0) | image_position=(0.204, 0.842) | bbox_margin=0.002
[INFO] [1790214467.362267064] [sage_viewpoint_planner]: CANDIDATE STATUS | id=2 | track=(-7.8,7.3) | uav=(-10.6,7.8) | range=2.8 m | sufficient=False | matches_track=False | evidence=0.0/2.0 s
[INFO] [1790214467.767748720] [sage_viewpoint_planner]: OBSERVATION INSUFFICIENT | viewpoint=3/4 | person_confidence=0.493 | bbox_area_fraction=0.0012 | fresh=True | confidence_ok=False | bbox_size_ok=False | position_ok=True | bbox_margin=0.157 | confidence_threshold=0.60 | bbox_threshold=0.0100
[INFO] [1790214467.768476658] [sage_viewpoint_planner]: ENERGY-AWARE SELECTION | chosen=4/4 | distance=4.4 m | est_cost_incl_return=1.0 % | unaffordable_skipped=0
[INFO] [1790214468.398669420] [sage_viewpoint_planner]: PERSON OBSERVATION | confidence=0.309 | bbox_area_fraction=0.0013 | bbox_center_px=(269.4, 527.2) | image_position=(0.210, 0.549) | bbox_margin=0.198
[INFO] [1790214469.529927892] [sage_viewpoint_planner]: PERSON OBSERVATION | confidence=0.771 | bbox_area_fraction=0.0193 | bbox_center_px=(258.7, 515.4) | image_position=(0.202, 0.537) | bbox_margin=0.158
[INFO] [1790214471.368011536] [sage_viewpoint_planner]: OBSERVATION INSUFFICIENT | viewpoint=4/4 | person_confidence=0.771 | bbox_area_fraction=0.0193 | fresh=False | confidence_ok=True | bbox_size_ok=True | position_ok=True | bbox_margin=0.158 | confidence_threshold=0.60 | bbox_threshold=0.0100
[INFO] [1790214471.369226596] [sage_viewpoint_planner]: ENERGY-AWARE SELECTION | chosen=1/4 | distance=4.3 m | est_cost_incl_return=1.0 % | unaffordable_skipped=0
[INFO] [1790214471.561652668] [sage_viewpoint_planner]: CANDIDATE STATUS | id=2 | track=(-7.8,7.3) | uav=(-7.9,4.2) | range=3.0 m | sufficient=False | matches_track=False | evidence=0.8/2.0 s
[INFO] [1790214471.881199612] [sage_viewpoint_planner]: PERSON OBSERVATION | confidence=0.880 | bbox_area_fraction=0.0471 | bbox_center_px=(253.5, 809.0) | image_position=(0.198, 0.843) | bbox_margin=0.000
[INFO] [1790214475.166782773] [sage_viewpoint_planner]: OBSERVATION INSUFFICIENT | viewpoint=1/4 | person_confidence=0.801 | bbox_area_fraction=0.0523 | fresh=False | confidence_ok=True | bbox_size_ok=True | position_ok=True | bbox_margin=0.043 | confidence_threshold=0.60 | bbox_threshold=0.0100
[INFO] [1790214475.167946545] [sage_viewpoint_planner]: SEARCH CYCLE COMPLETE | starting next cycle.
[INFO] [1790214475.170360807] [sage_viewpoint_planner]: ENERGY-AWARE SELECTION | chosen=4/4 | distance=4.0 m | est_cost_incl_return=1.0 % | unaffordable_skipped=0
[INFO] [1790214475.768903177] [sage_viewpoint_planner]: CANDIDATE STATUS | id=2 | track=(-7.8,7.3) | uav=(-4.6,7.1) | range=3.2 m | sufficient=False | matches_track=False | evidence=0.0/2.0 s
[INFO] [1790214478.327459503] [sage_viewpoint_planner]: PERSON OBSERVATION | confidence=0.649 | bbox_area_fraction=0.0190 | bbox_center_px=(758.4, 889.4) | image_position=(0.592, 0.926) | bbox_margin=0.001
[INFO] [1790214478.964294290] [sage_viewpoint_planner]: OBSERVATION INSUFFICIENT | viewpoint=4/4 | person_confidence=0.869 | bbox_area_fraction=0.0388 | fresh=True | confidence_ok=True | bbox_size_ok=True | position_ok=False | bbox_margin=0.001 | confidence_threshold=0.60 | bbox_threshold=0.0100
[INFO] [1790214478.964979435] [sage_viewpoint_planner]: ENERGY-AWARE SELECTION | chosen=3/4 | distance=4.5 m | est_cost_incl_return=1.2 % | unaffordable_skipped=0
[INFO] [1790214479.376040016] [sage_viewpoint_planner]: PERSON OBSERVATION | confidence=0.835 | bbox_area_fraction=0.0460 | bbox_center_px=(263.6, 780.6) | image_position=(0.206, 0.813) | bbox_margin=0.000
[INFO] [1790214479.960686957] [sage_viewpoint_planner]: CANDIDATE STATUS | id=2 | track=(-7.8,7.3) | uav=(-8.0,4.1) | range=3.2 m | sufficient=False | matches_track=False | evidence=0.0/2.0 s
[INFO] [1790214480.594062677] [sage_viewpoint_planner]: PERSON OBSERVATION | confidence=0.823 | bbox_area_fraction=0.0256 | bbox_center_px=(546.4, 680.7) | image_position=(0.427, 0.709) | bbox_margin=0.159
[INFO] [1790214481.836994858] [sage_viewpoint_planner]: PERSON OBSERVATION | confidence=0.534 | bbox_area_fraction=0.0051 | bbox_center_px=(665.2, 707.2) | image_position=(0.520, 0.737) | bbox_margin=0.207
[INFO] [1790214482.765627354] [sage_viewpoint_planner]: OBSERVATION INSUFFICIENT | viewpoint=3/4 | person_confidence=0.509 | bbox_area_fraction=0.0504 | fresh=True | confidence_ok=False | bbox_size_ok=True | position_ok=False | bbox_margin=0.014 | confidence_threshold=0.60 | bbox_threshold=0.0100
[INFO] [1790214482.766443577] [sage_viewpoint_planner]: ENERGY-AWARE SELECTION | chosen=2/4 | distance=4.5 m | est_cost_incl_return=1.2 % | unaffordable_skipped=0
[INFO] [1790214482.932456098] [sage_viewpoint_planner]: PERSON OBSERVATION | confidence=0.603 | bbox_area_fraction=0.0149 | bbox_center_px=(672.4, 650.4) | image_position=(0.525, 0.677) | bbox_margin=0.225
[INFO] [1790214483.964781655] [sage_viewpoint_planner]: CANDIDATE STATUS | id=2 | track=(-7.8,7.3) | uav=(-11.1,7.5) | range=3.3 m | sufficient=True | matches_track=False | evidence=1.2/2.0 s
[INFO] [1790214484.176704315] [sage_viewpoint_planner]: PERSON OBSERVATION | confidence=0.616 | bbox_area_fraction=0.0119 | bbox_center_px=(573.1, 630.4) | image_position=(0.448, 0.657) | bbox_margin=0.252
[INFO] [1790214485.419470018] [sage_viewpoint_planner]: PERSON OBSERVATION | confidence=0.714 | bbox_area_fraction=0.0217 | bbox_center_px=(1131.2, 509.7) | image_position=(0.884, 0.531) | bbox_margin=0.067
[INFO] [1790214486.366410931] [sage_viewpoint_planner]: OBSERVATION INSUFFICIENT | viewpoint=2/4 | person_confidence=0.821 | bbox_area_fraction=0.0422 | fresh=True | confidence_ok=True | bbox_size_ok=True | position_ok=False | bbox_margin=0.000 | confidence_threshold=0.60 | bbox_threshold=0.0100
[INFO] [1790214486.368854809] [sage_viewpoint_planner]: SEARCH CYCLE COMPLETE | starting next cycle.
[INFO] [1790214486.378329281] [sage_viewpoint_planner]: ENERGY-AWARE SELECTION | chosen=3/4 | distance=4.0 m | est_cost_incl_return=1.2 % | unaffordable_skipped=0
[INFO] [1790214486.628628020] [sage_viewpoint_planner]: PERSON OBSERVATION | confidence=0.824 | bbox_area_fraction=0.0373 | bbox_center_px=(1037.9, 789.7) | image_position=(0.811, 0.823) | bbox_margin=0.042
[INFO] [1790214487.862012807] [sage_viewpoint_planner]: PERSON OBSERVATION | confidence=0.755 | bbox_area_fraction=0.0195 | bbox_center_px=(730.0, 669.9) | image_position=(0.570, 0.698) | bbox_margin=0.199
[INFO] [1790214488.161262985] [sage_viewpoint_planner]: CANDIDATE STATUS | id=2 | track=(-7.8,7.3) | uav=(-8.4,9.8) | range=2.6 m | sufficient=True | matches_track=False | evidence=0.0/2.0 s
[INFO] [1790214489.659308833] [sage_viewpoint_planner]: PERSON OBSERVATION | confidence=0.646 | bbox_area_fraction=0.0075 | bbox_center_px=(40.9, 629.2) | image_position=(0.032, 0.655) | bbox_margin=0.004
[INFO] [1790214490.367043388] [sage_viewpoint_planner]: OBSERVATION INSUFFICIENT | viewpoint=3/4 | person_confidence=0.573 | bbox_area_fraction=0.0183 | fresh=True | confidence_ok=False | bbox_size_ok=True | position_ok=True | bbox_margin=0.132 | confidence_threshold=0.60 | bbox_threshold=0.0100
[INFO] [1790214490.372881318] [sage_viewpoint_planner]: ENERGY-AWARE SELECTION | chosen=4/4 | distance=4.3 m | est_cost_incl_return=1.0 % | unaffordable_skipped=0
[INFO] [1790214490.665874159] [sage_viewpoint_planner]: PERSON OBSERVATION | confidence=0.491 | bbox_area_fraction=0.0152 | bbox_center_px=(619.0, 661.4) | image_position=(0.484, 0.689) | bbox_margin=0.199
[INFO] [1790214491.909553513] [sage_viewpoint_planner]: PERSON OBSERVATION | confidence=0.669 | bbox_area_fraction=0.0112 | bbox_center_px=(445.2, 544.6) | image_position=(0.348, 0.567) | bbox_margin=0.320
[WARN] [1790214492.162798490] [sage_viewpoint_planner]: CANDIDATE REJECTED | id=2 | not confirmed in 45 s | resuming coverage.
[INFO] [1790214494.505977311] [sage_viewpoint_planner]: PERSON OBSERVATION | confidence=0.689 | bbox_area_fraction=0.0318 | bbox_center_px=(511.9, 605.6) | image_position=(0.400, 0.631) | bbox_margin=0.227
[INFO] [1790214496.683530239] [sage_viewpoint_planner]: PERSON OBSERVATION | confidence=0.678 | bbox_area_fraction=0.0429 | bbox_center_px=(197.5, 673.3) | image_position=(0.154, 0.701) | bbox_margin=0.064
[INFO] [1790214496.784346000] [sage_viewpoint_planner]: New target acquired | target_id=3
[INFO] [1790214496.964647576] [sage_viewpoint_planner]: CANDIDATE FOUND | leaving sweep to verify target_id=3
[INFO] [1790214496.965481838] [sage_viewpoint_planner]: CANDIDATE STATUS | id=3 | track=(-5.8,7.2) | uav=(-1.6,6.3) | range=4.3 m | sufficient=True | matches_track=False | evidence=0.0/2.0 s
[INFO] [1790214501.170200934] [sage_viewpoint_planner]: CANDIDATE STATUS | id=3 | track=(-5.8,7.2) | uav=(2.5,6.4) | range=8.4 m | sufficient=False | matches_track=False | evidence=0.0/2.0 s
[INFO] [1790214502.043476025] [sage_viewpoint_planner]: PERSON OBSERVATION | confidence=0.420 | bbox_area_fraction=0.0039 | bbox_center_px=(726.0, 551.9) | image_position=(0.567, 0.575) | bbox_margin=0.354
[INFO] [1790214503.086340964] [sage_viewpoint_planner]: PERSON OBSERVATION | confidence=0.601 | bbox_area_fraction=0.0227 | bbox_center_px=(1003.2, 872.8) | image_position=(0.784, 0.909) | bbox_margin=0.003
[INFO] [1790214504.171775894] [sage_viewpoint_planner]: OBSERVATION INSUFFICIENT | viewpoint=1/4 | person_confidence=0.510 | bbox_area_fraction=0.0158 | fresh=True | confidence_ok=False | bbox_size_ok=True | position_ok=False | bbox_margin=0.002 | confidence_threshold=0.60 | bbox_threshold=0.0100
[INFO] [1790214504.172506802] [sage_viewpoint_planner]: ENERGY-AWARE SELECTION | chosen=2/4 | distance=4.3 m | est_cost_incl_return=1.1 % | unaffordable_skipped=0
[INFO] [1790214504.231185714] [sage_viewpoint_planner]: PERSON OBSERVATION | confidence=0.525 | bbox_area_fraction=0.0171 | bbox_center_px=(664.3, 844.6) | image_position=(0.519, 0.880) | bbox_margin=0.000
[INFO] [1790214505.363757632] [sage_viewpoint_planner]: CANDIDATE STATUS | id=3 | track=(-5.8,7.0) | uav=(-2.8,7.9) | range=3.1 m | sufficient=False | matches_track=False | evidence=0.0/2.0 s
[INFO] [1790214505.681685059] [sage_viewpoint_planner]: PERSON OBSERVATION | confidence=0.610 | bbox_area_fraction=0.0197 | bbox_center_px=(496.5, 729.1) | image_position=(0.388, 0.759) | bbox_margin=0.101
[INFO] [1790214506.764559322] [sage_viewpoint_planner]: PERSON OBSERVATION | confidence=0.760 | bbox_area_fraction=0.0136 | bbox_center_px=(904.2, 861.2) | image_position=(0.706, 0.897) | bbox_margin=0.000
[INFO] [1790214507.764501784] [sage_viewpoint_planner]: OBSERVATION INSUFFICIENT | viewpoint=2/4 | person_confidence=0.672 | bbox_area_fraction=0.0085 | fresh=True | confidence_ok=True | bbox_size_ok=False | position_ok=True | bbox_margin=0.258 | confidence_threshold=0.60 | bbox_threshold=0.0100
[INFO] [1790214507.765617930] [sage_viewpoint_planner]: ENERGY-AWARE SELECTION | chosen=3/4 | distance=4.7 m | est_cost_incl_return=1.2 % | unaffordable_skipped=0
[INFO] [1790214507.847083656] [sage_viewpoint_planner]: PERSON OBSERVATION | confidence=0.861 | bbox_area_fraction=0.0563 | bbox_center_px=(287.0, 830.4) | image_position=(0.224, 0.865) | bbox_margin=0.000
[INFO] [1790214509.119680009] [sage_viewpoint_planner]: PERSON OBSERVATION | confidence=0.770 | bbox_area_fraction=0.0280 | bbox_center_px=(471.6, 672.1) | image_position=(0.368, 0.700) | bbox_margin=0.175
[INFO] [1790214509.561502171] [sage_viewpoint_planner]: CANDIDATE STATUS | id=3 | track=(-6.4,6.6) | uav=(-6.4,9.6) | range=3.1 m | sufficient=False | matches_track=False | evidence=1.2/2.0 s
[INFO] [1790214511.311864134] [sage_viewpoint_planner]: PERSON OBSERVATION | confidence=0.552 | bbox_area_fraction=0.0082 | bbox_center_px=(184.2, 669.2) | image_position=(0.144, 0.697) | bbox_margin=0.115
[INFO] [1790214511.762253685] [sage_viewpoint_planner]: OBSERVATION INSUFFICIENT | viewpoint=3/4 | person_confidence=0.659 | bbox_area_fraction=0.0209 | fresh=True | confidence_ok=True | bbox_size_ok=True | position_ok=False | bbox_margin=0.006 | confidence_threshold=0.60 | bbox_threshold=0.0100
[INFO] [1790214511.763077124] [sage_viewpoint_planner]: ENERGY-AWARE SELECTION | chosen=4/4 | distance=4.2 m | est_cost_incl_return=0.9 % | unaffordable_skipped=0
[INFO] [1790214512.424976910] [sage_viewpoint_planner]: PERSON OBSERVATION | confidence=0.816 | bbox_area_fraction=0.0303 | bbox_center_px=(641.5, 812.7) | image_position=(0.501, 0.847) | bbox_margin=0.002
[INFO] [1790214513.470928216] [sage_viewpoint_planner]: PERSON OBSERVATION | confidence=0.728 | bbox_area_fraction=0.0211 | bbox_center_px=(495.6, 698.7) | image_position=(0.387, 0.728) | bbox_margin=0.127
[INFO] [1790214513.561993778] [sage_viewpoint_planner]: CANDIDATE STATUS | id=3 | track=(-6.1,7.0) | uav=(-8.7,6.1) | range=2.8 m | sufficient=True | matches_track=True | evidence=1.4/2.0 s
[INFO] [1790214514.167275395] [sage_viewpoint_planner]: TARGET VERIFIED | id=3 | position=(-6.13, 6.93) | confidence=0.728 | evidence_points=11 | verified_total=2
[INFO] [1790214515.309312032] [sage_viewpoint_planner]: PERSON OBSERVATION | confidence=0.853 | bbox_area_fraction=0.0498 | bbox_center_px=(281.8, 839.3) | image_position=(0.220, 0.874) | bbox_margin=0.001
[INFO] [1790214515.404910840] [sage_viewpoint_planner]: New target acquired | target_id=5
[INFO] [1790214515.560670156] [sage_viewpoint_planner]: CANDIDATE FOUND | leaving sweep to verify target_id=5
[INFO] [1790214516.693423800] [sage_viewpoint_planner]: PERSON OBSERVATION | confidence=0.428 | bbox_area_fraction=0.0035 | bbox_center_px=(118.2, 543.5) | image_position=(0.092, 0.566) | bbox_margin=0.072
[INFO] [1790214517.563740585] [sage_viewpoint_planner]: CANDIDATE STATUS | id=5 | track=(5.4,-6.8) | uav=(-4.3,2.8) | range=13.6 m | sufficient=False | matches_track=False | evidence=0.0/2.0 s
[INFO] [1790214518.805942775] [sage_viewpoint_planner]: PERSON OBSERVATION | confidence=0.772 | bbox_area_fraction=0.0304 | bbox_center_px=(126.6, 787.6) | image_position=(0.099, 0.820) | bbox_margin=0.042
[INFO] [1790214521.768823387] [sage_viewpoint_planner]: CANDIDATE STATUS | id=5 | track=(5.4,-6.8) | uav=(4.5,-3.9) | range=3.1 m | sufficient=False | matches_track=False | evidence=0.0/2.0 s
[INFO] [1790214523.373378115] [sage_viewpoint_planner]: PERSON OBSERVATION | confidence=0.565 | bbox_area_fraction=0.0278 | bbox_center_px=(865.3, 887.9) | image_position=(0.676, 0.925) | bbox_margin=0.002
[INFO] [1790214523.562460790] [sage_viewpoint_planner]: OBSERVATION INSUFFICIENT | viewpoint=1/4 | person_confidence=0.565 | bbox_area_fraction=0.0278 | fresh=True | confidence_ok=False | bbox_size_ok=True | position_ok=False | bbox_margin=0.002 | confidence_threshold=0.60 | bbox_threshold=0.0100
[INFO] [1790214523.563751762] [sage_viewpoint_planner]: ENERGY-AWARE SELECTION | chosen=2/4 | distance=3.3 m | est_cost_incl_return=0.8 % | unaffordable_skipped=0
[INFO] [1790214524.609605169] [sage_viewpoint_planner]: PERSON OBSERVATION | confidence=0.624 | bbox_area_fraction=0.0725 | bbox_center_px=(392.0, 759.8) | image_position=(0.306, 0.791) | bbox_margin=0.004
[INFO] [1790214525.962538834] [sage_viewpoint_planner]: CANDIDATE STATUS | id=5 | track=(5.4,-6.8) | uav=(6.3,-5.4) | range=1.7 m | sufficient=False | matches_track=False | evidence=0.0/2.0 s
[INFO] [1790214527.166913736] [sage_viewpoint_planner]: OBSERVATION INSUFFICIENT | viewpoint=2/4 | person_confidence=0.844 | bbox_area_fraction=0.0687 | fresh=False | confidence_ok=True | bbox_size_ok=True | position_ok=False | bbox_margin=0.001 | confidence_threshold=0.60 | bbox_threshold=0.0100
[INFO] [1790214527.167492007] [sage_viewpoint_planner]: ENERGY-AWARE SELECTION | chosen=3/4 | distance=4.0 m | est_cost_incl_return=0.9 % | unaffordable_skipped=0
[INFO] [1790214527.794306475] [sage_viewpoint_planner]: PERSON OBSERVATION | confidence=0.667 | bbox_area_fraction=0.0296 | bbox_center_px=(628.7, 875.5) | image_position=(0.491, 0.912) | bbox_margin=0.000
[INFO] [1790214528.840469713] [sage_viewpoint_planner]: PERSON OBSERVATION | confidence=0.843 | bbox_area_fraction=0.0407 | bbox_center_px=(578.5, 798.9) | image_position=(0.452, 0.832) | bbox_margin=0.001
[INFO] [1790214530.167904968] [sage_viewpoint_planner]: CANDIDATE STATUS | id=5 | track=(5.1,-6.5) | uav=(3.3,-5.9) | range=1.9 m | sufficient=False | matches_track=False | evidence=0.0/2.0 s
[INFO] [1790214531.367796682] [sage_viewpoint_planner]: OBSERVATION INSUFFICIENT | viewpoint=3/4 | person_confidence=0.843 | bbox_area_fraction=0.0407 | fresh=False | confidence_ok=True | bbox_size_ok=True | position_ok=False | bbox_margin=0.001 | confidence_threshold=0.60 | bbox_threshold=0.0100
[INFO] [1790214531.378557615] [sage_viewpoint_planner]: ENERGY-AWARE SELECTION | chosen=4/4 | distance=3.8 m | est_cost_incl_return=1.1 % | unaffordable_skipped=0
[INFO] [1790214531.816946238] [sage_viewpoint_planner]: PERSON OBSERVATION | confidence=0.765 | bbox_area_fraction=0.0391 | bbox_center_px=(825.5, 812.8) | image_position=(0.645, 0.847) | bbox_margin=0.000
[INFO] [1790214532.881227038] [sage_viewpoint_planner]: PERSON OBSERVATION | confidence=0.628 | bbox_area_fraction=0.0252 | bbox_center_px=(595.7, 668.4) | image_position=(0.465, 0.696) | bbox_margin=0.152
[INFO] [1790214534.361659778] [sage_viewpoint_planner]: CANDIDATE STATUS | id=5 | track=(5.3,-6.0) | uav=(4.6,-8.8) | range=2.9 m | sufficient=False | matches_track=False | evidence=0.8/2.0 s
[INFO] [1790214534.618599310] [sage_viewpoint_planner]: PERSON OBSERVATION | confidence=0.573 | bbox_area_fraction=0.0009 | bbox_center_px=(843.9, 484.9) | image_position=(0.659, 0.505) | bbox_margin=0.332
[INFO] [1790214534.964243265] [sage_viewpoint_planner]: OBSERVATION INSUFFICIENT | viewpoint=4/4 | person_confidence=0.573 | bbox_area_fraction=0.0009 | fresh=True | confidence_ok=False | bbox_size_ok=False | position_ok=True | bbox_margin=0.332 | confidence_threshold=0.60 | bbox_threshold=0.0100
[INFO] [1790214534.964796884] [sage_viewpoint_planner]: SEARCH CYCLE COMPLETE | starting next cycle.
[INFO] [1790214534.965339894] [sage_viewpoint_planner]: ENERGY-AWARE SELECTION | chosen=3/4 | distance=4.2 m | est_cost_incl_return=0.8 % | unaffordable_skipped=0
[INFO] [1790214535.831519790] [sage_viewpoint_planner]: PERSON OBSERVATION | confidence=0.776 | bbox_area_fraction=0.0238 | bbox_center_px=(670.4, 701.2) | image_position=(0.524, 0.730) | bbox_margin=0.128
[INFO] [1790214536.966742456] [sage_viewpoint_planner]: TARGET VERIFIED | id=5 | position=(5.14, -5.74) | confidence=0.746 | evidence_points=11 | verified_total=3
[INFO] [1790214538.444196964] [sage_viewpoint_planner]: PERSON OBSERVATION | confidence=0.581 | bbox_area_fraction=0.1150 | bbox_center_px=(1013.3, 754.2) | image_position=(0.792, 0.786) | bbox_margin=0.031
[INFO] [1790214540.177732253] [sage_viewpoint_planner]: PERSON OBSERVATION | confidence=0.376 | bbox_area_fraction=0.0034 | bbox_center_px=(814.3, 496.9) | image_position=(0.636, 0.518) | bbox_margin=0.347
[INFO] [1790214540.502430266] [sage_viewpoint_planner]: New target acquired | target_id=4
[INFO] [1790214540.561324465] [sage_viewpoint_planner]: CANDIDATE FOUND | leaving sweep to verify target_id=4
[INFO] [1790214540.562152900] [sage_viewpoint_planner]: CANDIDATE STATUS | id=4 | track=(7.5,-7.7) | uav=(4.5,-2.4) | range=6.0 m | sufficient=False | matches_track=False | evidence=0.0/2.0 s
[INFO] [1790214541.186938105] [sage_viewpoint_planner]: PERSON OBSERVATION | confidence=0.766 | bbox_area_fraction=0.0120 | bbox_center_px=(1191.3, 585.1) | image_position=(0.931, 0.609) | bbox_margin=0.033
[INFO] [1790214544.763334432] [sage_viewpoint_planner]: CANDIDATE STATUS | id=4 | track=(7.5,-7.7) | uav=(5.9,3.7) | range=11.6 m | sufficient=False | matches_track=False | evidence=0.0/2.0 s
[INFO] [1790214548.763534565] [sage_viewpoint_planner]: CANDIDATE STATUS | id=4 | track=(7.5,-7.7) | uav=(5.6,3.6) | range=11.5 m | sufficient=False | matches_track=False | evidence=0.0/2.0 s
[INFO] [1790214552.960909941] [sage_viewpoint_planner]: CANDIDATE STATUS | id=4 | track=(7.5,-7.7) | uav=(5.6,3.7) | range=11.6 m | sufficient=False | matches_track=False | evidence=0.0/2.0 s
[INFO] [1790214557.166500619] [sage_viewpoint_planner]: CANDIDATE STATUS | id=4 | track=(7.5,-7.7) | uav=(5.7,3.7) | range=11.5 m | sufficient=False | matches_track=False | evidence=0.0/2.0 s
[INFO] [1790214561.362140191] [sage_viewpoint_planner]: CANDIDATE STATUS | id=4 | track=(7.5,-7.7) | uav=(5.7,3.6) | range=11.5 m | sufficient=False | matches_track=False | evidence=0.0/2.0 s
[INFO] [1790214565.365328697] [sage_viewpoint_planner]: CANDIDATE STATUS | id=4 | track=(7.5,-7.7) | uav=(5.7,3.6) | range=11.5 m | sufficient=False | matches_track=False | evidence=0.0/2.0 s
[INFO] [1790214569.564292775] [sage_viewpoint_planner]: CANDIDATE STATUS | id=4 | track=(7.5,-7.7) | uav=(5.6,3.6) | range=11.4 m | sufficient=False | matches_track=False | evidence=0.0/2.0 s
[INFO] [1790214573.763257607] [sage_viewpoint_planner]: CANDIDATE STATUS | id=4 | track=(7.5,-7.7) | uav=(5.7,3.6) | range=11.4 m | sufficient=False | matches_track=False | evidence=0.0/2.0 s
[INFO] [1790214577.775017645] [sage_viewpoint_planner]: CANDIDATE STATUS | id=4 | track=(7.5,-7.7) | uav=(5.6,3.6) | range=11.4 m | sufficient=False | matches_track=False | evidence=0.0/2.0 s
[INFO] [1790214581.962893402] [sage_viewpoint_planner]: CANDIDATE STATUS | id=4 | track=(7.5,-7.7) | uav=(5.7,3.5) | range=11.4 m | sufficient=False | matches_track=False | evidence=0.0/2.0 s
[WARN] [1790214585.562145359] [sage_viewpoint_planner]: CANDIDATE REJECTED | id=4 | not confirmed in 45 s | resuming coverage.
[INFO] [1790214588.570760329] [sage_viewpoint_planner]: COVERAGE WAYPOINT | 1/9 at (6.0, 6.0) | scanning
[INFO] [1790214596.930124477] [sage_viewpoint_planner]: PERSON OBSERVATION | confidence=0.444 | bbox_area_fraction=0.0034 | bbox_center_px=(958.2, 567.3) | image_position=(0.749, 0.591) | bbox_margin=0.235
[INFO] [1790214598.286839119] [sage_viewpoint_planner]: PERSON OBSERVATION | confidence=0.532 | bbox_area_fraction=0.0124 | bbox_center_px=(852.5, 626.8) | image_position=(0.666, 0.653) | bbox_margin=0.258
[INFO] [1790214599.850261647] [sage_viewpoint_planner]: PERSON OBSERVATION | confidence=0.497 | bbox_area_fraction=0.0130 | bbox_center_px=(541.0, 607.5) | image_position=(0.423, 0.633) | bbox_margin=0.279
[INFO] [1790214602.082984604] [sage_viewpoint_planner]: PERSON OBSERVATION | confidence=0.335 | bbox_area_fraction=0.0014 | bbox_center_px=(720.0, 548.3) | image_position=(0.563, 0.571) | bbox_margin=0.390
[INFO] [1790214603.784498987] [sage_viewpoint_planner]: PERSON OBSERVATION | confidence=0.391 | bbox_area_fraction=0.0020 | bbox_center_px=(647.5, 441.3) | image_position=(0.506, 0.460) | bbox_margin=0.415
[INFO] [1790214604.788437128] [sage_viewpoint_planner]: PERSON OBSERVATION | confidence=0.456 | bbox_area_fraction=0.0021 | bbox_center_px=(648.5, 498.2) | image_position=(0.507, 0.519) | bbox_margin=0.435
[INFO] [1790214605.563117023] [sage_viewpoint_planner]: COVERAGE WAYPOINT | 2/9 at (6.0, 0.0) | scanning
[INFO] [1790214606.021562317] [sage_viewpoint_planner]: PERSON OBSERVATION | confidence=0.583 | bbox_area_fraction=0.0042 | bbox_center_px=(582.1, 722.7) | image_position=(0.455, 0.753) | bbox_margin=0.170
[INFO] [1790214607.120991185] [sage_viewpoint_planner]: PERSON OBSERVATION | confidence=0.741 | bbox_area_fraction=0.0168 | bbox_center_px=(66.5, 764.4) | image_position=(0.052, 0.796) | bbox_margin=0.019
[INFO] [1790214611.519297088] [sage_viewpoint_planner]: PERSON OBSERVATION | confidence=0.546 | bbox_area_fraction=0.0154 | bbox_center_px=(1209.6, 649.0) | image_position=(0.945, 0.676) | bbox_margin=0.021
[INFO] [1790214613.687387327] [sage_viewpoint_planner]: PERSON OBSERVATION | confidence=0.668 | bbox_area_fraction=0.0108 | bbox_center_px=(1078.3, 622.6) | image_position=(0.842, 0.648) | bbox_margin=0.127
[INFO] [1790214614.875604835] [sage_viewpoint_planner]: PERSON OBSERVATION | confidence=0.702 | bbox_area_fraction=0.0152 | bbox_center_px=(109.7, 643.5) | image_position=(0.086, 0.670) | bbox_margin=0.045
[INFO] [1790214615.915765420] [sage_viewpoint_planner]: PERSON OBSERVATION | confidence=0.659 | bbox_area_fraction=0.0069 | bbox_center_px=(388.4, 618.0) | image_position=(0.303, 0.644) | bbox_margin=0.280
[INFO] [1790214617.292274746] [sage_viewpoint_planner]: PERSON OBSERVATION | confidence=0.491 | bbox_area_fraction=0.0120 | bbox_center_px=(986.3, 649.2) | image_position=(0.771, 0.676) | bbox_margin=0.198
[INFO] [1790214618.600987782] [sage_viewpoint_planner]: PERSON OBSERVATION | confidence=0.650 | bbox_area_fraction=0.0071 | bbox_center_px=(537.2, 631.9) | image_position=(0.420, 0.658) | bbox_margin=0.260
[INFO] [1790214619.724313026] [sage_viewpoint_planner]: PERSON OBSERVATION | confidence=0.642 | bbox_area_fraction=0.0060 | bbox_center_px=(704.4, 472.4) | image_position=(0.550, 0.492) | bbox_margin=0.416
[INFO] [1790214620.924767949] [sage_viewpoint_planner]: PERSON OBSERVATION | confidence=0.619 | bbox_area_fraction=0.0086 | bbox_center_px=(603.3, 525.0) | image_position=(0.471, 0.547) | bbox_margin=0.358
[INFO] [1790214622.312799016] [sage_viewpoint_planner]: PERSON OBSERVATION | confidence=0.770 | bbox_area_fraction=0.0467 | bbox_center_px=(477.9, 843.2) | image_position=(0.373, 0.878) | bbox_margin=0.002
[INFO] [1790214622.363503353] [sage_viewpoint_planner]: COVERAGE WAYPOINT | 3/9 at (6.0, -6.0) | scanning
[INFO] [1790214627.638388496] [sage_viewpoint_planner]: PERSON OBSERVATION | confidence=0.668 | bbox_area_fraction=0.0053 | bbox_center_px=(1125.8, 586.2) | image_position=(0.880, 0.611) | bbox_margin=0.095
[INFO] [1790214628.858948054] [sage_viewpoint_planner]: PERSON OBSERVATION | confidence=0.710 | bbox_area_fraction=0.0017 | bbox_center_px=(1114.6, 537.2) | image_position=(0.871, 0.560) | bbox_margin=0.116
[INFO] [1790214629.910410561] [sage_viewpoint_planner]: PERSON OBSERVATION | confidence=0.710 | bbox_area_fraction=0.0017 | bbox_center_px=(1114.6, 537.2) | image_position=(0.871, 0.560) | bbox_margin=0.116
[INFO] [1790214630.397013272] [sage_viewpoint_planner]: New target acquired | target_id=9
[INFO] [1790214630.560625470] [sage_viewpoint_planner]: CANDIDATE FOUND | leaving sweep to verify target_id=9
[INFO] [1790214630.563421695] [sage_viewpoint_planner]: CANDIDATE STATUS | id=9 | track=(-3.9,9.4) | uav=(6.0,-6.1) | range=18.3 m | sufficient=False | matches_track=False | evidence=0.0/2.0 s
[INFO] [1790214630.928476415] [sage_viewpoint_planner]: PERSON OBSERVATION | confidence=0.538 | bbox_area_fraction=0.0022 | bbox_center_px=(176.3, 534.1) | image_position=(0.138, 0.556) | bbox_margin=0.122
[INFO] [1790214632.056616386] [sage_viewpoint_planner]: PERSON OBSERVATION | confidence=0.377 | bbox_area_fraction=0.0547 | bbox_center_px=(285.9, 895.7) | image_position=(0.223, 0.933) | bbox_margin=0.004
[INFO] [1790214633.276451266] [sage_viewpoint_planner]: PERSON OBSERVATION | confidence=0.669 | bbox_area_fraction=0.0086 | bbox_center_px=(58.6, 465.2) | image_position=(0.046, 0.485) | bbox_margin=0.015
[INFO] [1790214634.469846520] [sage_viewpoint_planner]: PERSON OBSERVATION | confidence=0.547 | bbox_area_fraction=0.0032 | bbox_center_px=(157.4, 512.4) | image_position=(0.123, 0.534) | bbox_margin=0.105
[INFO] [1790214634.564217507] [sage_viewpoint_planner]: CANDIDATE STATUS | id=9 | track=(-3.9,9.4) | uav=(3.3,0.1) | range=11.7 m | sufficient=False | matches_track=False | evidence=0.0/2.0 s
[INFO] [1790214635.562177283] [sage_viewpoint_planner]: PERSON OBSERVATION | confidence=0.826 | bbox_area_fraction=0.0433 | bbox_center_px=(94.3, 705.0) | image_position=(0.074, 0.734) | bbox_margin=0.002
[INFO] [1790214636.770142290] [sage_viewpoint_planner]: PERSON OBSERVATION | confidence=0.877 | bbox_area_fraction=0.0546 | bbox_center_px=(381.9, 800.7) | image_position=(0.298, 0.834) | bbox_margin=0.000
[INFO] [1790214637.796008954] [sage_viewpoint_planner]: PERSON OBSERVATION | confidence=0.456 | bbox_area_fraction=0.0054 | bbox_center_px=(523.1, 581.9) | image_position=(0.409, 0.606) | bbox_margin=0.327
[INFO] [1790214638.760680490] [sage_viewpoint_planner]: CANDIDATE STATUS | id=9 | track=(-3.9,9.4) | uav=(-0.7,8.9) | range=3.2 m | sufficient=False | matches_track=False | evidence=0.0/2.0 s
[INFO] [1790214638.910858155] [sage_viewpoint_planner]: PERSON OBSERVATION | confidence=0.545 | bbox_area_fraction=0.0213 | bbox_center_px=(765.5, 686.8) | image_position=(0.598, 0.715) | bbox_margin=0.159
[INFO] [1790214638.963955791] [sage_viewpoint_planner]: OBSERVATION INSUFFICIENT | viewpoint=1/4 | person_confidence=0.545 | bbox_area_fraction=0.0213 | fresh=True | confidence_ok=False | bbox_size_ok=True | position_ok=True | bbox_margin=0.159 | confidence_threshold=0.60 | bbox_threshold=0.0100
[INFO] [1790214638.965635789] [sage_viewpoint_planner]: ENERGY-AWARE SELECTION | chosen=4/4 | distance=4.1 m | est_cost_incl_return=0.9 % | unaffordable_skipped=0
[INFO] [1790214640.017065711] [sage_viewpoint_planner]: PERSON OBSERVATION | confidence=0.555 | bbox_area_fraction=0.0174 | bbox_center_px=(937.3, 646.2) | image_position=(0.732, 0.673) | bbox_margin=0.223
[INFO] [1790214642.366359494] [sage_viewpoint_planner]: OBSERVATION INSUFFICIENT | viewpoint=4/4 | person_confidence=0.522 | bbox_area_fraction=0.0189 | fresh=False | confidence_ok=False | bbox_size_ok=True | position_ok=True | bbox_margin=0.156 | confidence_threshold=0.60 | bbox_threshold=0.0100
[INFO] [1790214642.374020198] [sage_viewpoint_planner]: ENERGY-AWARE SELECTION | chosen=3/4 | distance=4.1 m | est_cost_incl_return=1.1 % | unaffordable_skipped=0
[INFO] [1790214642.764750094] [sage_viewpoint_planner]: CANDIDATE STATUS | id=9 | track=(-3.9,9.4) | uav=(-3.9,6.4) | range=2.9 m | sufficient=False | matches_track=False | evidence=0.0/2.0 s
[INFO] [1790214644.684567143] [sage_viewpoint_planner]: PERSON OBSERVATION | confidence=0.508 | bbox_area_fraction=0.0156 | bbox_center_px=(276.4, 877.9) | image_position=(0.216, 0.914) | bbox_margin=0.001
[INFO] [1790214645.913624628] [sage_viewpoint_planner]: PERSON OBSERVATION | confidence=0.588 | bbox_area_fraction=0.0090 | bbox_center_px=(330.9, 546.3) | image_position=(0.259, 0.569) | bbox_margin=0.229
[INFO] [1790214645.961790333] [sage_viewpoint_planner]: OBSERVATION INSUFFICIENT | viewpoint=3/4 | person_confidence=0.588 | bbox_area_fraction=0.0090 | fresh=True | confidence_ok=False | bbox_size_ok=False | position_ok=True | bbox_margin=0.229 | confidence_threshold=0.60 | bbox_threshold=0.0100
[INFO] [1790214645.967279426] [sage_viewpoint_planner]: ENERGY-AWARE SELECTION | chosen=2/4 | distance=4.2 m | est_cost_incl_return=1.2 % | unaffordable_skipped=0
[INFO] [1790214646.961664908] [sage_viewpoint_planner]: CANDIDATE STATUS | id=9 | track=(-3.9,9.4) | uav=(-6.9,9.5) | range=3.1 m | sufficient=False | matches_track=False | evidence=0.0/2.0 s
[INFO] [1790214647.084099974] [sage_viewpoint_planner]: PERSON OBSERVATION | confidence=0.686 | bbox_area_fraction=0.0073 | bbox_center_px=(94.8, 508.2) | image_position=(0.074, 0.529) | bbox_margin=0.049
[INFO] [1790214648.257631175] [sage_viewpoint_planner]: PERSON OBSERVATION | confidence=0.763 | bbox_area_fraction=0.0444 | bbox_center_px=(594.3, 790.5) | image_position=(0.464, 0.823) | bbox_margin=0.014
[INFO] [1790214649.346443327] [sage_viewpoint_planner]: PERSON OBSERVATION | confidence=0.722 | bbox_area_fraction=0.0060 | bbox_center_px=(1182.8, 597.6) | image_position=(0.924, 0.623) | bbox_margin=0.055
[INFO] [1790214649.568103355] [sage_viewpoint_planner]: OBSERVATION SUFFICIENT | viewpoint=2/4 | person_confidence=0.642 | bbox_area_fraction=0.0105 | fresh=True | confidence_ok=True | bbox_size_ok=True | position_ok=True | bbox_margin=0.300 | confidence_threshold=0.60 | bbox_threshold=0.0100 | HOLDING VIEWPOINT.
[INFO] [1790214649.963148294] [sage_viewpoint_planner]: OBSERVATION QUALITY LOST | fresh=True | confidence_ok=False | bbox_size_ok=False | position_ok=True | resuming active search.
[INFO] [1790214649.965349572] [sage_viewpoint_planner]: OBSERVATION INSUFFICIENT | viewpoint=2/4 | person_confidence=0.427 | bbox_area_fraction=0.0048 | fresh=True | confidence_ok=False | bbox_size_ok=False | position_ok=True | bbox_margin=0.253 | confidence_threshold=0.60 | bbox_threshold=0.0100
[INFO] [1790214649.966080533] [sage_viewpoint_planner]: SEARCH CYCLE COMPLETE | starting next cycle.
[INFO] [1790214649.966888577] [sage_viewpoint_planner]: ENERGY-AWARE SELECTION | chosen=3/4 | distance=4.3 m | est_cost_incl_return=1.2 % | unaffordable_skipped=0
[INFO] [1790214650.631621114] [sage_viewpoint_planner]: PERSON OBSERVATION | confidence=0.706 | bbox_area_fraction=0.0104 | bbox_center_px=(374.2, 552.0) | image_position=(0.292, 0.575) | bbox_margin=0.264
[INFO] [1790214650.964084898] [sage_viewpoint_planner]: CANDIDATE STATUS | id=9 | track=(-3.9,9.4) | uav=(-3.8,12.6) | range=3.2 m | sufficient=False | matches_track=False | evidence=0.0/2.0 s
[INFO] [1790214653.963522654] [sage_viewpoint_planner]: OBSERVATION INSUFFICIENT | viewpoint=3/4 | person_confidence=0.663 | bbox_area_fraction=0.0128 | fresh=False | confidence_ok=True | bbox_size_ok=True | position_ok=True | bbox_margin=0.148 | confidence_threshold=0.60 | bbox_threshold=0.0100
[INFO] [1790214653.969375428] [sage_viewpoint_planner]: ENERGY-AWARE SELECTION | chosen=4/4 | distance=4.5 m | est_cost_incl_return=0.9 % | unaffordable_skipped=0
[INFO] [1790214654.018808720] [sage_viewpoint_planner]: PERSON OBSERVATION | confidence=0.311 | bbox_area_fraction=0.0143 | bbox_center_px=(225.3, 582.4) | image_position=(0.176, 0.607) | bbox_margin=0.119
[INFO] [1790214655.127600105] [sage_viewpoint_planner]: PERSON OBSERVATION | confidence=0.442 | bbox_area_fraction=0.0063 | bbox_center_px=(186.4, 526.2) | image_position=(0.146, 0.548) | bbox_margin=0.121
[INFO] [1790214655.173353699] [sage_viewpoint_planner]: CANDIDATE STATUS | id=9 | track=(-3.9,9.4) | uav=(-7.0,9.4) | range=3.1 m | sufficient=False | matches_track=False | evidence=0.0/2.0 s
[INFO] [1790214657.565528506] [sage_viewpoint_planner]: OBSERVATION INSUFFICIENT | viewpoint=4/4 | person_confidence=0.622 | bbox_area_fraction=0.0083 | fresh=False | confidence_ok=True | bbox_size_ok=False | position_ok=True | bbox_margin=0.035 | confidence_threshold=0.60 | bbox_threshold=0.0100
[INFO] [1790214657.566119983] [sage_viewpoint_planner]: ENERGY-AWARE SELECTION | chosen=1/4 | distance=4.1 m | est_cost_incl_return=1.0 % | unaffordable_skipped=0
[INFO] [1790214659.109644218] [sage_viewpoint_planner]: PERSON OBSERVATION | confidence=0.336 | bbox_area_fraction=0.0415 | bbox_center_px=(1151.3, 844.9) | image_position=(0.899, 0.880) | bbox_margin=0.001
[INFO] [1790214659.362026232] [sage_viewpoint_planner]: CANDIDATE STATUS | id=9 | track=(-3.9,9.4) | uav=(-3.0,6.9) | range=2.7 m | sufficient=False | matches_track=False | evidence=0.0/2.0 s
[INFO] [1790214660.353788323] [sage_viewpoint_planner]: PERSON OBSERVATION | confidence=0.812 | bbox_area_fraction=0.0272 | bbox_center_px=(494.7, 836.7) | image_position=(0.387, 0.872) | bbox_margin=0.002
[INFO] [1790214661.167901233] [sage_viewpoint_planner]: OBSERVATION SUFFICIENT | viewpoint=1/4 | person_confidence=0.616 | bbox_area_fraction=0.0164 | fresh=True | confidence_ok=True | bbox_size_ok=True | position_ok=True | bbox_margin=0.168 | confidence_threshold=0.60 | bbox_threshold=0.0100 | HOLDING VIEWPOINT.
[INFO] [1790214661.363886172] [sage_viewpoint_planner]: OBSERVATION QUALITY LOST | fresh=True | confidence_ok=False | bbox_size_ok=True | position_ok=True | resuming active search.
[INFO] [1790214661.366294582] [sage_viewpoint_planner]: OBSERVATION INSUFFICIENT | viewpoint=1/4 | person_confidence=0.309 | bbox_area_fraction=0.0457 | fresh=True | confidence_ok=False | bbox_size_ok=True | position_ok=True | bbox_margin=0.072 | confidence_threshold=0.60 | bbox_threshold=0.0100
[INFO] [1790214661.366835840] [sage_viewpoint_planner]: SEARCH CYCLE COMPLETE | starting next cycle.
[INFO] [1790214661.367371524] [sage_viewpoint_planner]: ENERGY-AWARE SELECTION | chosen=4/4 | distance=4.2 m | est_cost_incl_return=0.9 % | unaffordable_skipped=0
[INFO] [1790214661.436890293] [sage_viewpoint_planner]: PERSON OBSERVATION | confidence=0.476 | bbox_area_fraction=0.0411 | bbox_center_px=(855.8, 656.4) | image_position=(0.669, 0.684) | bbox_margin=0.160
[INFO] [1790214662.520522889] [sage_viewpoint_planner]: PERSON OBSERVATION | confidence=0.466 | bbox_area_fraction=0.0234 | bbox_center_px=(892.9, 590.4) | image_position=(0.698, 0.615) | bbox_margin=0.253
[INFO] [1790214663.373217685] [sage_viewpoint_planner]: CANDIDATE STATUS | id=9 | track=(-3.9,9.4) | uav=(-1.4,8.0) | range=2.9 m | sufficient=True | matches_track=False | evidence=0.0/2.0 s
[INFO] [1790214665.969329709] [sage_viewpoint_planner]: OBSERVATION INSUFFICIENT | viewpoint=4/4 | person_confidence=0.653 | bbox_area_fraction=0.0126 | fresh=False | confidence_ok=True | bbox_size_ok=True | position_ok=True | bbox_margin=0.242 | confidence_threshold=0.60 | bbox_threshold=0.0100
[INFO] [1790214665.969985339] [sage_viewpoint_planner]: ENERGY-AWARE SELECTION | chosen=3/4 | distance=4.6 m | est_cost_incl_return=1.2 % | unaffordable_skipped=0
[INFO] [1790214667.561805678] [sage_viewpoint_planner]: CANDIDATE STATUS | id=9 | track=(-3.9,9.4) | uav=(-4.6,6.7) | range=2.7 m | sufficient=False | matches_track=False | evidence=0.0/2.0 s
[INFO] [1790214668.291256465] [sage_viewpoint_planner]: PERSON OBSERVATION | confidence=0.774 | bbox_area_fraction=0.0227 | bbox_center_px=(268.4, 864.1) | image_position=(0.210, 0.900) | bbox_margin=0.002
[INFO] [1790214669.340122615] [sage_viewpoint_planner]: PERSON OBSERVATION | confidence=0.659 | bbox_area_fraction=0.0066 | bbox_center_px=(381.8, 551.9) | image_position=(0.298, 0.575) | bbox_margin=0.275
[INFO] [1790214669.574997529] [sage_viewpoint_planner]: OBSERVATION INSUFFICIENT | viewpoint=3/4 | person_confidence=0.659 | bbox_area_fraction=0.0066 | fresh=True | confidence_ok=True | bbox_size_ok=False | position_ok=True | bbox_margin=0.275 | confidence_threshold=0.60 | bbox_threshold=0.0100
[INFO] [1790214669.575812526] [sage_viewpoint_planner]: ENERGY-AWARE SELECTION | chosen=2/4 | distance=4.5 m | est_cost_incl_return=1.2 % | unaffordable_skipped=0
[INFO] [1790214670.469784722] [sage_viewpoint_planner]: PERSON OBSERVATION | confidence=0.736 | bbox_area_fraction=0.0115 | bbox_center_px=(68.2, 481.5) | image_position=(0.053, 0.502) | bbox_margin=0.015
[INFO] [1790214671.692975138] [sage_viewpoint_planner]: PERSON OBSERVATION | confidence=0.794 | bbox_area_fraction=0.0465 | bbox_center_px=(663.8, 758.9) | image_position=(0.519, 0.791) | bbox_margin=0.037
[INFO] [1790214671.762312576] [sage_viewpoint_planner]: CANDIDATE STATUS | id=9 | track=(-3.9,9.4) | uav=(-5.8,11.0) | range=2.5 m | sufficient=True | matches_track=False | evidence=0.0/2.0 s
[INFO] [1790214672.745100406] [sage_viewpoint_planner]: PERSON OBSERVATION | confidence=0.407 | bbox_area_fraction=0.0159 | bbox_center_px=(718.6, 634.5) | image_position=(0.561, 0.661) | bbox_margin=0.233
[INFO] [1790214673.166525691] [sage_viewpoint_planner]: OBSERVATION INSUFFICIENT | viewpoint=2/4 | person_confidence=0.623 | bbox_area_fraction=0.0057 | fresh=True | confidence_ok=True | bbox_size_ok=False | position_ok=True | bbox_margin=0.123 | confidence_threshold=0.60 | bbox_threshold=0.0100
[INFO] [1790214673.167254236] [sage_viewpoint_planner]: SEARCH CYCLE COMPLETE | starting next cycle.
[INFO] [1790214673.170433551] [sage_viewpoint_planner]: ENERGY-AWARE SELECTION | chosen=3/4 | distance=4.1 m | est_cost_incl_return=1.1 % | unaffordable_skipped=0
[INFO] [1790214673.899451502] [sage_viewpoint_planner]: PERSON OBSERVATION | confidence=0.573 | bbox_area_fraction=0.0039 | bbox_center_px=(827.9, 539.3) | image_position=(0.647, 0.562) | bbox_margin=0.337
[WARN] [1790214675.568168993] [sage_viewpoint_planner]: CANDIDATE REJECTED | id=9 | not confirmed in 45 s | resuming coverage.
[INFO] [1790214677.142796303] [sage_viewpoint_planner]: PERSON OBSERVATION | confidence=0.826 | bbox_area_fraction=0.0623 | bbox_center_px=(128.2, 722.6) | image_position=(0.100, 0.753) | bbox_margin=0.001
[INFO] [1790214678.377638703] [sage_viewpoint_planner]: PERSON OBSERVATION | confidence=0.870 | bbox_area_fraction=0.0685 | bbox_center_px=(122.5, 786.9) | image_position=(0.096, 0.820) | bbox_margin=0.000
[INFO] [1790214679.500937612] [sage_viewpoint_planner]: PERSON OBSERVATION | confidence=0.643 | bbox_area_fraction=0.0080 | bbox_center_px=(682.8, 591.6) | image_position=(0.533, 0.616) | bbox_margin=0.299
[INFO] [1790214680.706606170] [sage_viewpoint_planner]: PERSON OBSERVATION | confidence=0.859 | bbox_area_fraction=0.0486 | bbox_center_px=(794.1, 783.6) | image_position=(0.620, 0.816) | bbox_margin=0.000
[INFO] [1790214682.314504970] [sage_viewpoint_planner]: PERSON OBSERVATION | confidence=0.423 | bbox_area_fraction=0.0030 | bbox_center_px=(590.6, 647.3) | image_position=(0.461, 0.674) | bbox_margin=0.273
[INFO] [1790214683.399037459] [sage_viewpoint_planner]: PERSON OBSERVATION | confidence=0.666 | bbox_area_fraction=0.0045 | bbox_center_px=(578.2, 704.4) | image_position=(0.452, 0.734) | bbox_margin=0.200
[INFO] [1790214684.440385705] [sage_viewpoint_planner]: PERSON OBSERVATION | confidence=0.528 | bbox_area_fraction=0.0046 | bbox_center_px=(576.9, 688.8) | image_position=(0.451, 0.717) | bbox_margin=0.214
[INFO] [1790214685.541357900] [sage_viewpoint_planner]: PERSON OBSERVATION | confidence=0.685 | bbox_area_fraction=0.0075 | bbox_center_px=(587.0, 542.3) | image_position=(0.459, 0.565) | bbox_margin=0.351
[INFO] [1790214686.810306580] [sage_viewpoint_planner]: PERSON OBSERVATION | confidence=0.749 | bbox_area_fraction=0.0324 | bbox_center_px=(499.3, 774.7) | image_position=(0.390, 0.807) | bbox_margin=0.000
[INFO] [1790214687.371926972] [sage_viewpoint_planner]: COVERAGE WAYPOINT | 3/9 at (6.0, -6.0) | scanning
[INFO] [1790214693.598050388] [sage_viewpoint_planner]: PERSON OBSERVATION | confidence=0.598 | bbox_area_fraction=0.0014 | bbox_center_px=(826.2, 565.8) | image_position=(0.645, 0.589) | bbox_margin=0.345
[INFO] [1790214694.670169924] [sage_viewpoint_planner]: PERSON OBSERVATION | confidence=0.363 | bbox_area_fraction=0.0046 | bbox_center_px=(1121.2, 574.1) | image_position=(0.876, 0.598) | bbox_margin=0.102
[INFO] [1790214695.963599597] [sage_viewpoint_planner]: PERSON OBSERVATION | confidence=0.458 | bbox_area_fraction=0.0036 | bbox_center_px=(198.3, 578.6) | image_position=(0.155, 0.603) | bbox_margin=0.138
[INFO] [1790214697.833775044] [sage_viewpoint_planner]: PERSON OBSERVATION | confidence=0.502 | bbox_area_fraction=0.0014 | bbox_center_px=(235.9, 548.3) | image_position=(0.184, 0.571) | bbox_margin=0.174
[INFO] [1790214701.726180888] [sage_viewpoint_planner]: PERSON OBSERVATION | confidence=0.385 | bbox_area_fraction=0.1162 | bbox_center_px=(198.8, 776.2) | image_position=(0.155, 0.809) | bbox_margin=0.000
[INFO] [1790214702.854505528] [sage_viewpoint_planner]: PERSON OBSERVATION | confidence=0.491 | bbox_area_fraction=0.0028 | bbox_center_px=(16.3, 549.8) | image_position=(0.013, 0.573) | bbox_margin=0.000
[INFO] [1790214704.161352402] [sage_viewpoint_planner]: COVERAGE WAYPOINT | 4/9 at (0.0, -6.0) | scanning
[INFO] [1790214706.828608904] [sage_viewpoint_planner]: PERSON OBSERVATION | confidence=0.615 | bbox_area_fraction=0.0267 | bbox_center_px=(1215.7, 677.6) | image_position=(0.950, 0.706) | bbox_margin=0.001
[INFO] [1790214708.286475553] [sage_viewpoint_planner]: PERSON OBSERVATION | confidence=0.696 | bbox_area_fraction=0.0209 | bbox_center_px=(401.9, 665.8) | image_position=(0.314, 0.694) | bbox_margin=0.207
[INFO] [1790214711.326174972] [sage_viewpoint_planner]: PERSON OBSERVATION | confidence=0.526 | bbox_area_fraction=0.0022 | bbox_center_px=(916.8, 544.4) | image_position=(0.716, 0.567) | bbox_margin=0.268
[INFO] [1790214712.394032378] [sage_viewpoint_planner]: PERSON OBSERVATION | confidence=0.646 | bbox_area_fraction=0.0017 | bbox_center_px=(404.6, 544.8) | image_position=(0.316, 0.567) | bbox_margin=0.303
[INFO] [1790214719.100252554] [sage_viewpoint_planner]: PERSON OBSERVATION | confidence=0.586 | bbox_area_fraction=0.0021 | bbox_center_px=(423.0, 403.0) | image_position=(0.330, 0.420) | bbox_margin=0.317
[INFO] [1790214720.147980636] [sage_viewpoint_planner]: PERSON OBSERVATION | confidence=0.504 | bbox_area_fraction=0.0074 | bbox_center_px=(841.3, 633.7) | image_position=(0.657, 0.660) | bbox_margin=0.258
[INFO] [1790214720.762430880] [sage_viewpoint_planner]: COVERAGE WAYPOINT | 5/9 at (0.0, 0.0) | scanning
[INFO] [1790214721.239586608] [sage_viewpoint_planner]: PERSON OBSERVATION | confidence=0.739 | bbox_area_fraction=0.0122 | bbox_center_px=(1194.9, 770.2) | image_position=(0.934, 0.802) | bbox_margin=0.030
[INFO] [1790214722.585532278] [sage_viewpoint_planner]: PERSON OBSERVATION | confidence=0.746 | bbox_area_fraction=0.0088 | bbox_center_px=(203.4, 580.3) | image_position=(0.159, 0.604) | bbox_margin=0.128
[INFO] [1790214723.591495904] [sage_viewpoint_planner]: PERSON OBSERVATION | confidence=0.749 | bbox_area_fraction=0.0107 | bbox_center_px=(160.8, 607.1) | image_position=(0.126, 0.632) | bbox_margin=0.092
[INFO] [1790214725.754529985] [sage_viewpoint_planner]: PERSON OBSERVATION | confidence=0.814 | bbox_area_fraction=0.0304 | bbox_center_px=(1046.8, 692.6) | image_position=(0.818, 0.721) | bbox_margin=0.125
[INFO] [1790214726.812797749] [sage_viewpoint_planner]: PERSON OBSERVATION | confidence=0.738 | bbox_area_fraction=0.0159 | bbox_center_px=(544.5, 681.5) | image_position=(0.425, 0.710) | bbox_margin=0.157
[INFO] [1790214727.827970671] [sage_viewpoint_planner]: PERSON OBSERVATION | confidence=0.733 | bbox_area_fraction=0.0155 | bbox_center_px=(740.3, 678.7) | image_position=(0.578, 0.707) | bbox_margin=0.163
[INFO] [1790214728.837591771] [sage_viewpoint_planner]: PERSON OBSERVATION | confidence=0.774 | bbox_area_fraction=0.0284 | bbox_center_px=(316.0, 705.3) | image_position=(0.247, 0.735) | bbox_margin=0.103
[INFO] [1790214730.815573007] [sage_viewpoint_planner]: PERSON OBSERVATION | confidence=0.586 | bbox_area_fraction=0.0105 | bbox_center_px=(115.5, 613.7) | image_position=(0.090, 0.639) | bbox_margin=0.054
[INFO] [1790214732.689057125] [sage_viewpoint_planner]: PERSON OBSERVATION | confidence=0.782 | bbox_area_fraction=0.0112 | bbox_center_px=(1129.1, 641.7) | image_position=(0.882, 0.668) | bbox_margin=0.084
[INFO] [1790214734.006392284] [sage_viewpoint_planner]: PERSON OBSERVATION | confidence=0.708 | bbox_area_fraction=0.0086 | bbox_center_px=(1157.4, 622.3) | image_position=(0.904, 0.648) | bbox_margin=0.070
[INFO] [1790214736.099326726] [sage_viewpoint_planner]: PERSON OBSERVATION | confidence=0.826 | bbox_area_fraction=0.0283 | bbox_center_px=(464.8, 719.4) | image_position=(0.363, 0.749) | bbox_margin=0.052
[INFO] [1790214737.773122156] [sage_viewpoint_planner]: COVERAGE WAYPOINT | 6/9 at (0.0, 6.0) | scanning
[INFO] [1790214739.780320000] [sage_viewpoint_planner]: PERSON OBSERVATION | confidence=0.303 | bbox_area_fraction=0.0034 | bbox_center_px=(140.8, 534.6) | image_position=(0.110, 0.557) | bbox_margin=0.092
[INFO] [1790214746.010738819] [sage_viewpoint_planner]: PERSON OBSERVATION | confidence=0.762 | bbox_area_fraction=0.0129 | bbox_center_px=(1046.9, 667.7) | image_position=(0.818, 0.696) | bbox_margin=0.150
[INFO] [1790214747.296162682] [sage_viewpoint_planner]: PERSON OBSERVATION | confidence=0.464 | bbox_area_fraction=0.0137 | bbox_center_px=(471.9, 673.6) | image_position=(0.369, 0.702) | bbox_margin=0.181
[INFO] [1790214748.849896628] [sage_viewpoint_planner]: PERSON OBSERVATION | confidence=0.560 | bbox_area_fraction=0.0150 | bbox_center_px=(421.8, 658.1) | image_position=(0.330, 0.686) | bbox_margin=0.198
[INFO] [1790214749.989783243] [sage_viewpoint_planner]: PERSON OBSERVATION | confidence=0.707 | bbox_area_fraction=0.0297 | bbox_center_px=(445.6, 856.2) | image_position=(0.348, 0.892) | bbox_margin=0.000
[INFO] [1790214751.211458002] [sage_viewpoint_planner]: PERSON OBSERVATION | confidence=0.807 | bbox_area_fraction=0.0317 | bbox_center_px=(671.3, 844.3) | image_position=(0.524, 0.879) | bbox_margin=0.001
[INFO] [1790214752.258448564] [sage_viewpoint_planner]: PERSON OBSERVATION | confidence=0.646 | bbox_area_fraction=0.0193 | bbox_center_px=(413.5, 465.5) | image_position=(0.323, 0.485) | bbox_margin=0.287
[INFO] [1790214753.802250284] [sage_viewpoint_planner]: PERSON OBSERVATION | confidence=0.781 | bbox_area_fraction=0.0445 | bbox_center_px=(520.7, 725.8) | image_position=(0.407, 0.756) | bbox_margin=0.059
[INFO] [1790214754.562429017] [sage_viewpoint_planner]: COVERAGE WAYPOINT | 7/9 at (-6.0, 6.0) | scanning
[INFO] [1790214757.127610164] [sage_viewpoint_planner]: PERSON OBSERVATION | confidence=0.688 | bbox_area_fraction=0.0153 | bbox_center_px=(1231.2, 621.9) | image_position=(0.962, 0.648) | bbox_margin=0.001
[INFO] [1790214758.251713912] [sage_viewpoint_planner]: PERSON OBSERVATION | confidence=0.538 | bbox_area_fraction=0.0115 | bbox_center_px=(317.3, 612.2) | image_position=(0.248, 0.638) | bbox_margin=0.214
[INFO] [1790214759.430687445] [sage_viewpoint_planner]: PERSON OBSERVATION | confidence=0.547 | bbox_area_fraction=0.0105 | bbox_center_px=(376.1, 628.8) | image_position=(0.294, 0.655) | bbox_margin=0.261
[INFO] [1790214761.554943092] [sage_viewpoint_planner]: PERSON OBSERVATION | confidence=0.354 | bbox_area_fraction=0.0558 | bbox_center_px=(750.7, 884.5) | image_position=(0.586, 0.921) | bbox_margin=0.000
[INFO] [1790214767.187819146] [sage_viewpoint_planner]: PERSON OBSERVATION | confidence=0.587 | bbox_area_fraction=0.0012 | bbox_center_px=(918.3, 544.9) | image_position=(0.717, 0.568) | bbox_margin=0.272
[INFO] [1790214768.220268192] [sage_viewpoint_planner]: PERSON OBSERVATION | confidence=0.592 | bbox_area_fraction=0.0021 | bbox_center_px=(1110.9, 546.5) | image_position=(0.868, 0.569) | bbox_margin=0.117
[INFO] [1790214769.412664222] [sage_viewpoint_planner]: PERSON OBSERVATION | confidence=0.516 | bbox_area_fraction=0.0031 | bbox_center_px=(1179.4, 354.5) | image_position=(0.921, 0.369) | bbox_margin=0.059
[INFO] [1790214770.608579707] [sage_viewpoint_planner]: PERSON OBSERVATION | confidence=0.516 | bbox_area_fraction=0.0031 | bbox_center_px=(1179.4, 354.5) | image_position=(0.921, 0.369) | bbox_margin=0.059
[INFO] [1790214771.768114357] [sage_viewpoint_planner]: COVERAGE WAYPOINT | 8/9 at (-6.0, 0.0) | scanning
[INFO] [1790214773.604050572] [sage_viewpoint_planner]: PERSON OBSERVATION | confidence=0.504 | bbox_area_fraction=0.0038 | bbox_center_px=(1073.5, 560.1) | image_position=(0.839, 0.583) | bbox_margin=0.142
[INFO] [1790214774.704962407] [sage_viewpoint_planner]: PERSON OBSERVATION | confidence=0.639 | bbox_area_fraction=0.0062 | bbox_center_px=(97.3, 544.1) | image_position=(0.076, 0.567) | bbox_margin=0.049
[INFO] [1790214775.879656575] [sage_viewpoint_planner]: PERSON OBSERVATION | confidence=0.586 | bbox_area_fraction=0.0111 | bbox_center_px=(1120.0, 578.9) | image_position=(0.875, 0.603) | bbox_margin=0.091
[INFO] [1790214776.973682802] [sage_viewpoint_planner]: PERSON OBSERVATION | confidence=0.719 | bbox_area_fraction=0.0091 | bbox_center_px=(981.6, 589.8) | image_position=(0.767, 0.614) | bbox_margin=0.205
[INFO] [1790214777.979363449] [sage_viewpoint_planner]: PERSON OBSERVATION | confidence=0.517 | bbox_area_fraction=0.0059 | bbox_center_px=(477.4, 583.2) | image_position=(0.373, 0.608) | bbox_margin=0.325
[INFO] [1790214779.024417065] [sage_viewpoint_planner]: PERSON OBSERVATION | confidence=0.639 | bbox_area_fraction=0.0049 | bbox_center_px=(708.9, 563.4) | image_position=(0.554, 0.587) | bbox_margin=0.346
[INFO] [1790214783.982948211] [sage_viewpoint_planner]: PERSON OBSERVATION | confidence=0.606 | bbox_area_fraction=0.0045 | bbox_center_px=(1200.6, 564.8) | image_position=(0.938, 0.588) | bbox_margin=0.041
[INFO] [1790214788.366918650] [sage_viewpoint_planner]: COVERAGE WAYPOINT | 9/9 at (-6.0, -6.0) | scanning
[INFO] [1790214790.755466494] [sage_viewpoint_planner]: PERSON OBSERVATION | confidence=0.529 | bbox_area_fraction=0.0028 | bbox_center_px=(831.1, 555.2) | image_position=(0.649, 0.578) | bbox_margin=0.334
[INFO] [1790214791.849088032] [sage_viewpoint_planner]: PERSON OBSERVATION | confidence=0.568 | bbox_area_fraction=0.0025 | bbox_center_px=(472.7, 550.1) | image_position=(0.369, 0.573) | bbox_margin=0.353
[INFO] [1790214792.948118761] [sage_viewpoint_planner]: PERSON OBSERVATION | confidence=0.686 | bbox_area_fraction=0.0023 | bbox_center_px=(609.8, 554.2) | image_position=(0.476, 0.577) | bbox_margin=0.383
[INFO] [1790214794.018986383] [sage_viewpoint_planner]: PERSON OBSERVATION | confidence=0.524 | bbox_area_fraction=0.0018 | bbox_center_px=(595.3, 560.2) | image_position=(0.465, 0.584) | bbox_margin=0.382
[INFO] [1790214800.961133636] [sage_viewpoint_planner]: MISSION COMPLETE | status=area_covered | found=3 | locations=#1 (-0.2, 4.1); #3 (-6.1, 6.9); #5 (5.1, -5.7) | duration=360 s
[INFO] [1790214800.961812113] [sage_viewpoint_planner]: Requesting return home + land.
[INFO] [1790214803.708248623] [sage_viewpoint_planner]: PERSON OBSERVATION | confidence=0.352 | bbox_area_fraction=0.0030 | bbox_center_px=(858.0, 543.0) | image_position=(0.670, 0.566) | bbox_margin=0.312
[INFO] [1790214803.786387882] [sage_viewpoint_planner]: New target acquired | target_id=1
[INFO] [1790214804.988808236] [sage_viewpoint_planner]: PERSON OBSERVATION | confidence=0.601 | bbox_area_fraction=0.0029 | bbox_center_px=(502.8, 560.4) | image_position=(0.393, 0.584) | bbox_margin=0.370
[INFO] [1790214806.073580228] [sage_viewpoint_planner]: PERSON OBSERVATION | confidence=0.516 | bbox_area_fraction=0.0036 | bbox_center_px=(627.6, 563.2) | image_position=(0.490, 0.587) | bbox_margin=0.367
[INFO] [1790214807.385778866] [sage_viewpoint_planner]: PERSON OBSERVATION | confidence=0.376 | bbox_area_fraction=0.0051 | bbox_center_px=(482.2, 575.2) | image_position=(0.377, 0.599) | bbox_margin=0.345
[INFO] [1790214808.403475593] [sage_viewpoint_planner]: PERSON OBSERVATION | confidence=0.702 | bbox_area_fraction=0.0062 | bbox_center_px=(420.8, 590.8) | image_position=(0.329, 0.615) | bbox_margin=0.303
[INFO] [1790214809.659828700] [sage_viewpoint_planner]: PERSON OBSERVATION | confidence=0.671 | bbox_area_fraction=0.0080 | bbox_center_px=(318.4, 602.1) | image_position=(0.249, 0.627) | bbox_margin=0.219
[INFO] [1790214810.969273232] [sage_viewpoint_planner]: PERSON OBSERVATION | confidence=0.728 | bbox_area_fraction=0.0099 | bbox_center_px=(187.1, 621.0) | image_position=(0.146, 0.647) | bbox_margin=0.116
[INFO] [1790214811.974802466] [sage_viewpoint_planner]: PERSON OBSERVATION | confidence=0.731 | bbox_area_fraction=0.0119 | bbox_center_px=(42.5, 636.9) | image_position=(0.033, 0.663) | bbox_margin=0.001
[INFO] [1790214817.466140494] [sage_viewpoint_planner]: PERSON OBSERVATION | confidence=0.722 | bbox_area_fraction=0.0082 | bbox_center_px=(29.6, 415.9) | image_position=(0.023, 0.433) | bbox_margin=0.000
[INFO] [1790214818.682109905] [sage_viewpoint_planner]: PERSON OBSERVATION | confidence=0.625 | bbox_area_fraction=0.0095 | bbox_center_px=(30.6, 406.4) | image_position=(0.024, 0.423) | bbox_margin=0.000
[INFO] [1790214819.804064207] [sage_viewpoint_planner]: PERSON OBSERVATION | confidence=0.702 | bbox_area_fraction=0.0070 | bbox_center_px=(24.8, 416.1) | image_position=(0.019, 0.433) | bbox_margin=0.000
[INFO] [1790214821.059878999] [sage_viewpoint_planner]: PERSON OBSERVATION | confidence=0.697 | bbox_area_fraction=0.0069 | bbox_center_px=(24.8, 415.9) | image_position=(0.019, 0.433) | bbox_margin=0.000
[INFO] [1790214822.082549530] [sage_viewpoint_planner]: PERSON OBSERVATION | confidence=0.695 | bbox_area_fraction=0.0068 | bbox_center_px=(24.3, 415.9) | image_position=(0.019, 0.433) | bbox_margin=0.000
[INFO] [1790214823.106302620] [sage_viewpoint_planner]: PERSON OBSERVATION | confidence=0.698 | bbox_area_fraction=0.0069 | bbox_center_px=(24.6, 415.8) | image_position=(0.019, 0.433) | bbox_margin=0.000
[INFO] [1790214824.330343970] [sage_viewpoint_planner]: PERSON OBSERVATION | confidence=0.721 | bbox_area_fraction=0.0141 | bbox_center_px=(50.5, 414.2) | image_position=(0.039, 0.431) | bbox_margin=0.000
[INFO] [1790214825.521601209] [sage_viewpoint_planner]: PERSON OBSERVATION | confidence=0.731 | bbox_area_fraction=0.0149 | bbox_center_px=(53.4, 415.7) | image_position=(0.042, 0.433) | bbox_margin=0.000
[INFO] [1790214826.551832453] [sage_viewpoint_planner]: PERSON OBSERVATION | confidence=0.634 | bbox_area_fraction=0.0118 | bbox_center_px=(42.0, 415.7) | image_position=(0.033, 0.433) | bbox_margin=0.000
[INFO] [1790214827.755521814] [sage_viewpoint_planner]: PERSON OBSERVATION | confidence=0.647 | bbox_area_fraction=0.0101 | bbox_center_px=(36.3, 416.6) | image_position=(0.028, 0.434) | bbox_margin=0.000
