[INFO] [1790222737.569837449] [sage_energy_monitor]: SAGE energy monitor started.
[INFO] [1790222737.571373001] [sage_energy_monitor]: Cruise speed 1.0 m/s | reserve 0.20
[INFO] [1790222740.415314456] [sage_energy_monitor]: ENERGY | remaining=98.6 % | voltage=16.17 V | drain_rate=n/a | home_distance=0.0 m | return_time=3 s | return_cost=n/a | margin_after_return=n/a
[INFO] [1790222741.415635054] [sage_energy_monitor]: ENERGY | remaining=98.5 % | voltage=16.17 V | drain_rate=n/a | home_distance=0.0 m | return_time=3 s | return_cost=n/a | margin_after_return=n/a
[INFO] [1790222742.419505139] [sage_energy_monitor]: ENERGY | remaining=98.4 % | voltage=16.17 V | drain_rate=n/a | home_distance=0.0 m | return_time=4 s | return_cost=n/a | margin_after_return=n/a
[INFO] [1790222743.417102883] [sage_energy_monitor]: ENERGY | remaining=98.3 % | voltage=16.17 V | drain_rate=n/a | home_distance=0.0 m | return_time=4 s | return_cost=n/a | margin_after_return=n/a
[INFO] [1790222744.416462019] [sage_energy_monitor]: ENERGY | remaining=98.3 % | voltage=16.17 V | drain_rate=n/a | home_distance=0.0 m | return_time=4 s | return_cost=n/a | margin_after_return=n/a
[INFO] [1790222745.417736726] [sage_energy_monitor]: ENERGY | remaining=98.2 % | voltage=16.17 V | drain_rate=0.071 %/s | home_distance=0.0 m | return_time=4 s | return_cost=0.3 % | margin_after_return=77.9 %
[INFO] [1790222746.417492438] [sage_energy_monitor]: ENERGY | remaining=98.1 % | voltage=16.17 V | drain_rate=0.070 %/s | home_distance=0.0 m | return_time=4 s | return_cost=0.3 % | margin_after_return=77.9 %
[INFO] [1790222747.415084559] [sage_energy_monitor]: ENERGY | remaining=98.1 % | voltage=16.16 V | drain_rate=0.069 %/s | home_distance=0.0 m | return_time=4 s | return_cost=0.3 % | margin_after_return=77.8 %
[INFO] [1790222748.414422147] [sage_energy_monitor]: ENERGY | remaining=98.0 % | voltage=16.16 V | drain_rate=0.068 %/s | home_distance=0.0 m | return_time=4 s | return_cost=0.3 % | margin_after_return=77.8 %
[INFO] [1790222749.416438167] [sage_energy_monitor]: ENERGY | remaining=98.0 % | voltage=16.16 V | drain_rate=0.067 %/s | home_distance=0.0 m | return_time=4 s | return_cost=0.3 % | margin_after_return=77.7 %
[INFO] [1790222750.418431417] [sage_energy_monitor]: ENERGY | remaining=97.9 % | voltage=16.16 V | drain_rate=0.066 %/s | home_distance=0.0 m | return_time=4 s | return_cost=0.3 % | margin_after_return=77.6 %
[INFO] [1790222751.418210276] [sage_energy_monitor]: ENERGY | remaining=97.8 % | voltage=16.16 V | drain_rate=0.066 %/s | home_distance=0.0 m | return_time=4 s | return_cost=0.3 % | margin_after_return=77.6 %
[INFO] [1790222752.415719704] [sage_energy_monitor]: ENERGY | remaining=97.8 % | voltage=16.16 V | drain_rate=0.065 %/s | home_distance=0.0 m | return_time=4 s | return_cost=0.3 % | margin_after_return=77.5 %
[INFO] [1790222753.414739344] [sage_energy_monitor]: ENERGY | remaining=97.7 % | voltage=16.16 V | drain_rate=0.065 %/s | home_distance=0.0 m | return_time=4 s | return_cost=0.3 % | margin_after_return=77.5 %
[INFO] [1790222754.416457368] [sage_energy_monitor]: ENERGY | remaining=97.7 % | voltage=16.16 V | drain_rate=0.064 %/s | home_distance=0.0 m | return_time=4 s | return_cost=0.3 % | margin_after_return=77.4 %
[INFO] [1790222755.417261261] [sage_energy_monitor]: ENERGY | remaining=97.6 % | voltage=16.16 V | drain_rate=0.063 %/s | home_distance=0.0 m | return_time=4 s | return_cost=0.3 % | margin_after_return=77.4 %
[INFO] [1790222756.417732645] [sage_energy_monitor]: ENERGY | remaining=97.6 % | voltage=16.15 V | drain_rate=0.063 %/s | home_distance=0.0 m | return_time=4 s | return_cost=0.2 % | margin_after_return=77.3 %
[INFO] [1790222757.419503480] [sage_energy_monitor]: ENERGY | remaining=97.5 % | voltage=16.15 V | drain_rate=0.063 %/s | home_distance=0.0 m | return_time=4 s | return_cost=0.2 % | margin_after_return=77.3 %
[INFO] [1790222758.420570238] [sage_energy_monitor]: ENERGY | remaining=97.4 % | voltage=16.15 V | drain_rate=0.062 %/s | home_distance=0.0 m | return_time=4 s | return_cost=0.2 % | margin_after_return=77.2 %
[INFO] [1790222759.415199667] [sage_energy_monitor]: ENERGY | remaining=97.4 % | voltage=16.15 V | drain_rate=0.062 %/s | home_distance=0.0 m | return_time=4 s | return_cost=0.2 % | margin_after_return=77.1 %
[INFO] [1790222760.417215443] [sage_energy_monitor]: ENERGY | remaining=97.3 % | voltage=16.15 V | drain_rate=0.061 %/s | home_distance=0.0 m | return_time=4 s | return_cost=0.2 % | margin_after_return=77.1 %
[INFO] [1790222761.419412158] [sage_energy_monitor]: ENERGY | remaining=97.3 % | voltage=16.15 V | drain_rate=0.060 %/s | home_distance=0.0 m | return_time=4 s | return_cost=0.2 % | margin_after_return=77.1 %
[INFO] [1790222762.414963999] [sage_energy_monitor]: ENERGY | remaining=97.3 % | voltage=16.15 V | drain_rate=0.060 %/s | home_distance=0.0 m | return_time=4 s | return_cost=0.2 % | margin_after_return=77.0 %
[INFO] [1790222763.425359149] [sage_energy_monitor]: ENERGY | remaining=97.2 % | voltage=16.15 V | drain_rate=0.059 %/s | home_distance=0.0 m | return_time=4 s | return_cost=0.2 % | margin_after_return=77.0 %
[INFO] [1790222764.416286478] [sage_energy_monitor]: ENERGY | remaining=97.2 % | voltage=16.15 V | drain_rate=0.059 %/s | home_distance=0.0 m | return_time=4 s | return_cost=0.2 % | margin_after_return=76.9 %
[INFO] [1790222765.421405978] [sage_energy_monitor]: ENERGY | remaining=97.1 % | voltage=16.15 V | drain_rate=0.058 %/s | home_distance=0.0 m | return_time=4 s | return_cost=0.2 % | margin_after_return=76.9 %
[INFO] [1790222766.422809716] [sage_energy_monitor]: ENERGY | remaining=97.1 % | voltage=16.15 V | drain_rate=0.058 %/s | home_distance=0.0 m | return_time=4 s | return_cost=0.2 % | margin_after_return=76.8 %
[INFO] [1790222767.423100003] [sage_energy_monitor]: ENERGY | remaining=97.0 % | voltage=16.14 V | drain_rate=0.058 %/s | home_distance=0.0 m | return_time=4 s | return_cost=0.2 % | margin_after_return=76.8 %
[INFO] [1790222768.415663079] [sage_energy_monitor]: ENERGY | remaining=96.9 % | voltage=16.14 V | drain_rate=0.058 %/s | home_distance=0.0 m | return_time=4 s | return_cost=0.2 % | margin_after_return=76.7 %
[INFO] [1790222769.418182252] [sage_energy_monitor]: ENERGY | remaining=96.9 % | voltage=16.14 V | drain_rate=0.058 %/s | home_distance=0.0 m | return_time=4 s | return_cost=0.2 % | margin_after_return=76.6 %
[INFO] [1790222770.421978239] [sage_energy_monitor]: ENERGY | remaining=96.8 % | voltage=16.14 V | drain_rate=0.058 %/s | home_distance=0.0 m | return_time=4 s | return_cost=0.2 % | margin_after_return=76.6 %
[INFO] [1790222771.415605243] [sage_energy_monitor]: ENERGY | remaining=96.8 % | voltage=16.14 V | drain_rate=0.058 %/s | home_distance=0.0 m | return_time=4 s | return_cost=0.2 % | margin_after_return=76.5 %
[INFO] [1790222772.416119129] [sage_energy_monitor]: ENERGY | remaining=96.7 % | voltage=16.14 V | drain_rate=0.057 %/s | home_distance=0.0 m | return_time=4 s | return_cost=0.2 % | margin_after_return=76.5 %
[INFO] [1790222773.417618444] [sage_energy_monitor]: ENERGY | remaining=96.7 % | voltage=16.14 V | drain_rate=0.056 %/s | home_distance=0.0 m | return_time=4 s | return_cost=0.2 % | margin_after_return=76.4 %
[INFO] [1790222774.418173561] [sage_energy_monitor]: ENERGY | remaining=96.6 % | voltage=16.14 V | drain_rate=0.056 %/s | home_distance=0.0 m | return_time=4 s | return_cost=0.2 % | margin_after_return=76.4 %
[INFO] [1790222775.423058329] [sage_energy_monitor]: ENERGY | remaining=96.6 % | voltage=16.14 V | drain_rate=0.055 %/s | home_distance=0.4 m | return_time=4 s | return_cost=0.2 % | margin_after_return=76.3 %
[INFO] [1790222776.416881587] [sage_energy_monitor]: ENERGY | remaining=96.5 % | voltage=16.14 V | drain_rate=0.055 %/s | home_distance=1.7 m | return_time=6 s | return_cost=0.3 % | margin_after_return=76.2 %
[INFO] [1790222777.414581277] [sage_energy_monitor]: ENERGY | remaining=96.5 % | voltage=16.13 V | drain_rate=0.054 %/s | home_distance=3.4 m | return_time=8 s | return_cost=0.4 % | margin_after_return=76.0 %
[INFO] [1790222778.416844938] [sage_energy_monitor]: ENERGY | remaining=96.4 % | voltage=16.13 V | drain_rate=0.054 %/s | home_distance=4.5 m | return_time=9 s | return_cost=0.5 % | margin_after_return=75.9 %
[INFO] [1790222779.415116273] [sage_energy_monitor]: ENERGY | remaining=96.3 % | voltage=16.13 V | drain_rate=0.054 %/s | home_distance=4.9 m | return_time=9 s | return_cost=0.5 % | margin_after_return=75.9 %
[INFO] [1790222780.415396366] [sage_energy_monitor]: ENERGY | remaining=96.3 % | voltage=16.13 V | drain_rate=0.054 %/s | home_distance=3.7 m | return_time=8 s | return_cost=0.4 % | margin_after_return=75.9 %
[INFO] [1790222781.417033164] [sage_energy_monitor]: ENERGY | remaining=96.2 % | voltage=16.13 V | drain_rate=0.054 %/s | home_distance=1.9 m | return_time=6 s | return_cost=0.3 % | margin_after_return=75.9 %
[INFO] [1790222782.416264031] [sage_energy_monitor]: ENERGY | remaining=96.2 % | voltage=16.13 V | drain_rate=0.054 %/s | home_distance=1.0 m | return_time=5 s | return_cost=0.3 % | margin_after_return=75.9 %
[INFO] [1790222783.417154321] [sage_energy_monitor]: ENERGY | remaining=96.1 % | voltage=16.13 V | drain_rate=0.054 %/s | home_distance=0.9 m | return_time=5 s | return_cost=0.2 % | margin_after_return=75.9 %
[INFO] [1790222784.416374449] [sage_energy_monitor]: ENERGY | remaining=96.1 % | voltage=16.13 V | drain_rate=0.054 %/s | home_distance=2.1 m | return_time=6 s | return_cost=0.3 % | margin_after_return=75.7 %
[INFO] [1790222785.422276005] [sage_energy_monitor]: ENERGY | remaining=96.0 % | voltage=16.13 V | drain_rate=0.054 %/s | home_distance=3.9 m | return_time=8 s | return_cost=0.4 % | margin_after_return=75.6 %
[INFO] [1790222786.414371363] [sage_energy_monitor]: ENERGY | remaining=95.9 % | voltage=16.13 V | drain_rate=0.054 %/s | home_distance=4.5 m | return_time=8 s | return_cost=0.4 % | margin_after_return=75.5 %
[INFO] [1790222787.426784299] [sage_energy_monitor]: ENERGY | remaining=95.9 % | voltage=16.12 V | drain_rate=0.054 %/s | home_distance=5.2 m | return_time=9 s | return_cost=0.5 % | margin_after_return=75.4 %
[INFO] [1790222788.416531793] [sage_energy_monitor]: ENERGY | remaining=95.8 % | voltage=16.12 V | drain_rate=0.054 %/s | home_distance=6.0 m | return_time=10 s | return_cost=0.5 % | margin_after_return=75.3 %
[INFO] [1790222789.417478519] [sage_energy_monitor]: ENERGY | remaining=95.8 % | voltage=16.12 V | drain_rate=0.054 %/s | home_distance=6.2 m | return_time=10 s | return_cost=0.5 % | margin_after_return=75.2 %
[INFO] [1790222790.416824307] [sage_energy_monitor]: ENERGY | remaining=95.7 % | voltage=16.12 V | drain_rate=0.054 %/s | home_distance=6.2 m | return_time=10 s | return_cost=0.6 % | margin_after_return=75.2 %
[INFO] [1790222791.415283623] [sage_energy_monitor]: ENERGY | remaining=95.7 % | voltage=16.12 V | drain_rate=0.054 %/s | home_distance=6.2 m | return_time=10 s | return_cost=0.6 % | margin_after_return=75.1 %
[INFO] [1790222792.420860663] [sage_energy_monitor]: ENERGY | remaining=95.6 % | voltage=16.12 V | drain_rate=0.055 %/s | home_distance=6.3 m | return_time=10 s | return_cost=0.5 % | margin_after_return=75.1 %
[INFO] [1790222793.415509335] [sage_energy_monitor]: ENERGY | remaining=95.6 % | voltage=16.12 V | drain_rate=0.055 %/s | home_distance=6.0 m | return_time=10 s | return_cost=0.5 % | margin_after_return=75.0 %
[INFO] [1790222794.416623904] [sage_energy_monitor]: ENERGY | remaining=95.5 % | voltage=16.12 V | drain_rate=0.055 %/s | home_distance=5.6 m | return_time=9 s | return_cost=0.5 % | margin_after_return=75.0 %
[INFO] [1790222795.419461574] [sage_energy_monitor]: ENERGY | remaining=95.4 % | voltage=16.12 V | drain_rate=0.056 %/s | home_distance=5.7 m | return_time=10 s | return_cost=0.5 % | margin_after_return=74.9 %
[INFO] [1790222796.417681732] [sage_energy_monitor]: ENERGY | remaining=95.4 % | voltage=16.12 V | drain_rate=0.056 %/s | home_distance=5.9 m | return_time=10 s | return_cost=0.5 % | margin_after_return=74.8 %
[INFO] [1790222797.416326570] [sage_energy_monitor]: ENERGY | remaining=95.3 % | voltage=16.11 V | drain_rate=0.056 %/s | home_distance=7.0 m | return_time=11 s | return_cost=0.6 % | margin_after_return=74.7 %
[INFO] [1790222798.415619248] [sage_energy_monitor]: ENERGY | remaining=95.3 % | voltage=16.11 V | drain_rate=0.055 %/s | home_distance=8.6 m | return_time=13 s | return_cost=0.7 % | margin_after_return=74.6 %
[INFO] [1790222799.417273510] [sage_energy_monitor]: ENERGY | remaining=95.2 % | voltage=16.11 V | drain_rate=0.055 %/s | home_distance=9.6 m | return_time=14 s | return_cost=0.7 % | margin_after_return=74.5 %
[INFO] [1790222800.418380234] [sage_energy_monitor]: ENERGY | remaining=95.2 % | voltage=16.11 V | drain_rate=0.055 %/s | home_distance=9.0 m | return_time=13 s | return_cost=0.7 % | margin_after_return=74.5 %
[INFO] [1790222801.416373894] [sage_energy_monitor]: ENERGY | remaining=95.1 % | voltage=16.11 V | drain_rate=0.055 %/s | home_distance=7.3 m | return_time=11 s | return_cost=0.6 % | margin_after_return=74.5 %
[INFO] [1790222802.417056586] [sage_energy_monitor]: ENERGY | remaining=95.1 % | voltage=16.11 V | drain_rate=0.055 %/s | home_distance=5.4 m | return_time=9 s | return_cost=0.5 % | margin_after_return=74.6 %
[INFO] [1790222803.420169811] [sage_energy_monitor]: ENERGY | remaining=95.0 % | voltage=16.11 V | drain_rate=0.055 %/s | home_distance=3.5 m | return_time=7 s | return_cost=0.4 % | margin_after_return=74.6 %
[INFO] [1790222804.414525616] [sage_energy_monitor]: ENERGY | remaining=95.0 % | voltage=16.11 V | drain_rate=0.055 %/s | home_distance=1.4 m | return_time=5 s | return_cost=0.3 % | margin_after_return=74.7 %
[INFO] [1790222805.416040802] [sage_energy_monitor]: ENERGY | remaining=94.9 % | voltage=16.11 V | drain_rate=0.055 %/s | home_distance=0.8 m | return_time=5 s | return_cost=0.3 % | margin_after_return=74.6 %
[INFO] [1790222806.418013272] [sage_energy_monitor]: ENERGY | remaining=94.8 % | voltage=16.11 V | drain_rate=0.055 %/s | home_distance=2.6 m | return_time=7 s | return_cost=0.4 % | margin_after_return=74.5 %
[INFO] [1790222807.417913754] [sage_energy_monitor]: ENERGY | remaining=94.8 % | voltage=16.10 V | drain_rate=0.056 %/s | home_distance=4.4 m | return_time=8 s | return_cost=0.5 % | margin_after_return=74.3 %
[INFO] [1790222808.415688080] [sage_energy_monitor]: ENERGY | remaining=94.7 % | voltage=16.10 V | drain_rate=0.055 %/s | home_distance=6.3 m | return_time=10 s | return_cost=0.6 % | margin_after_return=74.2 %
[INFO] [1790222809.415420050] [sage_energy_monitor]: ENERGY | remaining=94.7 % | voltage=16.10 V | drain_rate=0.055 %/s | home_distance=8.1 m | return_time=12 s | return_cost=0.7 % | margin_after_return=74.0 %
[INFO] [1790222810.415746237] [sage_energy_monitor]: ENERGY | remaining=94.6 % | voltage=16.10 V | drain_rate=0.055 %/s | home_distance=9.4 m | return_time=13 s | return_cost=0.7 % | margin_after_return=73.9 %
[INFO] [1790222811.416020085] [sage_energy_monitor]: ENERGY | remaining=94.6 % | voltage=16.10 V | drain_rate=0.055 %/s | home_distance=9.8 m | return_time=14 s | return_cost=0.8 % | margin_after_return=73.8 %
[INFO] [1790222812.416449371] [sage_energy_monitor]: ENERGY | remaining=94.5 % | voltage=16.10 V | drain_rate=0.055 %/s | home_distance=8.7 m | return_time=13 s | return_cost=0.7 % | margin_after_return=73.8 %
[INFO] [1790222813.415567717] [sage_energy_monitor]: ENERGY | remaining=94.5 % | voltage=16.10 V | drain_rate=0.055 %/s | home_distance=6.7 m | return_time=11 s | return_cost=0.6 % | margin_after_return=73.9 %
[INFO] [1790222814.414231213] [sage_energy_monitor]: ENERGY | remaining=94.4 % | voltage=16.10 V | drain_rate=0.055 %/s | home_distance=5.7 m | return_time=10 s | return_cost=0.5 % | margin_after_return=73.9 %
[INFO] [1790222815.414502068] [sage_energy_monitor]: ENERGY | remaining=94.3 % | voltage=16.10 V | drain_rate=0.055 %/s | home_distance=5.4 m | return_time=9 s | return_cost=0.5 % | margin_after_return=73.8 %
[INFO] [1790222816.415524973] [sage_energy_monitor]: ENERGY | remaining=94.3 % | voltage=16.10 V | drain_rate=0.055 %/s | home_distance=5.2 m | return_time=9 s | return_cost=0.5 % | margin_after_return=73.8 %
[INFO] [1790222817.416815615] [sage_energy_monitor]: ENERGY | remaining=94.2 % | voltage=16.09 V | drain_rate=0.055 %/s | home_distance=5.3 m | return_time=9 s | return_cost=0.5 % | margin_after_return=73.7 %
[INFO] [1790222818.416430217] [sage_energy_monitor]: ENERGY | remaining=94.2 % | voltage=16.09 V | drain_rate=0.055 %/s | home_distance=5.3 m | return_time=9 s | return_cost=0.5 % | margin_after_return=73.7 %
[INFO] [1790222819.422304628] [sage_energy_monitor]: ENERGY | remaining=94.1 % | voltage=16.09 V | drain_rate=0.055 %/s | home_distance=5.1 m | return_time=9 s | return_cost=0.5 % | margin_after_return=73.6 %
[INFO] [1790222820.417619521] [sage_energy_monitor]: ENERGY | remaining=94.1 % | voltage=16.09 V | drain_rate=0.055 %/s | home_distance=4.4 m | return_time=8 s | return_cost=0.5 % | margin_after_return=73.6 %
[INFO] [1790222821.423911802] [sage_energy_monitor]: ENERGY | remaining=94.0 % | voltage=16.09 V | drain_rate=0.055 %/s | home_distance=4.7 m | return_time=9 s | return_cost=0.5 % | margin_after_return=73.5 %
[INFO] [1790222822.416007884] [sage_energy_monitor]: ENERGY | remaining=93.9 % | voltage=16.09 V | drain_rate=0.056 %/s | home_distance=5.6 m | return_time=10 s | return_cost=0.5 % | margin_after_return=73.4 %
[INFO] [1790222823.422522681] [sage_energy_monitor]: ENERGY | remaining=93.9 % | voltage=16.09 V | drain_rate=0.056 %/s | home_distance=6.8 m | return_time=11 s | return_cost=0.6 % | margin_after_return=73.3 %
[INFO] [1790222824.415679540] [sage_energy_monitor]: ENERGY | remaining=93.8 % | voltage=16.09 V | drain_rate=0.056 %/s | home_distance=7.9 m | return_time=12 s | return_cost=0.7 % | margin_after_return=73.2 %
[INFO] [1790222825.415535131] [sage_energy_monitor]: ENERGY | remaining=93.8 % | voltage=16.09 V | drain_rate=0.056 %/s | home_distance=8.4 m | return_time=12 s | return_cost=0.7 % | margin_after_return=73.1 %
[INFO] [1790222826.415038309] [sage_energy_monitor]: ENERGY | remaining=93.7 % | voltage=16.09 V | drain_rate=0.055 %/s | home_distance=8.6 m | return_time=12 s | return_cost=0.7 % | margin_after_return=73.0 %
[INFO] [1790222827.418939734] [sage_energy_monitor]: ENERGY | remaining=93.7 % | voltage=16.08 V | drain_rate=0.055 %/s | home_distance=8.6 m | return_time=12 s | return_cost=0.7 % | margin_after_return=73.0 %
[INFO] [1790222828.428925669] [sage_energy_monitor]: ENERGY | remaining=93.6 % | voltage=16.08 V | drain_rate=0.055 %/s | home_distance=8.6 m | return_time=12 s | return_cost=0.7 % | margin_after_return=72.9 %
[INFO] [1790222829.415956062] [sage_energy_monitor]: ENERGY | remaining=93.6 % | voltage=16.08 V | drain_rate=0.056 %/s | home_distance=8.7 m | return_time=12 s | return_cost=0.7 % | margin_after_return=72.9 %
[INFO] [1790222830.422196554] [sage_energy_monitor]: ENERGY | remaining=93.5 % | voltage=16.08 V | drain_rate=0.055 %/s | home_distance=8.7 m | return_time=12 s | return_cost=0.7 % | margin_after_return=72.8 %
[INFO] [1790222831.420453910] [sage_energy_monitor]: ENERGY | remaining=93.5 % | voltage=16.08 V | drain_rate=0.056 %/s | home_distance=8.8 m | return_time=12 s | return_cost=0.7 % | margin_after_return=72.8 %
[INFO] [1790222832.416647181] [sage_energy_monitor]: ENERGY | remaining=93.4 % | voltage=16.08 V | drain_rate=0.055 %/s | home_distance=8.7 m | return_time=12 s | return_cost=0.7 % | margin_after_return=72.7 %
[INFO] [1790222833.417211957] [sage_energy_monitor]: ENERGY | remaining=93.3 % | voltage=16.08 V | drain_rate=0.056 %/s | home_distance=8.6 m | return_time=12 s | return_cost=0.7 % | margin_after_return=72.7 %
[INFO] [1790222834.416886665] [sage_energy_monitor]: ENERGY | remaining=93.3 % | voltage=16.08 V | drain_rate=0.056 %/s | home_distance=8.4 m | return_time=12 s | return_cost=0.7 % | margin_after_return=72.6 %
[INFO] [1790222835.416195719] [sage_energy_monitor]: ENERGY | remaining=93.2 % | voltage=16.08 V | drain_rate=0.056 %/s | home_distance=7.5 m | return_time=11 s | return_cost=0.6 % | margin_after_return=72.6 %
[INFO] [1790222836.415899952] [sage_energy_monitor]: ENERGY | remaining=93.2 % | voltage=16.08 V | drain_rate=0.055 %/s | home_distance=6.7 m | return_time=10 s | return_cost=0.6 % | margin_after_return=72.6 %
[INFO] [1790222837.422210398] [sage_energy_monitor]: ENERGY | remaining=93.1 % | voltage=16.07 V | drain_rate=0.055 %/s | home_distance=6.3 m | return_time=10 s | return_cost=0.6 % | margin_after_return=72.6 %
[INFO] [1790222838.416635615] [sage_energy_monitor]: ENERGY | remaining=93.1 % | voltage=16.07 V | drain_rate=0.056 %/s | home_distance=6.1 m | return_time=10 s | return_cost=0.6 % | margin_after_return=72.5 %
[INFO] [1790222839.416636825] [sage_energy_monitor]: ENERGY | remaining=93.0 % | voltage=16.07 V | drain_rate=0.056 %/s | home_distance=5.9 m | return_time=10 s | return_cost=0.5 % | margin_after_return=72.5 %
[INFO] [1790222840.416254111] [sage_energy_monitor]: ENERGY | remaining=93.0 % | voltage=16.07 V | drain_rate=0.056 %/s | home_distance=5.8 m | return_time=10 s | return_cost=0.5 % | margin_after_return=72.4 %
[INFO] [1790222841.416413899] [sage_energy_monitor]: ENERGY | remaining=92.9 % | voltage=16.07 V | drain_rate=0.056 %/s | home_distance=5.8 m | return_time=10 s | return_cost=0.5 % | margin_after_return=72.4 %
[INFO] [1790222842.415541653] [sage_energy_monitor]: ENERGY | remaining=92.8 % | voltage=16.07 V | drain_rate=0.056 %/s | home_distance=5.9 m | return_time=10 s | return_cost=0.5 % | margin_after_return=72.3 %
[INFO] [1790222843.417308270] [sage_energy_monitor]: ENERGY | remaining=92.8 % | voltage=16.07 V | drain_rate=0.055 %/s | home_distance=5.9 m | return_time=10 s | return_cost=0.6 % | margin_after_return=72.2 %
[INFO] [1790222844.425667713] [sage_energy_monitor]: ENERGY | remaining=92.7 % | voltage=16.07 V | drain_rate=0.055 %/s | home_distance=5.9 m | return_time=10 s | return_cost=0.6 % | margin_after_return=72.2 %
[INFO] [1790222845.425843826] [sage_energy_monitor]: ENERGY | remaining=92.7 % | voltage=16.07 V | drain_rate=0.055 %/s | home_distance=5.9 m | return_time=10 s | return_cost=0.5 % | margin_after_return=72.1 %
[INFO] [1790222846.427127311] [sage_energy_monitor]: ENERGY | remaining=92.6 % | voltage=16.07 V | drain_rate=0.055 %/s | home_distance=6.0 m | return_time=10 s | return_cost=0.6 % | margin_after_return=72.1 %
[INFO] [1790222847.414941660] [sage_energy_monitor]: ENERGY | remaining=92.6 % | voltage=16.06 V | drain_rate=0.055 %/s | home_distance=6.1 m | return_time=10 s | return_cost=0.6 % | margin_after_return=72.0 %
[INFO] [1790222848.416685156] [sage_energy_monitor]: ENERGY | remaining=92.5 % | voltage=16.06 V | drain_rate=0.055 %/s | home_distance=6.4 m | return_time=10 s | return_cost=0.6 % | margin_after_return=71.9 %
[INFO] [1790222849.415526965] [sage_energy_monitor]: ENERGY | remaining=92.5 % | voltage=16.06 V | drain_rate=0.055 %/s | home_distance=7.2 m | return_time=11 s | return_cost=0.6 % | margin_after_return=71.8 %
[INFO] [1790222850.415280111] [sage_energy_monitor]: ENERGY | remaining=92.4 % | voltage=16.06 V | drain_rate=0.055 %/s | home_distance=8.0 m | return_time=12 s | return_cost=0.7 % | margin_after_return=71.7 %
[INFO] [1790222851.414690122] [sage_energy_monitor]: ENERGY | remaining=92.4 % | voltage=16.06 V | drain_rate=0.055 %/s | home_distance=8.5 m | return_time=12 s | return_cost=0.7 % | margin_after_return=71.7 %
[INFO] [1790222852.423202794] [sage_energy_monitor]: ENERGY | remaining=92.3 % | voltage=16.06 V | drain_rate=0.055 %/s | home_distance=8.6 m | return_time=12 s | return_cost=0.7 % | margin_after_return=71.6 %
[INFO] [1790222853.415341553] [sage_energy_monitor]: ENERGY | remaining=92.2 % | voltage=16.06 V | drain_rate=0.055 %/s | home_distance=8.5 m | return_time=12 s | return_cost=0.7 % | margin_after_return=71.6 %
[INFO] [1790222854.418320409] [sage_energy_monitor]: ENERGY | remaining=92.2 % | voltage=16.06 V | drain_rate=0.055 %/s | home_distance=8.5 m | return_time=12 s | return_cost=0.7 % | margin_after_return=71.5 %
[INFO] [1790222855.415548761] [sage_energy_monitor]: ENERGY | remaining=92.1 % | voltage=16.06 V | drain_rate=0.055 %/s | home_distance=8.5 m | return_time=12 s | return_cost=0.7 % | margin_after_return=71.4 %
[INFO] [1790222856.415190874] [sage_energy_monitor]: ENERGY | remaining=92.1 % | voltage=16.06 V | drain_rate=0.055 %/s | home_distance=8.5 m | return_time=12 s | return_cost=0.7 % | margin_after_return=71.4 %
[INFO] [1790222857.425533433] [sage_energy_monitor]: ENERGY | remaining=92.0 % | voltage=16.05 V | drain_rate=0.055 %/s | home_distance=8.5 m | return_time=13 s | return_cost=0.7 % | margin_after_return=71.3 %
[INFO] [1790222858.415023463] [sage_energy_monitor]: ENERGY | remaining=92.0 % | voltage=16.05 V | drain_rate=0.055 %/s | home_distance=8.5 m | return_time=13 s | return_cost=0.7 % | margin_after_return=71.3 %
[INFO] [1790222859.415594476] [sage_energy_monitor]: ENERGY | remaining=91.9 % | voltage=16.05 V | drain_rate=0.055 %/s | home_distance=8.6 m | return_time=13 s | return_cost=0.7 % | margin_after_return=71.2 %
[INFO] [1790222860.415123080] [sage_energy_monitor]: ENERGY | remaining=91.8 % | voltage=16.05 V | drain_rate=0.055 %/s | home_distance=8.3 m | return_time=12 s | return_cost=0.7 % | margin_after_return=71.2 %
[INFO] [1790222861.419807435] [sage_energy_monitor]: ENERGY | remaining=91.8 % | voltage=16.05 V | drain_rate=0.055 %/s | home_distance=7.4 m | return_time=12 s | return_cost=0.6 % | margin_after_return=71.2 %
[INFO] [1790222862.416775854] [sage_energy_monitor]: ENERGY | remaining=91.7 % | voltage=16.05 V | drain_rate=0.056 %/s | home_distance=6.6 m | return_time=11 s | return_cost=0.6 % | margin_after_return=71.1 %
[INFO] [1790222863.416300380] [sage_energy_monitor]: ENERGY | remaining=91.7 % | voltage=16.05 V | drain_rate=0.055 %/s | home_distance=6.2 m | return_time=10 s | return_cost=0.6 % | margin_after_return=71.1 %
[INFO] [1790222864.416959893] [sage_energy_monitor]: ENERGY | remaining=91.6 % | voltage=16.05 V | drain_rate=0.055 %/s | home_distance=6.1 m | return_time=10 s | return_cost=0.6 % | margin_after_return=71.1 %
[INFO] [1790222865.415574130] [sage_energy_monitor]: ENERGY | remaining=91.6 % | voltage=16.05 V | drain_rate=0.055 %/s | home_distance=6.0 m | return_time=10 s | return_cost=0.6 % | margin_after_return=71.0 %
[INFO] [1790222866.416122097] [sage_energy_monitor]: ENERGY | remaining=91.5 % | voltage=16.05 V | drain_rate=0.055 %/s | home_distance=6.0 m | return_time=10 s | return_cost=0.6 % | margin_after_return=71.0 %
[INFO] [1790222867.422393856] [sage_energy_monitor]: ENERGY | remaining=91.5 % | voltage=16.04 V | drain_rate=0.055 %/s | home_distance=5.9 m | return_time=10 s | return_cost=0.6 % | margin_after_return=70.9 %
[INFO] [1790222868.422810787] [sage_energy_monitor]: ENERGY | remaining=91.4 % | voltage=16.04 V | drain_rate=0.055 %/s | home_distance=5.9 m | return_time=10 s | return_cost=0.6 % | margin_after_return=70.9 %
[INFO] [1790222869.415801751] [sage_energy_monitor]: ENERGY | remaining=91.4 % | voltage=16.04 V | drain_rate=0.055 %/s | home_distance=5.9 m | return_time=10 s | return_cost=0.6 % | margin_after_return=70.8 %
[INFO] [1790222870.416697165] [sage_energy_monitor]: ENERGY | remaining=91.3 % | voltage=16.04 V | drain_rate=0.055 %/s | home_distance=5.9 m | return_time=10 s | return_cost=0.6 % | margin_after_return=70.7 %
[INFO] [1790222871.416720592] [sage_energy_monitor]: ENERGY | remaining=91.2 % | voltage=16.04 V | drain_rate=0.055 %/s | home_distance=5.9 m | return_time=10 s | return_cost=0.6 % | margin_after_return=70.7 %
[INFO] [1790222872.416631090] [sage_energy_monitor]: ENERGY | remaining=91.2 % | voltage=16.04 V | drain_rate=0.055 %/s | home_distance=6.0 m | return_time=10 s | return_cost=0.6 % | margin_after_return=70.6 %
[INFO] [1790222873.415098581] [sage_energy_monitor]: ENERGY | remaining=91.1 % | voltage=16.04 V | drain_rate=0.055 %/s | home_distance=5.7 m | return_time=10 s | return_cost=0.5 % | margin_after_return=70.6 %
[INFO] [1790222874.421109510] [sage_energy_monitor]: ENERGY | remaining=91.1 % | voltage=16.04 V | drain_rate=0.055 %/s | home_distance=4.4 m | return_time=9 s | return_cost=0.5 % | margin_after_return=70.6 %
[INFO] [1790222875.421205409] [sage_energy_monitor]: ENERGY | remaining=91.0 % | voltage=16.04 V | drain_rate=0.055 %/s | home_distance=2.4 m | return_time=7 s | return_cost=0.4 % | margin_after_return=70.7 %
[INFO] [1790222876.419380007] [sage_energy_monitor]: ENERGY | remaining=91.0 % | voltage=16.04 V | drain_rate=0.055 %/s | home_distance=0.7 m | return_time=5 s | return_cost=0.3 % | margin_after_return=70.7 %
[INFO] [1790222877.420119008] [sage_energy_monitor]: ENERGY | remaining=90.9 % | voltage=16.04 V | drain_rate=0.055 %/s | home_distance=1.5 m | return_time=6 s | return_cost=0.3 % | margin_after_return=70.6 %
[INFO] [1790222878.419525717] [sage_energy_monitor]: ENERGY | remaining=90.9 % | voltage=16.03 V | drain_rate=0.055 %/s | home_distance=3.4 m | return_time=8 s | return_cost=0.4 % | margin_after_return=70.4 %
[INFO] [1790222879.418563079] [sage_energy_monitor]: ENERGY | remaining=90.8 % | voltage=16.03 V | drain_rate=0.055 %/s | home_distance=5.1 m | return_time=9 s | return_cost=0.5 % | margin_after_return=70.3 %
[INFO] [1790222880.414468315] [sage_energy_monitor]: ENERGY | remaining=90.8 % | voltage=16.03 V | drain_rate=0.055 %/s | home_distance=5.9 m | return_time=10 s | return_cost=0.5 % | margin_after_return=70.2 %
[INFO] [1790222881.417985015] [sage_energy_monitor]: ENERGY | remaining=90.7 % | voltage=16.03 V | drain_rate=0.055 %/s | home_distance=6.1 m | return_time=10 s | return_cost=0.6 % | margin_after_return=70.1 %
[INFO] [1790222882.415450570] [sage_energy_monitor]: ENERGY | remaining=90.6 % | voltage=16.03 V | drain_rate=0.055 %/s | home_distance=5.8 m | return_time=10 s | return_cost=0.5 % | margin_after_return=70.1 %
[INFO] [1790222883.416890444] [sage_energy_monitor]: ENERGY | remaining=90.6 % | voltage=16.03 V | drain_rate=0.055 %/s | home_distance=5.7 m | return_time=10 s | return_cost=0.5 % | margin_after_return=70.0 %
[INFO] [1790222884.416445067] [sage_energy_monitor]: ENERGY | remaining=90.5 % | voltage=16.03 V | drain_rate=0.055 %/s | home_distance=5.8 m | return_time=10 s | return_cost=0.6 % | margin_after_return=70.0 %
[INFO] [1790222885.414438345] [sage_energy_monitor]: ENERGY | remaining=90.5 % | voltage=16.03 V | drain_rate=0.055 %/s | home_distance=5.9 m | return_time=10 s | return_cost=0.5 % | margin_after_return=69.9 %
[INFO] [1790222886.421578903] [sage_energy_monitor]: ENERGY | remaining=90.4 % | voltage=16.03 V | drain_rate=0.055 %/s | home_distance=6.6 m | return_time=11 s | return_cost=0.6 % | margin_after_return=69.8 %
[INFO] [1790222887.415601418] [sage_energy_monitor]: ENERGY | remaining=90.4 % | voltage=16.03 V | drain_rate=0.055 %/s | home_distance=7.9 m | return_time=12 s | return_cost=0.7 % | margin_after_return=69.7 %
[INFO] [1790222888.417495091] [sage_energy_monitor]: ENERGY | remaining=90.3 % | voltage=16.02 V | drain_rate=0.055 %/s | home_distance=9.1 m | return_time=13 s | return_cost=0.7 % | margin_after_return=69.6 %
[INFO] [1790222889.415913961] [sage_energy_monitor]: ENERGY | remaining=90.3 % | voltage=16.02 V | drain_rate=0.055 %/s | home_distance=8.9 m | return_time=13 s | return_cost=0.7 % | margin_after_return=69.6 %
[INFO] [1790222890.415425740] [sage_energy_monitor]: ENERGY | remaining=90.2 % | voltage=16.02 V | drain_rate=0.055 %/s | home_distance=7.1 m | return_time=11 s | return_cost=0.6 % | margin_after_return=69.6 %
[INFO] [1790222891.423642779] [sage_energy_monitor]: ENERGY | remaining=90.1 % | voltage=16.02 V | drain_rate=0.055 %/s | home_distance=5.3 m | return_time=9 s | return_cost=0.5 % | margin_after_return=69.6 %
[INFO] [1790222892.426771460] [sage_energy_monitor]: ENERGY | remaining=90.1 % | voltage=16.02 V | drain_rate=0.055 %/s | home_distance=3.5 m | return_time=7 s | return_cost=0.4 % | margin_after_return=69.7 %
[INFO] [1790222893.417142640] [sage_energy_monitor]: ENERGY | remaining=90.0 % | voltage=16.02 V | drain_rate=0.055 %/s | home_distance=1.7 m | return_time=6 s | return_cost=0.3 % | margin_after_return=69.7 %
[INFO] [1790222894.414724525] [sage_energy_monitor]: ENERGY | remaining=90.0 % | voltage=16.02 V | drain_rate=0.055 %/s | home_distance=0.4 m | return_time=4 s | return_cost=0.2 % | margin_after_return=69.7 %
[INFO] [1790222895.422385431] [sage_energy_monitor]: ENERGY | remaining=89.9 % | voltage=16.02 V | drain_rate=0.055 %/s | home_distance=0.0 m | return_time=4 s | return_cost=0.2 % | margin_after_return=69.7 %
[INFO] [1790222896.414474708] [sage_energy_monitor]: ENERGY | remaining=89.9 % | voltage=16.02 V | drain_rate=0.055 %/s | home_distance=0.1 m | return_time=4 s | return_cost=0.2 % | margin_after_return=69.6 %
[INFO] [1790222897.417042856] [sage_energy_monitor]: ENERGY | remaining=89.8 % | voltage=16.01 V | drain_rate=0.055 %/s | home_distance=0.1 m | return_time=4 s | return_cost=0.2 % | margin_after_return=69.6 %
[INFO] [1790222898.418779348] [sage_energy_monitor]: ENERGY | remaining=89.8 % | voltage=16.01 V | drain_rate=0.055 %/s | home_distance=0.1 m | return_time=4 s | return_cost=0.2 % | margin_after_return=69.5 %
[INFO] [1790222899.418196220] [sage_energy_monitor]: ENERGY | remaining=89.7 % | voltage=16.01 V | drain_rate=0.055 %/s | home_distance=0.1 m | return_time=4 s | return_cost=0.2 % | margin_after_return=69.5 %
[INFO] [1790222900.416978120] [sage_energy_monitor]: ENERGY | remaining=89.6 % | voltage=16.01 V | drain_rate=0.055 %/s | home_distance=0.2 m | return_time=4 s | return_cost=0.2 % | margin_after_return=69.4 %
[INFO] [1790222901.425038628] [sage_energy_monitor]: ENERGY | remaining=89.6 % | voltage=16.01 V | drain_rate=0.055 %/s | home_distance=0.2 m | return_time=4 s | return_cost=0.2 % | margin_after_return=69.4 %
[INFO] [1790222902.414742282] [sage_energy_monitor]: ENERGY | remaining=89.5 % | voltage=16.01 V | drain_rate=0.056 %/s | home_distance=0.2 m | return_time=4 s | return_cost=0.2 % | margin_after_return=69.3 %
[INFO] [1790222903.415552822] [sage_energy_monitor]: ENERGY | remaining=89.5 % | voltage=16.01 V | drain_rate=0.056 %/s | home_distance=0.1 m | return_time=4 s | return_cost=0.2 % | margin_after_return=69.2 %
[INFO] [1790222904.416489729] [sage_energy_monitor]: ENERGY | remaining=89.4 % | voltage=16.01 V | drain_rate=0.056 %/s | home_distance=0.9 m | return_time=5 s | return_cost=0.3 % | margin_after_return=69.2 %
[INFO] [1790222905.420892898] [sage_energy_monitor]: ENERGY | remaining=89.4 % | voltage=16.01 V | drain_rate=0.056 %/s | home_distance=2.8 m | return_time=7 s | return_cost=0.4 % | margin_after_return=69.0 %
[INFO] [1790222906.415313654] [sage_energy_monitor]: ENERGY | remaining=89.3 % | voltage=16.01 V | drain_rate=0.056 %/s | home_distance=4.6 m | return_time=9 s | return_cost=0.5 % | margin_after_return=68.8 %
[INFO] [1790222907.414815776] [sage_energy_monitor]: ENERGY | remaining=89.3 % | voltage=16.01 V | drain_rate=0.056 %/s | home_distance=5.7 m | return_time=10 s | return_cost=0.5 % | margin_after_return=68.7 %
[INFO] [1790222908.417857802] [sage_energy_monitor]: ENERGY | remaining=89.2 % | voltage=16.00 V | drain_rate=0.056 %/s | home_distance=6.2 m | return_time=10 s | return_cost=0.6 % | margin_after_return=68.6 %
[INFO] [1790222909.417598027] [sage_energy_monitor]: ENERGY | remaining=89.1 % | voltage=16.00 V | drain_rate=0.056 %/s | home_distance=6.2 m | return_time=10 s | return_cost=0.6 % | margin_after_return=68.6 %
[INFO] [1790222910.425341429] [sage_energy_monitor]: ENERGY | remaining=89.1 % | voltage=16.00 V | drain_rate=0.056 %/s | home_distance=6.1 m | return_time=10 s | return_cost=0.6 % | margin_after_return=68.5 %
[INFO] [1790222911.421524260] [sage_energy_monitor]: ENERGY | remaining=89.0 % | voltage=16.00 V | drain_rate=0.056 %/s | home_distance=6.1 m | return_time=10 s | return_cost=0.6 % | margin_after_return=68.5 %
[INFO] [1790222912.428343122] [sage_energy_monitor]: ENERGY | remaining=89.0 % | voltage=16.00 V | drain_rate=0.056 %/s | home_distance=6.1 m | return_time=10 s | return_cost=0.6 % | margin_after_return=68.4 %
[INFO] [1790222913.416680922] [sage_energy_monitor]: ENERGY | remaining=88.9 % | voltage=16.00 V | drain_rate=0.056 %/s | home_distance=6.1 m | return_time=10 s | return_cost=0.6 % | margin_after_return=68.3 %
[INFO] [1790222914.424709272] [sage_energy_monitor]: ENERGY | remaining=88.9 % | voltage=16.00 V | drain_rate=0.056 %/s | home_distance=6.1 m | return_time=10 s | return_cost=0.6 % | margin_after_return=68.3 %
[INFO] [1790222915.417737389] [sage_energy_monitor]: ENERGY | remaining=88.8 % | voltage=16.00 V | drain_rate=0.056 %/s | home_distance=6.1 m | return_time=10 s | return_cost=0.6 % | margin_after_return=68.2 %
[INFO] [1790222916.416440449] [sage_energy_monitor]: ENERGY | remaining=88.8 % | voltage=16.00 V | drain_rate=0.056 %/s | home_distance=6.1 m | return_time=10 s | return_cost=0.6 % | margin_after_return=68.2 %
[INFO] [1790222917.424300486] [sage_energy_monitor]: ENERGY | remaining=88.7 % | voltage=16.00 V | drain_rate=0.056 %/s | home_distance=6.2 m | return_time=10 s | return_cost=0.6 % | margin_after_return=68.1 %
[INFO] [1790222918.426168400] [sage_energy_monitor]: ENERGY | remaining=88.6 % | voltage=15.99 V | drain_rate=0.056 %/s | home_distance=7.0 m | return_time=11 s | return_cost=0.6 % | margin_after_return=68.0 %
[INFO] [1790222919.419568449] [sage_energy_monitor]: ENERGY | remaining=88.6 % | voltage=15.99 V | drain_rate=0.056 %/s | home_distance=7.8 m | return_time=12 s | return_cost=0.7 % | margin_after_return=67.9 %
[INFO] [1790222920.418765317] [sage_energy_monitor]: ENERGY | remaining=88.5 % | voltage=15.99 V | drain_rate=0.055 %/s | home_distance=8.5 m | return_time=13 s | return_cost=0.7 % | margin_after_return=67.8 %
[INFO] [1790222921.417805676] [sage_energy_monitor]: ENERGY | remaining=88.5 % | voltage=15.99 V | drain_rate=0.055 %/s | home_distance=8.8 m | return_time=13 s | return_cost=0.7 % | margin_after_return=67.8 %
[INFO] [1790222922.415596091] [sage_energy_monitor]: ENERGY | remaining=88.4 % | voltage=15.99 V | drain_rate=0.055 %/s | home_distance=8.8 m | return_time=13 s | return_cost=0.7 % | margin_after_return=67.7 %
[INFO] [1790222923.416937002] [sage_energy_monitor]: ENERGY | remaining=88.4 % | voltage=15.99 V | drain_rate=0.055 %/s | home_distance=8.8 m | return_time=13 s | return_cost=0.7 % | margin_after_return=67.7 %
[INFO] [1790222924.419209981] [sage_energy_monitor]: ENERGY | remaining=88.3 % | voltage=15.99 V | drain_rate=0.055 %/s | home_distance=8.7 m | return_time=13 s | return_cost=0.7 % | margin_after_return=67.6 %
[INFO] [1790222925.417341665] [sage_energy_monitor]: ENERGY | remaining=88.3 % | voltage=15.99 V | drain_rate=0.055 %/s | home_distance=8.7 m | return_time=13 s | return_cost=0.7 % | margin_after_return=67.6 %
[INFO] [1790222926.416261347] [sage_energy_monitor]: ENERGY | remaining=88.2 % | voltage=15.99 V | drain_rate=0.055 %/s | home_distance=8.7 m | return_time=13 s | return_cost=0.7 % | margin_after_return=67.5 %
[INFO] [1790222927.425044217] [sage_energy_monitor]: ENERGY | remaining=88.2 % | voltage=15.99 V | drain_rate=0.055 %/s | home_distance=8.6 m | return_time=13 s | return_cost=0.7 % | margin_after_return=67.5 %
[INFO] [1790222928.416046430] [sage_energy_monitor]: ENERGY | remaining=88.1 % | voltage=15.98 V | drain_rate=0.055 %/s | home_distance=8.6 m | return_time=13 s | return_cost=0.7 % | margin_after_return=67.4 %
[INFO] [1790222929.419287219] [sage_energy_monitor]: ENERGY | remaining=88.0 % | voltage=15.98 V | drain_rate=0.055 %/s | home_distance=8.2 m | return_time=12 s | return_cost=0.7 % | margin_after_return=67.4 %
[INFO] [1790222930.416778451] [sage_energy_monitor]: ENERGY | remaining=88.0 % | voltage=15.98 V | drain_rate=0.055 %/s | home_distance=7.2 m | return_time=11 s | return_cost=0.6 % | margin_after_return=67.4 %
[INFO] [1790222931.424577541] [sage_energy_monitor]: ENERGY | remaining=87.9 % | voltage=15.98 V | drain_rate=0.055 %/s | home_distance=6.2 m | return_time=10 s | return_cost=0.6 % | margin_after_return=67.4 %
[INFO] [1790222932.415513577] [sage_energy_monitor]: ENERGY | remaining=87.9 % | voltage=15.98 V | drain_rate=0.055 %/s | home_distance=5.9 m | return_time=10 s | return_cost=0.5 % | margin_after_return=67.3 %
[INFO] [1790222933.415525402] [sage_energy_monitor]: ENERGY | remaining=87.8 % | voltage=15.98 V | drain_rate=0.055 %/s | home_distance=4.9 m | return_time=9 s | return_cost=0.5 % | margin_after_return=67.3 %
[INFO] [1790222934.420337409] [sage_energy_monitor]: ENERGY | remaining=87.8 % | voltage=15.98 V | drain_rate=0.055 %/s | home_distance=3.4 m | return_time=8 s | return_cost=0.4 % | margin_after_return=67.3 %
[INFO] [1790222935.415789918] [sage_energy_monitor]: ENERGY | remaining=87.7 % | voltage=15.98 V | drain_rate=0.055 %/s | home_distance=1.6 m | return_time=6 s | return_cost=0.3 % | margin_after_return=67.4 %
[INFO] [1790222936.416396449] [sage_energy_monitor]: ENERGY | remaining=87.7 % | voltage=15.98 V | drain_rate=0.055 %/s | home_distance=0.9 m | return_time=5 s | return_cost=0.3 % | margin_after_return=67.4 %
[INFO] [1790222937.416032644] [sage_energy_monitor]: ENERGY | remaining=87.6 % | voltage=15.98 V | drain_rate=0.055 %/s | home_distance=2.3 m | return_time=6 s | return_cost=0.3 % | margin_after_return=67.3 %
[INFO] [1790222938.417449530] [sage_energy_monitor]: ENERGY | remaining=87.5 % | voltage=15.97 V | drain_rate=0.055 %/s | home_distance=4.1 m | return_time=8 s | return_cost=0.4 % | margin_after_return=67.1 %
[INFO] [1790222939.416548542] [sage_energy_monitor]: ENERGY | remaining=87.5 % | voltage=15.97 V | drain_rate=0.055 %/s | home_distance=5.5 m | return_time=9 s | return_cost=0.5 % | margin_after_return=67.0 %
[INFO] [1790222940.417441521] [sage_energy_monitor]: ENERGY | remaining=87.4 % | voltage=15.97 V | drain_rate=0.055 %/s | home_distance=6.1 m | return_time=10 s | return_cost=0.5 % | margin_after_return=66.9 %
[INFO] [1790222941.421580235] [sage_energy_monitor]: ENERGY | remaining=87.4 % | voltage=15.97 V | drain_rate=0.055 %/s | home_distance=5.7 m | return_time=9 s | return_cost=0.5 % | margin_after_return=66.9 %
[INFO] [1790222942.418411088] [sage_energy_monitor]: ENERGY | remaining=87.3 % | voltage=15.97 V | drain_rate=0.055 %/s | home_distance=4.0 m | return_time=8 s | return_cost=0.4 % | margin_after_return=66.9 %
[INFO] [1790222943.419448526] [sage_energy_monitor]: ENERGY | remaining=87.3 % | voltage=15.97 V | drain_rate=0.055 %/s | home_distance=2.8 m | return_time=7 s | return_cost=0.4 % | margin_after_return=66.9 %
[INFO] [1790222944.415149866] [sage_energy_monitor]: ENERGY | remaining=87.2 % | voltage=15.97 V | drain_rate=0.055 %/s | home_distance=2.4 m | return_time=6 s | return_cost=0.3 % | margin_after_return=66.9 %
[INFO] [1790222945.419422163] [sage_energy_monitor]: ENERGY | remaining=87.2 % | voltage=15.97 V | drain_rate=0.055 %/s | home_distance=2.2 m | return_time=6 s | return_cost=0.3 % | margin_after_return=66.8 %
[INFO] [1790222946.420351672] [sage_energy_monitor]: ENERGY | remaining=87.1 % | voltage=15.97 V | drain_rate=0.055 %/s | home_distance=2.2 m | return_time=6 s | return_cost=0.3 % | margin_after_return=66.8 %
[INFO] [1790222947.427324016] [sage_energy_monitor]: ENERGY | remaining=87.0 % | voltage=15.97 V | drain_rate=0.055 %/s | home_distance=1.8 m | return_time=6 s | return_cost=0.3 % | margin_after_return=66.7 %
[INFO] [1790222948.415843835] [sage_energy_monitor]: ENERGY | remaining=87.0 % | voltage=15.96 V | drain_rate=0.055 %/s | home_distance=2.0 m | return_time=6 s | return_cost=0.3 % | margin_after_return=66.7 %
[INFO] [1790222949.422689092] [sage_energy_monitor]: ENERGY | remaining=86.9 % | voltage=15.96 V | drain_rate=0.055 %/s | home_distance=2.7 m | return_time=7 s | return_cost=0.4 % | margin_after_return=66.6 %
[INFO] [1790222950.415545989] [sage_energy_monitor]: ENERGY | remaining=86.9 % | voltage=15.96 V | drain_rate=0.055 %/s | home_distance=3.1 m | return_time=7 s | return_cost=0.4 % | margin_after_return=66.5 %
[INFO] [1790222951.419826900] [sage_energy_monitor]: ENERGY | remaining=86.8 % | voltage=15.96 V | drain_rate=0.055 %/s | home_distance=3.2 m | return_time=7 s | return_cost=0.4 % | margin_after_return=66.4 %
[INFO] [1790222952.417592825] [sage_energy_monitor]: ENERGY | remaining=86.8 % | voltage=15.96 V | drain_rate=0.055 %/s | home_distance=3.9 m | return_time=8 s | return_cost=0.4 % | margin_after_return=66.4 %
[INFO] [1790222953.420653104] [sage_energy_monitor]: ENERGY | remaining=86.7 % | voltage=15.96 V | drain_rate=0.055 %/s | home_distance=5.6 m | return_time=10 s | return_cost=0.5 % | margin_after_return=66.2 %
[INFO] [1790222954.417409553] [sage_energy_monitor]: ENERGY | remaining=86.7 % | voltage=15.96 V | drain_rate=0.055 %/s | home_distance=7.4 m | return_time=11 s | return_cost=0.6 % | margin_after_return=66.0 %
[INFO] [1790222955.417001438] [sage_energy_monitor]: ENERGY | remaining=86.6 % | voltage=15.96 V | drain_rate=0.055 %/s | home_distance=9.0 m | return_time=13 s | return_cost=0.7 % | margin_after_return=65.9 %
[INFO] [1790222956.417637577] [sage_energy_monitor]: ENERGY | remaining=86.6 % | voltage=15.96 V | drain_rate=0.055 %/s | home_distance=9.8 m | return_time=14 s | return_cost=0.7 % | margin_after_return=65.8 %
[INFO] [1790222957.415657006] [sage_energy_monitor]: ENERGY | remaining=86.5 % | voltage=15.96 V | drain_rate=0.055 %/s | home_distance=9.8 m | return_time=13 s | return_cost=0.7 % | margin_after_return=65.8 %
[INFO] [1790222958.415730089] [sage_energy_monitor]: ENERGY | remaining=86.4 % | voltage=15.95 V | drain_rate=0.055 %/s | home_distance=8.6 m | return_time=12 s | return_cost=0.7 % | margin_after_return=65.8 %
[INFO] [1790222959.417120146] [sage_energy_monitor]: ENERGY | remaining=86.4 % | voltage=15.95 V | drain_rate=0.055 %/s | home_distance=6.9 m | return_time=11 s | return_cost=0.6 % | margin_after_return=65.8 %
[INFO] [1790222960.421640470] [sage_energy_monitor]: ENERGY | remaining=86.3 % | voltage=15.95 V | drain_rate=0.055 %/s | home_distance=5.6 m | return_time=10 s | return_cost=0.5 % | margin_after_return=65.8 %
[INFO] [1790222961.415097773] [sage_energy_monitor]: ENERGY | remaining=86.3 % | voltage=15.95 V | drain_rate=0.055 %/s | home_distance=4.6 m | return_time=8 s | return_cost=0.5 % | margin_after_return=65.8 %
[INFO] [1790222962.415571012] [sage_energy_monitor]: ENERGY | remaining=86.2 % | voltage=15.95 V | drain_rate=0.055 %/s | home_distance=3.0 m | return_time=7 s | return_cost=0.4 % | margin_after_return=65.9 %
[INFO] [1790222963.415001498] [sage_energy_monitor]: ENERGY | remaining=86.2 % | voltage=15.95 V | drain_rate=0.055 %/s | home_distance=1.1 m | return_time=5 s | return_cost=0.3 % | margin_after_return=65.9 %
[INFO] [1790222964.416045166] [sage_energy_monitor]: ENERGY | remaining=86.1 % | voltage=15.95 V | drain_rate=0.055 %/s | home_distance=0.8 m | return_time=5 s | return_cost=0.3 % | margin_after_return=65.9 %
[INFO] [1790222965.416167442] [sage_energy_monitor]: ENERGY | remaining=86.1 % | voltage=15.95 V | drain_rate=0.055 %/s | home_distance=2.8 m | return_time=7 s | return_cost=0.4 % | margin_after_return=65.7 %
[INFO] [1790222966.420559916] [sage_energy_monitor]: ENERGY | remaining=86.0 % | voltage=15.95 V | drain_rate=0.055 %/s | home_distance=4.7 m | return_time=9 s | return_cost=0.5 % | margin_after_return=65.5 %
[INFO] [1790222967.417201965] [sage_energy_monitor]: ENERGY | remaining=86.0 % | voltage=15.95 V | drain_rate=0.055 %/s | home_distance=6.3 m | return_time=10 s | return_cost=0.6 % | margin_after_return=65.4 %
[INFO] [1790222968.415572774] [sage_energy_monitor]: ENERGY | remaining=85.9 % | voltage=15.94 V | drain_rate=0.055 %/s | home_distance=7.2 m | return_time=11 s | return_cost=0.6 % | margin_after_return=65.3 %
[INFO] [1790222969.427718354] [sage_energy_monitor]: ENERGY | remaining=85.9 % | voltage=15.94 V | drain_rate=0.055 %/s | home_distance=7.7 m | return_time=11 s | return_cost=0.6 % | margin_after_return=65.2 %
[INFO] [1790222970.421313049] [sage_energy_monitor]: ENERGY | remaining=85.8 % | voltage=15.94 V | drain_rate=0.055 %/s | home_distance=9.0 m | return_time=13 s | return_cost=0.7 % | margin_after_return=65.1 %
[INFO] [1790222971.417643641] [sage_energy_monitor]: ENERGY | remaining=85.7 % | voltage=15.94 V | drain_rate=0.055 %/s | home_distance=10.5 m | return_time=14 s | return_cost=0.8 % | margin_after_return=65.0 %
[INFO] [1790222972.414727382] [sage_energy_monitor]: ENERGY | remaining=85.7 % | voltage=15.94 V | drain_rate=0.055 %/s | home_distance=11.0 m | return_time=15 s | return_cost=0.8 % | margin_after_return=64.9 %
[INFO] [1790222973.415563054] [sage_energy_monitor]: ENERGY | remaining=85.6 % | voltage=15.94 V | drain_rate=0.054 %/s | home_distance=11.1 m | return_time=15 s | return_cost=0.8 % | margin_after_return=64.8 %
[INFO] [1790222974.417732613] [sage_energy_monitor]: ENERGY | remaining=85.6 % | voltage=15.94 V | drain_rate=0.054 %/s | home_distance=10.9 m | return_time=15 s | return_cost=0.8 % | margin_after_return=64.8 %
[INFO] [1790222975.415999962] [sage_energy_monitor]: ENERGY | remaining=85.5 % | voltage=15.94 V | drain_rate=0.054 %/s | home_distance=10.8 m | return_time=15 s | return_cost=0.8 % | margin_after_return=64.7 %
[INFO] [1790222976.418729557] [sage_energy_monitor]: ENERGY | remaining=85.5 % | voltage=15.94 V | drain_rate=0.054 %/s | home_distance=10.8 m | return_time=15 s | return_cost=0.8 % | margin_after_return=64.7 %
[INFO] [1790222977.414701194] [sage_energy_monitor]: ENERGY | remaining=85.4 % | voltage=15.94 V | drain_rate=0.054 %/s | home_distance=10.0 m | return_time=14 s | return_cost=0.7 % | margin_after_return=64.7 %
[INFO] [1790222978.419418485] [sage_energy_monitor]: ENERGY | remaining=85.4 % | voltage=15.94 V | drain_rate=0.054 %/s | home_distance=8.1 m | return_time=12 s | return_cost=0.6 % | margin_after_return=64.7 %
[INFO] [1790222979.418279957] [sage_energy_monitor]: ENERGY | remaining=85.3 % | voltage=15.93 V | drain_rate=0.054 %/s | home_distance=6.3 m | return_time=10 s | return_cost=0.5 % | margin_after_return=64.8 %
[INFO] [1790222980.414452597] [sage_energy_monitor]: ENERGY | remaining=85.3 % | voltage=15.93 V | drain_rate=0.054 %/s | home_distance=4.9 m | return_time=9 s | return_cost=0.5 % | margin_after_return=64.8 %
[INFO] [1790222981.419463304] [sage_energy_monitor]: ENERGY | remaining=85.2 % | voltage=15.93 V | drain_rate=0.054 %/s | home_distance=4.7 m | return_time=8 s | return_cost=0.5 % | margin_after_return=64.8 %
[INFO] [1790222982.418473651] [sage_energy_monitor]: ENERGY | remaining=85.2 % | voltage=15.93 V | drain_rate=0.054 %/s | home_distance=5.7 m | return_time=10 s | return_cost=0.5 % | margin_after_return=64.6 %
[INFO] [1790222983.417182309] [sage_energy_monitor]: ENERGY | remaining=85.1 % | voltage=15.93 V | drain_rate=0.054 %/s | home_distance=7.0 m | return_time=11 s | return_cost=0.6 % | margin_after_return=64.5 %
[INFO] [1790222984.417032400] [sage_energy_monitor]: ENERGY | remaining=85.0 % | voltage=15.93 V | drain_rate=0.054 %/s | home_distance=7.7 m | return_time=12 s | return_cost=0.6 % | margin_after_return=64.4 %
[INFO] [1790222985.422446237] [sage_energy_monitor]: ENERGY | remaining=85.0 % | voltage=15.93 V | drain_rate=0.054 %/s | home_distance=7.8 m | return_time=12 s | return_cost=0.6 % | margin_after_return=64.3 %
[INFO] [1790222986.422717869] [sage_energy_monitor]: ENERGY | remaining=84.9 % | voltage=15.93 V | drain_rate=0.054 %/s | home_distance=8.3 m | return_time=12 s | return_cost=0.7 % | margin_after_return=64.3 %
[INFO] [1790222987.419289664] [sage_energy_monitor]: ENERGY | remaining=84.9 % | voltage=15.93 V | drain_rate=0.054 %/s | home_distance=10.0 m | return_time=14 s | return_cost=0.8 % | margin_after_return=64.1 %
[INFO] [1790222988.417487354] [sage_energy_monitor]: ENERGY | remaining=84.8 % | voltage=15.93 V | drain_rate=0.054 %/s | home_distance=11.5 m | return_time=16 s | return_cost=0.8 % | margin_after_return=64.0 %
[INFO] [1790222989.419343681] [sage_energy_monitor]: ENERGY | remaining=84.8 % | voltage=15.92 V | drain_rate=0.054 %/s | home_distance=12.2 m | return_time=16 s | return_cost=0.9 % | margin_after_return=63.9 %
[INFO] [1790222990.418123583] [sage_energy_monitor]: ENERGY | remaining=84.7 % | voltage=15.92 V | drain_rate=0.054 %/s | home_distance=12.4 m | return_time=16 s | return_cost=0.9 % | margin_after_return=63.8 %
[INFO] [1790222991.415614774] [sage_energy_monitor]: ENERGY | remaining=84.7 % | voltage=15.92 V | drain_rate=0.054 %/s | home_distance=11.5 m | return_time=16 s | return_cost=0.8 % | margin_after_return=63.8 %
[INFO] [1790222992.416181375] [sage_energy_monitor]: ENERGY | remaining=84.6 % | voltage=15.92 V | drain_rate=0.054 %/s | home_distance=10.0 m | return_time=14 s | return_cost=0.8 % | margin_after_return=63.8 %
[INFO] [1790222993.421203539] [sage_energy_monitor]: ENERGY | remaining=84.5 % | voltage=15.92 V | drain_rate=0.054 %/s | home_distance=8.4 m | return_time=12 s | return_cost=0.7 % | margin_after_return=63.9 %
[INFO] [1790222994.414506305] [sage_energy_monitor]: ENERGY | remaining=84.5 % | voltage=15.92 V | drain_rate=0.055 %/s | home_distance=7.0 m | return_time=11 s | return_cost=0.6 % | margin_after_return=63.9 %
[INFO] [1790222995.416423690] [sage_energy_monitor]: ENERGY | remaining=84.4 % | voltage=15.92 V | drain_rate=0.055 %/s | home_distance=6.0 m | return_time=10 s | return_cost=0.5 % | margin_after_return=63.9 %
[INFO] [1790222996.415419916] [sage_energy_monitor]: ENERGY | remaining=84.4 % | voltage=15.92 V | drain_rate=0.055 %/s | home_distance=5.6 m | return_time=9 s | return_cost=0.5 % | margin_after_return=63.9 %
[INFO] [1790222997.414977079] [sage_energy_monitor]: ENERGY | remaining=84.3 % | voltage=15.92 V | drain_rate=0.055 %/s | home_distance=5.4 m | return_time=9 s | return_cost=0.5 % | margin_after_return=63.8 %
[INFO] [1790222998.415938046] [sage_energy_monitor]: ENERGY | remaining=84.3 % | voltage=15.92 V | drain_rate=0.054 %/s | home_distance=5.4 m | return_time=9 s | return_cost=0.5 % | margin_after_return=63.8 %
[INFO] [1790222999.418644822] [sage_energy_monitor]: ENERGY | remaining=84.2 % | voltage=15.91 V | drain_rate=0.055 %/s | home_distance=5.6 m | return_time=10 s | return_cost=0.5 % | margin_after_return=63.7 %
[INFO] [1790223000.415667379] [sage_energy_monitor]: ENERGY | remaining=84.2 % | voltage=15.91 V | drain_rate=0.055 %/s | home_distance=5.8 m | return_time=10 s | return_cost=0.5 % | margin_after_return=63.6 %
[INFO] [1790223001.417700179] [sage_energy_monitor]: ENERGY | remaining=84.1 % | voltage=15.91 V | drain_rate=0.055 %/s | home_distance=5.9 m | return_time=10 s | return_cost=0.5 % | margin_after_return=63.6 %
[INFO] [1790223002.419922512] [sage_energy_monitor]: ENERGY | remaining=84.1 % | voltage=15.91 V | drain_rate=0.055 %/s | home_distance=6.0 m | return_time=10 s | return_cost=0.5 % | margin_after_return=63.5 %
[INFO] [1790223003.417730187] [sage_energy_monitor]: ENERGY | remaining=84.0 % | voltage=15.91 V | drain_rate=0.055 %/s | home_distance=6.0 m | return_time=10 s | return_cost=0.5 % | margin_after_return=63.5 %
[INFO] [1790223004.418829779] [sage_energy_monitor]: ENERGY | remaining=83.9 % | voltage=15.91 V | drain_rate=0.055 %/s | home_distance=6.0 m | return_time=10 s | return_cost=0.6 % | margin_after_return=63.4 %
[INFO] [1790223005.418587408] [sage_energy_monitor]: ENERGY | remaining=83.9 % | voltage=15.91 V | drain_rate=0.055 %/s | home_distance=6.2 m | return_time=10 s | return_cost=0.6 % | margin_after_return=63.3 %
[INFO] [1790223006.416438424] [sage_energy_monitor]: ENERGY | remaining=83.8 % | voltage=15.91 V | drain_rate=0.055 %/s | home_distance=7.0 m | return_time=11 s | return_cost=0.6 % | margin_after_return=63.2 %
[INFO] [1790223007.415677357] [sage_energy_monitor]: ENERGY | remaining=83.8 % | voltage=15.91 V | drain_rate=0.055 %/s | home_distance=8.0 m | return_time=12 s | return_cost=0.7 % | margin_after_return=63.1 %
[INFO] [1790223008.418235631] [sage_energy_monitor]: ENERGY | remaining=83.7 % | voltage=15.91 V | drain_rate=0.055 %/s | home_distance=8.5 m | return_time=13 s | return_cost=0.7 % | margin_after_return=63.0 %
[INFO] [1790223009.423644213] [sage_energy_monitor]: ENERGY | remaining=83.7 % | voltage=15.90 V | drain_rate=0.055 %/s | home_distance=8.6 m | return_time=13 s | return_cost=0.7 % | margin_after_return=63.0 %
[INFO] [1790223010.416726909] [sage_energy_monitor]: ENERGY | remaining=83.6 % | voltage=15.90 V | drain_rate=0.055 %/s | home_distance=8.6 m | return_time=13 s | return_cost=0.7 % | margin_after_return=62.9 %
[INFO] [1790223011.415001995] [sage_energy_monitor]: ENERGY | remaining=83.6 % | voltage=15.90 V | drain_rate=0.055 %/s | home_distance=8.6 m | return_time=13 s | return_cost=0.7 % | margin_after_return=62.9 %
[INFO] [1790223012.415245793] [sage_energy_monitor]: ENERGY | remaining=83.5 % | voltage=15.90 V | drain_rate=0.054 %/s | home_distance=8.6 m | return_time=13 s | return_cost=0.7 % | margin_after_return=62.8 %
[INFO] [1790223013.415247476] [sage_energy_monitor]: ENERGY | remaining=83.5 % | voltage=15.90 V | drain_rate=0.054 %/s | home_distance=8.6 m | return_time=13 s | return_cost=0.7 % | margin_after_return=62.8 %
[INFO] [1790223014.417403648] [sage_energy_monitor]: ENERGY | remaining=83.4 % | voltage=15.90 V | drain_rate=0.054 %/s | home_distance=8.6 m | return_time=13 s | return_cost=0.7 % | margin_after_return=62.8 %
[INFO] [1790223015.415408096] [sage_energy_monitor]: ENERGY | remaining=83.4 % | voltage=15.90 V | drain_rate=0.053 %/s | home_distance=8.6 m | return_time=13 s | return_cost=0.7 % | margin_after_return=62.7 %
[INFO] [1790223016.415988023] [sage_energy_monitor]: ENERGY | remaining=83.3 % | voltage=15.90 V | drain_rate=0.054 %/s | home_distance=8.6 m | return_time=13 s | return_cost=0.7 % | margin_after_return=62.7 %
[INFO] [1790223017.415175455] [sage_energy_monitor]: ENERGY | remaining=83.3 % | voltage=15.90 V | drain_rate=0.054 %/s | home_distance=8.5 m | return_time=13 s | return_cost=0.7 % | margin_after_return=62.6 %
[INFO] [1790223018.415646626] [sage_energy_monitor]: ENERGY | remaining=83.2 % | voltage=15.90 V | drain_rate=0.054 %/s | home_distance=8.2 m | return_time=12 s | return_cost=0.6 % | margin_after_return=62.6 %
[INFO] [1790223019.420911010] [sage_energy_monitor]: ENERGY | remaining=83.2 % | voltage=15.90 V | drain_rate=0.054 %/s | home_distance=7.4 m | return_time=11 s | return_cost=0.6 % | margin_after_return=62.6 %
[INFO] [1790223020.414800630] [sage_energy_monitor]: ENERGY | remaining=83.1 % | voltage=15.89 V | drain_rate=0.054 %/s | home_distance=6.5 m | return_time=10 s | return_cost=0.6 % | margin_after_return=62.5 %
[INFO] [1790223021.414671187] [sage_energy_monitor]: ENERGY | remaining=83.0 % | voltage=15.89 V | drain_rate=0.054 %/s | home_distance=5.5 m | return_time=9 s | return_cost=0.5 % | margin_after_return=62.5 %
[INFO] [1790223022.423281052] [sage_energy_monitor]: ENERGY | remaining=83.0 % | voltage=15.89 V | drain_rate=0.054 %/s | home_distance=4.5 m | return_time=8 s | return_cost=0.5 % | margin_after_return=62.5 %
[INFO] [1790223023.420205832] [sage_energy_monitor]: ENERGY | remaining=82.9 % | voltage=15.89 V | drain_rate=0.054 %/s | home_distance=3.6 m | return_time=8 s | return_cost=0.4 % | margin_after_return=62.5 %
[INFO] [1790223024.415003036] [sage_energy_monitor]: ENERGY | remaining=82.9 % | voltage=15.89 V | drain_rate=0.054 %/s | home_distance=2.7 m | return_time=7 s | return_cost=0.4 % | margin_after_return=62.5 %
[INFO] [1790223025.419137436] [sage_energy_monitor]: ENERGY | remaining=82.8 % | voltage=15.89 V | drain_rate=0.054 %/s | home_distance=1.7 m | return_time=6 s | return_cost=0.3 % | margin_after_return=62.5 %
[INFO] [1790223026.416864138] [sage_energy_monitor]: ENERGY | remaining=82.8 % | voltage=15.89 V | drain_rate=0.054 %/s | home_distance=0.8 m | return_time=5 s | return_cost=0.3 % | margin_after_return=62.5 %
[INFO] [1790223027.419991844] [sage_energy_monitor]: ENERGY | remaining=82.7 % | voltage=15.89 V | drain_rate=0.054 %/s | home_distance=0.2 m | return_time=4 s | return_cost=0.2 % | margin_after_return=62.5 %
[INFO] [1790223028.415044250] [sage_energy_monitor]: ENERGY | remaining=82.7 % | voltage=15.89 V | drain_rate=0.054 %/s | home_distance=0.3 m | return_time=4 s | return_cost=0.2 % | margin_after_return=62.5 %
[INFO] [1790223029.415552755] [sage_energy_monitor]: ENERGY | remaining=82.6 % | voltage=15.89 V | drain_rate=0.054 %/s | home_distance=0.4 m | return_time=3 s | return_cost=0.2 % | margin_after_return=62.4 %
[INFO] [1790223030.415702433] [sage_energy_monitor]: ENERGY | remaining=82.5 % | voltage=15.88 V | drain_rate=0.054 %/s | home_distance=0.4 m | return_time=2 s | return_cost=0.1 % | margin_after_return=62.4 %
[INFO] [1790223031.417715349] [sage_energy_monitor]: ENERGY | remaining=82.5 % | voltage=15.88 V | drain_rate=0.054 %/s | home_distance=0.4 m | return_time=1 s | return_cost=0.1 % | margin_after_return=62.4 %
[INFO] [1790223032.416178745] [sage_energy_monitor]: ENERGY | remaining=82.4 % | voltage=15.88 V | drain_rate=0.054 %/s | home_distance=0.4 m | return_time=1 s | return_cost=0.0 % | margin_after_return=62.4 %
[INFO] [1790223033.419336955] [sage_energy_monitor]: ENERGY | remaining=82.4 % | voltage=15.88 V | drain_rate=0.055 %/s | home_distance=0.4 m | return_time=0 s | return_cost=0.0 % | margin_after_return=62.3 %
[INFO] [1790223034.420943858] [sage_energy_monitor]: ENERGY | remaining=82.3 % | voltage=15.88 V | drain_rate=0.055 %/s | home_distance=0.4 m | return_time=0 s | return_cost=0.0 % | margin_after_return=62.3 %
[INFO] [1790223035.417687954] [sage_energy_monitor]: ENERGY | remaining=86.8 % | voltage=16.20 V | drain_rate=0.000 %/s | home_distance=0.4 m | return_time=1 s | return_cost=0.0 % | margin_after_return=66.8 %
[INFO] [1790223036.414503317] [sage_energy_monitor]: ENERGY | remaining=93.8 % | voltage=16.20 V | drain_rate=0.000 %/s | home_distance=0.4 m | return_time=1 s | return_cost=0.0 % | margin_after_return=73.8 %
[INFO] [1790223037.421026210] [sage_energy_monitor]: ENERGY | remaining=96.8 % | voltage=16.20 V | drain_rate=0.000 %/s | home_distance=0.5 m | return_time=1 s | return_cost=0.0 % | margin_after_return=76.8 %
[INFO] [1790223038.414652022] [sage_energy_monitor]: ENERGY | remaining=98.4 % | voltage=16.20 V | drain_rate=0.000 %/s | home_distance=0.5 m | return_time=1 s | return_cost=0.0 % | margin_after_return=78.4 %
[INFO] [1790223039.421221144] [sage_energy_monitor]: ENERGY | remaining=99.2 % | voltage=16.20 V | drain_rate=0.000 %/s | home_distance=0.5 m | return_time=1 s | return_cost=0.0 % | margin_after_return=79.2 %
[INFO] [1790223040.416631594] [sage_energy_monitor]: ENERGY | remaining=99.6 % | voltage=16.20 V | drain_rate=0.000 %/s | home_distance=0.5 m | return_time=1 s | return_cost=0.0 % | margin_after_return=79.6 %
[INFO] [1790223041.416113466] [sage_energy_monitor]: ENERGY | remaining=99.8 % | voltage=16.20 V | drain_rate=0.000 %/s | home_distance=0.5 m | return_time=1 s | return_cost=0.0 % | margin_after_return=79.8 %
[INFO] [1790223042.416058378] [sage_energy_monitor]: ENERGY | remaining=99.9 % | voltage=16.20 V | drain_rate=0.000 %/s | home_distance=0.5 m | return_time=0 s | return_cost=0.0 % | margin_after_return=79.9 %
[INFO] [1790223043.415639806] [sage_energy_monitor]: ENERGY | remaining=100.0 % | voltage=16.20 V | drain_rate=0.000 %/s | home_distance=0.5 m | return_time=0 s | return_cost=0.0 % | margin_after_return=80.0 %
