[INFO] [1790211606.764204425] [sage_energy_monitor]: SAGE energy monitor started.
[INFO] [1790211606.765337899] [sage_energy_monitor]: Cruise speed 1.0 m/s | reserve 0.20
[INFO] [1790211608.620740444] [sage_energy_monitor]: ENERGY | remaining=98.7 % | voltage=16.17 V | drain_rate=n/a | home_distance=0.7 m | return_time=5 s | return_cost=n/a | margin_after_return=n/a
[INFO] [1790211609.620216895] [sage_energy_monitor]: ENERGY | remaining=98.6 % | voltage=16.17 V | drain_rate=n/a | home_distance=0.7 m | return_time=5 s | return_cost=n/a | margin_after_return=n/a
[INFO] [1790211610.620552621] [sage_energy_monitor]: ENERGY | remaining=98.5 % | voltage=16.17 V | drain_rate=n/a | home_distance=0.7 m | return_time=5 s | return_cost=n/a | margin_after_return=n/a
[INFO] [1790211611.620619058] [sage_energy_monitor]: ENERGY | remaining=98.5 % | voltage=16.17 V | drain_rate=n/a | home_distance=0.6 m | return_time=5 s | return_cost=n/a | margin_after_return=n/a
[INFO] [1790211612.625507426] [sage_energy_monitor]: ENERGY | remaining=98.4 % | voltage=16.17 V | drain_rate=n/a | home_distance=0.6 m | return_time=4 s | return_cost=n/a | margin_after_return=n/a
[INFO] [1790211613.620153296] [sage_energy_monitor]: ENERGY | remaining=98.3 % | voltage=16.17 V | drain_rate=0.073 %/s | home_distance=0.5 m | return_time=4 s | return_cost=0.3 % | margin_after_return=78.0 %
[INFO] [1790211614.619836952] [sage_energy_monitor]: ENERGY | remaining=98.3 % | voltage=16.17 V | drain_rate=0.072 %/s | home_distance=0.5 m | return_time=4 s | return_cost=0.3 % | margin_after_return=78.0 %
[INFO] [1790211615.620155880] [sage_energy_monitor]: ENERGY | remaining=98.2 % | voltage=16.17 V | drain_rate=0.071 %/s | home_distance=0.4 m | return_time=4 s | return_cost=0.3 % | margin_after_return=77.9 %
[INFO] [1790211616.620280432] [sage_energy_monitor]: ENERGY | remaining=98.1 % | voltage=16.16 V | drain_rate=0.071 %/s | home_distance=0.4 m | return_time=4 s | return_cost=0.3 % | margin_after_return=77.8 %
[INFO] [1790211617.620128483] [sage_energy_monitor]: ENERGY | remaining=98.1 % | voltage=16.16 V | drain_rate=0.070 %/s | home_distance=0.4 m | return_time=4 s | return_cost=0.3 % | margin_after_return=77.8 %
[INFO] [1790211618.619621559] [sage_energy_monitor]: ENERGY | remaining=98.0 % | voltage=16.16 V | drain_rate=0.070 %/s | home_distance=0.4 m | return_time=4 s | return_cost=0.3 % | margin_after_return=77.7 %
[INFO] [1790211619.619557461] [sage_energy_monitor]: ENERGY | remaining=97.9 % | voltage=16.16 V | drain_rate=0.070 %/s | home_distance=0.4 m | return_time=4 s | return_cost=0.2 % | margin_after_return=77.7 %
[INFO] [1790211620.622376535] [sage_energy_monitor]: ENERGY | remaining=97.9 % | voltage=16.16 V | drain_rate=0.070 %/s | home_distance=0.3 m | return_time=3 s | return_cost=0.2 % | margin_after_return=77.6 %
[INFO] [1790211621.623754652] [sage_energy_monitor]: ENERGY | remaining=97.8 % | voltage=16.16 V | drain_rate=0.069 %/s | home_distance=0.3 m | return_time=4 s | return_cost=0.2 % | margin_after_return=77.6 %
[INFO] [1790211622.619710879] [sage_energy_monitor]: ENERGY | remaining=97.8 % | voltage=16.16 V | drain_rate=0.067 %/s | home_distance=0.3 m | return_time=4 s | return_cost=0.2 % | margin_after_return=77.5 %
[INFO] [1790211623.622264786] [sage_energy_monitor]: ENERGY | remaining=97.7 % | voltage=16.16 V | drain_rate=0.066 %/s | home_distance=0.2 m | return_time=4 s | return_cost=0.2 % | margin_after_return=77.4 %
[INFO] [1790211624.621645413] [sage_energy_monitor]: ENERGY | remaining=97.6 % | voltage=16.16 V | drain_rate=0.066 %/s | home_distance=0.2 m | return_time=4 s | return_cost=0.3 % | margin_after_return=77.4 %
[INFO] [1790211625.619686749] [sage_energy_monitor]: ENERGY | remaining=97.6 % | voltage=16.15 V | drain_rate=0.066 %/s | home_distance=0.2 m | return_time=4 s | return_cost=0.3 % | margin_after_return=77.3 %
[INFO] [1790211626.621510273] [sage_energy_monitor]: ENERGY | remaining=97.5 % | voltage=16.15 V | drain_rate=0.065 %/s | home_distance=0.2 m | return_time=4 s | return_cost=0.3 % | margin_after_return=77.2 %
[INFO] [1790211627.631870709] [sage_energy_monitor]: ENERGY | remaining=97.5 % | voltage=16.15 V | drain_rate=0.064 %/s | home_distance=0.2 m | return_time=4 s | return_cost=0.3 % | margin_after_return=77.2 %
[INFO] [1790211628.622226567] [sage_energy_monitor]: ENERGY | remaining=97.4 % | voltage=16.15 V | drain_rate=0.063 %/s | home_distance=0.2 m | return_time=4 s | return_cost=0.3 % | margin_after_return=77.2 %
[INFO] [1790211629.623145828] [sage_energy_monitor]: ENERGY | remaining=97.4 % | voltage=16.15 V | drain_rate=0.063 %/s | home_distance=0.2 m | return_time=4 s | return_cost=0.3 % | margin_after_return=77.1 %
[INFO] [1790211630.624893231] [sage_energy_monitor]: ENERGY | remaining=97.3 % | voltage=16.15 V | drain_rate=0.062 %/s | home_distance=0.2 m | return_time=5 s | return_cost=0.3 % | margin_after_return=77.1 %
[INFO] [1790211631.622811261] [sage_energy_monitor]: ENERGY | remaining=97.3 % | voltage=16.15 V | drain_rate=0.062 %/s | home_distance=0.2 m | return_time=5 s | return_cost=0.3 % | margin_after_return=77.0 %
[INFO] [1790211632.623287217] [sage_energy_monitor]: ENERGY | remaining=97.2 % | voltage=16.15 V | drain_rate=0.062 %/s | home_distance=0.2 m | return_time=5 s | return_cost=0.3 % | margin_after_return=76.9 %
[INFO] [1790211633.620444567] [sage_energy_monitor]: ENERGY | remaining=97.2 % | voltage=16.15 V | drain_rate=0.062 %/s | home_distance=0.1 m | return_time=5 s | return_cost=0.3 % | margin_after_return=76.9 %
[INFO] [1790211634.626301089] [sage_energy_monitor]: ENERGY | remaining=97.1 % | voltage=16.15 V | drain_rate=0.062 %/s | home_distance=0.1 m | return_time=5 s | return_cost=0.3 % | margin_after_return=76.8 %
[INFO] [1790211635.622348656] [sage_energy_monitor]: ENERGY | remaining=97.0 % | voltage=16.15 V | drain_rate=0.062 %/s | home_distance=0.1 m | return_time=5 s | return_cost=0.3 % | margin_after_return=76.7 %
[INFO] [1790211636.619724093] [sage_energy_monitor]: ENERGY | remaining=97.0 % | voltage=16.14 V | drain_rate=0.062 %/s | home_distance=0.2 m | return_time=5 s | return_cost=0.3 % | margin_after_return=76.7 %
[INFO] [1790211637.620005381] [sage_energy_monitor]: ENERGY | remaining=96.9 % | voltage=16.14 V | drain_rate=0.061 %/s | home_distance=0.2 m | return_time=5 s | return_cost=0.3 % | margin_after_return=76.6 %
[INFO] [1790211638.622493421] [sage_energy_monitor]: ENERGY | remaining=96.9 % | voltage=16.14 V | drain_rate=0.061 %/s | home_distance=0.2 m | return_time=5 s | return_cost=0.3 % | margin_after_return=76.6 %
[INFO] [1790211639.623794895] [sage_energy_monitor]: ENERGY | remaining=96.8 % | voltage=16.14 V | drain_rate=0.060 %/s | home_distance=0.2 m | return_time=5 s | return_cost=0.3 % | margin_after_return=76.5 %
[INFO] [1790211640.631986744] [sage_energy_monitor]: ENERGY | remaining=96.7 % | voltage=16.14 V | drain_rate=0.060 %/s | home_distance=0.2 m | return_time=5 s | return_cost=0.3 % | margin_after_return=76.5 %
[INFO] [1790211641.620265344] [sage_energy_monitor]: ENERGY | remaining=96.7 % | voltage=16.14 V | drain_rate=0.059 %/s | home_distance=0.1 m | return_time=5 s | return_cost=0.3 % | margin_after_return=76.4 %
[INFO] [1790211642.620064382] [sage_energy_monitor]: ENERGY | remaining=96.6 % | voltage=16.14 V | drain_rate=0.059 %/s | home_distance=1.4 m | return_time=6 s | return_cost=0.4 % | margin_after_return=76.3 %
[INFO] [1790211643.625735183] [sage_energy_monitor]: ENERGY | remaining=96.6 % | voltage=16.14 V | drain_rate=0.058 %/s | home_distance=3.8 m | return_time=9 s | return_cost=0.5 % | margin_after_return=76.1 %
[INFO] [1790211644.620523824] [sage_energy_monitor]: ENERGY | remaining=96.5 % | voltage=16.14 V | drain_rate=0.058 %/s | home_distance=5.9 m | return_time=10 s | return_cost=0.6 % | margin_after_return=75.9 %
[INFO] [1790211645.621663063] [sage_energy_monitor]: ENERGY | remaining=96.5 % | voltage=16.13 V | drain_rate=0.058 %/s | home_distance=7.3 m | return_time=12 s | return_cost=0.7 % | margin_after_return=75.8 %
[INFO] [1790211646.620547039] [sage_energy_monitor]: ENERGY | remaining=96.4 % | voltage=16.13 V | drain_rate=0.057 %/s | home_distance=7.8 m | return_time=12 s | return_cost=0.7 % | margin_after_return=75.7 %
[INFO] [1790211647.620782503] [sage_energy_monitor]: ENERGY | remaining=96.3 % | voltage=16.13 V | drain_rate=0.057 %/s | home_distance=6.7 m | return_time=11 s | return_cost=0.6 % | margin_after_return=75.7 %
[INFO] [1790211648.622890738] [sage_energy_monitor]: ENERGY | remaining=96.3 % | voltage=16.13 V | drain_rate=0.057 %/s | home_distance=5.3 m | return_time=9 s | return_cost=0.5 % | margin_after_return=75.8 %
[INFO] [1790211649.620852651] [sage_energy_monitor]: ENERGY | remaining=96.2 % | voltage=16.13 V | drain_rate=0.056 %/s | home_distance=4.4 m | return_time=9 s | return_cost=0.5 % | margin_after_return=75.8 %
[INFO] [1790211650.633701051] [sage_energy_monitor]: ENERGY | remaining=96.2 % | voltage=16.13 V | drain_rate=0.056 %/s | home_distance=4.7 m | return_time=9 s | return_cost=0.5 % | margin_after_return=75.7 %
[INFO] [1790211651.621480712] [sage_energy_monitor]: ENERGY | remaining=96.1 % | voltage=16.13 V | drain_rate=0.056 %/s | home_distance=5.4 m | return_time=10 s | return_cost=0.5 % | margin_after_return=75.6 %
[INFO] [1790211652.620874540] [sage_energy_monitor]: ENERGY | remaining=96.1 % | voltage=16.13 V | drain_rate=0.056 %/s | home_distance=6.0 m | return_time=10 s | return_cost=0.6 % | margin_after_return=75.5 %
[INFO] [1790211653.622508605] [sage_energy_monitor]: ENERGY | remaining=96.0 % | voltage=16.13 V | drain_rate=0.056 %/s | home_distance=6.2 m | return_time=10 s | return_cost=0.6 % | margin_after_return=75.4 %
[INFO] [1790211654.622632262] [sage_energy_monitor]: ENERGY | remaining=96.0 % | voltage=16.13 V | drain_rate=0.056 %/s | home_distance=6.2 m | return_time=10 s | return_cost=0.6 % | margin_after_return=75.4 %
[INFO] [1790211655.619666631] [sage_energy_monitor]: ENERGY | remaining=95.9 % | voltage=16.12 V | drain_rate=0.056 %/s | home_distance=6.1 m | return_time=10 s | return_cost=0.6 % | margin_after_return=75.3 %
[INFO] [1790211656.620738770] [sage_energy_monitor]: ENERGY | remaining=95.8 % | voltage=16.12 V | drain_rate=0.056 %/s | home_distance=6.4 m | return_time=11 s | return_cost=0.6 % | margin_after_return=75.2 %
[INFO] [1790211657.631210547] [sage_energy_monitor]: ENERGY | remaining=95.8 % | voltage=16.12 V | drain_rate=0.056 %/s | home_distance=6.9 m | return_time=11 s | return_cost=0.6 % | margin_after_return=75.1 %
[INFO] [1790211658.624731210] [sage_energy_monitor]: ENERGY | remaining=95.7 % | voltage=16.12 V | drain_rate=0.057 %/s | home_distance=6.9 m | return_time=11 s | return_cost=0.6 % | margin_after_return=75.1 %
[INFO] [1790211659.625681545] [sage_energy_monitor]: ENERGY | remaining=95.7 % | voltage=16.12 V | drain_rate=0.057 %/s | home_distance=6.2 m | return_time=11 s | return_cost=0.6 % | margin_after_return=75.1 %
[INFO] [1790211660.622710669] [sage_energy_monitor]: ENERGY | remaining=95.6 % | voltage=16.12 V | drain_rate=0.058 %/s | home_distance=5.4 m | return_time=10 s | return_cost=0.6 % | margin_after_return=75.0 %
[INFO] [1790211661.620270099] [sage_energy_monitor]: ENERGY | remaining=95.6 % | voltage=16.12 V | drain_rate=0.057 %/s | home_distance=5.3 m | return_time=10 s | return_cost=0.6 % | margin_after_return=75.0 %
[INFO] [1790211662.622704191] [sage_energy_monitor]: ENERGY | remaining=95.5 % | voltage=16.12 V | drain_rate=0.057 %/s | home_distance=5.0 m | return_time=9 s | return_cost=0.5 % | margin_after_return=75.0 %
[INFO] [1790211663.621789180] [sage_energy_monitor]: ENERGY | remaining=95.4 % | voltage=16.12 V | drain_rate=0.057 %/s | home_distance=4.6 m | return_time=9 s | return_cost=0.5 % | margin_after_return=74.9 %
[INFO] [1790211664.625210508] [sage_energy_monitor]: ENERGY | remaining=95.4 % | voltage=16.12 V | drain_rate=0.057 %/s | home_distance=4.4 m | return_time=9 s | return_cost=0.5 % | margin_after_return=74.9 %
[INFO] [1790211665.620588621] [sage_energy_monitor]: ENERGY | remaining=95.3 % | voltage=16.11 V | drain_rate=0.057 %/s | home_distance=4.5 m | return_time=9 s | return_cost=0.5 % | margin_after_return=74.8 %
[INFO] [1790211666.624423155] [sage_energy_monitor]: ENERGY | remaining=95.3 % | voltage=16.11 V | drain_rate=0.057 %/s | home_distance=4.8 m | return_time=9 s | return_cost=0.5 % | margin_after_return=74.8 %
[INFO] [1790211667.620458996] [sage_energy_monitor]: ENERGY | remaining=95.2 % | voltage=16.11 V | drain_rate=0.057 %/s | home_distance=5.1 m | return_time=9 s | return_cost=0.5 % | margin_after_return=74.7 %
[INFO] [1790211668.631968434] [sage_energy_monitor]: ENERGY | remaining=95.2 % | voltage=16.11 V | drain_rate=0.057 %/s | home_distance=5.3 m | return_time=10 s | return_cost=0.5 % | margin_after_return=74.6 %
[INFO] [1790211669.620033772] [sage_energy_monitor]: ENERGY | remaining=95.1 % | voltage=16.11 V | drain_rate=0.057 %/s | home_distance=5.3 m | return_time=10 s | return_cost=0.6 % | margin_after_return=74.5 %
[INFO] [1790211670.619924685] [sage_energy_monitor]: ENERGY | remaining=95.0 % | voltage=16.11 V | drain_rate=0.057 %/s | home_distance=5.3 m | return_time=10 s | return_cost=0.5 % | margin_after_return=74.5 %
[INFO] [1790211671.620260455] [sage_energy_monitor]: ENERGY | remaining=95.0 % | voltage=16.11 V | drain_rate=0.057 %/s | home_distance=5.9 m | return_time=10 s | return_cost=0.6 % | margin_after_return=74.4 %
[INFO] [1790211672.622456349] [sage_energy_monitor]: ENERGY | remaining=94.9 % | voltage=16.11 V | drain_rate=0.057 %/s | home_distance=6.7 m | return_time=11 s | return_cost=0.6 % | margin_after_return=74.3 %
[INFO] [1790211673.619824794] [sage_energy_monitor]: ENERGY | remaining=94.9 % | voltage=16.11 V | drain_rate=0.056 %/s | home_distance=7.4 m | return_time=12 s | return_cost=0.7 % | margin_after_return=74.2 %
[INFO] [1790211674.626341567] [sage_energy_monitor]: ENERGY | remaining=94.8 % | voltage=16.11 V | drain_rate=0.056 %/s | home_distance=8.1 m | return_time=13 s | return_cost=0.7 % | margin_after_return=74.1 %
[INFO] [1790211675.624366049] [sage_energy_monitor]: ENERGY | remaining=94.8 % | voltage=16.10 V | drain_rate=0.056 %/s | home_distance=8.4 m | return_time=13 s | return_cost=0.7 % | margin_after_return=74.1 %
[INFO] [1790211676.622294743] [sage_energy_monitor]: ENERGY | remaining=94.7 % | voltage=16.10 V | drain_rate=0.057 %/s | home_distance=8.5 m | return_time=13 s | return_cost=0.7 % | margin_after_return=74.0 %
[INFO] [1790211677.620721327] [sage_energy_monitor]: ENERGY | remaining=94.6 % | voltage=16.10 V | drain_rate=0.057 %/s | home_distance=8.5 m | return_time=13 s | return_cost=0.7 % | margin_after_return=73.9 %
[INFO] [1790211678.626119977] [sage_energy_monitor]: ENERGY | remaining=94.6 % | voltage=16.10 V | drain_rate=0.057 %/s | home_distance=7.8 m | return_time=12 s | return_cost=0.7 % | margin_after_return=73.9 %
[INFO] [1790211679.626490733] [sage_energy_monitor]: ENERGY | remaining=94.5 % | voltage=16.10 V | drain_rate=0.057 %/s | home_distance=7.0 m | return_time=11 s | return_cost=0.7 % | margin_after_return=73.9 %
[INFO] [1790211680.623966731] [sage_energy_monitor]: ENERGY | remaining=94.5 % | voltage=16.10 V | drain_rate=0.057 %/s | home_distance=6.7 m | return_time=11 s | return_cost=0.6 % | margin_after_return=73.8 %
[INFO] [1790211681.620340256] [sage_energy_monitor]: ENERGY | remaining=94.4 % | voltage=16.10 V | drain_rate=0.057 %/s | home_distance=6.9 m | return_time=11 s | return_cost=0.6 % | margin_after_return=73.8 %
[INFO] [1790211682.621686068] [sage_energy_monitor]: ENERGY | remaining=94.3 % | voltage=16.10 V | drain_rate=0.057 %/s | home_distance=7.2 m | return_time=12 s | return_cost=0.7 % | margin_after_return=73.7 %
[INFO] [1790211683.625848902] [sage_energy_monitor]: ENERGY | remaining=94.3 % | voltage=16.10 V | drain_rate=0.058 %/s | home_distance=7.6 m | return_time=12 s | return_cost=0.7 % | margin_after_return=73.6 %
[INFO] [1790211684.622207489] [sage_energy_monitor]: ENERGY | remaining=94.2 % | voltage=16.09 V | drain_rate=0.058 %/s | home_distance=8.3 m | return_time=12 s | return_cost=0.7 % | margin_after_return=73.5 %
[INFO] [1790211685.621605706] [sage_energy_monitor]: ENERGY | remaining=94.2 % | voltage=16.09 V | drain_rate=0.058 %/s | home_distance=10.2 m | return_time=15 s | return_cost=0.8 % | margin_after_return=73.3 %
[INFO] [1790211686.621197917] [sage_energy_monitor]: ENERGY | remaining=94.1 % | voltage=16.09 V | drain_rate=0.058 %/s | home_distance=11.8 m | return_time=16 s | return_cost=0.9 % | margin_after_return=73.2 %
[INFO] [1790211687.622203558] [sage_energy_monitor]: ENERGY | remaining=94.0 % | voltage=16.09 V | drain_rate=0.058 %/s | home_distance=12.5 m | return_time=17 s | return_cost=1.0 % | margin_after_return=73.1 %
[INFO] [1790211688.630925678] [sage_energy_monitor]: ENERGY | remaining=94.0 % | voltage=16.09 V | drain_rate=0.058 %/s | home_distance=12.6 m | return_time=17 s | return_cost=1.0 % | margin_after_return=73.0 %
[INFO] [1790211689.619866531] [sage_energy_monitor]: ENERGY | remaining=93.9 % | voltage=16.09 V | drain_rate=0.058 %/s | home_distance=12.1 m | return_time=17 s | return_cost=1.0 % | margin_after_return=73.0 %
[INFO] [1790211690.619854517] [sage_energy_monitor]: ENERGY | remaining=93.9 % | voltage=16.09 V | drain_rate=0.058 %/s | home_distance=12.0 m | return_time=16 s | return_cost=1.0 % | margin_after_return=72.9 %
[INFO] [1790211691.622695453] [sage_energy_monitor]: ENERGY | remaining=93.8 % | voltage=16.09 V | drain_rate=0.058 %/s | home_distance=12.6 m | return_time=17 s | return_cost=1.0 % | margin_after_return=72.8 %
[INFO] [1790211692.628406894] [sage_energy_monitor]: ENERGY | remaining=93.7 % | voltage=16.09 V | drain_rate=0.058 %/s | home_distance=13.1 m | return_time=17 s | return_cost=1.0 % | margin_after_return=72.7 %
[INFO] [1790211693.622650661] [sage_energy_monitor]: ENERGY | remaining=93.7 % | voltage=16.08 V | drain_rate=0.059 %/s | home_distance=13.4 m | return_time=17 s | return_cost=1.0 % | margin_after_return=72.7 %
[INFO] [1790211694.628043948] [sage_energy_monitor]: ENERGY | remaining=93.6 % | voltage=16.08 V | drain_rate=0.059 %/s | home_distance=12.0 m | return_time=15 s | return_cost=0.9 % | margin_after_return=72.7 %
[INFO] [1790211695.622523915] [sage_energy_monitor]: ENERGY | remaining=93.6 % | voltage=16.08 V | drain_rate=0.059 %/s | home_distance=9.7 m | return_time=13 s | return_cost=0.8 % | margin_after_return=72.8 %
[INFO] [1790211696.621575254] [sage_energy_monitor]: ENERGY | remaining=93.5 % | voltage=16.08 V | drain_rate=0.059 %/s | home_distance=7.3 m | return_time=12 s | return_cost=0.7 % | margin_after_return=72.8 %
[INFO] [1790211697.623359076] [sage_energy_monitor]: ENERGY | remaining=93.5 % | voltage=16.08 V | drain_rate=0.059 %/s | home_distance=4.8 m | return_time=9 s | return_cost=0.5 % | margin_after_return=72.9 %
[INFO] [1790211698.625376654] [sage_energy_monitor]: ENERGY | remaining=93.4 % | voltage=16.08 V | drain_rate=0.059 %/s | home_distance=3.2 m | return_time=7 s | return_cost=0.4 % | margin_after_return=73.0 %
[INFO] [1790211699.621243317] [sage_energy_monitor]: ENERGY | remaining=93.3 % | voltage=16.08 V | drain_rate=0.059 %/s | home_distance=3.3 m | return_time=8 s | return_cost=0.4 % | margin_after_return=72.9 %
[INFO] [1790211700.624488804] [sage_energy_monitor]: ENERGY | remaining=93.3 % | voltage=16.08 V | drain_rate=0.059 %/s | home_distance=3.9 m | return_time=8 s | return_cost=0.5 % | margin_after_return=72.8 %
[INFO] [1790211701.621864617] [sage_energy_monitor]: ENERGY | remaining=93.2 % | voltage=16.08 V | drain_rate=0.059 %/s | home_distance=4.0 m | return_time=8 s | return_cost=0.5 % | margin_after_return=72.7 %
[INFO] [1790211702.619856083] [sage_energy_monitor]: ENERGY | remaining=93.1 % | voltage=16.08 V | drain_rate=0.060 %/s | home_distance=3.6 m | return_time=8 s | return_cost=0.5 % | margin_after_return=72.7 %
[INFO] [1790211703.620114576] [sage_energy_monitor]: ENERGY | remaining=93.1 % | voltage=16.07 V | drain_rate=0.060 %/s | home_distance=3.1 m | return_time=7 s | return_cost=0.4 % | margin_after_return=72.7 %
[INFO] [1790211704.631850664] [sage_energy_monitor]: ENERGY | remaining=93.0 % | voltage=16.07 V | drain_rate=0.060 %/s | home_distance=2.6 m | return_time=7 s | return_cost=0.4 % | margin_after_return=72.6 %
[INFO] [1790211705.620505718] [sage_energy_monitor]: ENERGY | remaining=93.0 % | voltage=16.07 V | drain_rate=0.060 %/s | home_distance=2.3 m | return_time=7 s | return_cost=0.4 % | margin_after_return=72.6 %
[INFO] [1790211706.625027676] [sage_energy_monitor]: ENERGY | remaining=92.9 % | voltage=16.07 V | drain_rate=0.060 %/s | home_distance=2.3 m | return_time=6 s | return_cost=0.4 % | margin_after_return=72.5 %
[INFO] [1790211707.620571196] [sage_energy_monitor]: ENERGY | remaining=92.9 % | voltage=16.07 V | drain_rate=0.060 %/s | home_distance=2.4 m | return_time=7 s | return_cost=0.4 % | margin_after_return=72.5 %
[INFO] [1790211708.624692152] [sage_energy_monitor]: ENERGY | remaining=92.8 % | voltage=16.07 V | drain_rate=0.060 %/s | home_distance=2.6 m | return_time=7 s | return_cost=0.4 % | margin_after_return=72.4 %
[INFO] [1790211709.620296765] [sage_energy_monitor]: ENERGY | remaining=92.7 % | voltage=16.07 V | drain_rate=0.060 %/s | home_distance=2.7 m | return_time=7 s | return_cost=0.4 % | margin_after_return=72.3 %
[INFO] [1790211710.620635725] [sage_energy_monitor]: ENERGY | remaining=92.7 % | voltage=16.07 V | drain_rate=0.060 %/s | home_distance=2.8 m | return_time=7 s | return_cost=0.4 % | margin_after_return=72.3 %
[INFO] [1790211711.628863597] [sage_energy_monitor]: ENERGY | remaining=92.6 % | voltage=16.07 V | drain_rate=0.059 %/s | home_distance=2.8 m | return_time=7 s | return_cost=0.4 % | margin_after_return=72.2 %
[INFO] [1790211712.621126912] [sage_energy_monitor]: ENERGY | remaining=92.6 % | voltage=16.06 V | drain_rate=0.059 %/s | home_distance=2.8 m | return_time=7 s | return_cost=0.4 % | margin_after_return=72.1 %
[INFO] [1790211713.622279689] [sage_energy_monitor]: ENERGY | remaining=92.5 % | voltage=16.06 V | drain_rate=0.059 %/s | home_distance=2.8 m | return_time=7 s | return_cost=0.4 % | margin_after_return=72.1 %
[INFO] [1790211714.624532183] [sage_energy_monitor]: ENERGY | remaining=92.4 % | voltage=16.06 V | drain_rate=0.059 %/s | home_distance=2.8 m | return_time=7 s | return_cost=0.4 % | margin_after_return=72.0 %
[INFO] [1790211715.621307188] [sage_energy_monitor]: ENERGY | remaining=92.4 % | voltage=16.06 V | drain_rate=0.059 %/s | home_distance=2.9 m | return_time=7 s | return_cost=0.4 % | margin_after_return=72.0 %
[INFO] [1790211716.623162398] [sage_energy_monitor]: ENERGY | remaining=92.3 % | voltage=16.06 V | drain_rate=0.059 %/s | home_distance=2.9 m | return_time=7 s | return_cost=0.4 % | margin_after_return=71.9 %
[INFO] [1790211717.620893613] [sage_energy_monitor]: ENERGY | remaining=92.3 % | voltage=16.06 V | drain_rate=0.059 %/s | home_distance=2.9 m | return_time=7 s | return_cost=0.4 % | margin_after_return=71.8 %
[INFO] [1790211718.624448701] [sage_energy_monitor]: ENERGY | remaining=92.2 % | voltage=16.06 V | drain_rate=0.060 %/s | home_distance=2.9 m | return_time=7 s | return_cost=0.4 % | margin_after_return=71.8 %
[INFO] [1790211719.619955029] [sage_energy_monitor]: ENERGY | remaining=92.1 % | voltage=16.06 V | drain_rate=0.059 %/s | home_distance=2.9 m | return_time=7 s | return_cost=0.4 % | margin_after_return=71.7 %
[INFO] [1790211720.624882062] [sage_energy_monitor]: ENERGY | remaining=92.1 % | voltage=16.06 V | drain_rate=0.059 %/s | home_distance=2.9 m | return_time=7 s | return_cost=0.4 % | margin_after_return=71.7 %
[INFO] [1790211721.620961097] [sage_energy_monitor]: ENERGY | remaining=92.0 % | voltage=16.06 V | drain_rate=0.059 %/s | home_distance=2.9 m | return_time=7 s | return_cost=0.4 % | margin_after_return=71.6 %
[INFO] [1790211722.621054087] [sage_energy_monitor]: ENERGY | remaining=92.0 % | voltage=16.05 V | drain_rate=0.059 %/s | home_distance=2.9 m | return_time=7 s | return_cost=0.4 % | margin_after_return=71.5 %
[INFO] [1790211723.622623388] [sage_energy_monitor]: ENERGY | remaining=91.9 % | voltage=16.05 V | drain_rate=0.059 %/s | home_distance=2.9 m | return_time=7 s | return_cost=0.4 % | margin_after_return=71.5 %
[INFO] [1790211724.622966107] [sage_energy_monitor]: ENERGY | remaining=91.9 % | voltage=16.05 V | drain_rate=0.059 %/s | home_distance=2.9 m | return_time=7 s | return_cost=0.4 % | margin_after_return=71.4 %
[INFO] [1790211725.624032761] [sage_energy_monitor]: ENERGY | remaining=91.8 % | voltage=16.05 V | drain_rate=0.058 %/s | home_distance=2.9 m | return_time=7 s | return_cost=0.4 % | margin_after_return=71.4 %
[INFO] [1790211726.622848927] [sage_energy_monitor]: ENERGY | remaining=91.8 % | voltage=16.05 V | drain_rate=0.058 %/s | home_distance=2.9 m | return_time=7 s | return_cost=0.4 % | margin_after_return=71.3 %
[INFO] [1790211727.620790366] [sage_energy_monitor]: ENERGY | remaining=91.7 % | voltage=16.05 V | drain_rate=0.058 %/s | home_distance=2.9 m | return_time=7 s | return_cost=0.4 % | margin_after_return=71.3 %
[INFO] [1790211728.620729576] [sage_energy_monitor]: ENERGY | remaining=91.6 % | voltage=16.05 V | drain_rate=0.058 %/s | home_distance=2.8 m | return_time=7 s | return_cost=0.4 % | margin_after_return=71.2 %
[INFO] [1790211729.625904173] [sage_energy_monitor]: ENERGY | remaining=91.6 % | voltage=16.05 V | drain_rate=0.058 %/s | home_distance=2.8 m | return_time=7 s | return_cost=0.4 % | margin_after_return=71.2 %
[INFO] [1790211730.621409290] [sage_energy_monitor]: ENERGY | remaining=91.5 % | voltage=16.05 V | drain_rate=0.058 %/s | home_distance=2.8 m | return_time=7 s | return_cost=0.4 % | margin_after_return=71.1 %
[INFO] [1790211731.619840748] [sage_energy_monitor]: ENERGY | remaining=91.5 % | voltage=16.05 V | drain_rate=0.058 %/s | home_distance=2.8 m | return_time=7 s | return_cost=0.4 % | margin_after_return=71.1 %
[INFO] [1790211732.623593049] [sage_energy_monitor]: ENERGY | remaining=91.4 % | voltage=16.04 V | drain_rate=0.058 %/s | home_distance=2.9 m | return_time=7 s | return_cost=0.4 % | margin_after_return=71.0 %
[INFO] [1790211733.628616550] [sage_energy_monitor]: ENERGY | remaining=91.4 % | voltage=16.04 V | drain_rate=0.058 %/s | home_distance=2.9 m | return_time=7 s | return_cost=0.4 % | margin_after_return=70.9 %
[INFO] [1790211734.624343596] [sage_energy_monitor]: ENERGY | remaining=91.3 % | voltage=16.04 V | drain_rate=0.057 %/s | home_distance=2.9 m | return_time=7 s | return_cost=0.4 % | margin_after_return=70.9 %
[INFO] [1790211735.629272216] [sage_energy_monitor]: ENERGY | remaining=91.2 % | voltage=16.04 V | drain_rate=0.057 %/s | home_distance=2.9 m | return_time=7 s | return_cost=0.4 % | margin_after_return=70.8 %
[INFO] [1790211736.620200428] [sage_energy_monitor]: ENERGY | remaining=91.2 % | voltage=16.04 V | drain_rate=0.058 %/s | home_distance=2.8 m | return_time=7 s | return_cost=0.4 % | margin_after_return=70.8 %
[INFO] [1790211737.620041498] [sage_energy_monitor]: ENERGY | remaining=91.1 % | voltage=16.04 V | drain_rate=0.058 %/s | home_distance=2.8 m | return_time=7 s | return_cost=0.4 % | margin_after_return=70.7 %
[INFO] [1790211738.619896767] [sage_energy_monitor]: ENERGY | remaining=91.1 % | voltage=16.04 V | drain_rate=0.058 %/s | home_distance=3.1 m | return_time=7 s | return_cost=0.4 % | margin_after_return=70.7 %
[INFO] [1790211739.620131350] [sage_energy_monitor]: ENERGY | remaining=91.0 % | voltage=16.04 V | drain_rate=0.058 %/s | home_distance=4.5 m | return_time=9 s | return_cost=0.5 % | margin_after_return=70.5 %
[INFO] [1790211740.620017977] [sage_energy_monitor]: ENERGY | remaining=91.0 % | voltage=16.04 V | drain_rate=0.058 %/s | home_distance=6.5 m | return_time=11 s | return_cost=0.6 % | margin_after_return=70.3 %
[INFO] [1790211741.622122397] [sage_energy_monitor]: ENERGY | remaining=90.9 % | voltage=16.03 V | drain_rate=0.058 %/s | home_distance=8.0 m | return_time=12 s | return_cost=0.7 % | margin_after_return=70.2 %
[INFO] [1790211742.623854321] [sage_energy_monitor]: ENERGY | remaining=90.8 % | voltage=16.03 V | drain_rate=0.058 %/s | home_distance=8.7 m | return_time=13 s | return_cost=0.7 % | margin_after_return=70.1 %
[INFO] [1790211743.620097415] [sage_energy_monitor]: ENERGY | remaining=90.8 % | voltage=16.03 V | drain_rate=0.057 %/s | home_distance=8.8 m | return_time=13 s | return_cost=0.8 % | margin_after_return=70.0 %
[INFO] [1790211744.621728412] [sage_energy_monitor]: ENERGY | remaining=90.7 % | voltage=16.03 V | drain_rate=0.058 %/s | home_distance=8.7 m | return_time=13 s | return_cost=0.7 % | margin_after_return=70.0 %
[INFO] [1790211745.624275095] [sage_energy_monitor]: ENERGY | remaining=90.7 % | voltage=16.03 V | drain_rate=0.058 %/s | home_distance=8.5 m | return_time=13 s | return_cost=0.7 % | margin_after_return=69.9 %
[INFO] [1790211746.622407961] [sage_energy_monitor]: ENERGY | remaining=90.6 % | voltage=16.03 V | drain_rate=0.058 %/s | home_distance=8.5 m | return_time=13 s | return_cost=0.7 % | margin_after_return=69.9 %
[INFO] [1790211747.626984993] [sage_energy_monitor]: ENERGY | remaining=90.5 % | voltage=16.03 V | drain_rate=0.057 %/s | home_distance=8.5 m | return_time=13 s | return_cost=0.7 % | margin_after_return=69.8 %
[INFO] [1790211748.620979861] [sage_energy_monitor]: ENERGY | remaining=90.5 % | voltage=16.03 V | drain_rate=0.057 %/s | home_distance=8.5 m | return_time=13 s | return_cost=0.7 % | margin_after_return=69.8 %
[INFO] [1790211749.624048274] [sage_energy_monitor]: ENERGY | remaining=90.4 % | voltage=16.03 V | drain_rate=0.057 %/s | home_distance=8.4 m | return_time=12 s | return_cost=0.7 % | margin_after_return=69.7 %
[INFO] [1790211750.622588120] [sage_energy_monitor]: ENERGY | remaining=90.4 % | voltage=16.03 V | drain_rate=0.056 %/s | home_distance=8.4 m | return_time=13 s | return_cost=0.7 % | margin_after_return=69.7 %
[INFO] [1790211751.620223197] [sage_energy_monitor]: ENERGY | remaining=90.4 % | voltage=16.02 V | drain_rate=0.056 %/s | home_distance=8.5 m | return_time=13 s | return_cost=0.7 % | margin_after_return=69.6 %
[INFO] [1790211752.625631025] [sage_energy_monitor]: ENERGY | remaining=90.3 % | voltage=16.02 V | drain_rate=0.056 %/s | home_distance=8.5 m | return_time=12 s | return_cost=0.7 % | margin_after_return=69.6 %
[INFO] [1790211753.621008418] [sage_energy_monitor]: ENERGY | remaining=90.3 % | voltage=16.02 V | drain_rate=0.056 %/s | home_distance=8.4 m | return_time=13 s | return_cost=0.7 % | margin_after_return=69.6 %
[INFO] [1790211754.629641671] [sage_energy_monitor]: ENERGY | remaining=90.2 % | voltage=16.02 V | drain_rate=0.055 %/s | home_distance=8.4 m | return_time=13 s | return_cost=0.7 % | margin_after_return=69.5 %
[INFO] [1790211755.621503561] [sage_energy_monitor]: ENERGY | remaining=90.2 % | voltage=16.02 V | drain_rate=0.055 %/s | home_distance=8.3 m | return_time=13 s | return_cost=0.7 % | margin_after_return=69.5 %
[INFO] [1790211756.622629487] [sage_energy_monitor]: ENERGY | remaining=90.1 % | voltage=16.02 V | drain_rate=0.054 %/s | home_distance=7.6 m | return_time=12 s | return_cost=0.6 % | margin_after_return=69.5 %
[INFO] [1790211757.621910490] [sage_energy_monitor]: ENERGY | remaining=90.1 % | voltage=16.02 V | drain_rate=0.054 %/s | home_distance=6.8 m | return_time=11 s | return_cost=0.6 % | margin_after_return=69.5 %
[INFO] [1790211758.621706053] [sage_energy_monitor]: ENERGY | remaining=90.0 % | voltage=16.02 V | drain_rate=0.054 %/s | home_distance=6.3 m | return_time=11 s | return_cost=0.6 % | margin_after_return=69.5 %
[INFO] [1790211759.621751486] [sage_energy_monitor]: ENERGY | remaining=90.0 % | voltage=16.02 V | drain_rate=0.053 %/s | home_distance=6.2 m | return_time=10 s | return_cost=0.5 % | margin_after_return=69.4 %
[INFO] [1790211760.622961710] [sage_energy_monitor]: ENERGY | remaining=89.9 % | voltage=16.02 V | drain_rate=0.053 %/s | home_distance=6.6 m | return_time=11 s | return_cost=0.6 % | margin_after_return=69.4 %
[INFO] [1790211761.622532216] [sage_energy_monitor]: ENERGY | remaining=89.9 % | voltage=16.02 V | drain_rate=0.053 %/s | home_distance=7.8 m | return_time=12 s | return_cost=0.6 % | margin_after_return=69.2 %
[INFO] [1790211762.621696719] [sage_energy_monitor]: ENERGY | remaining=89.8 % | voltage=16.02 V | drain_rate=0.053 %/s | home_distance=9.1 m | return_time=13 s | return_cost=0.7 % | margin_after_return=69.1 %
[INFO] [1790211763.623221455] [sage_energy_monitor]: ENERGY | remaining=89.8 % | voltage=16.01 V | drain_rate=0.052 %/s | home_distance=10.2 m | return_time=14 s | return_cost=0.8 % | margin_after_return=69.0 %
[INFO] [1790211764.623861843] [sage_energy_monitor]: ENERGY | remaining=89.7 % | voltage=16.01 V | drain_rate=0.052 %/s | home_distance=10.5 m | return_time=15 s | return_cost=0.8 % | margin_after_return=69.0 %
[INFO] [1790211765.621742229] [sage_energy_monitor]: ENERGY | remaining=89.7 % | voltage=16.01 V | drain_rate=0.052 %/s | home_distance=9.6 m | return_time=14 s | return_cost=0.7 % | margin_after_return=69.0 %
[INFO] [1790211766.623893400] [sage_energy_monitor]: ENERGY | remaining=89.6 % | voltage=16.01 V | drain_rate=0.052 %/s | home_distance=7.3 m | return_time=11 s | return_cost=0.6 % | margin_after_return=69.0 %
[INFO] [1790211767.621297934] [sage_energy_monitor]: ENERGY | remaining=89.6 % | voltage=16.01 V | drain_rate=0.052 %/s | home_distance=6.1 m | return_time=10 s | return_cost=0.5 % | margin_after_return=69.0 %
[INFO] [1790211768.621205939] [sage_energy_monitor]: ENERGY | remaining=89.5 % | voltage=16.01 V | drain_rate=0.052 %/s | home_distance=5.8 m | return_time=10 s | return_cost=0.5 % | margin_after_return=69.0 %
[INFO] [1790211769.628304780] [sage_energy_monitor]: ENERGY | remaining=89.4 % | voltage=16.01 V | drain_rate=0.052 %/s | home_distance=5.9 m | return_time=10 s | return_cost=0.5 % | margin_after_return=68.9 %
[INFO] [1790211770.625896519] [sage_energy_monitor]: ENERGY | remaining=89.4 % | voltage=16.01 V | drain_rate=0.052 %/s | home_distance=6.5 m | return_time=11 s | return_cost=0.6 % | margin_after_return=68.8 %
[INFO] [1790211771.625068382] [sage_energy_monitor]: ENERGY | remaining=89.3 % | voltage=16.01 V | drain_rate=0.052 %/s | home_distance=6.9 m | return_time=11 s | return_cost=0.6 % | margin_after_return=68.7 %
[INFO] [1790211772.624767043] [sage_energy_monitor]: ENERGY | remaining=89.3 % | voltage=16.01 V | drain_rate=0.052 %/s | home_distance=7.1 m | return_time=11 s | return_cost=0.6 % | margin_after_return=68.7 %
[INFO] [1790211773.623328803] [sage_energy_monitor]: ENERGY | remaining=89.2 % | voltage=16.00 V | drain_rate=0.052 %/s | home_distance=7.7 m | return_time=12 s | return_cost=0.6 % | margin_after_return=68.6 %
[INFO] [1790211774.628474789] [sage_energy_monitor]: ENERGY | remaining=89.2 % | voltage=16.00 V | drain_rate=0.052 %/s | home_distance=9.5 m | return_time=14 s | return_cost=0.7 % | margin_after_return=68.4 %
[INFO] [1790211775.621634640] [sage_energy_monitor]: ENERGY | remaining=89.1 % | voltage=16.00 V | drain_rate=0.052 %/s | home_distance=10.8 m | return_time=15 s | return_cost=0.8 % | margin_after_return=68.3 %
[INFO] [1790211776.620547474] [sage_energy_monitor]: ENERGY | remaining=89.0 % | voltage=16.00 V | drain_rate=0.052 %/s | home_distance=11.2 m | return_time=15 s | return_cost=0.8 % | margin_after_return=68.2 %
[INFO] [1790211777.625311091] [sage_energy_monitor]: ENERGY | remaining=89.0 % | voltage=16.00 V | drain_rate=0.052 %/s | home_distance=9.9 m | return_time=14 s | return_cost=0.7 % | margin_after_return=68.2 %
[INFO] [1790211778.624903429] [sage_energy_monitor]: ENERGY | remaining=88.9 % | voltage=16.00 V | drain_rate=0.052 %/s | home_distance=8.4 m | return_time=13 s | return_cost=0.7 % | margin_after_return=68.3 %
[INFO] [1790211779.626029279] [sage_energy_monitor]: ENERGY | remaining=88.9 % | voltage=16.00 V | drain_rate=0.052 %/s | home_distance=7.7 m | return_time=12 s | return_cost=0.6 % | margin_after_return=68.3 %
[INFO] [1790211780.619803897] [sage_energy_monitor]: ENERGY | remaining=88.8 % | voltage=16.00 V | drain_rate=0.053 %/s | home_distance=7.4 m | return_time=12 s | return_cost=0.6 % | margin_after_return=68.2 %
[INFO] [1790211781.624429950] [sage_energy_monitor]: ENERGY | remaining=88.8 % | voltage=16.00 V | drain_rate=0.053 %/s | home_distance=7.4 m | return_time=12 s | return_cost=0.6 % | margin_after_return=68.1 %
[INFO] [1790211782.626194076] [sage_energy_monitor]: ENERGY | remaining=88.7 % | voltage=16.00 V | drain_rate=0.054 %/s | home_distance=7.4 m | return_time=12 s | return_cost=0.6 % | margin_after_return=68.1 %
[INFO] [1790211783.621478872] [sage_energy_monitor]: ENERGY | remaining=88.6 % | voltage=15.99 V | drain_rate=0.054 %/s | home_distance=7.3 m | return_time=11 s | return_cost=0.6 % | margin_after_return=68.0 %
[INFO] [1790211784.623248746] [sage_energy_monitor]: ENERGY | remaining=88.6 % | voltage=15.99 V | drain_rate=0.054 %/s | home_distance=7.2 m | return_time=11 s | return_cost=0.6 % | margin_after_return=68.0 %
[INFO] [1790211785.621505154] [sage_energy_monitor]: ENERGY | remaining=88.5 % | voltage=15.99 V | drain_rate=0.055 %/s | home_distance=6.6 m | return_time=11 s | return_cost=0.6 % | margin_after_return=67.9 %
[INFO] [1790211786.627627306] [sage_energy_monitor]: ENERGY | remaining=88.5 % | voltage=15.99 V | drain_rate=0.055 %/s | home_distance=5.9 m | return_time=10 s | return_cost=0.5 % | margin_after_return=67.9 %
[INFO] [1790211787.620367240] [sage_energy_monitor]: ENERGY | remaining=88.4 % | voltage=15.99 V | drain_rate=0.056 %/s | home_distance=5.4 m | return_time=10 s | return_cost=0.5 % | margin_after_return=67.9 %
[INFO] [1790211788.625864541] [sage_energy_monitor]: ENERGY | remaining=88.3 % | voltage=15.99 V | drain_rate=0.056 %/s | home_distance=5.8 m | return_time=10 s | return_cost=0.6 % | margin_after_return=67.8 %
[INFO] [1790211789.624634394] [sage_energy_monitor]: ENERGY | remaining=88.3 % | voltage=15.99 V | drain_rate=0.057 %/s | home_distance=6.3 m | return_time=11 s | return_cost=0.6 % | margin_after_return=67.7 %
[INFO] [1790211790.620186045] [sage_energy_monitor]: ENERGY | remaining=88.2 % | voltage=15.99 V | drain_rate=0.057 %/s | home_distance=6.5 m | return_time=10 s | return_cost=0.6 % | margin_after_return=67.6 %
[INFO] [1790211791.626116408] [sage_energy_monitor]: ENERGY | remaining=88.2 % | voltage=15.99 V | drain_rate=0.057 %/s | home_distance=6.4 m | return_time=11 s | return_cost=0.6 % | margin_after_return=67.6 %
[INFO] [1790211792.626927541] [sage_energy_monitor]: ENERGY | remaining=88.1 % | voltage=15.98 V | drain_rate=0.057 %/s | home_distance=6.3 m | return_time=11 s | return_cost=0.6 % | margin_after_return=67.5 %
[INFO] [1790211793.619898273] [sage_energy_monitor]: ENERGY | remaining=88.1 % | voltage=15.98 V | drain_rate=0.057 %/s | home_distance=6.2 m | return_time=10 s | return_cost=0.6 % | margin_after_return=67.5 %
[INFO] [1790211794.634121996] [sage_energy_monitor]: ENERGY | remaining=88.0 % | voltage=15.98 V | drain_rate=0.058 %/s | home_distance=6.2 m | return_time=11 s | return_cost=0.6 % | margin_after_return=67.4 %
[INFO] [1790211795.621177836] [sage_energy_monitor]: ENERGY | remaining=87.9 % | voltage=15.98 V | drain_rate=0.058 %/s | home_distance=6.1 m | return_time=11 s | return_cost=0.6 % | margin_after_return=67.3 %
[INFO] [1790211796.619748439] [sage_energy_monitor]: ENERGY | remaining=87.9 % | voltage=15.98 V | drain_rate=0.058 %/s | home_distance=6.0 m | return_time=10 s | return_cost=0.6 % | margin_after_return=67.3 %
[INFO] [1790211797.620410565] [sage_energy_monitor]: ENERGY | remaining=87.8 % | voltage=15.98 V | drain_rate=0.058 %/s | home_distance=6.0 m | return_time=10 s | return_cost=0.6 % | margin_after_return=67.2 %
[INFO] [1790211798.621682034] [sage_energy_monitor]: ENERGY | remaining=87.8 % | voltage=15.98 V | drain_rate=0.058 %/s | home_distance=6.0 m | return_time=10 s | return_cost=0.6 % | margin_after_return=67.2 %
[INFO] [1790211799.623127856] [sage_energy_monitor]: ENERGY | remaining=87.7 % | voltage=15.98 V | drain_rate=0.058 %/s | home_distance=6.0 m | return_time=10 s | return_cost=0.6 % | margin_after_return=67.1 %
[INFO] [1790211800.620697691] [sage_energy_monitor]: ENERGY | remaining=87.7 % | voltage=15.98 V | drain_rate=0.058 %/s | home_distance=6.0 m | return_time=10 s | return_cost=0.6 % | margin_after_return=67.1 %
[INFO] [1790211801.625302508] [sage_energy_monitor]: ENERGY | remaining=87.6 % | voltage=15.98 V | drain_rate=0.058 %/s | home_distance=6.0 m | return_time=10 s | return_cost=0.6 % | margin_after_return=67.0 %
[INFO] [1790211802.625300332] [sage_energy_monitor]: ENERGY | remaining=87.5 % | voltage=15.97 V | drain_rate=0.058 %/s | home_distance=6.0 m | return_time=10 s | return_cost=0.6 % | margin_after_return=66.9 %
[INFO] [1790211803.622489220] [sage_energy_monitor]: ENERGY | remaining=87.5 % | voltage=15.97 V | drain_rate=0.058 %/s | home_distance=6.2 m | return_time=11 s | return_cost=0.6 % | margin_after_return=66.9 %
[INFO] [1790211804.621557554] [sage_energy_monitor]: ENERGY | remaining=87.4 % | voltage=15.97 V | drain_rate=0.058 %/s | home_distance=7.2 m | return_time=11 s | return_cost=0.7 % | margin_after_return=66.7 %
[INFO] [1790211805.623087016] [sage_energy_monitor]: ENERGY | remaining=87.4 % | voltage=15.97 V | drain_rate=0.058 %/s | home_distance=8.2 m | return_time=12 s | return_cost=0.7 % | margin_after_return=66.6 %
[INFO] [1790211806.628146843] [sage_energy_monitor]: ENERGY | remaining=87.3 % | voltage=15.97 V | drain_rate=0.058 %/s | home_distance=8.6 m | return_time=13 s | return_cost=0.7 % | margin_after_return=66.5 %
[INFO] [1790211807.620781833] [sage_energy_monitor]: ENERGY | remaining=87.2 % | voltage=15.97 V | drain_rate=0.058 %/s | home_distance=8.7 m | return_time=13 s | return_cost=0.7 % | margin_after_return=66.5 %
[INFO] [1790211808.622403949] [sage_energy_monitor]: ENERGY | remaining=87.2 % | voltage=15.97 V | drain_rate=0.058 %/s | home_distance=8.7 m | return_time=13 s | return_cost=0.8 % | margin_after_return=66.4 %
[INFO] [1790211809.621784837] [sage_energy_monitor]: ENERGY | remaining=87.1 % | voltage=15.97 V | drain_rate=0.059 %/s | home_distance=8.6 m | return_time=13 s | return_cost=0.7 % | margin_after_return=66.4 %
[INFO] [1790211810.624941620] [sage_energy_monitor]: ENERGY | remaining=87.1 % | voltage=15.97 V | drain_rate=0.059 %/s | home_distance=8.6 m | return_time=12 s | return_cost=0.7 % | margin_after_return=66.3 %
[INFO] [1790211811.620402636] [sage_energy_monitor]: ENERGY | remaining=87.0 % | voltage=15.96 V | drain_rate=0.059 %/s | home_distance=8.6 m | return_time=13 s | return_cost=0.7 % | margin_after_return=66.3 %
[INFO] [1790211812.624859084] [sage_energy_monitor]: ENERGY | remaining=86.9 % | voltage=15.96 V | drain_rate=0.059 %/s | home_distance=8.5 m | return_time=13 s | return_cost=0.7 % | margin_after_return=66.2 %
[INFO] [1790211813.622477310] [sage_energy_monitor]: ENERGY | remaining=86.9 % | voltage=15.96 V | drain_rate=0.058 %/s | home_distance=8.5 m | return_time=12 s | return_cost=0.7 % | margin_after_return=66.2 %
[INFO] [1790211814.624157612] [sage_energy_monitor]: ENERGY | remaining=86.8 % | voltage=15.96 V | drain_rate=0.058 %/s | home_distance=8.4 m | return_time=13 s | return_cost=0.7 % | margin_after_return=66.1 %
[INFO] [1790211815.625149639] [sage_energy_monitor]: ENERGY | remaining=86.8 % | voltage=15.96 V | drain_rate=0.058 %/s | home_distance=8.4 m | return_time=12 s | return_cost=0.7 % | margin_after_return=66.0 %
[INFO] [1790211816.622481446] [sage_energy_monitor]: ENERGY | remaining=86.7 % | voltage=15.96 V | drain_rate=0.058 %/s | home_distance=8.5 m | return_time=12 s | return_cost=0.7 % | margin_after_return=66.0 %
[INFO] [1790211817.620917870] [sage_energy_monitor]: ENERGY | remaining=86.7 % | voltage=15.96 V | drain_rate=0.058 %/s | home_distance=8.5 m | return_time=13 s | return_cost=0.7 % | margin_after_return=65.9 %
[INFO] [1790211818.620857775] [sage_energy_monitor]: ENERGY | remaining=86.6 % | voltage=15.96 V | drain_rate=0.058 %/s | home_distance=8.5 m | return_time=13 s | return_cost=0.7 % | margin_after_return=65.9 %
[INFO] [1790211819.627305859] [sage_energy_monitor]: ENERGY | remaining=86.5 % | voltage=15.96 V | drain_rate=0.058 %/s | home_distance=8.2 m | return_time=12 s | return_cost=0.7 % | margin_after_return=65.8 %
[INFO] [1790211820.620019375] [sage_energy_monitor]: ENERGY | remaining=86.5 % | voltage=15.96 V | drain_rate=0.058 %/s | home_distance=7.0 m | return_time=11 s | return_cost=0.7 % | margin_after_return=65.8 %
[INFO] [1790211821.621523041] [sage_energy_monitor]: ENERGY | remaining=86.4 % | voltage=15.95 V | drain_rate=0.059 %/s | home_distance=6.3 m | return_time=11 s | return_cost=0.6 % | margin_after_return=65.8 %
[INFO] [1790211822.625465726] [sage_energy_monitor]: ENERGY | remaining=86.4 % | voltage=15.95 V | drain_rate=0.059 %/s | home_distance=6.1 m | return_time=10 s | return_cost=0.6 % | margin_after_return=65.8 %
[INFO] [1790211823.619702180] [sage_energy_monitor]: ENERGY | remaining=86.3 % | voltage=15.95 V | drain_rate=0.058 %/s | home_distance=6.0 m | return_time=10 s | return_cost=0.6 % | margin_after_return=65.7 %
[INFO] [1790211824.620537019] [sage_energy_monitor]: ENERGY | remaining=86.2 % | voltage=15.95 V | drain_rate=0.058 %/s | home_distance=6.0 m | return_time=10 s | return_cost=0.6 % | margin_after_return=65.6 %
[INFO] [1790211825.622989695] [sage_energy_monitor]: ENERGY | remaining=86.2 % | voltage=15.95 V | drain_rate=0.058 %/s | home_distance=5.9 m | return_time=10 s | return_cost=0.6 % | margin_after_return=65.6 %
[INFO] [1790211826.620591713] [sage_energy_monitor]: ENERGY | remaining=86.1 % | voltage=15.95 V | drain_rate=0.058 %/s | home_distance=5.8 m | return_time=10 s | return_cost=0.6 % | margin_after_return=65.6 %
[INFO] [1790211827.621508269] [sage_energy_monitor]: ENERGY | remaining=86.1 % | voltage=15.95 V | drain_rate=0.058 %/s | home_distance=5.8 m | return_time=10 s | return_cost=0.6 % | margin_after_return=65.5 %
[INFO] [1790211828.624304343] [sage_energy_monitor]: ENERGY | remaining=86.0 % | voltage=15.95 V | drain_rate=0.058 %/s | home_distance=5.8 m | return_time=10 s | return_cost=0.6 % | margin_after_return=65.4 %
[INFO] [1790211829.621330311] [sage_energy_monitor]: ENERGY | remaining=86.0 % | voltage=15.95 V | drain_rate=0.059 %/s | home_distance=5.9 m | return_time=10 s | return_cost=0.6 % | margin_after_return=65.4 %
[INFO] [1790211830.621526186] [sage_energy_monitor]: ENERGY | remaining=85.9 % | voltage=15.94 V | drain_rate=0.058 %/s | home_distance=5.9 m | return_time=10 s | return_cost=0.6 % | margin_after_return=65.3 %
[INFO] [1790211831.621452466] [sage_energy_monitor]: ENERGY | remaining=85.9 % | voltage=15.94 V | drain_rate=0.058 %/s | home_distance=5.8 m | return_time=10 s | return_cost=0.6 % | margin_after_return=65.3 %
[INFO] [1790211832.621771133] [sage_energy_monitor]: ENERGY | remaining=85.8 % | voltage=15.94 V | drain_rate=0.058 %/s | home_distance=5.9 m | return_time=10 s | return_cost=0.6 % | margin_after_return=65.2 %
[INFO] [1790211833.620380597] [sage_energy_monitor]: ENERGY | remaining=85.7 % | voltage=15.94 V | drain_rate=0.058 %/s | home_distance=6.0 m | return_time=10 s | return_cost=0.6 % | margin_after_return=65.1 %
[INFO] [1790211834.620217868] [sage_energy_monitor]: ENERGY | remaining=85.7 % | voltage=15.94 V | drain_rate=0.058 %/s | home_distance=6.0 m | return_time=10 s | return_cost=0.6 % | margin_after_return=65.1 %
[INFO] [1790211835.631733741] [sage_energy_monitor]: ENERGY | remaining=85.6 % | voltage=15.94 V | drain_rate=0.058 %/s | home_distance=6.0 m | return_time=10 s | return_cost=0.6 % | margin_after_return=65.0 %
[INFO] [1790211836.623284716] [sage_energy_monitor]: ENERGY | remaining=85.6 % | voltage=15.94 V | drain_rate=0.058 %/s | home_distance=5.3 m | return_time=9 s | return_cost=0.5 % | margin_after_return=65.0 %
[INFO] [1790211837.621248412] [sage_energy_monitor]: ENERGY | remaining=85.5 % | voltage=15.94 V | drain_rate=0.058 %/s | home_distance=3.2 m | return_time=8 s | return_cost=0.4 % | margin_after_return=65.1 %
[INFO] [1790211838.620713347] [sage_energy_monitor]: ENERGY | remaining=85.4 % | voltage=15.94 V | drain_rate=0.058 %/s | home_distance=1.1 m | return_time=5 s | return_cost=0.3 % | margin_after_return=65.1 %
[INFO] [1790211839.625594712] [sage_energy_monitor]: ENERGY | remaining=85.4 % | voltage=15.94 V | drain_rate=0.058 %/s | home_distance=0.0 m | return_time=4 s | return_cost=0.3 % | margin_after_return=65.1 %
[INFO] [1790211840.625414217] [sage_energy_monitor]: ENERGY | remaining=85.3 % | voltage=15.93 V | drain_rate=0.058 %/s | home_distance=0.3 m | return_time=4 s | return_cost=0.3 % | margin_after_return=65.1 %
[INFO] [1790211841.621121193] [sage_energy_monitor]: ENERGY | remaining=85.3 % | voltage=15.93 V | drain_rate=0.058 %/s | home_distance=0.3 m | return_time=5 s | return_cost=0.3 % | margin_after_return=65.0 %
[INFO] [1790211842.624001146] [sage_energy_monitor]: ENERGY | remaining=85.2 % | voltage=15.93 V | drain_rate=0.058 %/s | home_distance=0.3 m | return_time=5 s | return_cost=0.3 % | margin_after_return=64.9 %
[INFO] [1790211843.630997043] [sage_energy_monitor]: ENERGY | remaining=85.1 % | voltage=15.93 V | drain_rate=0.058 %/s | home_distance=0.2 m | return_time=4 s | return_cost=0.3 % | margin_after_return=64.9 %
[INFO] [1790211844.622248410] [sage_energy_monitor]: ENERGY | remaining=85.1 % | voltage=15.93 V | drain_rate=0.058 %/s | home_distance=0.1 m | return_time=4 s | return_cost=0.3 % | margin_after_return=64.8 %
[INFO] [1790211845.620697778] [sage_energy_monitor]: ENERGY | remaining=85.0 % | voltage=15.93 V | drain_rate=0.058 %/s | home_distance=0.1 m | return_time=4 s | return_cost=0.3 % | margin_after_return=64.8 %
[INFO] [1790211846.621940120] [sage_energy_monitor]: ENERGY | remaining=85.0 % | voltage=15.93 V | drain_rate=0.058 %/s | home_distance=0.1 m | return_time=4 s | return_cost=0.2 % | margin_after_return=64.7 %
[INFO] [1790211847.621290906] [sage_energy_monitor]: ENERGY | remaining=84.9 % | voltage=15.93 V | drain_rate=0.058 %/s | home_distance=0.1 m | return_time=4 s | return_cost=0.2 % | margin_after_return=64.7 %
[INFO] [1790211848.621902503] [sage_energy_monitor]: ENERGY | remaining=84.9 % | voltage=15.93 V | drain_rate=0.058 %/s | home_distance=0.1 m | return_time=4 s | return_cost=0.2 % | margin_after_return=64.6 %
[INFO] [1790211849.623982212] [sage_energy_monitor]: ENERGY | remaining=84.8 % | voltage=15.92 V | drain_rate=0.058 %/s | home_distance=0.1 m | return_time=4 s | return_cost=0.2 % | margin_after_return=64.6 %
[INFO] [1790211850.622634411] [sage_energy_monitor]: ENERGY | remaining=84.7 % | voltage=15.92 V | drain_rate=0.058 %/s | home_distance=0.1 m | return_time=4 s | return_cost=0.2 % | margin_after_return=64.5 %
[INFO] [1790211851.620949871] [sage_energy_monitor]: ENERGY | remaining=84.7 % | voltage=15.92 V | drain_rate=0.058 %/s | home_distance=0.1 m | return_time=4 s | return_cost=0.2 % | margin_after_return=64.4 %
[INFO] [1790211852.619891335] [sage_energy_monitor]: ENERGY | remaining=84.6 % | voltage=15.92 V | drain_rate=0.058 %/s | home_distance=0.1 m | return_time=4 s | return_cost=0.2 % | margin_after_return=64.4 %
[INFO] [1790211853.623195489] [sage_energy_monitor]: ENERGY | remaining=84.6 % | voltage=15.92 V | drain_rate=0.058 %/s | home_distance=0.7 m | return_time=5 s | return_cost=0.3 % | margin_after_return=64.3 %
[INFO] [1790211854.622180483] [sage_energy_monitor]: ENERGY | remaining=84.5 % | voltage=15.92 V | drain_rate=0.058 %/s | home_distance=2.9 m | return_time=7 s | return_cost=0.4 % | margin_after_return=64.1 %
[INFO] [1790211855.623028074] [sage_energy_monitor]: ENERGY | remaining=84.5 % | voltage=15.92 V | drain_rate=0.058 %/s | home_distance=5.1 m | return_time=9 s | return_cost=0.5 % | margin_after_return=63.9 %
[INFO] [1790211856.620480700] [sage_energy_monitor]: ENERGY | remaining=84.4 % | voltage=15.92 V | drain_rate=0.058 %/s | home_distance=6.3 m | return_time=11 s | return_cost=0.6 % | margin_after_return=63.8 %
[INFO] [1790211857.623600384] [sage_energy_monitor]: ENERGY | remaining=84.3 % | voltage=15.92 V | drain_rate=0.058 %/s | home_distance=6.5 m | return_time=11 s | return_cost=0.6 % | margin_after_return=63.7 %
[INFO] [1790211858.624635515] [sage_energy_monitor]: ENERGY | remaining=84.3 % | voltage=15.92 V | drain_rate=0.058 %/s | home_distance=6.3 m | return_time=10 s | return_cost=0.6 % | margin_after_return=63.7 %
[INFO] [1790211859.622084024] [sage_energy_monitor]: ENERGY | remaining=84.2 % | voltage=15.91 V | drain_rate=0.058 %/s | home_distance=6.0 m | return_time=10 s | return_cost=0.6 % | margin_after_return=63.6 %
[INFO] [1790211860.623617000] [sage_energy_monitor]: ENERGY | remaining=84.2 % | voltage=15.91 V | drain_rate=0.058 %/s | home_distance=5.8 m | return_time=10 s | return_cost=0.6 % | margin_after_return=63.6 %
[INFO] [1790211861.625006837] [sage_energy_monitor]: ENERGY | remaining=84.1 % | voltage=15.91 V | drain_rate=0.058 %/s | home_distance=5.8 m | return_time=10 s | return_cost=0.6 % | margin_after_return=63.5 %
[INFO] [1790211862.622337402] [sage_energy_monitor]: ENERGY | remaining=84.0 % | voltage=15.91 V | drain_rate=0.058 %/s | home_distance=5.8 m | return_time=10 s | return_cost=0.6 % | margin_after_return=63.5 %
[INFO] [1790211863.620933807] [sage_energy_monitor]: ENERGY | remaining=84.0 % | voltage=15.91 V | drain_rate=0.058 %/s | home_distance=5.9 m | return_time=10 s | return_cost=0.6 % | margin_after_return=63.4 %
[INFO] [1790211864.622237508] [sage_energy_monitor]: ENERGY | remaining=83.9 % | voltage=15.91 V | drain_rate=0.058 %/s | home_distance=6.0 m | return_time=10 s | return_cost=0.6 % | margin_after_return=63.3 %
[INFO] [1790211865.622259674] [sage_energy_monitor]: ENERGY | remaining=83.9 % | voltage=15.91 V | drain_rate=0.058 %/s | home_distance=6.0 m | return_time=10 s | return_cost=0.6 % | margin_after_return=63.3 %
[INFO] [1790211866.631211150] [sage_energy_monitor]: ENERGY | remaining=83.8 % | voltage=15.91 V | drain_rate=0.058 %/s | home_distance=6.0 m | return_time=10 s | return_cost=0.6 % | margin_after_return=63.2 %
[INFO] [1790211867.621328377] [sage_energy_monitor]: ENERGY | remaining=83.8 % | voltage=15.91 V | drain_rate=0.058 %/s | home_distance=6.0 m | return_time=10 s | return_cost=0.6 % | margin_after_return=63.2 %
[INFO] [1790211868.620829783] [sage_energy_monitor]: ENERGY | remaining=83.7 % | voltage=15.91 V | drain_rate=0.058 %/s | home_distance=6.0 m | return_time=10 s | return_cost=0.6 % | margin_after_return=63.1 %
[INFO] [1790211869.622050689] [sage_energy_monitor]: ENERGY | remaining=83.6 % | voltage=15.90 V | drain_rate=0.058 %/s | home_distance=6.0 m | return_time=10 s | return_cost=0.6 % | margin_after_return=63.0 %
[INFO] [1790211870.620653003] [sage_energy_monitor]: ENERGY | remaining=83.6 % | voltage=15.90 V | drain_rate=0.058 %/s | home_distance=6.0 m | return_time=10 s | return_cost=0.6 % | margin_after_return=63.0 %
[INFO] [1790211871.620711143] [sage_energy_monitor]: ENERGY | remaining=83.5 % | voltage=15.90 V | drain_rate=0.058 %/s | home_distance=6.0 m | return_time=10 s | return_cost=0.6 % | margin_after_return=62.9 %
[INFO] [1790211872.622317551] [sage_energy_monitor]: ENERGY | remaining=83.5 % | voltage=15.90 V | drain_rate=0.058 %/s | home_distance=6.0 m | return_time=10 s | return_cost=0.6 % | margin_after_return=62.9 %
[INFO] [1790211873.626462556] [sage_energy_monitor]: ENERGY | remaining=83.4 % | voltage=15.90 V | drain_rate=0.058 %/s | home_distance=5.9 m | return_time=10 s | return_cost=0.6 % | margin_after_return=62.8 %
[INFO] [1790211874.620245073] [sage_energy_monitor]: ENERGY | remaining=83.3 % | voltage=15.90 V | drain_rate=0.058 %/s | home_distance=5.9 m | return_time=10 s | return_cost=0.6 % | margin_after_return=62.7 %
[INFO] [1790211875.623883874] [sage_energy_monitor]: ENERGY | remaining=83.3 % | voltage=15.90 V | drain_rate=0.058 %/s | home_distance=5.9 m | return_time=10 s | return_cost=0.6 % | margin_after_return=62.7 %
[INFO] [1790211876.621484938] [sage_energy_monitor]: ENERGY | remaining=83.2 % | voltage=15.90 V | drain_rate=0.058 %/s | home_distance=6.1 m | return_time=10 s | return_cost=0.6 % | margin_after_return=62.6 %
[INFO] [1790211877.620290245] [sage_energy_monitor]: ENERGY | remaining=83.2 % | voltage=15.90 V | drain_rate=0.059 %/s | home_distance=6.8 m | return_time=11 s | return_cost=0.6 % | margin_after_return=62.5 %
[INFO] [1790211878.621289723] [sage_energy_monitor]: ENERGY | remaining=83.1 % | voltage=15.89 V | drain_rate=0.059 %/s | home_distance=8.0 m | return_time=12 s | return_cost=0.7 % | margin_after_return=62.4 %
[INFO] [1790211879.620167731] [sage_energy_monitor]: ENERGY | remaining=83.0 % | voltage=15.89 V | drain_rate=0.059 %/s | home_distance=8.5 m | return_time=13 s | return_cost=0.7 % | margin_after_return=62.3 %
[INFO] [1790211880.621443102] [sage_energy_monitor]: ENERGY | remaining=83.0 % | voltage=15.89 V | drain_rate=0.059 %/s | home_distance=8.5 m | return_time=12 s | return_cost=0.7 % | margin_after_return=62.3 %
[INFO] [1790211881.622564484] [sage_energy_monitor]: ENERGY | remaining=82.9 % | voltage=15.89 V | drain_rate=0.059 %/s | home_distance=8.4 m | return_time=13 s | return_cost=0.7 % | margin_after_return=62.2 %
[INFO] [1790211882.622864746] [sage_energy_monitor]: ENERGY | remaining=82.9 % | voltage=15.89 V | drain_rate=0.058 %/s | home_distance=8.2 m | return_time=12 s | return_cost=0.7 % | margin_after_return=62.2 %
[INFO] [1790211883.623887719] [sage_energy_monitor]: ENERGY | remaining=82.8 % | voltage=15.89 V | drain_rate=0.058 %/s | home_distance=6.5 m | return_time=11 s | return_cost=0.6 % | margin_after_return=62.2 %
[INFO] [1790211884.628050150] [sage_energy_monitor]: ENERGY | remaining=82.8 % | voltage=15.89 V | drain_rate=0.058 %/s | home_distance=4.4 m | return_time=8 s | return_cost=0.5 % | margin_after_return=62.3 %
[INFO] [1790211885.623297456] [sage_energy_monitor]: ENERGY | remaining=82.7 % | voltage=15.89 V | drain_rate=0.058 %/s | home_distance=2.0 m | return_time=6 s | return_cost=0.4 % | margin_after_return=62.3 %
[INFO] [1790211886.624194702] [sage_energy_monitor]: ENERGY | remaining=82.7 % | voltage=15.89 V | drain_rate=0.058 %/s | home_distance=1.0 m | return_time=5 s | return_cost=0.3 % | margin_after_return=62.3 %
[INFO] [1790211887.620946759] [sage_energy_monitor]: ENERGY | remaining=82.6 % | voltage=15.89 V | drain_rate=0.058 %/s | home_distance=3.2 m | return_time=7 s | return_cost=0.4 % | margin_after_return=62.2 %
[INFO] [1790211888.620758696] [sage_energy_monitor]: ENERGY | remaining=82.5 % | voltage=15.88 V | drain_rate=0.058 %/s | home_distance=4.8 m | return_time=9 s | return_cost=0.5 % | margin_after_return=62.0 %
[INFO] [1790211889.626541883] [sage_energy_monitor]: ENERGY | remaining=82.5 % | voltage=15.88 V | drain_rate=0.058 %/s | home_distance=6.3 m | return_time=11 s | return_cost=0.6 % | margin_after_return=61.9 %
[INFO] [1790211890.632585249] [sage_energy_monitor]: ENERGY | remaining=82.4 % | voltage=15.88 V | drain_rate=0.058 %/s | home_distance=8.5 m | return_time=13 s | return_cost=0.7 % | margin_after_return=61.7 %
[INFO] [1790211891.620002747] [sage_energy_monitor]: ENERGY | remaining=82.4 % | voltage=15.88 V | drain_rate=0.058 %/s | home_distance=10.5 m | return_time=15 s | return_cost=0.9 % | margin_after_return=61.5 %
[INFO] [1790211892.621643949] [sage_energy_monitor]: ENERGY | remaining=82.3 % | voltage=15.88 V | drain_rate=0.058 %/s | home_distance=11.5 m | return_time=16 s | return_cost=0.9 % | margin_after_return=61.4 %
[INFO] [1790211893.621754650] [sage_energy_monitor]: ENERGY | remaining=82.2 % | voltage=15.88 V | drain_rate=0.058 %/s | home_distance=10.8 m | return_time=15 s | return_cost=0.9 % | margin_after_return=61.4 %
[INFO] [1790211894.623345442] [sage_energy_monitor]: ENERGY | remaining=82.2 % | voltage=15.88 V | drain_rate=0.058 %/s | home_distance=8.8 m | return_time=13 s | return_cost=0.8 % | margin_after_return=61.4 %
[INFO] [1790211895.621257335] [sage_energy_monitor]: ENERGY | remaining=82.1 % | voltage=15.88 V | drain_rate=0.059 %/s | home_distance=7.4 m | return_time=12 s | return_cost=0.7 % | margin_after_return=61.4 %
[INFO] [1790211896.622721803] [sage_energy_monitor]: ENERGY | remaining=82.1 % | voltage=15.88 V | drain_rate=0.059 %/s | home_distance=7.1 m | return_time=11 s | return_cost=0.7 % | margin_after_return=61.4 %
[INFO] [1790211897.621686589] [sage_energy_monitor]: ENERGY | remaining=82.0 % | voltage=15.87 V | drain_rate=0.059 %/s | home_distance=7.6 m | return_time=12 s | return_cost=0.7 % | margin_after_return=61.3 %
[INFO] [1790211898.628009451] [sage_energy_monitor]: ENERGY | remaining=81.9 % | voltage=15.87 V | drain_rate=0.058 %/s | home_distance=8.6 m | return_time=13 s | return_cost=0.8 % | margin_after_return=61.2 %
[INFO] [1790211899.621224842] [sage_energy_monitor]: ENERGY | remaining=81.9 % | voltage=15.87 V | drain_rate=0.058 %/s | home_distance=9.2 m | return_time=13 s | return_cost=0.8 % | margin_after_return=61.1 %
[INFO] [1790211900.621798724] [sage_energy_monitor]: ENERGY | remaining=81.8 % | voltage=15.87 V | drain_rate=0.058 %/s | home_distance=9.2 m | return_time=14 s | return_cost=0.8 % | margin_after_return=61.0 %
[INFO] [1790211901.621077491] [sage_energy_monitor]: ENERGY | remaining=81.8 % | voltage=15.87 V | drain_rate=0.058 %/s | home_distance=9.1 m | return_time=13 s | return_cost=0.8 % | margin_after_return=61.0 %
[INFO] [1790211902.620548951] [sage_energy_monitor]: ENERGY | remaining=81.7 % | voltage=15.87 V | drain_rate=0.058 %/s | home_distance=9.0 m | return_time=13 s | return_cost=0.8 % | margin_after_return=60.9 %
[INFO] [1790211903.625499281] [sage_energy_monitor]: ENERGY | remaining=81.7 % | voltage=15.87 V | drain_rate=0.058 %/s | home_distance=9.0 m | return_time=13 s | return_cost=0.8 % | margin_after_return=60.9 %
[INFO] [1790211904.626868292] [sage_energy_monitor]: ENERGY | remaining=81.6 % | voltage=15.87 V | drain_rate=0.058 %/s | home_distance=9.0 m | return_time=13 s | return_cost=0.8 % | margin_after_return=60.8 %
[INFO] [1790211905.621085848] [sage_energy_monitor]: ENERGY | remaining=81.5 % | voltage=15.87 V | drain_rate=0.058 %/s | home_distance=9.1 m | return_time=13 s | return_cost=0.8 % | margin_after_return=60.8 %
[INFO] [1790211906.624545798] [sage_energy_monitor]: ENERGY | remaining=81.5 % | voltage=15.87 V | drain_rate=0.058 %/s | home_distance=9.2 m | return_time=13 s | return_cost=0.8 % | margin_after_return=60.7 %
[INFO] [1790211907.626810776] [sage_energy_monitor]: ENERGY | remaining=81.4 % | voltage=15.86 V | drain_rate=0.058 %/s | home_distance=10.2 m | return_time=15 s | return_cost=0.8 % | margin_after_return=60.6 %
[INFO] [1790211908.621979131] [sage_energy_monitor]: ENERGY | remaining=81.4 % | voltage=15.86 V | drain_rate=0.058 %/s | home_distance=11.8 m | return_time=16 s | return_cost=0.9 % | margin_after_return=60.4 %
[INFO] [1790211909.623846092] [sage_energy_monitor]: ENERGY | remaining=81.3 % | voltage=15.86 V | drain_rate=0.058 %/s | home_distance=12.6 m | return_time=17 s | return_cost=1.0 % | margin_after_return=60.4 %
[INFO] [1790211910.627608055] [sage_energy_monitor]: ENERGY | remaining=81.3 % | voltage=15.86 V | drain_rate=0.058 %/s | home_distance=12.5 m | return_time=16 s | return_cost=0.9 % | margin_after_return=60.3 %
[INFO] [1790211911.624911180] [sage_energy_monitor]: ENERGY | remaining=81.2 % | voltage=15.86 V | drain_rate=0.058 %/s | home_distance=11.0 m | return_time=15 s | return_cost=0.9 % | margin_after_return=60.3 %
[INFO] [1790211912.619739105] [sage_energy_monitor]: ENERGY | remaining=81.1 % | voltage=15.86 V | drain_rate=0.058 %/s | home_distance=9.8 m | return_time=14 s | return_cost=0.8 % | margin_after_return=60.3 %
[INFO] [1790211913.619953022] [sage_energy_monitor]: ENERGY | remaining=81.1 % | voltage=15.86 V | drain_rate=0.058 %/s | home_distance=9.2 m | return_time=13 s | return_cost=0.8 % | margin_after_return=60.3 %
[INFO] [1790211914.624640709] [sage_energy_monitor]: ENERGY | remaining=81.0 % | voltage=15.86 V | drain_rate=0.058 %/s | home_distance=8.8 m | return_time=13 s | return_cost=0.7 % | margin_after_return=60.3 %
[INFO] [1790211915.622274821] [sage_energy_monitor]: ENERGY | remaining=81.0 % | voltage=15.86 V | drain_rate=0.058 %/s | home_distance=7.6 m | return_time=12 s | return_cost=0.7 % | margin_after_return=60.3 %
[INFO] [1790211916.624364558] [sage_energy_monitor]: ENERGY | remaining=80.9 % | voltage=15.85 V | drain_rate=0.058 %/s | home_distance=7.0 m | return_time=11 s | return_cost=0.6 % | margin_after_return=60.3 %
[INFO] [1790211917.626565006] [sage_energy_monitor]: ENERGY | remaining=80.9 % | voltage=15.85 V | drain_rate=0.058 %/s | home_distance=7.1 m | return_time=11 s | return_cost=0.6 % | margin_after_return=60.2 %
[INFO] [1790211918.620230559] [sage_energy_monitor]: ENERGY | remaining=80.8 % | voltage=15.85 V | drain_rate=0.058 %/s | home_distance=8.6 m | return_time=13 s | return_cost=0.7 % | margin_after_return=60.1 %
[INFO] [1790211919.621962003] [sage_energy_monitor]: ENERGY | remaining=80.7 % | voltage=15.85 V | drain_rate=0.058 %/s | home_distance=10.5 m | return_time=15 s | return_cost=0.8 % | margin_after_return=59.9 %
[INFO] [1790211920.624676758] [sage_energy_monitor]: ENERGY | remaining=80.7 % | voltage=15.85 V | drain_rate=0.058 %/s | home_distance=11.4 m | return_time=15 s | return_cost=0.9 % | margin_after_return=59.8 %
[INFO] [1790211921.624356318] [sage_energy_monitor]: ENERGY | remaining=80.6 % | voltage=15.85 V | drain_rate=0.058 %/s | home_distance=11.1 m | return_time=15 s | return_cost=0.9 % | margin_after_return=59.7 %
[INFO] [1790211922.619827748] [sage_energy_monitor]: ENERGY | remaining=80.6 % | voltage=15.85 V | drain_rate=0.058 %/s | home_distance=9.1 m | return_time=13 s | return_cost=0.8 % | margin_after_return=59.8 %
[INFO] [1790211923.622419209] [sage_energy_monitor]: ENERGY | remaining=80.5 % | voltage=15.85 V | drain_rate=0.058 %/s | home_distance=7.5 m | return_time=12 s | return_cost=0.7 % | margin_after_return=59.8 %
[INFO] [1790211924.620467645] [sage_energy_monitor]: ENERGY | remaining=80.4 % | voltage=15.85 V | drain_rate=0.058 %/s | home_distance=7.0 m | return_time=11 s | return_cost=0.6 % | margin_after_return=59.8 %
[INFO] [1790211925.624929844] [sage_energy_monitor]: ENERGY | remaining=80.4 % | voltage=15.85 V | drain_rate=0.058 %/s | home_distance=7.3 m | return_time=11 s | return_cost=0.7 % | margin_after_return=59.7 %
[INFO] [1790211926.621774312] [sage_energy_monitor]: ENERGY | remaining=80.3 % | voltage=15.84 V | drain_rate=0.058 %/s | home_distance=8.3 m | return_time=13 s | return_cost=0.7 % | margin_after_return=59.6 %
[INFO] [1790211927.622914946] [sage_energy_monitor]: ENERGY | remaining=80.3 % | voltage=15.84 V | drain_rate=0.058 %/s | home_distance=8.9 m | return_time=13 s | return_cost=0.7 % | margin_after_return=59.5 %
[INFO] [1790211928.622747162] [sage_energy_monitor]: ENERGY | remaining=80.2 % | voltage=15.84 V | drain_rate=0.058 %/s | home_distance=7.3 m | return_time=11 s | return_cost=0.7 % | margin_after_return=59.6 %
[INFO] [1790211929.620949825] [sage_energy_monitor]: ENERGY | remaining=80.2 % | voltage=15.84 V | drain_rate=0.058 %/s | home_distance=5.0 m | return_time=9 s | return_cost=0.5 % | margin_after_return=59.6 %
[INFO] [1790211930.623156063] [sage_energy_monitor]: ENERGY | remaining=80.1 % | voltage=15.84 V | drain_rate=0.058 %/s | home_distance=3.1 m | return_time=7 s | return_cost=0.4 % | margin_after_return=59.7 %
[INFO] [1790211931.623525218] [sage_energy_monitor]: ENERGY | remaining=80.0 % | voltage=15.84 V | drain_rate=0.058 %/s | home_distance=2.6 m | return_time=7 s | return_cost=0.4 % | margin_after_return=59.7 %
[INFO] [1790211932.625464766] [sage_energy_monitor]: ENERGY | remaining=80.0 % | voltage=15.84 V | drain_rate=0.058 %/s | home_distance=4.2 m | return_time=8 s | return_cost=0.5 % | margin_after_return=59.5 %
[INFO] [1790211933.623120141] [sage_energy_monitor]: ENERGY | remaining=79.9 % | voltage=15.84 V | drain_rate=0.058 %/s | home_distance=6.5 m | return_time=11 s | return_cost=0.6 % | margin_after_return=59.3 %
[INFO] [1790211934.633143367] [sage_energy_monitor]: ENERGY | remaining=79.9 % | voltage=15.84 V | drain_rate=0.058 %/s | home_distance=8.1 m | return_time=12 s | return_cost=0.7 % | margin_after_return=59.1 %
[INFO] [1790211935.619583017] [sage_energy_monitor]: ENERGY | remaining=79.8 % | voltage=15.83 V | drain_rate=0.058 %/s | home_distance=8.8 m | return_time=13 s | return_cost=0.7 % | margin_after_return=59.1 %
[INFO] [1790211936.623048445] [sage_energy_monitor]: ENERGY | remaining=79.7 % | voltage=15.83 V | drain_rate=0.058 %/s | home_distance=8.8 m | return_time=13 s | return_cost=0.7 % | margin_after_return=59.0 %
[INFO] [1790211937.623994166] [sage_energy_monitor]: ENERGY | remaining=79.7 % | voltage=15.83 V | drain_rate=0.058 %/s | home_distance=8.7 m | return_time=13 s | return_cost=0.8 % | margin_after_return=58.9 %
[INFO] [1790211938.628518564] [sage_energy_monitor]: ENERGY | remaining=79.6 % | voltage=15.83 V | drain_rate=0.058 %/s | home_distance=8.7 m | return_time=13 s | return_cost=0.8 % | margin_after_return=58.9 %
[INFO] [1790211939.624482066] [sage_energy_monitor]: ENERGY | remaining=79.6 % | voltage=15.83 V | drain_rate=0.058 %/s | home_distance=8.6 m | return_time=13 s | return_cost=0.7 % | margin_after_return=58.8 %
[INFO] [1790211940.626199108] [sage_energy_monitor]: ENERGY | remaining=79.5 % | voltage=15.83 V | drain_rate=0.058 %/s | home_distance=8.5 m | return_time=13 s | return_cost=0.7 % | margin_after_return=58.8 %
[INFO] [1790211941.622386412] [sage_energy_monitor]: ENERGY | remaining=79.4 % | voltage=15.83 V | drain_rate=0.058 %/s | home_distance=8.5 m | return_time=13 s | return_cost=0.7 % | margin_after_return=58.7 %
[INFO] [1790211942.627851587] [sage_energy_monitor]: ENERGY | remaining=79.4 % | voltage=15.83 V | drain_rate=0.058 %/s | home_distance=8.5 m | return_time=12 s | return_cost=0.7 % | margin_after_return=58.7 %
[INFO] [1790211943.625049495] [sage_energy_monitor]: ENERGY | remaining=79.3 % | voltage=15.83 V | drain_rate=0.059 %/s | home_distance=8.5 m | return_time=13 s | return_cost=0.7 % | margin_after_return=58.6 %
[INFO] [1790211944.620497095] [sage_energy_monitor]: ENERGY | remaining=79.3 % | voltage=15.83 V | drain_rate=0.059 %/s | home_distance=8.5 m | return_time=13 s | return_cost=0.7 % | margin_after_return=58.5 %
[INFO] [1790211945.620289411] [sage_energy_monitor]: ENERGY | remaining=79.2 % | voltage=15.82 V | drain_rate=0.059 %/s | home_distance=8.4 m | return_time=12 s | return_cost=0.7 % | margin_after_return=58.5 %
[INFO] [1790211946.620312517] [sage_energy_monitor]: ENERGY | remaining=79.2 % | voltage=15.82 V | drain_rate=0.059 %/s | home_distance=8.4 m | return_time=13 s | return_cost=0.7 % | margin_after_return=58.4 %
[INFO] [1790211947.622654873] [sage_energy_monitor]: ENERGY | remaining=79.1 % | voltage=15.82 V | drain_rate=0.059 %/s | home_distance=8.5 m | return_time=13 s | return_cost=0.7 % | margin_after_return=58.4 %
[INFO] [1790211948.620408197] [sage_energy_monitor]: ENERGY | remaining=79.0 % | voltage=15.82 V | drain_rate=0.059 %/s | home_distance=8.3 m | return_time=12 s | return_cost=0.7 % | margin_after_return=58.3 %
[INFO] [1790211949.620211120] [sage_energy_monitor]: ENERGY | remaining=79.0 % | voltage=15.82 V | drain_rate=0.059 %/s | home_distance=7.2 m | return_time=11 s | return_cost=0.7 % | margin_after_return=58.3 %
[INFO] [1790211950.623455973] [sage_energy_monitor]: ENERGY | remaining=78.9 % | voltage=15.82 V | drain_rate=0.059 %/s | home_distance=6.2 m | return_time=10 s | return_cost=0.6 % | margin_after_return=58.3 %
[INFO] [1790211951.630005837] [sage_energy_monitor]: ENERGY | remaining=78.9 % | voltage=15.82 V | drain_rate=0.059 %/s | home_distance=5.9 m | return_time=10 s | return_cost=0.6 % | margin_after_return=58.3 %
[INFO] [1790211952.620960442] [sage_energy_monitor]: ENERGY | remaining=78.8 % | voltage=15.82 V | drain_rate=0.059 %/s | home_distance=6.0 m | return_time=10 s | return_cost=0.6 % | margin_after_return=58.2 %
[INFO] [1790211953.623497660] [sage_energy_monitor]: ENERGY | remaining=78.7 % | voltage=15.82 V | drain_rate=0.059 %/s | home_distance=6.0 m | return_time=10 s | return_cost=0.6 % | margin_after_return=58.2 %
[INFO] [1790211954.621335728] [sage_energy_monitor]: ENERGY | remaining=78.7 % | voltage=15.81 V | drain_rate=0.059 %/s | home_distance=6.0 m | return_time=10 s | return_cost=0.6 % | margin_after_return=58.1 %
[INFO] [1790211955.625994239] [sage_energy_monitor]: ENERGY | remaining=78.6 % | voltage=15.81 V | drain_rate=0.059 %/s | home_distance=5.9 m | return_time=10 s | return_cost=0.6 % | margin_after_return=58.0 %
[INFO] [1790211956.620483438] [sage_energy_monitor]: ENERGY | remaining=78.6 % | voltage=15.81 V | drain_rate=0.059 %/s | home_distance=5.8 m | return_time=10 s | return_cost=0.6 % | margin_after_return=58.0 %
[INFO] [1790211957.621838913] [sage_energy_monitor]: ENERGY | remaining=78.5 % | voltage=15.81 V | drain_rate=0.059 %/s | home_distance=5.8 m | return_time=10 s | return_cost=0.6 % | margin_after_return=57.9 %
[INFO] [1790211958.622738964] [sage_energy_monitor]: ENERGY | remaining=78.4 % | voltage=15.81 V | drain_rate=0.059 %/s | home_distance=5.9 m | return_time=10 s | return_cost=0.6 % | margin_after_return=57.9 %
[INFO] [1790211959.624684854] [sage_energy_monitor]: ENERGY | remaining=78.4 % | voltage=15.81 V | drain_rate=0.059 %/s | home_distance=5.9 m | return_time=10 s | return_cost=0.6 % | margin_after_return=57.8 %
[INFO] [1790211960.621589831] [sage_energy_monitor]: ENERGY | remaining=78.3 % | voltage=15.81 V | drain_rate=0.059 %/s | home_distance=5.9 m | return_time=10 s | return_cost=0.6 % | margin_after_return=57.7 %
[INFO] [1790211961.627576575] [sage_energy_monitor]: ENERGY | remaining=78.3 % | voltage=15.81 V | drain_rate=0.059 %/s | home_distance=5.9 m | return_time=10 s | return_cost=0.6 % | margin_after_return=57.7 %
[INFO] [1790211962.620271685] [sage_energy_monitor]: ENERGY | remaining=78.2 % | voltage=15.81 V | drain_rate=0.059 %/s | home_distance=6.0 m | return_time=10 s | return_cost=0.6 % | margin_after_return=57.6 %
[INFO] [1790211963.620405428] [sage_energy_monitor]: ENERGY | remaining=78.2 % | voltage=15.81 V | drain_rate=0.059 %/s | home_distance=6.1 m | return_time=10 s | return_cost=0.6 % | margin_after_return=57.6 %
[INFO] [1790211964.627644319] [sage_energy_monitor]: ENERGY | remaining=78.1 % | voltage=15.80 V | drain_rate=0.059 %/s | home_distance=6.0 m | return_time=10 s | return_cost=0.6 % | margin_after_return=57.5 %
[INFO] [1790211965.622329494] [sage_energy_monitor]: ENERGY | remaining=78.0 % | voltage=15.80 V | drain_rate=0.059 %/s | home_distance=6.1 m | return_time=10 s | return_cost=0.6 % | margin_after_return=57.4 %
[INFO] [1790211966.620419394] [sage_energy_monitor]: ENERGY | remaining=78.0 % | voltage=15.80 V | drain_rate=0.059 %/s | home_distance=6.8 m | return_time=11 s | return_cost=0.6 % | margin_after_return=57.3 %
[INFO] [1790211967.623278642] [sage_energy_monitor]: ENERGY | remaining=77.9 % | voltage=15.80 V | drain_rate=0.059 %/s | home_distance=8.0 m | return_time=12 s | return_cost=0.7 % | margin_after_return=57.2 %
[INFO] [1790211968.622369937] [sage_energy_monitor]: ENERGY | remaining=77.9 % | voltage=15.80 V | drain_rate=0.059 %/s | home_distance=8.6 m | return_time=13 s | return_cost=0.8 % | margin_after_return=57.1 %
[INFO] [1790211969.621290054] [sage_energy_monitor]: ENERGY | remaining=77.8 % | voltage=15.80 V | drain_rate=0.059 %/s | home_distance=8.8 m | return_time=13 s | return_cost=0.8 % | margin_after_return=57.0 %
[INFO] [1790211970.621446974] [sage_energy_monitor]: ENERGY | remaining=77.7 % | voltage=15.80 V | drain_rate=0.059 %/s | home_distance=8.8 m | return_time=13 s | return_cost=0.8 % | margin_after_return=57.0 %
[INFO] [1790211971.625458481] [sage_energy_monitor]: ENERGY | remaining=77.7 % | voltage=15.80 V | drain_rate=0.059 %/s | home_distance=8.8 m | return_time=13 s | return_cost=0.8 % | margin_after_return=56.9 %
[INFO] [1790211972.625700357] [sage_energy_monitor]: ENERGY | remaining=77.6 % | voltage=15.80 V | drain_rate=0.059 %/s | home_distance=8.6 m | return_time=13 s | return_cost=0.7 % | margin_after_return=56.9 %
[INFO] [1790211973.621335999] [sage_energy_monitor]: ENERGY | remaining=77.6 % | voltage=15.79 V | drain_rate=0.059 %/s | home_distance=8.5 m | return_time=13 s | return_cost=0.8 % | margin_after_return=56.8 %
[INFO] [1790211974.620086172] [sage_energy_monitor]: ENERGY | remaining=77.5 % | voltage=15.79 V | drain_rate=0.059 %/s | home_distance=8.5 m | return_time=13 s | return_cost=0.8 % | margin_after_return=56.7 %
[INFO] [1790211975.620025584] [sage_energy_monitor]: ENERGY | remaining=77.4 % | voltage=15.79 V | drain_rate=0.059 %/s | home_distance=8.5 m | return_time=13 s | return_cost=0.7 % | margin_after_return=56.7 %
[INFO] [1790211976.623108773] [sage_energy_monitor]: ENERGY | remaining=77.4 % | voltage=15.79 V | drain_rate=0.059 %/s | home_distance=8.5 m | return_time=13 s | return_cost=0.8 % | margin_after_return=56.6 %
[INFO] [1790211977.621319070] [sage_energy_monitor]: ENERGY | remaining=77.3 % | voltage=15.79 V | drain_rate=0.059 %/s | home_distance=8.4 m | return_time=13 s | return_cost=0.7 % | margin_after_return=56.6 %
[INFO] [1790211978.619816669] [sage_energy_monitor]: ENERGY | remaining=77.3 % | voltage=15.79 V | drain_rate=0.059 %/s | home_distance=8.5 m | return_time=12 s | return_cost=0.7 % | margin_after_return=56.5 %
[INFO] [1790211979.620485581] [sage_energy_monitor]: ENERGY | remaining=77.2 % | voltage=15.79 V | drain_rate=0.059 %/s | home_distance=8.5 m | return_time=13 s | return_cost=0.8 % | margin_after_return=56.5 %
[INFO] [1790211980.621812912] [sage_energy_monitor]: ENERGY | remaining=77.1 % | voltage=15.79 V | drain_rate=0.059 %/s | home_distance=8.5 m | return_time=13 s | return_cost=0.8 % | margin_after_return=56.4 %
[INFO] [1790211981.620347399] [sage_energy_monitor]: ENERGY | remaining=77.1 % | voltage=15.79 V | drain_rate=0.059 %/s | home_distance=8.5 m | return_time=13 s | return_cost=0.8 % | margin_after_return=56.3 %
[INFO] [1790211982.619960282] [sage_energy_monitor]: ENERGY | remaining=77.0 % | voltage=15.78 V | drain_rate=0.059 %/s | home_distance=8.1 m | return_time=12 s | return_cost=0.7 % | margin_after_return=56.3 %
[INFO] [1790211983.626432531] [sage_energy_monitor]: ENERGY | remaining=77.0 % | voltage=15.78 V | drain_rate=0.059 %/s | home_distance=7.2 m | return_time=11 s | return_cost=0.7 % | margin_after_return=56.3 %
[INFO] [1790211984.622115559] [sage_energy_monitor]: ENERGY | remaining=76.9 % | voltage=15.78 V | drain_rate=0.059 %/s | home_distance=6.4 m | return_time=11 s | return_cost=0.6 % | margin_after_return=56.3 %
[INFO] [1790211985.620579306] [sage_energy_monitor]: ENERGY | remaining=76.8 % | voltage=15.78 V | drain_rate=0.059 %/s | home_distance=5.3 m | return_time=10 s | return_cost=0.6 % | margin_after_return=56.3 %
[INFO] [1790211986.625177830] [sage_energy_monitor]: ENERGY | remaining=76.8 % | voltage=15.78 V | drain_rate=0.059 %/s | home_distance=4.3 m | return_time=8 s | return_cost=0.5 % | margin_after_return=56.3 %
[INFO] [1790211987.621122937] [sage_energy_monitor]: ENERGY | remaining=76.7 % | voltage=15.78 V | drain_rate=0.059 %/s | home_distance=3.3 m | return_time=7 s | return_cost=0.4 % | margin_after_return=56.3 %
[INFO] [1790211988.624204722] [sage_energy_monitor]: ENERGY | remaining=76.7 % | voltage=15.78 V | drain_rate=0.059 %/s | home_distance=2.3 m | return_time=6 s | return_cost=0.4 % | margin_after_return=56.3 %
[INFO] [1790211989.624243338] [sage_energy_monitor]: ENERGY | remaining=76.6 % | voltage=15.78 V | drain_rate=0.059 %/s | home_distance=1.3 m | return_time=5 s | return_cost=0.3 % | margin_after_return=56.3 %
[INFO] [1790211990.627969885] [sage_energy_monitor]: ENERGY | remaining=76.6 % | voltage=15.78 V | drain_rate=0.059 %/s | home_distance=0.4 m | return_time=4 s | return_cost=0.3 % | margin_after_return=56.3 %
[INFO] [1790211991.620603929] [sage_energy_monitor]: ENERGY | remaining=76.5 % | voltage=15.78 V | drain_rate=0.059 %/s | home_distance=0.3 m | return_time=4 s | return_cost=0.2 % | margin_after_return=56.3 %
[INFO] [1790211992.621292707] [sage_energy_monitor]: ENERGY | remaining=76.4 % | voltage=15.77 V | drain_rate=0.059 %/s | home_distance=0.4 m | return_time=3 s | return_cost=0.2 % | margin_after_return=56.3 %
[INFO] [1790211993.624930033] [sage_energy_monitor]: ENERGY | remaining=76.4 % | voltage=15.77 V | drain_rate=0.059 %/s | home_distance=0.5 m | return_time=2 s | return_cost=0.1 % | margin_after_return=56.2 %
[INFO] [1790211994.620701220] [sage_energy_monitor]: ENERGY | remaining=76.3 % | voltage=15.77 V | drain_rate=0.059 %/s | home_distance=0.4 m | return_time=1 s | return_cost=0.1 % | margin_after_return=56.2 %
[INFO] [1790211995.624896142] [sage_energy_monitor]: ENERGY | remaining=76.2 % | voltage=15.77 V | drain_rate=0.059 %/s | home_distance=0.5 m | return_time=1 s | return_cost=0.0 % | margin_after_return=56.2 %
[INFO] [1790211996.622899683] [sage_energy_monitor]: ENERGY | remaining=76.2 % | voltage=15.77 V | drain_rate=0.059 %/s | home_distance=0.5 m | return_time=0 s | return_cost=0.0 % | margin_after_return=56.2 %
[INFO] [1790211997.625328253] [sage_energy_monitor]: ENERGY | remaining=76.1 % | voltage=15.77 V | drain_rate=0.059 %/s | home_distance=0.5 m | return_time=1 s | return_cost=0.0 % | margin_after_return=56.1 %
[INFO] [1790211998.622009500] [sage_energy_monitor]: ENERGY | remaining=83.5 % | voltage=16.20 V | drain_rate=0.000 %/s | home_distance=0.5 m | return_time=1 s | return_cost=0.0 % | margin_after_return=63.5 %
[INFO] [1790211999.628429546] [sage_energy_monitor]: ENERGY | remaining=92.2 % | voltage=16.20 V | drain_rate=0.000 %/s | home_distance=0.5 m | return_time=1 s | return_cost=0.0 % | margin_after_return=72.2 %
[INFO] [1790212000.625799277] [sage_energy_monitor]: ENERGY | remaining=96.2 % | voltage=16.20 V | drain_rate=0.000 %/s | home_distance=0.6 m | return_time=1 s | return_cost=0.0 % | margin_after_return=76.2 %
[INFO] [1790212001.623972138] [sage_energy_monitor]: ENERGY | remaining=98.2 % | voltage=16.20 V | drain_rate=0.000 %/s | home_distance=0.6 m | return_time=1 s | return_cost=0.0 % | margin_after_return=78.2 %
[INFO] [1790212002.623892627] [sage_energy_monitor]: ENERGY | remaining=99.1 % | voltage=16.20 V | drain_rate=0.000 %/s | home_distance=0.6 m | return_time=1 s | return_cost=0.0 % | margin_after_return=79.1 %
[INFO] [1790212003.621790846] [sage_energy_monitor]: ENERGY | remaining=99.6 % | voltage=16.20 V | drain_rate=0.000 %/s | home_distance=0.6 m | return_time=1 s | return_cost=0.0 % | margin_after_return=79.6 %
[INFO] [1790212004.621053530] [sage_energy_monitor]: ENERGY | remaining=99.8 % | voltage=16.20 V | drain_rate=0.000 %/s | home_distance=0.6 m | return_time=1 s | return_cost=0.0 % | margin_after_return=79.8 %
[INFO] [1790212005.623101738] [sage_energy_monitor]: ENERGY | remaining=99.9 % | voltage=16.20 V | drain_rate=0.000 %/s | home_distance=0.6 m | return_time=1 s | return_cost=0.0 % | margin_after_return=79.9 %
[INFO] [1790212006.620494071] [sage_energy_monitor]: ENERGY | remaining=100.0 % | voltage=16.20 V | drain_rate=0.000 %/s | home_distance=0.6 m | return_time=1 s | return_cost=0.0 % | margin_after_return=80.0 %
