[INFO] [1790211630.767715589] [sage_viewpoint_planner]: SAGE active-vision viewpoint planner started.
[INFO] [1790211630.768591783] [sage_viewpoint_planner]: Standoff distance: 3.0 m
[INFO] [1790211630.769299719] [sage_viewpoint_planner]: Viewpoint altitude: -2.0 m
[INFO] [1790211630.769983727] [sage_viewpoint_planner]: Search viewpoints: 4
[INFO] [1790211630.770661226] [sage_viewpoint_planner]: Arrival tolerance: 0.35 m
[INFO] [1790211630.771299980] [sage_viewpoint_planner]: Maximum planner step: 0.7 m
[INFO] [1790211630.772062124] [sage_viewpoint_planner]: Observation confidence threshold: 0.60
[INFO] [1790211630.772878675] [sage_viewpoint_planner]: Observation bbox-area threshold: 0.0100 (1% of image)
[INFO] [1790211630.774195863] [sage_viewpoint_planner]: Camera resolution for bbox measurement: 1280x960
[INFO] [1790211630.775007603] [sage_viewpoint_planner]: Image-border margin threshold: 0.02
[INFO] [1790211630.780447919] [sage_viewpoint_planner]: New target acquired | target_id=1
[INFO] [1790211630.880556788] [sage_viewpoint_planner]: PERSON OBSERVATION | confidence=0.752 | bbox_area_fraction=0.0194 | bbox_center_px=(909.0, 718.2) | image_position=(0.710, 0.748) | bbox_margin=0.107
[INFO] [1790211631.980195937] [sage_viewpoint_planner]: PERSON OBSERVATION | confidence=0.703 | bbox_area_fraction=0.0250 | bbox_center_px=(975.9, 783.0) | image_position=(0.762, 0.816) | bbox_margin=0.035
[INFO] [1790211633.055985378] [sage_viewpoint_planner]: PERSON OBSERVATION | confidence=0.653 | bbox_area_fraction=0.0283 | bbox_center_px=(996.0, 796.3) | image_position=(0.778, 0.829) | bbox_margin=0.016
[INFO] [1790211634.081112139] [sage_viewpoint_planner]: PERSON OBSERVATION | confidence=0.620 | bbox_area_fraction=0.0272 | bbox_center_px=(1033.7, 815.7) | image_position=(0.808, 0.850) | bbox_margin=0.000
[INFO] [1790211635.089820935] [sage_viewpoint_planner]: PERSON OBSERVATION | confidence=0.821 | bbox_area_fraction=0.0264 | bbox_center_px=(1049.3, 820.2) | image_position=(0.820, 0.854) | bbox_margin=0.001
[INFO] [1790211636.281546235] [sage_viewpoint_planner]: PERSON OBSERVATION | confidence=0.770 | bbox_area_fraction=0.0236 | bbox_center_px=(1087.2, 843.3) | image_position=(0.849, 0.878) | bbox_margin=0.000
[INFO] [1790211637.355870993] [sage_viewpoint_planner]: PERSON OBSERVATION | confidence=0.762 | bbox_area_fraction=0.0230 | bbox_center_px=(1093.4, 854.1) | image_position=(0.854, 0.890) | bbox_margin=0.000
[INFO] [1790211638.419182929] [sage_viewpoint_planner]: PERSON OBSERVATION | confidence=0.847 | bbox_area_fraction=0.0235 | bbox_center_px=(1111.5, 858.6) | image_position=(0.868, 0.894) | bbox_margin=0.000
[INFO] [1790211639.799000296] [sage_viewpoint_planner]: PERSON OBSERVATION | confidence=0.799 | bbox_area_fraction=0.0221 | bbox_center_px=(1128.1, 858.4) | image_position=(0.881, 0.894) | bbox_margin=0.003
[INFO] [1790211640.747415163] [sage_viewpoint_planner]: MISSION ACCEPTED | target=person | attribute=None | quantity=all | output=locations | text='Find all people in this area and report their locations'
[INFO] [1790211640.821761726] [sage_viewpoint_planner]: New target acquired | target_id=1
[INFO] [1790211640.823038331] [sage_viewpoint_planner]: CANDIDATE STATUS | id=1 | track=(-0.2,5.2) | uav=(-0.1,-0.1) | range=5.3 m | sufficient=False | matches_track=False | evidence=0.0/2.0 s
[INFO] [1790211640.918441008] [sage_viewpoint_planner]: PERSON OBSERVATION | confidence=0.803 | bbox_area_fraction=0.0268 | bbox_center_px=(1182.3, 853.7) | image_position=(0.924, 0.889) | bbox_margin=0.000
[INFO] [1790211642.154049733] [sage_viewpoint_planner]: PERSON OBSERVATION | confidence=0.811 | bbox_area_fraction=0.0299 | bbox_center_px=(1016.6, 782.9) | image_position=(0.794, 0.815) | bbox_margin=0.058
[INFO] [1790211643.457537752] [sage_viewpoint_planner]: PERSON OBSERVATION | confidence=0.820 | bbox_area_fraction=0.0429 | bbox_center_px=(217.8, 775.3) | image_position=(0.170, 0.808) | bbox_margin=0.021
[INFO] [1790211644.949455250] [sage_viewpoint_planner]: PERSON OBSERVATION | confidence=0.302 | bbox_area_fraction=0.0313 | bbox_center_px=(1004.3, 573.1) | image_position=(0.785, 0.597) | bbox_margin=0.159
[INFO] [1790211645.010156556] [sage_viewpoint_planner]: CANDIDATE STATUS | id=1 | track=(-0.2,5.2) | uav=(4.1,5.1) | range=4.2 m | sufficient=False | matches_track=False | evidence=0.8/2.0 s
[INFO] [1790211645.978009697] [sage_viewpoint_planner]: PERSON OBSERVATION | confidence=0.662 | bbox_area_fraction=0.0071 | bbox_center_px=(955.7, 421.4) | image_position=(0.747, 0.439) | bbox_margin=0.230
[INFO] [1790211647.397755231] [sage_viewpoint_planner]: PERSON OBSERVATION | confidence=0.334 | bbox_area_fraction=0.0414 | bbox_center_px=(1180.7, 721.2) | image_position=(0.922, 0.751) | bbox_margin=0.001
[INFO] [1790211648.775229585] [sage_viewpoint_planner]: PERSON OBSERVATION | confidence=0.321 | bbox_area_fraction=0.0067 | bbox_center_px=(797.6, 877.7) | image_position=(0.623, 0.914) | bbox_margin=0.000
[INFO] [1790211649.211289836] [sage_viewpoint_planner]: CANDIDATE STATUS | id=1 | track=(-0.2,5.2) | uav=(0.8,4.6) | range=1.1 m | sufficient=False | matches_track=False | evidence=0.0/2.0 s
[INFO] [1790211650.696597180] [sage_viewpoint_planner]: PERSON OBSERVATION | confidence=0.642 | bbox_area_fraction=0.0127 | bbox_center_px=(649.3, 907.1) | image_position=(0.507, 0.945) | bbox_margin=0.003
[INFO] [1790211651.928941037] [sage_viewpoint_planner]: PERSON OBSERVATION | confidence=0.858 | bbox_area_fraction=0.0374 | bbox_center_px=(739.5, 793.1) | image_position=(0.578, 0.826) | bbox_margin=0.000
[INFO] [1790211653.120680586] [sage_viewpoint_planner]: PERSON OBSERVATION | confidence=0.738 | bbox_area_fraction=0.0327 | bbox_center_px=(865.9, 719.4) | image_position=(0.676, 0.749) | bbox_margin=0.101
[INFO] [1790211653.410186492] [sage_viewpoint_planner]: CANDIDATE STATUS | id=1 | track=(-0.1,4.0) | uav=(3.3,5.2) | range=3.6 m | sufficient=True | matches_track=True | evidence=0.6/2.0 s
[INFO] [1790211654.209734704] [sage_viewpoint_planner]: OBSERVATION SUFFICIENT | viewpoint=1/4 | person_confidence=0.796 | bbox_area_fraction=0.0454 | fresh=True | confidence_ok=True | bbox_size_ok=True | position_ok=True | bbox_margin=0.059 | confidence_threshold=0.60 | bbox_threshold=0.0100 | HOLDING VIEWPOINT.
[INFO] [1790211654.283145230] [sage_viewpoint_planner]: PERSON OBSERVATION | confidence=0.826 | bbox_area_fraction=0.0500 | bbox_center_px=(1038.7, 777.6) | image_position=(0.811, 0.810) | bbox_margin=0.008
[INFO] [1790211654.414834455] [sage_viewpoint_planner]: OBSERVATION QUALITY LOST | fresh=True | confidence_ok=True | bbox_size_ok=True | position_ok=False | resuming active search.
[INFO] [1790211654.418148673] [sage_viewpoint_planner]: OBSERVATION INSUFFICIENT | viewpoint=1/4 | person_confidence=0.826 | bbox_area_fraction=0.0500 | fresh=True | confidence_ok=True | bbox_size_ok=True | position_ok=False | bbox_margin=0.008 | confidence_threshold=0.60 | bbox_threshold=0.0100
[INFO] [1790211654.421306764] [sage_viewpoint_planner]: ENERGY-AWARE SELECTION | chosen=2/4 | distance=3.4 m | est_cost_incl_return=0.8 % | unaffordable_skipped=0
[INFO] [1790211655.466397101] [sage_viewpoint_planner]: PERSON OBSERVATION | confidence=0.396 | bbox_area_fraction=0.0045 | bbox_center_px=(692.0, 609.1) | image_position=(0.541, 0.634) | bbox_margin=0.299
[INFO] [1790211656.492242925] [sage_viewpoint_planner]: PERSON OBSERVATION | confidence=0.814 | bbox_area_fraction=0.0328 | bbox_center_px=(950.3, 797.1) | image_position=(0.742, 0.830) | bbox_margin=0.000
[INFO] [1790211657.540891236] [sage_viewpoint_planner]: PERSON OBSERVATION | confidence=0.494 | bbox_area_fraction=0.0274 | bbox_center_px=(217.8, 848.7) | image_position=(0.170, 0.884) | bbox_margin=0.005
[INFO] [1790211657.609615652] [sage_viewpoint_planner]: CANDIDATE STATUS | id=1 | track=(-0.6,3.4) | uav=(0.5,6.9) | range=3.6 m | sufficient=False | matches_track=False | evidence=1.6/2.0 s
[INFO] [1790211658.012826050] [sage_viewpoint_planner]: OBSERVATION INSUFFICIENT | viewpoint=2/4 | person_confidence=0.793 | bbox_area_fraction=0.0322 | fresh=True | confidence_ok=True | bbox_size_ok=True | position_ok=False | bbox_margin=0.003 | confidence_threshold=0.60 | bbox_threshold=0.0100
[INFO] [1790211658.015141978] [sage_viewpoint_planner]: ENERGY-AWARE SELECTION | chosen=3/4 | distance=5.4 m | est_cost_incl_return=0.8 % | unaffordable_skipped=0
[INFO] [1790211658.681672060] [sage_viewpoint_planner]: PERSON OBSERVATION | confidence=0.757 | bbox_area_fraction=0.0408 | bbox_center_px=(838.8, 814.7) | image_position=(0.655, 0.849) | bbox_margin=0.000
[INFO] [1790211659.788211941] [sage_viewpoint_planner]: PERSON OBSERVATION | confidence=0.844 | bbox_area_fraction=0.0327 | bbox_center_px=(447.8, 808.6) | image_position=(0.350, 0.842) | bbox_margin=0.001
[INFO] [1790211661.487329695] [sage_viewpoint_planner]: PERSON OBSERVATION | confidence=0.736 | bbox_area_fraction=0.0236 | bbox_center_px=(629.8, 788.8) | image_position=(0.492, 0.822) | bbox_margin=0.040
[INFO] [1790211661.809038330] [sage_viewpoint_planner]: CANDIDATE STATUS | id=1 | track=(-0.3,3.5) | uav=(-3.9,3.5) | range=3.6 m | sufficient=True | matches_track=False | evidence=0.0/2.0 s
[INFO] [1790211662.013897293] [sage_viewpoint_planner]: OBSERVATION SUFFICIENT | viewpoint=3/4 | person_confidence=0.736 | bbox_area_fraction=0.0236 | fresh=True | confidence_ok=True | bbox_size_ok=True | position_ok=True | bbox_margin=0.040 | confidence_threshold=0.60 | bbox_threshold=0.0100 | HOLDING VIEWPOINT.
[INFO] [1790211662.683983709] [sage_viewpoint_planner]: PERSON OBSERVATION | confidence=0.833 | bbox_area_fraction=0.0227 | bbox_center_px=(985.0, 669.1) | image_position=(0.770, 0.697) | bbox_margin=0.179
[INFO] [1790211663.744948188] [sage_viewpoint_planner]: PERSON OBSERVATION | confidence=0.793 | bbox_area_fraction=0.0289 | bbox_center_px=(1030.9, 750.6) | image_position=(0.805, 0.782) | bbox_margin=0.076
[INFO] [1790211664.419838187] [sage_viewpoint_planner]: OBSERVATION QUALITY LOST | fresh=True | confidence_ok=True | bbox_size_ok=True | position_ok=False | resuming active search.
[INFO] [1790211664.757423254] [sage_viewpoint_planner]: PERSON OBSERVATION | confidence=0.803 | bbox_area_fraction=0.0397 | bbox_center_px=(1152.9, 826.6) | image_position=(0.901, 0.861) | bbox_margin=0.001
[INFO] [1790211665.792383990] [sage_viewpoint_planner]: PERSON OBSERVATION | confidence=0.816 | bbox_area_fraction=0.0464 | bbox_center_px=(1082.7, 847.0) | image_position=(0.846, 0.882) | bbox_margin=0.001
[INFO] [1790211665.815331716] [sage_viewpoint_planner]: CANDIDATE STATUS | id=1 | track=(1.0,4.5) | uav=(-3.2,3.3) | range=4.4 m | sufficient=False | matches_track=False | evidence=0.8/2.0 s
[INFO] [1790211666.932950021] [sage_viewpoint_planner]: PERSON OBSERVATION | confidence=0.850 | bbox_area_fraction=0.0592 | bbox_center_px=(977.7, 843.8) | image_position=(0.764, 0.879) | bbox_margin=0.001
[INFO] [1790211668.112227484] [sage_viewpoint_planner]: PERSON OBSERVATION | confidence=0.662 | bbox_area_fraction=0.0793 | bbox_center_px=(899.5, 798.8) | image_position=(0.703, 0.832) | bbox_margin=0.012
[INFO] [1790211669.269289084] [sage_viewpoint_planner]: PERSON OBSERVATION | confidence=0.807 | bbox_area_fraction=0.0472 | bbox_center_px=(883.9, 767.1) | image_position=(0.691, 0.799) | bbox_margin=0.071
[INFO] [1790211669.415112810] [sage_viewpoint_planner]: OBSERVATION SUFFICIENT | viewpoint=3/4 | person_confidence=0.807 | bbox_area_fraction=0.0472 | fresh=True | confidence_ok=True | bbox_size_ok=True | position_ok=True | bbox_margin=0.071 | confidence_threshold=0.60 | bbox_threshold=0.0100 | HOLDING VIEWPOINT.
[INFO] [1790211669.609812348] [sage_viewpoint_planner]: TARGET VERIFIED | id=1 | position=(0.26, 4.22) | confidence=0.807 | evidence_points=11 | verified_total=1
[INFO] [1790211669.701004916] [sage_viewpoint_planner]: New target acquired | target_id=2
[INFO] [1790211670.010289068] [sage_viewpoint_planner]: CANDIDATE STATUS | id=2 | track=(-5.9,7.3) | uav=(-4.0,3.4) | range=4.4 m | sufficient=True | matches_track=False | evidence=0.0/2.0 s
[INFO] [1790211670.283900175] [sage_viewpoint_planner]: PERSON OBSERVATION | confidence=0.801 | bbox_area_fraction=0.0282 | bbox_center_px=(892.9, 760.5) | image_position=(0.698, 0.792) | bbox_margin=0.087
[INFO] [1790211671.304809529] [sage_viewpoint_planner]: PERSON OBSERVATION | confidence=0.562 | bbox_area_fraction=0.0265 | bbox_center_px=(1226.6, 774.9) | image_position=(0.958, 0.807) | bbox_margin=0.001
[INFO] [1790211672.767912514] [sage_viewpoint_planner]: PERSON OBSERVATION | confidence=0.834 | bbox_area_fraction=0.0317 | bbox_center_px=(227.3, 825.6) | image_position=(0.178, 0.860) | bbox_margin=0.000
[INFO] [1790211673.838456256] [sage_viewpoint_planner]: PERSON OBSERVATION | confidence=0.647 | bbox_area_fraction=0.0332 | bbox_center_px=(905.7, 780.6) | image_position=(0.708, 0.813) | bbox_margin=0.000
[INFO] [1790211674.011172737] [sage_viewpoint_planner]: CANDIDATE STATUS | id=2 | track=(-6.1,7.5) | uav=(-2.6,7.3) | range=3.5 m | sufficient=False | matches_track=False | evidence=0.4/2.0 s
[INFO] [1790211674.012271300] [sage_viewpoint_planner]: OBSERVATION INSUFFICIENT | viewpoint=1/4 | person_confidence=0.647 | bbox_area_fraction=0.0332 | fresh=True | confidence_ok=True | bbox_size_ok=True | position_ok=False | bbox_margin=0.000 | confidence_threshold=0.60 | bbox_threshold=0.0100
[INFO] [1790211674.016261299] [sage_viewpoint_planner]: ENERGY-AWARE SELECTION | chosen=4/4 | distance=4.5 m | est_cost_incl_return=0.9 % | unaffordable_skipped=0
[INFO] [1790211675.165737240] [sage_viewpoint_planner]: PERSON OBSERVATION | confidence=0.688 | bbox_area_fraction=0.0283 | bbox_center_px=(825.5, 803.9) | image_position=(0.645, 0.837) | bbox_margin=0.009
[INFO] [1790211678.012447729] [sage_viewpoint_planner]: CANDIDATE STATUS | id=2 | track=(-6.0,7.1) | uav=(-7.0,4.5) | range=2.8 m | sufficient=False | matches_track=False | evidence=0.8/2.0 s
[INFO] [1790211678.218351470] [sage_viewpoint_planner]: PERSON OBSERVATION | confidence=0.846 | bbox_area_fraction=0.0497 | bbox_center_px=(398.6, 831.9) | image_position=(0.311, 0.867) | bbox_margin=0.001
[INFO] [1790211679.287045996] [sage_viewpoint_planner]: PERSON OBSERVATION | confidence=0.778 | bbox_area_fraction=0.0276 | bbox_center_px=(653.4, 712.5) | image_position=(0.510, 0.742) | bbox_margin=0.124
[INFO] [1790211680.400889066] [sage_viewpoint_planner]: PERSON OBSERVATION | confidence=0.747 | bbox_area_fraction=0.0218 | bbox_center_px=(775.0, 682.2) | image_position=(0.605, 0.711) | bbox_margin=0.171
[INFO] [1790211681.512131771] [sage_viewpoint_planner]: PERSON OBSERVATION | confidence=0.801 | bbox_area_fraction=0.0317 | bbox_center_px=(909.8, 769.2) | image_position=(0.711, 0.801) | bbox_margin=0.051
[INFO] [1790211682.209313978] [sage_viewpoint_planner]: CANDIDATE STATUS | id=2 | track=(-6.1,7.1) | uav=(-5.5,4.4) | range=2.8 m | sufficient=False | matches_track=False | evidence=1.0/2.0 s
[INFO] [1790211682.632837927] [sage_viewpoint_planner]: PERSON OBSERVATION | confidence=0.849 | bbox_area_fraction=0.0364 | bbox_center_px=(966.5, 839.5) | image_position=(0.755, 0.875) | bbox_margin=0.000
[INFO] [1790211683.221853325] [sage_viewpoint_planner]: OBSERVATION INSUFFICIENT | viewpoint=4/4 | person_confidence=0.845 | bbox_area_fraction=0.0360 | fresh=True | confidence_ok=True | bbox_size_ok=True | position_ok=False | bbox_margin=0.002 | confidence_threshold=0.60 | bbox_threshold=0.0100
[INFO] [1790211683.223053757] [sage_viewpoint_planner]: ENERGY-AWARE SELECTION | chosen=3/4 | distance=4.7 m | est_cost_incl_return=1.2 % | unaffordable_skipped=0
[INFO] [1790211683.656457910] [sage_viewpoint_planner]: PERSON OBSERVATION | confidence=0.816 | bbox_area_fraction=0.0325 | bbox_center_px=(878.4, 856.4) | image_position=(0.686, 0.892) | bbox_margin=0.003
[INFO] [1790211684.889693033] [sage_viewpoint_planner]: PERSON OBSERVATION | confidence=0.820 | bbox_area_fraction=0.0727 | bbox_center_px=(1105.1, 790.3) | image_position=(0.863, 0.823) | bbox_margin=0.000
[INFO] [1790211686.214291903] [sage_viewpoint_planner]: CANDIDATE STATUS | id=2 | track=(-6.1,8.2) | uav=(-8.3,7.6) | range=2.4 m | sufficient=False | matches_track=False | evidence=1.6/2.0 s
[INFO] [1790211686.596576821] [sage_viewpoint_planner]: PERSON OBSERVATION | confidence=0.359 | bbox_area_fraction=0.0012 | bbox_center_px=(427.7, 488.7) | image_position=(0.334, 0.509) | bbox_margin=0.324
[INFO] [1790211687.019076526] [sage_viewpoint_planner]: OBSERVATION INSUFFICIENT | viewpoint=3/4 | person_confidence=0.864 | bbox_area_fraction=0.0309 | fresh=True | confidence_ok=True | bbox_size_ok=True | position_ok=False | bbox_margin=0.003 | confidence_threshold=0.60 | bbox_threshold=0.0100
[INFO] [1790211687.019913036] [sage_viewpoint_planner]: ENERGY-AWARE SELECTION | chosen=2/4 | distance=4.2 m | est_cost_incl_return=1.2 % | unaffordable_skipped=0
[INFO] [1790211687.764184928] [sage_viewpoint_planner]: PERSON OBSERVATION | confidence=0.842 | bbox_area_fraction=0.0486 | bbox_center_px=(500.3, 785.6) | image_position=(0.391, 0.818) | bbox_margin=0.001
[INFO] [1790211690.416893401] [sage_viewpoint_planner]: CANDIDATE STATUS | id=2 | track=(-5.9,7.7) | uav=(-6.5,10.1) | range=2.4 m | sufficient=False | matches_track=False | evidence=2.0/2.0 s
[INFO] [1790211690.802212432] [sage_viewpoint_planner]: PERSON OBSERVATION | confidence=0.814 | bbox_area_fraction=0.0206 | bbox_center_px=(971.4, 895.9) | image_position=(0.759, 0.933) | bbox_margin=0.002
[INFO] [1790211691.409871111] [sage_viewpoint_planner]: OBSERVATION INSUFFICIENT | viewpoint=2/4 | person_confidence=0.852 | bbox_area_fraction=0.0272 | fresh=True | confidence_ok=True | bbox_size_ok=True | position_ok=False | bbox_margin=0.000 | confidence_threshold=0.60 | bbox_threshold=0.0100
[INFO] [1790211691.416863922] [sage_viewpoint_planner]: SEARCH CYCLE COMPLETE | starting next cycle.
[INFO] [1790211691.417637952] [sage_viewpoint_planner]: ENERGY-AWARE SELECTION | chosen=3/4 | distance=4.3 m | est_cost_incl_return=1.2 % | unaffordable_skipped=0
[INFO] [1790211692.046586719] [sage_viewpoint_planner]: PERSON OBSERVATION | confidence=0.734 | bbox_area_fraction=0.0185 | bbox_center_px=(757.1, 734.7) | image_position=(0.591, 0.765) | bbox_margin=0.115
[INFO] [1790211692.412833360] [sage_viewpoint_planner]: TARGET VERIFIED | id=2 | position=(-6.02, 7.28) | confidence=0.719 | evidence_points=11 | verified_total=2
[INFO] [1790211692.505723895] [sage_viewpoint_planner]: New target acquired | target_id=3
[INFO] [1790211693.116255855] [sage_viewpoint_planner]: PERSON OBSERVATION | confidence=0.679 | bbox_area_fraction=0.0135 | bbox_center_px=(451.4, 532.0) | image_position=(0.353, 0.554) | bbox_margin=0.316
[INFO] [1790211694.427034642] [sage_viewpoint_planner]: PERSON OBSERVATION | confidence=0.497 | bbox_area_fraction=0.0039 | bbox_center_px=(417.8, 161.1) | image_position=(0.326, 0.168) | bbox_margin=0.105
[INFO] [1790211694.609075870] [sage_viewpoint_planner]: CANDIDATE STATUS | id=3 | track=(7.0,-8.9) | uav=(-6.3,10.2) | range=23.3 m | sufficient=False | matches_track=False | evidence=0.0/2.0 s
[INFO] [1790211695.703385828] [sage_viewpoint_planner]: PERSON OBSERVATION | confidence=0.833 | bbox_area_fraction=0.0472 | bbox_center_px=(765.0, 663.1) | image_position=(0.598, 0.691) | bbox_margin=0.143
[INFO] [1790211697.458003630] [sage_viewpoint_planner]: PERSON OBSERVATION | confidence=0.449 | bbox_area_fraction=0.0211 | bbox_center_px=(881.6, 873.2) | image_position=(0.689, 0.910) | bbox_margin=0.002
[INFO] [1790211698.489225340] [sage_viewpoint_planner]: PERSON OBSERVATION | confidence=0.763 | bbox_area_fraction=0.0102 | bbox_center_px=(397.9, 632.4) | image_position=(0.311, 0.659) | bbox_margin=0.248
[INFO] [1790211698.613243788] [sage_viewpoint_planner]: CANDIDATE STATUS | id=3 | track=(7.0,-8.9) | uav=(0.5,3.1) | range=13.7 m | sufficient=True | matches_track=False | evidence=0.0/2.0 s
[INFO] [1790211699.662787716] [sage_viewpoint_planner]: PERSON OBSERVATION | confidence=0.664 | bbox_area_fraction=0.0030 | bbox_center_px=(530.9, 466.5) | image_position=(0.415, 0.486) | bbox_margin=0.402
[INFO] [1790211700.866683584] [sage_viewpoint_planner]: PERSON OBSERVATION | confidence=0.754 | bbox_area_fraction=0.0363 | bbox_center_px=(642.1, 719.2) | image_position=(0.502, 0.749) | bbox_margin=0.076
[INFO] [1790211701.944448243] [sage_viewpoint_planner]: PERSON OBSERVATION | confidence=0.866 | bbox_area_fraction=0.0455 | bbox_center_px=(762.8, 802.7) | image_position=(0.596, 0.836) | bbox_margin=0.000
[INFO] [1790211702.810946636] [sage_viewpoint_planner]: CANDIDATE STATUS | id=3 | track=(7.0,-8.9) | uav=(0.9,3.4) | range=13.8 m | sufficient=False | matches_track=False | evidence=0.0/2.0 s
[INFO] [1790211703.152975859] [sage_viewpoint_planner]: PERSON OBSERVATION | confidence=0.460 | bbox_area_fraction=0.0049 | bbox_center_px=(545.1, 621.4) | image_position=(0.426, 0.647) | bbox_margin=0.294
[INFO] [1790211704.158978577] [sage_viewpoint_planner]: PERSON OBSERVATION | confidence=0.488 | bbox_area_fraction=0.0046 | bbox_center_px=(478.1, 645.5) | image_position=(0.374, 0.672) | bbox_margin=0.259
[INFO] [1790211705.462031259] [sage_viewpoint_planner]: PERSON OBSERVATION | confidence=0.369 | bbox_area_fraction=0.0046 | bbox_center_px=(414.2, 625.3) | image_position=(0.324, 0.651) | bbox_margin=0.283
[INFO] [1790211706.646297620] [sage_viewpoint_planner]: PERSON OBSERVATION | confidence=0.611 | bbox_area_fraction=0.0040 | bbox_center_px=(394.3, 595.4) | image_position=(0.308, 0.620) | bbox_margin=0.292
[INFO] [1790211707.010814658] [sage_viewpoint_planner]: CANDIDATE STATUS | id=3 | track=(7.0,-8.9) | uav=(0.6,2.2) | range=12.9 m | sufficient=False | matches_track=False | evidence=0.0/2.0 s
[INFO] [1790211707.772673945] [sage_viewpoint_planner]: PERSON OBSERVATION | confidence=0.676 | bbox_area_fraction=0.0039 | bbox_center_px=(402.5, 584.8) | image_position=(0.314, 0.609) | bbox_margin=0.299
[INFO] [1790211709.054569607] [sage_viewpoint_planner]: PERSON OBSERVATION | confidence=0.308 | bbox_area_fraction=0.0066 | bbox_center_px=(416.6, 591.1) | image_position=(0.325, 0.616) | bbox_margin=0.298
[INFO] [1790211711.012328310] [sage_viewpoint_planner]: CANDIDATE STATUS | id=3 | track=(7.0,-8.9) | uav=(0.6,2.8) | range=13.4 m | sufficient=False | matches_track=False | evidence=0.0/2.0 s
[INFO] [1790211712.768290802] [sage_viewpoint_planner]: PERSON OBSERVATION | confidence=0.343 | bbox_area_fraction=0.0052 | bbox_center_px=(442.0, 629.7) | image_position=(0.345, 0.656) | bbox_margin=0.278
[INFO] [1790211714.002542309] [sage_viewpoint_planner]: PERSON OBSERVATION | confidence=0.599 | bbox_area_fraction=0.0038 | bbox_center_px=(441.0, 631.9) | image_position=(0.345, 0.658) | bbox_margin=0.276
[INFO] [1790211715.192046019] [sage_viewpoint_planner]: PERSON OBSERVATION | confidence=0.372 | bbox_area_fraction=0.0042 | bbox_center_px=(441.9, 622.4) | image_position=(0.345, 0.648) | bbox_margin=0.289
[INFO] [1790211715.218875875] [sage_viewpoint_planner]: CANDIDATE STATUS | id=3 | track=(7.0,-8.9) | uav=(0.6,2.8) | range=13.4 m | sufficient=False | matches_track=False | evidence=0.0/2.0 s
[INFO] [1790211719.408843893] [sage_viewpoint_planner]: CANDIDATE STATUS | id=3 | track=(7.0,-8.9) | uav=(0.6,2.8) | range=13.4 m | sufficient=False | matches_track=False | evidence=0.0/2.0 s
[INFO] [1790211720.281710649] [sage_viewpoint_planner]: PERSON OBSERVATION | confidence=0.350 | bbox_area_fraction=0.0052 | bbox_center_px=(443.5, 630.4) | image_position=(0.346, 0.657) | bbox_margin=0.277
[INFO] [1790211721.399066038] [sage_viewpoint_planner]: PERSON OBSERVATION | confidence=0.477 | bbox_area_fraction=0.0051 | bbox_center_px=(445.7, 631.3) | image_position=(0.348, 0.658) | bbox_margin=0.277
[INFO] [1790211722.536291746] [sage_viewpoint_planner]: PERSON OBSERVATION | confidence=0.532 | bbox_area_fraction=0.0060 | bbox_center_px=(437.7, 633.9) | image_position=(0.342, 0.660) | bbox_margin=0.273
[INFO] [1790211723.409967258] [sage_viewpoint_planner]: CANDIDATE STATUS | id=3 | track=(7.0,-8.9) | uav=(0.7,2.8) | range=13.3 m | sufficient=False | matches_track=False | evidence=0.0/2.0 s
[INFO] [1790211723.597721770] [sage_viewpoint_planner]: PERSON OBSERVATION | confidence=0.588 | bbox_area_fraction=0.0046 | bbox_center_px=(438.3, 631.9) | image_position=(0.342, 0.658) | bbox_margin=0.276
[INFO] [1790211724.846726191] [sage_viewpoint_planner]: PERSON OBSERVATION | confidence=0.540 | bbox_area_fraction=0.0048 | bbox_center_px=(431.4, 623.4) | image_position=(0.337, 0.649) | bbox_margin=0.287
[INFO] [1790211725.928831439] [sage_viewpoint_planner]: PERSON OBSERVATION | confidence=0.502 | bbox_area_fraction=0.0064 | bbox_center_px=(420.9, 624.6) | image_position=(0.329, 0.651) | bbox_margin=0.285
[INFO] [1790211727.197402325] [sage_viewpoint_planner]: PERSON OBSERVATION | confidence=0.483 | bbox_area_fraction=0.0049 | bbox_center_px=(425.4, 613.8) | image_position=(0.332, 0.639) | bbox_margin=0.296
[INFO] [1790211727.410830937] [sage_viewpoint_planner]: CANDIDATE STATUS | id=3 | track=(7.0,-8.9) | uav=(0.7,2.8) | range=13.3 m | sufficient=False | matches_track=False | evidence=0.0/2.0 s
[INFO] [1790211728.301035343] [sage_viewpoint_planner]: PERSON OBSERVATION | confidence=0.609 | bbox_area_fraction=0.0052 | bbox_center_px=(421.5, 612.1) | image_position=(0.329, 0.638) | bbox_margin=0.298
[INFO] [1790211731.609232515] [sage_viewpoint_planner]: CANDIDATE STATUS | id=3 | track=(7.0,-8.9) | uav=(0.7,2.7) | range=13.3 m | sufficient=False | matches_track=False | evidence=0.0/2.0 s
[INFO] [1790211734.460857354] [sage_viewpoint_planner]: PERSON OBSERVATION | confidence=0.665 | bbox_area_fraction=0.0050 | bbox_center_px=(421.4, 620.2) | image_position=(0.329, 0.646) | bbox_margin=0.286
[INFO] [1790211735.584107344] [sage_viewpoint_planner]: PERSON OBSERVATION | confidence=0.528 | bbox_area_fraction=0.0044 | bbox_center_px=(420.5, 625.0) | image_position=(0.329, 0.651) | bbox_margin=0.281
[INFO] [1790211735.613011152] [sage_viewpoint_planner]: CANDIDATE STATUS | id=3 | track=(7.0,-8.9) | uav=(0.7,2.8) | range=13.3 m | sufficient=False | matches_track=False | evidence=0.0/2.0 s
[INFO] [1790211736.758012765] [sage_viewpoint_planner]: PERSON OBSERVATION | confidence=0.410 | bbox_area_fraction=0.0043 | bbox_center_px=(417.0, 617.3) | image_position=(0.326, 0.643) | bbox_margin=0.291
[WARN] [1790211737.609815619] [sage_viewpoint_planner]: CANDIDATE REJECTED | id=3 | not confirmed in 45 s | resuming coverage.
[INFO] [1790211737.610420384] [sage_viewpoint_planner]: COVERAGE START | area x[-9,9] y[-9,9] | 9 waypoints | scan 3 s x 4 headings each
[INFO] [1790211737.924207983] [sage_viewpoint_planner]: PERSON OBSERVATION | confidence=0.595 | bbox_area_fraction=0.0053 | bbox_center_px=(414.1, 620.9) | image_position=(0.324, 0.647) | bbox_margin=0.285
[INFO] [1790211738.976060777] [sage_viewpoint_planner]: PERSON OBSERVATION | confidence=0.659 | bbox_area_fraction=0.0056 | bbox_center_px=(501.0, 657.0) | image_position=(0.391, 0.684) | bbox_margin=0.250
[INFO] [1790211741.815874173] [sage_viewpoint_planner]: COVERAGE WAYPOINT | 1/9 at (6.0, 6.0) | scanning
[INFO] [1790211750.526034058] [sage_viewpoint_planner]: PERSON OBSERVATION | confidence=0.360 | bbox_area_fraction=0.0029 | bbox_center_px=(957.2, 583.2) | image_position=(0.748, 0.607) | bbox_margin=0.238
[INFO] [1790211751.640222487] [sage_viewpoint_planner]: PERSON OBSERVATION | confidence=0.410 | bbox_area_fraction=0.0017 | bbox_center_px=(499.2, 572.2) | image_position=(0.390, 0.596) | bbox_margin=0.359
[INFO] [1790211753.012574228] [sage_viewpoint_planner]: PERSON OBSERVATION | confidence=0.550 | bbox_area_fraction=0.0020 | bbox_center_px=(495.0, 567.2) | image_position=(0.387, 0.591) | bbox_margin=0.364
[INFO] [1790211756.698801982] [sage_viewpoint_planner]: PERSON OBSERVATION | confidence=0.383 | bbox_area_fraction=0.0012 | bbox_center_px=(696.1, 394.6) | image_position=(0.544, 0.411) | bbox_margin=0.371
[INFO] [1790211757.805271090] [sage_viewpoint_planner]: PERSON OBSERVATION | confidence=0.545 | bbox_area_fraction=0.0017 | bbox_center_px=(629.4, 473.9) | image_position=(0.492, 0.494) | bbox_margin=0.452
[INFO] [1790211758.217509310] [sage_viewpoint_planner]: New target acquired | target_id=6
[INFO] [1790211758.415609664] [sage_viewpoint_planner]: CANDIDATE FOUND | leaving sweep to verify target_id=6
[INFO] [1790211758.416467964] [sage_viewpoint_planner]: CANDIDATE STATUS | id=6 | track=(5.0,-6.7) | uav=(6.2,1.5) | range=8.2 m | sufficient=False | matches_track=False | evidence=0.0/2.0 s
[INFO] [1790211759.785818346] [sage_viewpoint_planner]: PERSON OBSERVATION | confidence=0.475 | bbox_area_fraction=0.0045 | bbox_center_px=(633.6, 764.8) | image_position=(0.495, 0.797) | bbox_margin=0.127
[INFO] [1790211760.968438278] [sage_viewpoint_planner]: PERSON OBSERVATION | confidence=0.559 | bbox_area_fraction=0.0178 | bbox_center_px=(192.3, 788.4) | image_position=(0.150, 0.821) | bbox_margin=0.063
[INFO] [1790211762.144751286] [sage_viewpoint_planner]: PERSON OBSERVATION | confidence=0.718 | bbox_area_fraction=0.0047 | bbox_center_px=(329.8, 662.8) | image_position=(0.258, 0.690) | bbox_margin=0.239
[INFO] [1790211762.418049107] [sage_viewpoint_planner]: CANDIDATE STATUS | id=6 | track=(4.8,-6.1) | uav=(7.5,-4.8) | range=3.0 m | sufficient=False | matches_track=False | evidence=0.0/2.0 s
[INFO] [1790211763.147503462] [sage_viewpoint_planner]: PERSON OBSERVATION | confidence=0.844 | bbox_area_fraction=0.0342 | bbox_center_px=(986.2, 831.7) | image_position=(0.770, 0.866) | bbox_margin=0.003
[INFO] [1790211763.613636386] [sage_viewpoint_planner]: OBSERVATION INSUFFICIENT | viewpoint=1/4 | person_confidence=0.835 | bbox_area_fraction=0.0345 | fresh=True | confidence_ok=True | bbox_size_ok=True | position_ok=False | bbox_margin=0.000 | confidence_threshold=0.60 | bbox_threshold=0.0100
[INFO] [1790211763.616679312] [sage_viewpoint_planner]: ENERGY-AWARE SELECTION | chosen=2/4 | distance=4.3 m | est_cost_incl_return=0.7 % | unaffordable_skipped=0
[INFO] [1790211764.511899976] [sage_viewpoint_planner]: PERSON OBSERVATION | confidence=0.734 | bbox_area_fraction=0.0455 | bbox_center_px=(548.6, 781.9) | image_position=(0.429, 0.814) | bbox_margin=0.009
[INFO] [1790211765.570497385] [sage_viewpoint_planner]: PERSON OBSERVATION | confidence=0.796 | bbox_area_fraction=0.0481 | bbox_center_px=(401.2, 657.3) | image_position=(0.313, 0.685) | bbox_margin=0.155
[INFO] [1790211766.613358221] [sage_viewpoint_planner]: CANDIDATE STATUS | id=6 | track=(4.4,-6.9) | uav=(5.6,-4.8) | range=2.4 m | sufficient=True | matches_track=False | evidence=0.0/2.0 s
[INFO] [1790211767.506432910] [sage_viewpoint_planner]: PERSON OBSERVATION | confidence=0.477 | bbox_area_fraction=0.0125 | bbox_center_px=(407.6, 899.6) | image_position=(0.318, 0.937) | bbox_margin=0.001
[INFO] [1790211767.814946211] [sage_viewpoint_planner]: OBSERVATION INSUFFICIENT | viewpoint=2/4 | person_confidence=0.846 | bbox_area_fraction=0.0412 | fresh=True | confidence_ok=True | bbox_size_ok=True | position_ok=False | bbox_margin=0.003 | confidence_threshold=0.60 | bbox_threshold=0.0100
[INFO] [1790211767.815775138] [sage_viewpoint_planner]: ENERGY-AWARE SELECTION | chosen=3/4 | distance=4.5 m | est_cost_incl_return=0.8 % | unaffordable_skipped=0
[INFO] [1790211768.746574150] [sage_viewpoint_planner]: PERSON OBSERVATION | confidence=0.865 | bbox_area_fraction=0.0379 | bbox_center_px=(763.0, 792.4) | image_position=(0.596, 0.825) | bbox_margin=0.000
[INFO] [1790211770.809170330] [sage_viewpoint_planner]: CANDIDATE STATUS | id=6 | track=(4.4,-6.9) | uav=(2.5,-6.1) | range=2.0 m | sufficient=False | matches_track=False | evidence=0.0/2.0 s
[INFO] [1790211771.196974621] [sage_viewpoint_planner]: PERSON OBSERVATION | confidence=0.818 | bbox_area_fraction=0.0329 | bbox_center_px=(419.1, 874.6) | image_position=(0.327, 0.911) | bbox_margin=0.001
[INFO] [1790211771.816883930] [sage_viewpoint_planner]: OBSERVATION INSUFFICIENT | viewpoint=3/4 | person_confidence=0.880 | bbox_area_fraction=0.0426 | fresh=True | confidence_ok=True | bbox_size_ok=True | position_ok=False | bbox_margin=0.000 | confidence_threshold=0.60 | bbox_threshold=0.0100
[INFO] [1790211771.818051642] [sage_viewpoint_planner]: ENERGY-AWARE SELECTION | chosen=4/4 | distance=4.1 m | est_cost_incl_return=1.0 % | unaffordable_skipped=0
[INFO] [1790211772.424953834] [sage_viewpoint_planner]: PERSON OBSERVATION | confidence=0.800 | bbox_area_fraction=0.0359 | bbox_center_px=(834.9, 733.3) | image_position=(0.652, 0.764) | bbox_margin=0.077
[INFO] [1790211773.709806290] [sage_viewpoint_planner]: PERSON OBSERVATION | confidence=0.752 | bbox_area_fraction=0.0290 | bbox_center_px=(335.3, 592.1) | image_position=(0.262, 0.617) | bbox_margin=0.206
[INFO] [1790211774.812126585] [sage_viewpoint_planner]: CANDIDATE STATUS | id=6 | track=(4.4,-6.9) | uav=(3.7,-9.2) | range=2.4 m | sufficient=False | matches_track=False | evidence=1.4/2.0 s
[INFO] [1790211774.842224740] [sage_viewpoint_planner]: PERSON OBSERVATION | confidence=0.348 | bbox_area_fraction=0.0009 | bbox_center_px=(714.1, 574.3) | image_position=(0.558, 0.598) | bbox_margin=0.374
[INFO] [1790211775.421597379] [sage_viewpoint_planner]: OBSERVATION INSUFFICIENT | viewpoint=4/4 | person_confidence=0.308 | bbox_area_fraction=0.0008 | fresh=True | confidence_ok=False | bbox_size_ok=False | position_ok=True | bbox_margin=0.402 | confidence_threshold=0.60 | bbox_threshold=0.0100
[INFO] [1790211775.424090743] [sage_viewpoint_planner]: SEARCH CYCLE COMPLETE | starting next cycle.
[INFO] [1790211775.424902323] [sage_viewpoint_planner]: ENERGY-AWARE SELECTION | chosen=3/4 | distance=4.0 m | est_cost_incl_return=0.8 % | unaffordable_skipped=0
[INFO] [1790211775.900646149] [sage_viewpoint_planner]: PERSON OBSERVATION | confidence=0.735 | bbox_area_fraction=0.0311 | bbox_center_px=(469.9, 742.4) | image_position=(0.367, 0.773) | bbox_margin=0.090
[INFO] [1790211777.009052686] [sage_viewpoint_planner]: PERSON OBSERVATION | confidence=0.609 | bbox_area_fraction=0.0017 | bbox_center_px=(979.8, 350.0) | image_position=(0.765, 0.365) | bbox_margin=0.223
[INFO] [1790211778.812656545] [sage_viewpoint_planner]: CANDIDATE STATUS | id=6 | track=(4.4,-6.9) | uav=(1.2,-8.2) | range=3.4 m | sufficient=False | matches_track=False | evidence=1.4/2.0 s
[INFO] [1790211779.253767807] [sage_viewpoint_planner]: PERSON OBSERVATION | confidence=0.556 | bbox_area_fraction=0.0274 | bbox_center_px=(1079.0, 683.6) | image_position=(0.843, 0.712) | bbox_margin=0.103
[INFO] [1790211780.478428201] [sage_viewpoint_planner]: PERSON OBSERVATION | confidence=0.646 | bbox_area_fraction=0.0153 | bbox_center_px=(819.2, 631.3) | image_position=(0.640, 0.658) | bbox_margin=0.245
[INFO] [1790211781.760696208] [sage_viewpoint_planner]: PERSON OBSERVATION | confidence=0.597 | bbox_area_fraction=0.0167 | bbox_center_px=(848.3, 672.9) | image_position=(0.663, 0.701) | bbox_margin=0.189
[INFO] [1790211782.865439583] [sage_viewpoint_planner]: PERSON OBSERVATION | confidence=0.708 | bbox_area_fraction=0.0181 | bbox_center_px=(834.8, 697.9) | image_position=(0.652, 0.727) | bbox_margin=0.153
[INFO] [1790211783.009314170] [sage_viewpoint_planner]: CANDIDATE STATUS | id=6 | track=(4.4,-6.9) | uav=(1.2,-7.3) | range=3.2 m | sufficient=True | matches_track=True | evidence=1.2/2.0 s
[INFO] [1790211783.613208941] [sage_viewpoint_planner]: OBSERVATION INSUFFICIENT | viewpoint=3/4 | person_confidence=0.461 | bbox_area_fraction=0.0187 | fresh=True | confidence_ok=False | bbox_size_ok=True | position_ok=True | bbox_margin=0.139 | confidence_threshold=0.60 | bbox_threshold=0.0100
[INFO] [1790211783.614946120] [sage_viewpoint_planner]: ENERGY-AWARE SELECTION | chosen=2/4 | distance=4.5 m | est_cost_incl_return=0.8 % | unaffordable_skipped=0
[INFO] [1790211784.238950638] [sage_viewpoint_planner]: PERSON OBSERVATION | confidence=0.630 | bbox_area_fraction=0.0231 | bbox_center_px=(838.2, 725.8) | image_position=(0.655, 0.756) | bbox_margin=0.110
[INFO] [1790211784.615483511] [sage_viewpoint_planner]: TARGET VERIFIED | id=6 | position=(5.17, -5.91) | confidence=0.630 | evidence_points=11 | verified_total=3
[INFO] [1790211785.502816477] [sage_viewpoint_planner]: PERSON OBSERVATION | confidence=0.837 | bbox_area_fraction=0.0451 | bbox_center_px=(1104.8, 642.7) | image_position=(0.863, 0.669) | bbox_margin=0.064
[INFO] [1790211787.668151517] [sage_viewpoint_planner]: PERSON OBSERVATION | confidence=0.837 | bbox_area_fraction=0.0408 | bbox_center_px=(469.4, 826.2) | image_position=(0.367, 0.861) | bbox_margin=0.002
[INFO] [1790211789.211973261] [sage_viewpoint_planner]: COVERAGE WAYPOINT | 2/9 at (6.0, 0.0) | scanning
[INFO] [1790211794.931440409] [sage_viewpoint_planner]: PERSON OBSERVATION | confidence=0.654 | bbox_area_fraction=0.0164 | bbox_center_px=(1117.8, 662.3) | image_position=(0.873, 0.690) | bbox_margin=0.092
[INFO] [1790211797.079351663] [sage_viewpoint_planner]: PERSON OBSERVATION | confidence=0.736 | bbox_area_fraction=0.0120 | bbox_center_px=(1097.7, 667.5) | image_position=(0.858, 0.695) | bbox_margin=0.108
[INFO] [1790211798.089861533] [sage_viewpoint_planner]: PERSON OBSERVATION | confidence=0.585 | bbox_area_fraction=0.0168 | bbox_center_px=(213.7, 663.8) | image_position=(0.167, 0.691) | bbox_margin=0.127
[INFO] [1790211799.149098225] [sage_viewpoint_planner]: PERSON OBSERVATION | confidence=0.745 | bbox_area_fraction=0.0213 | bbox_center_px=(288.2, 653.5) | image_position=(0.225, 0.681) | bbox_margin=0.178
[INFO] [1790211800.549240664] [sage_viewpoint_planner]: PERSON OBSERVATION | confidence=0.473 | bbox_area_fraction=0.0092 | bbox_center_px=(952.8, 684.1) | image_position=(0.744, 0.713) | bbox_margin=0.194
[INFO] [1790211801.597225523] [sage_viewpoint_planner]: PERSON OBSERVATION | confidence=0.427 | bbox_area_fraction=0.0080 | bbox_center_px=(438.5, 682.8) | image_position=(0.343, 0.711) | bbox_margin=0.199
[INFO] [1790211802.804921683] [sage_viewpoint_planner]: PERSON OBSERVATION | confidence=0.586 | bbox_area_fraction=0.0052 | bbox_center_px=(675.4, 651.5) | image_position=(0.528, 0.679) | bbox_margin=0.241
[INFO] [1790211803.845296328] [sage_viewpoint_planner]: PERSON OBSERVATION | confidence=0.604 | bbox_area_fraction=0.0060 | bbox_center_px=(576.2, 486.1) | image_position=(0.450, 0.506) | bbox_margin=0.411
[INFO] [1790211804.982827846] [sage_viewpoint_planner]: PERSON OBSERVATION | confidence=0.794 | bbox_area_fraction=0.0214 | bbox_center_px=(506.2, 774.1) | image_position=(0.395, 0.806) | bbox_margin=0.030
[INFO] [1790211805.811666115] [sage_viewpoint_planner]: COVERAGE WAYPOINT | 3/9 at (6.0, -6.0) | scanning
[INFO] [1790211811.788350372] [sage_viewpoint_planner]: PERSON OBSERVATION | confidence=0.554 | bbox_area_fraction=0.0012 | bbox_center_px=(948.7, 536.8) | image_position=(0.741, 0.559) | bbox_margin=0.248
[INFO] [1790211813.021763831] [sage_viewpoint_planner]: PERSON OBSERVATION | confidence=0.599 | bbox_area_fraction=0.0041 | bbox_center_px=(1042.1, 559.3) | image_position=(0.814, 0.583) | bbox_margin=0.164
[INFO] [1790211814.108572818] [sage_viewpoint_planner]: PERSON OBSERVATION | confidence=0.417 | bbox_area_fraction=0.0012 | bbox_center_px=(930.7, 528.0) | image_position=(0.727, 0.550) | bbox_margin=0.262
[INFO] [1790211816.011515365] [sage_viewpoint_planner]: PERSON OBSERVATION | confidence=0.424 | bbox_area_fraction=0.0015 | bbox_center_px=(207.9, 549.8) | image_position=(0.162, 0.573) | bbox_margin=0.151
[INFO] [1790211821.084039384] [sage_viewpoint_planner]: PERSON OBSERVATION | confidence=0.556 | bbox_area_fraction=0.0044 | bbox_center_px=(21.6, 560.0) | image_position=(0.017, 0.583) | bbox_margin=0.000
[INFO] [1790211822.411540344] [sage_viewpoint_planner]: COVERAGE WAYPOINT | 4/9 at (0.0, -6.0) | scanning
[INFO] [1790211823.990466259] [sage_viewpoint_planner]: PERSON OBSERVATION | confidence=0.649 | bbox_area_fraction=0.0029 | bbox_center_px=(176.3, 594.0) | image_position=(0.138, 0.619) | bbox_margin=0.121
[INFO] [1790211825.030399450] [sage_viewpoint_planner]: PERSON OBSERVATION | confidence=0.716 | bbox_area_fraction=0.0159 | bbox_center_px=(286.1, 690.4) | image_position=(0.224, 0.719) | bbox_margin=0.168
[INFO] [1790211826.124520340] [sage_viewpoint_planner]: PERSON OBSERVATION | confidence=0.756 | bbox_area_fraction=0.0118 | bbox_center_px=(865.1, 682.6) | image_position=(0.676, 0.711) | bbox_margin=0.188
[INFO] [1790211827.421940771] [sage_viewpoint_planner]: PERSON OBSERVATION | confidence=0.477 | bbox_area_fraction=0.0048 | bbox_center_px=(1133.8, 618.5) | image_position=(0.886, 0.644) | bbox_margin=0.096
[INFO] [1790211828.625196204] [sage_viewpoint_planner]: PERSON OBSERVATION | confidence=0.611 | bbox_area_fraction=0.0016 | bbox_center_px=(652.9, 550.3) | image_position=(0.510, 0.573) | bbox_margin=0.394
[INFO] [1790211829.781687989] [sage_viewpoint_planner]: PERSON OBSERVATION | confidence=0.529 | bbox_area_fraction=0.0025 | bbox_center_px=(974.9, 557.6) | image_position=(0.762, 0.581) | bbox_margin=0.222
[INFO] [1790211830.823016220] [sage_viewpoint_planner]: PERSON OBSERVATION | confidence=0.623 | bbox_area_fraction=0.0021 | bbox_center_px=(263.4, 564.3) | image_position=(0.206, 0.588) | bbox_margin=0.193
[INFO] [1790211837.475218790] [sage_viewpoint_planner]: PERSON OBSERVATION | confidence=0.497 | bbox_area_fraction=0.0014 | bbox_center_px=(308.1, 406.4) | image_position=(0.241, 0.423) | bbox_margin=0.231
[INFO] [1790211838.693554385] [sage_viewpoint_planner]: PERSON OBSERVATION | confidence=0.621 | bbox_area_fraction=0.0083 | bbox_center_px=(948.6, 612.9) | image_position=(0.741, 0.638) | bbox_margin=0.233
[INFO] [1790211839.210172267] [sage_viewpoint_planner]: COVERAGE WAYPOINT | 5/9 at (0.0, 0.0) | scanning
[INFO] [1790211839.847490096] [sage_viewpoint_planner]: PERSON OBSERVATION | confidence=0.701 | bbox_area_fraction=0.0142 | bbox_center_px=(604.5, 832.7) | image_position=(0.472, 0.867) | bbox_margin=0.003
[INFO] [1790211841.102636377] [sage_viewpoint_planner]: PERSON OBSERVATION | confidence=0.458 | bbox_area_fraction=0.0071 | bbox_center_px=(1254.9, 867.9) | image_position=(0.980, 0.904) | bbox_margin=0.001
[INFO] [1790211842.372308242] [sage_viewpoint_planner]: PERSON OBSERVATION | confidence=0.647 | bbox_area_fraction=0.0095 | bbox_center_px=(319.8, 611.8) | image_position=(0.250, 0.637) | bbox_margin=0.215
[INFO] [1790211844.358596241] [sage_viewpoint_planner]: PERSON OBSERVATION | confidence=0.738 | bbox_area_fraction=0.0204 | bbox_center_px=(939.0, 786.9) | image_position=(0.734, 0.820) | bbox_margin=0.020
[INFO] [1790211845.366000583] [sage_viewpoint_planner]: PERSON OBSERVATION | confidence=0.784 | bbox_area_fraction=0.0179 | bbox_center_px=(486.0, 765.0) | image_position=(0.380, 0.797) | bbox_margin=0.052
[INFO] [1790211846.596244190] [sage_viewpoint_planner]: PERSON OBSERVATION | confidence=0.739 | bbox_area_fraction=0.0172 | bbox_center_px=(743.6, 738.3) | image_position=(0.581, 0.769) | bbox_margin=0.089
[INFO] [1790211847.651980244] [sage_viewpoint_planner]: PERSON OBSERVATION | confidence=0.817 | bbox_area_fraction=0.0343 | bbox_center_px=(190.2, 786.0) | image_position=(0.149, 0.819) | bbox_margin=0.000
[INFO] [1790211849.801322348] [sage_viewpoint_planner]: PERSON OBSERVATION | confidence=0.680 | bbox_area_fraction=0.0068 | bbox_center_px=(193.5, 610.4) | image_position=(0.151, 0.636) | bbox_margin=0.125
[INFO] [1790211851.387810798] [sage_viewpoint_planner]: PERSON OBSERVATION | confidence=0.701 | bbox_area_fraction=0.0127 | bbox_center_px=(1107.4, 638.7) | image_position=(0.865, 0.665) | bbox_margin=0.095
[INFO] [1790211852.739370972] [sage_viewpoint_planner]: PERSON OBSERVATION | confidence=0.766 | bbox_area_fraction=0.0145 | bbox_center_px=(1193.3, 628.7) | image_position=(0.932, 0.655) | bbox_margin=0.025
[INFO] [1790211854.339625924] [sage_viewpoint_planner]: PERSON OBSERVATION | confidence=0.608 | bbox_area_fraction=0.0070 | bbox_center_px=(299.9, 439.1) | image_position=(0.234, 0.457) | bbox_margin=0.206
[INFO] [1790211855.389981440] [sage_viewpoint_planner]: PERSON OBSERVATION | confidence=0.306 | bbox_area_fraction=0.0093 | bbox_center_px=(1202.4, 917.2) | image_position=(0.939, 0.955) | bbox_margin=0.002
[INFO] [1790211858.388942407] [sage_viewpoint_planner]: PERSON OBSERVATION | confidence=0.856 | bbox_area_fraction=0.0348 | bbox_center_px=(418.1, 710.3) | image_position=(0.327, 0.740) | bbox_margin=0.104
[INFO] [1790211859.436782071] [sage_viewpoint_planner]: PERSON OBSERVATION | confidence=0.817 | bbox_area_fraction=0.0284 | bbox_center_px=(751.4, 706.3) | image_position=(0.587, 0.736) | bbox_margin=0.116
[INFO] [1790211860.585615429] [sage_viewpoint_planner]: PERSON OBSERVATION | confidence=0.840 | bbox_area_fraction=0.0342 | bbox_center_px=(175.7, 841.0) | image_position=(0.137, 0.876) | bbox_margin=0.003
[INFO] [1790211862.609562676] [sage_viewpoint_planner]: COVERAGE WAYPOINT | 6/9 at (0.0, 6.0) | scanning
[INFO] [1790211871.976278583] [sage_viewpoint_planner]: PERSON OBSERVATION | confidence=0.649 | bbox_area_fraction=0.0137 | bbox_center_px=(528.1, 681.0) | image_position=(0.413, 0.709) | bbox_margin=0.172
[INFO] [1790211873.486853013] [sage_viewpoint_planner]: PERSON OBSERVATION | confidence=0.549 | bbox_area_fraction=0.0155 | bbox_center_px=(497.6, 670.8) | image_position=(0.389, 0.699) | bbox_margin=0.182
[INFO] [1790211874.539811231] [sage_viewpoint_planner]: PERSON OBSERVATION | confidence=0.792 | bbox_area_fraction=0.0333 | bbox_center_px=(561.5, 847.5) | image_position=(0.439, 0.883) | bbox_margin=0.003
[INFO] [1790211875.572474565] [sage_viewpoint_planner]: PERSON OBSERVATION | confidence=0.847 | bbox_area_fraction=0.0370 | bbox_center_px=(657.2, 836.7) | image_position=(0.513, 0.872) | bbox_margin=0.002
[INFO] [1790211876.646328184] [sage_viewpoint_planner]: PERSON OBSERVATION | confidence=0.596 | bbox_area_fraction=0.0463 | bbox_center_px=(1069.3, 851.6) | image_position=(0.835, 0.887) | bbox_margin=0.004
[INFO] [1790211877.963139012] [sage_viewpoint_planner]: PERSON OBSERVATION | confidence=0.510 | bbox_area_fraction=0.0125 | bbox_center_px=(692.9, 595.7) | image_position=(0.541, 0.620) | bbox_margin=0.270
[INFO] [1790211879.213049620] [sage_viewpoint_planner]: COVERAGE WAYPOINT | 7/9 at (-6.0, 6.0) | scanning
[INFO] [1790211881.596055960] [sage_viewpoint_planner]: PERSON OBSERVATION | confidence=0.431 | bbox_area_fraction=0.0012 | bbox_center_px=(894.2, 536.4) | image_position=(0.699, 0.559) | bbox_margin=0.292
[INFO] [1790211881.614718190] [sage_viewpoint_planner]: New target acquired | target_id=11
[INFO] [1790211881.622296321] [sage_viewpoint_planner]: CANDIDATE FOUND | leaving sweep to verify target_id=11
[INFO] [1790211881.623714392] [sage_viewpoint_planner]: CANDIDATE STATUS | id=11 | track=(3.7,-9.1) | uav=(-6.1,5.8) | range=17.9 m | sufficient=False | matches_track=False | evidence=0.0/2.0 s
[INFO] [1790211882.633837186] [sage_viewpoint_planner]: PERSON OBSERVATION | confidence=0.551 | bbox_area_fraction=0.0153 | bbox_center_px=(250.4, 644.3) | image_position=(0.196, 0.671) | bbox_margin=0.156
[INFO] [1790211885.810516913] [sage_viewpoint_planner]: CANDIDATE STATUS | id=11 | track=(3.7,-9.1) | uav=(-1.5,0.5) | range=11.0 m | sufficient=False | matches_track=False | evidence=0.0/2.0 s
[INFO] [1790211890.012327133] [sage_viewpoint_planner]: CANDIDATE STATUS | id=11 | track=(3.7,-9.1) | uav=(3.9,-6.0) | range=3.1 m | sufficient=False | matches_track=False | evidence=0.0/2.0 s
[INFO] [1790211892.014142968] [sage_viewpoint_planner]: OBSERVATION INSUFFICIENT | viewpoint=1/4 | person_confidence=0.551 | bbox_area_fraction=0.0153 | fresh=False | confidence_ok=False | bbox_size_ok=True | position_ok=True | bbox_margin=0.156 | confidence_threshold=0.60 | bbox_threshold=0.0100
[INFO] [1790211892.014921688] [sage_viewpoint_planner]: ENERGY-AWARE SELECTION | chosen=2/4 | distance=4.0 m | est_cost_incl_return=0.9 % | unaffordable_skipped=0
[INFO] [1790211894.209151582] [sage_viewpoint_planner]: CANDIDATE STATUS | id=11 | track=(3.7,-9.1) | uav=(5.4,-7.9) | range=2.1 m | sufficient=False | matches_track=False | evidence=0.0/2.0 s
[INFO] [1790211895.612688344] [sage_viewpoint_planner]: OBSERVATION INSUFFICIENT | viewpoint=2/4 | person_confidence=0.551 | bbox_area_fraction=0.0153 | fresh=False | confidence_ok=False | bbox_size_ok=True | position_ok=True | bbox_margin=0.156 | confidence_threshold=0.60 | bbox_threshold=0.0100
[INFO] [1790211895.616188101] [sage_viewpoint_planner]: ENERGY-AWARE SELECTION | chosen=3/4 | distance=4.3 m | est_cost_incl_return=1.0 % | unaffordable_skipped=0
[INFO] [1790211898.211634596] [sage_viewpoint_planner]: CANDIDATE STATUS | id=11 | track=(3.7,-9.1) | uav=(1.9,-8.0) | range=2.1 m | sufficient=False | matches_track=False | evidence=0.0/2.0 s
[INFO] [1790211898.641005141] [sage_viewpoint_planner]: PERSON OBSERVATION | confidence=0.610 | bbox_area_fraction=0.0309 | bbox_center_px=(726.1, 838.8) | image_position=(0.567, 0.874) | bbox_margin=0.003
[INFO] [1790211899.036780107] [sage_viewpoint_planner]: OBSERVATION SUFFICIENT | viewpoint=3/4 | person_confidence=0.828 | bbox_area_fraction=0.0310 | fresh=True | confidence_ok=True | bbox_size_ok=True | position_ok=True | bbox_margin=0.046 | confidence_threshold=0.60 | bbox_threshold=0.0100 | HOLDING VIEWPOINT.
[INFO] [1790211899.828265463] [sage_viewpoint_planner]: PERSON OBSERVATION | confidence=0.789 | bbox_area_fraction=0.0215 | bbox_center_px=(1087.5, 614.9) | image_position=(0.850, 0.641) | bbox_margin=0.105
[INFO] [1790211900.212707924] [sage_viewpoint_planner]: OBSERVATION QUALITY LOST | fresh=True | confidence_ok=False | bbox_size_ok=True | position_ok=True | resuming active search.
[INFO] [1790211900.836215351] [sage_viewpoint_planner]: PERSON OBSERVATION | confidence=0.739 | bbox_area_fraction=0.0122 | bbox_center_px=(964.1, 588.1) | image_position=(0.753, 0.613) | bbox_margin=0.214
[INFO] [1790211902.092801314] [sage_viewpoint_planner]: PERSON OBSERVATION | confidence=0.673 | bbox_area_fraction=0.0091 | bbox_center_px=(880.6, 614.7) | image_position=(0.688, 0.640) | bbox_margin=0.278
[INFO] [1790211902.222208386] [sage_viewpoint_planner]: CANDIDATE STATUS | id=11 | track=(3.7,-9.1) | uav=(-0.2,-9.0) | range=3.9 m | sufficient=False | matches_track=False | evidence=0.0/2.0 s
[INFO] [1790211903.301266971] [sage_viewpoint_planner]: PERSON OBSERVATION | confidence=0.751 | bbox_area_fraction=0.0100 | bbox_center_px=(878.2, 650.0) | image_position=(0.686, 0.677) | bbox_margin=0.241
[INFO] [1790211904.362850391] [sage_viewpoint_planner]: PERSON OBSERVATION | confidence=0.629 | bbox_area_fraction=0.0115 | bbox_center_px=(881.7, 671.8) | image_position=(0.689, 0.700) | bbox_margin=0.214
[INFO] [1790211905.212142657] [sage_viewpoint_planner]: OBSERVATION SUFFICIENT | viewpoint=3/4 | person_confidence=0.723 | bbox_area_fraction=0.0139 | fresh=True | confidence_ok=True | bbox_size_ok=True | position_ok=True | bbox_margin=0.203 | confidence_threshold=0.60 | bbox_threshold=0.0100 | HOLDING VIEWPOINT.
[INFO] [1790211905.418989168] [sage_viewpoint_planner]: PERSON OBSERVATION | confidence=0.598 | bbox_area_fraction=0.0148 | bbox_center_px=(898.1, 677.7) | image_position=(0.702, 0.706) | bbox_margin=0.200
[INFO] [1790211905.610720399] [sage_viewpoint_planner]: OBSERVATION QUALITY LOST | fresh=True | confidence_ok=False | bbox_size_ok=True | position_ok=True | resuming active search.
[INFO] [1790211905.614383116] [sage_viewpoint_planner]: OBSERVATION INSUFFICIENT | viewpoint=3/4 | person_confidence=0.598 | bbox_area_fraction=0.0148 | fresh=True | confidence_ok=False | bbox_size_ok=True | position_ok=True | bbox_margin=0.200 | confidence_threshold=0.60 | bbox_threshold=0.0100
[INFO] [1790211905.615238035] [sage_viewpoint_planner]: ENERGY-AWARE SELECTION | chosen=4/4 | distance=4.5 m | est_cost_incl_return=1.2 % | unaffordable_skipped=0
[INFO] [1790211906.410584143] [sage_viewpoint_planner]: CANDIDATE STATUS | id=11 | track=(3.7,-9.1) | uav=(0.5,-9.1) | range=3.2 m | sufficient=True | matches_track=False | evidence=0.0/2.0 s
[INFO] [1790211906.629824942] [sage_viewpoint_planner]: PERSON OBSERVATION | confidence=0.723 | bbox_area_fraction=0.0172 | bbox_center_px=(923.4, 683.9) | image_position=(0.721, 0.712) | bbox_margin=0.187
[INFO] [1790211907.778468882] [sage_viewpoint_planner]: PERSON OBSERVATION | confidence=0.488 | bbox_area_fraction=0.0238 | bbox_center_px=(216.9, 624.2) | image_position=(0.169, 0.650) | bbox_margin=0.118
[INFO] [1790211908.793740901] [sage_viewpoint_planner]: PERSON OBSERVATION | confidence=0.794 | bbox_area_fraction=0.0214 | bbox_center_px=(50.5, 753.6) | image_position=(0.039, 0.785) | bbox_margin=0.000
[INFO] [1790211909.216565030] [sage_viewpoint_planner]: OBSERVATION INSUFFICIENT | viewpoint=4/4 | person_confidence=0.595 | bbox_area_fraction=0.0196 | fresh=True | confidence_ok=False | bbox_size_ok=True | position_ok=True | bbox_margin=0.140 | confidence_threshold=0.60 | bbox_threshold=0.0100
[INFO] [1790211909.217138345] [sage_viewpoint_planner]: SEARCH CYCLE COMPLETE | starting next cycle.
[INFO] [1790211909.217677469] [sage_viewpoint_planner]: ENERGY-AWARE SELECTION | chosen=3/4 | distance=4.0 m | est_cost_incl_return=1.0 % | unaffordable_skipped=0
[INFO] [1790211909.956549296] [sage_viewpoint_planner]: PERSON OBSERVATION | confidence=0.457 | bbox_area_fraction=0.0060 | bbox_center_px=(548.0, 605.9) | image_position=(0.428, 0.631) | bbox_margin=0.299
[INFO] [1790211910.410996287] [sage_viewpoint_planner]: CANDIDATE STATUS | id=11 | track=(3.7,-9.1) | uav=(3.7,-12.1) | range=3.0 m | sufficient=False | matches_track=False | evidence=0.0/2.0 s
[INFO] [1790211911.069587653] [sage_viewpoint_planner]: PERSON OBSERVATION | confidence=0.356 | bbox_area_fraction=0.0014 | bbox_center_px=(1128.3, 307.7) | image_position=(0.882, 0.320) | bbox_margin=0.109
[INFO] [1790211913.059748908] [sage_viewpoint_planner]: PERSON OBSERVATION | confidence=0.656 | bbox_area_fraction=0.0280 | bbox_center_px=(1195.9, 659.5) | image_position=(0.934, 0.687) | bbox_margin=0.007
[INFO] [1790211913.223816683] [sage_viewpoint_planner]: OBSERVATION INSUFFICIENT | viewpoint=3/4 | person_confidence=0.656 | bbox_area_fraction=0.0280 | fresh=True | confidence_ok=True | bbox_size_ok=True | position_ok=False | bbox_margin=0.007 | confidence_threshold=0.60 | bbox_threshold=0.0100
[INFO] [1790211913.224516512] [sage_viewpoint_planner]: ENERGY-AWARE SELECTION | chosen=2/4 | distance=4.5 m | est_cost_incl_return=0.9 % | unaffordable_skipped=0
[INFO] [1790211914.200410530] [sage_viewpoint_planner]: PERSON OBSERVATION | confidence=0.766 | bbox_area_fraction=0.0136 | bbox_center_px=(962.0, 614.6) | image_position=(0.752, 0.640) | bbox_margin=0.214
[INFO] [1790211914.412526911] [sage_viewpoint_planner]: CANDIDATE STATUS | id=11 | track=(3.7,-9.1) | uav=(0.7,-8.9) | range=3.0 m | sufficient=True | matches_track=False | evidence=0.0/2.0 s
[INFO] [1790211916.618411472] [sage_viewpoint_planner]: OBSERVATION INSUFFICIENT | viewpoint=2/4 | person_confidence=0.781 | bbox_area_fraction=0.0185 | fresh=False | confidence_ok=True | bbox_size_ok=True | position_ok=True | bbox_margin=0.194 | confidence_threshold=0.60 | bbox_threshold=0.0100
[INFO] [1790211916.619311566] [sage_viewpoint_planner]: ENERGY-AWARE SELECTION | chosen=1/4 | distance=4.4 m | est_cost_incl_return=1.1 % | unaffordable_skipped=0
[INFO] [1790211918.610010688] [sage_viewpoint_planner]: CANDIDATE STATUS | id=11 | track=(3.7,-9.1) | uav=(5.0,-6.9) | range=2.5 m | sufficient=False | matches_track=False | evidence=0.0/2.0 s
[INFO] [1790211919.268235840] [sage_viewpoint_planner]: PERSON OBSERVATION | confidence=0.354 | bbox_area_fraction=0.0023 | bbox_center_px=(113.7, 653.9) | image_position=(0.089, 0.681) | bbox_margin=0.074
[INFO] [1790211920.210015940] [sage_viewpoint_planner]: OBSERVATION INSUFFICIENT | viewpoint=1/4 | person_confidence=0.354 | bbox_area_fraction=0.0023 | fresh=True | confidence_ok=False | bbox_size_ok=False | position_ok=True | bbox_margin=0.074 | confidence_threshold=0.60 | bbox_threshold=0.0100
[INFO] [1790211920.213741713] [sage_viewpoint_planner]: SEARCH CYCLE COMPLETE | starting next cycle.
[INFO] [1790211920.215970560] [sage_viewpoint_planner]: ENERGY-AWARE SELECTION | chosen=2/4 | distance=4.1 m | est_cost_incl_return=0.9 % | unaffordable_skipped=0
[INFO] [1790211922.612747713] [sage_viewpoint_planner]: CANDIDATE STATUS | id=11 | track=(3.7,-9.1) | uav=(5.1,-7.5) | range=2.1 m | sufficient=False | matches_track=False | evidence=0.0/2.0 s
[INFO] [1790211923.810784548] [sage_viewpoint_planner]: OBSERVATION INSUFFICIENT | viewpoint=2/4 | person_confidence=0.354 | bbox_area_fraction=0.0023 | fresh=False | confidence_ok=False | bbox_size_ok=False | position_ok=True | bbox_margin=0.074 | confidence_threshold=0.60 | bbox_threshold=0.0100
[INFO] [1790211923.812713598] [sage_viewpoint_planner]: ENERGY-AWARE SELECTION | chosen=3/4 | distance=4.2 m | est_cost_incl_return=1.0 % | unaffordable_skipped=0
[INFO] [1790211926.615066193] [sage_viewpoint_planner]: PERSON OBSERVATION | confidence=0.800 | bbox_area_fraction=0.0323 | bbox_center_px=(684.3, 843.1) | image_position=(0.535, 0.878) | bbox_margin=0.005
[WARN] [1790211926.810592887] [sage_viewpoint_planner]: CANDIDATE REJECTED | id=11 | not confirmed in 45 s | resuming coverage.
[INFO] [1790211927.668571107] [sage_viewpoint_planner]: PERSON OBSERVATION | confidence=0.833 | bbox_area_fraction=0.0378 | bbox_center_px=(1048.1, 649.1) | image_position=(0.819, 0.676) | bbox_margin=0.109
[INFO] [1790211928.843666967] [sage_viewpoint_planner]: PERSON OBSERVATION | confidence=0.765 | bbox_area_fraction=0.0285 | bbox_center_px=(541.6, 557.5) | image_position=(0.423, 0.581) | bbox_margin=0.311
[INFO] [1790211930.476707987] [sage_viewpoint_planner]: PERSON OBSERVATION | confidence=0.663 | bbox_area_fraction=0.0037 | bbox_center_px=(295.3, 561.4) | image_position=(0.231, 0.585) | bbox_margin=0.216
[INFO] [1790211931.748993943] [sage_viewpoint_planner]: PERSON OBSERVATION | confidence=0.734 | bbox_area_fraction=0.0086 | bbox_center_px=(323.5, 604.7) | image_position=(0.253, 0.630) | bbox_margin=0.228
[INFO] [1790211933.196417858] [sage_viewpoint_planner]: PERSON OBSERVATION | confidence=0.775 | bbox_area_fraction=0.0060 | bbox_center_px=(631.1, 582.5) | image_position=(0.493, 0.607) | bbox_margin=0.323
[INFO] [1790211934.320952391] [sage_viewpoint_planner]: PERSON OBSERVATION | confidence=0.765 | bbox_area_fraction=0.0230 | bbox_center_px=(624.7, 745.4) | image_position=(0.488, 0.776) | bbox_margin=0.086
[INFO] [1790211934.811887979] [sage_viewpoint_planner]: COVERAGE WAYPOINT | 7/9 at (-6.0, 6.0) | scanning
[INFO] [1790211937.915915457] [sage_viewpoint_planner]: PERSON OBSERVATION | confidence=0.424 | bbox_area_fraction=0.0066 | bbox_center_px=(504.3, 617.5) | image_position=(0.394, 0.643) | bbox_margin=0.284
[INFO] [1790211939.397283804] [sage_viewpoint_planner]: PERSON OBSERVATION | confidence=0.694 | bbox_area_fraction=0.0182 | bbox_center_px=(189.5, 666.6) | image_position=(0.148, 0.694) | bbox_margin=0.099
[INFO] [1790211947.066606478] [sage_viewpoint_planner]: PERSON OBSERVATION | confidence=0.314 | bbox_area_fraction=0.0011 | bbox_center_px=(938.0, 546.0) | image_position=(0.733, 0.569) | bbox_margin=0.258
[INFO] [1790211949.096722856] [sage_viewpoint_planner]: PERSON OBSERVATION | confidence=0.425 | bbox_area_fraction=0.0041 | bbox_center_px=(1249.6, 368.1) | image_position=(0.976, 0.383) | bbox_margin=0.001
[INFO] [1790211950.196802060] [sage_viewpoint_planner]: PERSON OBSERVATION | confidence=0.668 | bbox_area_fraction=0.0037 | bbox_center_px=(1203.9, 444.1) | image_position=(0.941, 0.463) | bbox_margin=0.040
[INFO] [1790211951.412586409] [sage_viewpoint_planner]: COVERAGE WAYPOINT | 8/9 at (-6.0, 0.0) | scanning
[INFO] [1790211953.233614058] [sage_viewpoint_planner]: PERSON OBSERVATION | confidence=0.300 | bbox_area_fraction=0.0032 | bbox_center_px=(997.2, 584.8) | image_position=(0.779, 0.609) | bbox_margin=0.203
[INFO] [1790211954.257970441] [sage_viewpoint_planner]: PERSON OBSERVATION | confidence=0.677 | bbox_area_fraction=0.0058 | bbox_center_px=(812.5, 572.3) | image_position=(0.635, 0.596) | bbox_margin=0.333
[INFO] [1790211955.485235580] [sage_viewpoint_planner]: PERSON OBSERVATION | confidence=0.701 | bbox_area_fraction=0.0081 | bbox_center_px=(1043.5, 615.5) | image_position=(0.815, 0.641) | bbox_margin=0.158
[INFO] [1790211956.490517067] [sage_viewpoint_planner]: PERSON OBSERVATION | confidence=0.705 | bbox_area_fraction=0.0151 | bbox_center_px=(1127.7, 652.7) | image_position=(0.881, 0.680) | bbox_margin=0.080
[INFO] [1790211957.615823053] [sage_viewpoint_planner]: PERSON OBSERVATION | confidence=0.746 | bbox_area_fraction=0.0084 | bbox_center_px=(500.7, 602.0) | image_position=(0.391, 0.627) | bbox_margin=0.301
[INFO] [1790211958.673616568] [sage_viewpoint_planner]: PERSON OBSERVATION | confidence=0.705 | bbox_area_fraction=0.0063 | bbox_center_px=(720.4, 592.9) | image_position=(0.563, 0.618) | bbox_margin=0.317
[INFO] [1790211963.789371663] [sage_viewpoint_planner]: PERSON OBSERVATION | confidence=0.637 | bbox_area_fraction=0.0048 | bbox_center_px=(1178.2, 579.7) | image_position=(0.920, 0.604) | bbox_margin=0.056
[INFO] [1790211968.011821711] [sage_viewpoint_planner]: COVERAGE WAYPOINT | 9/9 at (-6.0, -6.0) | scanning
[INFO] [1790211973.922924821] [sage_viewpoint_planner]: PERSON OBSERVATION | confidence=0.491 | bbox_area_fraction=0.0020 | bbox_center_px=(653.3, 563.4) | image_position=(0.510, 0.587) | bbox_margin=0.382
[INFO] [1790211975.030699437] [sage_viewpoint_planner]: PERSON OBSERVATION | confidence=0.549 | bbox_area_fraction=0.0019 | bbox_center_px=(653.5, 555.8) | image_position=(0.511, 0.579) | bbox_margin=0.385
[INFO] [1790211976.130844879] [sage_viewpoint_planner]: PERSON OBSERVATION | confidence=0.648 | bbox_area_fraction=0.0028 | bbox_center_px=(317.7, 559.5) | image_position=(0.248, 0.583) | bbox_margin=0.231
[INFO] [1790211980.809521776] [sage_viewpoint_planner]: MISSION COMPLETE | status=area_covered | found=3 | locations=#1 (0.3, 4.2); #2 (-6.0, 7.3); #6 (5.2, -5.9) | duration=340 s
[INFO] [1790211980.810207070] [sage_viewpoint_planner]: Requesting return home + land.
[INFO] [1790211983.316767672] [sage_viewpoint_planner]: PERSON OBSERVATION | confidence=0.311 | bbox_area_fraction=0.0036 | bbox_center_px=(1017.5, 546.1) | image_position=(0.795, 0.569) | bbox_margin=0.187
[INFO] [1790211983.423864223] [sage_viewpoint_planner]: New target acquired | target_id=1
[INFO] [1790211984.430457641] [sage_viewpoint_planner]: PERSON OBSERVATION | confidence=0.618 | bbox_area_fraction=0.0042 | bbox_center_px=(400.2, 561.5) | image_position=(0.313, 0.585) | bbox_margin=0.290
[INFO] [1790211985.438198351] [sage_viewpoint_planner]: PERSON OBSERVATION | confidence=0.594 | bbox_area_fraction=0.0031 | bbox_center_px=(576.0, 568.4) | image_position=(0.450, 0.592) | bbox_margin=0.359
[INFO] [1790211986.656335351] [sage_viewpoint_planner]: PERSON OBSERVATION | confidence=0.702 | bbox_area_fraction=0.0045 | bbox_center_px=(466.4, 572.9) | image_position=(0.364, 0.597) | bbox_margin=0.344
[INFO] [1790211987.866103121] [sage_viewpoint_planner]: PERSON OBSERVATION | confidence=0.643 | bbox_area_fraction=0.0061 | bbox_center_px=(360.5, 583.3) | image_position=(0.282, 0.608) | bbox_margin=0.257
[INFO] [1790211989.048755992] [sage_viewpoint_planner]: PERSON OBSERVATION | confidence=0.406 | bbox_area_fraction=0.0073 | bbox_center_px=(251.1, 593.8) | image_position=(0.196, 0.618) | bbox_margin=0.172
[INFO] [1790211990.109622712] [sage_viewpoint_planner]: PERSON OBSERVATION | confidence=0.784 | bbox_area_fraction=0.0128 | bbox_center_px=(112.1, 616.2) | image_position=(0.088, 0.642) | bbox_margin=0.050
