[INFO] [1790221829.441905367] [sage_energy_monitor]: SAGE energy monitor started.
[INFO] [1790221829.442742934] [sage_energy_monitor]: Cruise speed 1.0 m/s | reserve 0.20
[INFO] [1790221832.333922295] [sage_energy_monitor]: ENERGY | remaining=98.6 % | voltage=16.17 V | drain_rate=n/a | home_distance=0.0 m | return_time=3 s | return_cost=n/a | margin_after_return=n/a
[INFO] [1790221833.333836754] [sage_energy_monitor]: ENERGY | remaining=98.6 % | voltage=16.17 V | drain_rate=n/a | home_distance=0.0 m | return_time=3 s | return_cost=n/a | margin_after_return=n/a
[INFO] [1790221834.334326223] [sage_energy_monitor]: ENERGY | remaining=98.5 % | voltage=16.17 V | drain_rate=n/a | home_distance=0.0 m | return_time=3 s | return_cost=n/a | margin_after_return=n/a
[INFO] [1790221835.333483259] [sage_energy_monitor]: ENERGY | remaining=98.4 % | voltage=16.17 V | drain_rate=n/a | home_distance=0.0 m | return_time=4 s | return_cost=n/a | margin_after_return=n/a
[INFO] [1790221836.333914155] [sage_energy_monitor]: ENERGY | remaining=98.4 % | voltage=16.17 V | drain_rate=n/a | home_distance=0.0 m | return_time=4 s | return_cost=n/a | margin_after_return=n/a
[INFO] [1790221837.333704691] [sage_energy_monitor]: ENERGY | remaining=98.3 % | voltage=16.17 V | drain_rate=0.069 %/s | home_distance=0.0 m | return_time=4 s | return_cost=0.3 % | margin_after_return=78.0 %
[INFO] [1790221838.333215415] [sage_energy_monitor]: ENERGY | remaining=98.2 % | voltage=16.17 V | drain_rate=0.068 %/s | home_distance=0.0 m | return_time=4 s | return_cost=0.3 % | margin_after_return=78.0 %
[INFO] [1790221839.333814309] [sage_energy_monitor]: ENERGY | remaining=98.2 % | voltage=16.17 V | drain_rate=0.068 %/s | home_distance=0.0 m | return_time=4 s | return_cost=0.3 % | margin_after_return=77.9 %
[INFO] [1790221840.335087681] [sage_energy_monitor]: ENERGY | remaining=98.1 % | voltage=16.16 V | drain_rate=0.068 %/s | home_distance=0.0 m | return_time=4 s | return_cost=0.3 % | margin_after_return=77.8 %
[INFO] [1790221841.334967859] [sage_energy_monitor]: ENERGY | remaining=98.0 % | voltage=16.16 V | drain_rate=0.067 %/s | home_distance=0.0 m | return_time=4 s | return_cost=0.3 % | margin_after_return=77.8 %
[INFO] [1790221842.339346781] [sage_energy_monitor]: ENERGY | remaining=98.0 % | voltage=16.16 V | drain_rate=0.067 %/s | home_distance=0.0 m | return_time=4 s | return_cost=0.3 % | margin_after_return=77.7 %
[INFO] [1790221843.333459734] [sage_energy_monitor]: ENERGY | remaining=97.9 % | voltage=16.16 V | drain_rate=0.067 %/s | home_distance=0.0 m | return_time=4 s | return_cost=0.3 % | margin_after_return=77.6 %
[INFO] [1790221844.334264849] [sage_energy_monitor]: ENERGY | remaining=97.9 % | voltage=16.16 V | drain_rate=0.066 %/s | home_distance=0.0 m | return_time=4 s | return_cost=0.3 % | margin_after_return=77.6 %
[INFO] [1790221845.335102959] [sage_energy_monitor]: ENERGY | remaining=97.8 % | voltage=16.16 V | drain_rate=0.066 %/s | home_distance=0.0 m | return_time=4 s | return_cost=0.3 % | margin_after_return=77.5 %
[INFO] [1790221846.336001808] [sage_energy_monitor]: ENERGY | remaining=97.7 % | voltage=16.16 V | drain_rate=0.066 %/s | home_distance=0.0 m | return_time=4 s | return_cost=0.3 % | margin_after_return=77.4 %
[INFO] [1790221847.333798220] [sage_energy_monitor]: ENERGY | remaining=97.7 % | voltage=16.16 V | drain_rate=0.065 %/s | home_distance=0.0 m | return_time=4 s | return_cost=0.3 % | margin_after_return=77.4 %
[INFO] [1790221848.336138314] [sage_energy_monitor]: ENERGY | remaining=97.6 % | voltage=16.16 V | drain_rate=0.065 %/s | home_distance=0.0 m | return_time=4 s | return_cost=0.3 % | margin_after_return=77.3 %
[INFO] [1790221849.333538259] [sage_energy_monitor]: ENERGY | remaining=97.6 % | voltage=16.15 V | drain_rate=0.064 %/s | home_distance=0.0 m | return_time=4 s | return_cost=0.3 % | margin_after_return=77.3 %
[INFO] [1790221850.333688811] [sage_energy_monitor]: ENERGY | remaining=97.5 % | voltage=16.15 V | drain_rate=0.064 %/s | home_distance=0.0 m | return_time=4 s | return_cost=0.3 % | margin_after_return=77.2 %
[INFO] [1790221851.337895341] [sage_energy_monitor]: ENERGY | remaining=97.4 % | voltage=16.15 V | drain_rate=0.064 %/s | home_distance=0.0 m | return_time=4 s | return_cost=0.3 % | margin_after_return=77.2 %
[INFO] [1790221852.340858467] [sage_energy_monitor]: ENERGY | remaining=97.4 % | voltage=16.15 V | drain_rate=0.063 %/s | home_distance=0.0 m | return_time=4 s | return_cost=0.3 % | margin_after_return=77.1 %
[INFO] [1790221853.337544290] [sage_energy_monitor]: ENERGY | remaining=97.4 % | voltage=16.15 V | drain_rate=0.062 %/s | home_distance=0.0 m | return_time=4 s | return_cost=0.3 % | margin_after_return=77.1 %
[INFO] [1790221854.338323606] [sage_energy_monitor]: ENERGY | remaining=97.3 % | voltage=16.15 V | drain_rate=0.061 %/s | home_distance=0.0 m | return_time=4 s | return_cost=0.2 % | margin_after_return=77.1 %
[INFO] [1790221855.337649456] [sage_energy_monitor]: ENERGY | remaining=97.3 % | voltage=16.15 V | drain_rate=0.060 %/s | home_distance=0.0 m | return_time=4 s | return_cost=0.2 % | margin_after_return=77.0 %
[INFO] [1790221856.334110735] [sage_energy_monitor]: ENERGY | remaining=97.2 % | voltage=16.15 V | drain_rate=0.060 %/s | home_distance=0.0 m | return_time=4 s | return_cost=0.2 % | margin_after_return=77.0 %
[INFO] [1790221857.335462877] [sage_energy_monitor]: ENERGY | remaining=97.1 % | voltage=16.15 V | drain_rate=0.060 %/s | home_distance=0.0 m | return_time=4 s | return_cost=0.2 % | margin_after_return=76.9 %
[INFO] [1790221858.339025517] [sage_energy_monitor]: ENERGY | remaining=97.1 % | voltage=16.15 V | drain_rate=0.060 %/s | home_distance=0.0 m | return_time=4 s | return_cost=0.2 % | margin_after_return=76.8 %
[INFO] [1790221859.333631620] [sage_energy_monitor]: ENERGY | remaining=97.0 % | voltage=16.14 V | drain_rate=0.060 %/s | home_distance=0.0 m | return_time=4 s | return_cost=0.2 % | margin_after_return=76.8 %
[INFO] [1790221860.337223113] [sage_energy_monitor]: ENERGY | remaining=97.0 % | voltage=16.14 V | drain_rate=0.060 %/s | home_distance=0.0 m | return_time=4 s | return_cost=0.2 % | margin_after_return=76.7 %
[INFO] [1790221861.335452353] [sage_energy_monitor]: ENERGY | remaining=96.9 % | voltage=16.14 V | drain_rate=0.060 %/s | home_distance=0.0 m | return_time=4 s | return_cost=0.2 % | margin_after_return=76.7 %
[INFO] [1790221862.336675224] [sage_energy_monitor]: ENERGY | remaining=96.8 % | voltage=16.14 V | drain_rate=0.060 %/s | home_distance=0.0 m | return_time=4 s | return_cost=0.2 % | margin_after_return=76.6 %
[INFO] [1790221863.336107482] [sage_energy_monitor]: ENERGY | remaining=96.8 % | voltage=16.14 V | drain_rate=0.060 %/s | home_distance=0.0 m | return_time=4 s | return_cost=0.2 % | margin_after_return=76.5 %
[INFO] [1790221864.342559385] [sage_energy_monitor]: ENERGY | remaining=96.7 % | voltage=16.14 V | drain_rate=0.059 %/s | home_distance=0.0 m | return_time=4 s | return_cost=0.2 % | margin_after_return=76.5 %
[INFO] [1790221865.335958304] [sage_energy_monitor]: ENERGY | remaining=96.7 % | voltage=16.14 V | drain_rate=0.059 %/s | home_distance=0.0 m | return_time=4 s | return_cost=0.2 % | margin_after_return=76.4 %
[INFO] [1790221866.337675146] [sage_energy_monitor]: ENERGY | remaining=96.6 % | voltage=16.14 V | drain_rate=0.058 %/s | home_distance=0.3 m | return_time=4 s | return_cost=0.2 % | margin_after_return=76.4 %
[INFO] [1790221867.340299024] [sage_energy_monitor]: ENERGY | remaining=96.6 % | voltage=16.14 V | drain_rate=0.058 %/s | home_distance=1.9 m | return_time=6 s | return_cost=0.3 % | margin_after_return=76.2 %
[INFO] [1790221868.336148515] [sage_energy_monitor]: ENERGY | remaining=96.5 % | voltage=16.14 V | drain_rate=0.057 %/s | home_distance=3.7 m | return_time=8 s | return_cost=0.4 % | margin_after_return=76.1 %
[INFO] [1790221869.339251173] [sage_energy_monitor]: ENERGY | remaining=96.5 % | voltage=16.13 V | drain_rate=0.057 %/s | home_distance=4.8 m | return_time=9 s | return_cost=0.5 % | margin_after_return=76.0 %
[INFO] [1790221870.339212118] [sage_energy_monitor]: ENERGY | remaining=96.4 % | voltage=16.13 V | drain_rate=0.057 %/s | home_distance=5.0 m | return_time=9 s | return_cost=0.5 % | margin_after_return=75.9 %
[INFO] [1790221871.338614987] [sage_energy_monitor]: ENERGY | remaining=96.4 % | voltage=16.13 V | drain_rate=0.056 %/s | home_distance=5.1 m | return_time=9 s | return_cost=0.5 % | margin_after_return=75.9 %
[INFO] [1790221872.337935968] [sage_energy_monitor]: ENERGY | remaining=96.3 % | voltage=16.13 V | drain_rate=0.056 %/s | home_distance=5.8 m | return_time=10 s | return_cost=0.5 % | margin_after_return=75.7 %
[INFO] [1790221873.334401940] [sage_energy_monitor]: ENERGY | remaining=96.2 % | voltage=16.13 V | drain_rate=0.056 %/s | home_distance=6.8 m | return_time=11 s | return_cost=0.6 % | margin_after_return=75.6 %
[INFO] [1790221874.338341029] [sage_energy_monitor]: ENERGY | remaining=96.2 % | voltage=16.13 V | drain_rate=0.056 %/s | home_distance=8.2 m | return_time=12 s | return_cost=0.7 % | margin_after_return=75.5 %
[INFO] [1790221875.335552405] [sage_energy_monitor]: ENERGY | remaining=96.1 % | voltage=16.13 V | drain_rate=0.056 %/s | home_distance=9.2 m | return_time=13 s | return_cost=0.7 % | margin_after_return=75.4 %
[INFO] [1790221876.334464021] [sage_energy_monitor]: ENERGY | remaining=96.1 % | voltage=16.13 V | drain_rate=0.055 %/s | home_distance=9.6 m | return_time=14 s | return_cost=0.8 % | margin_after_return=75.3 %
[INFO] [1790221877.335160427] [sage_energy_monitor]: ENERGY | remaining=96.0 % | voltage=16.13 V | drain_rate=0.055 %/s | home_distance=10.3 m | return_time=14 s | return_cost=0.8 % | margin_after_return=75.2 %
[INFO] [1790221878.337162741] [sage_energy_monitor]: ENERGY | remaining=95.9 % | voltage=16.13 V | drain_rate=0.055 %/s | home_distance=11.3 m | return_time=15 s | return_cost=0.8 % | margin_after_return=75.1 %
[INFO] [1790221879.340283785] [sage_energy_monitor]: ENERGY | remaining=95.9 % | voltage=16.12 V | drain_rate=0.055 %/s | home_distance=11.7 m | return_time=15 s | return_cost=0.9 % | margin_after_return=75.0 %
[INFO] [1790221880.343961218] [sage_energy_monitor]: ENERGY | remaining=95.8 % | voltage=16.12 V | drain_rate=0.055 %/s | home_distance=11.6 m | return_time=15 s | return_cost=0.8 % | margin_after_return=75.0 %
[INFO] [1790221881.337954758] [sage_energy_monitor]: ENERGY | remaining=95.8 % | voltage=16.12 V | drain_rate=0.055 %/s | home_distance=11.4 m | return_time=15 s | return_cost=0.8 % | margin_after_return=74.9 %
[INFO] [1790221882.344056305] [sage_energy_monitor]: ENERGY | remaining=95.7 % | voltage=16.12 V | drain_rate=0.055 %/s | home_distance=11.5 m | return_time=15 s | return_cost=0.9 % | margin_after_return=74.9 %
[INFO] [1790221883.335007559] [sage_energy_monitor]: ENERGY | remaining=95.7 % | voltage=16.12 V | drain_rate=0.056 %/s | home_distance=11.1 m | return_time=15 s | return_cost=0.8 % | margin_after_return=74.9 %
[INFO] [1790221884.341789097] [sage_energy_monitor]: ENERGY | remaining=95.6 % | voltage=16.12 V | drain_rate=0.056 %/s | home_distance=10.3 m | return_time=14 s | return_cost=0.8 % | margin_after_return=74.8 %
[INFO] [1790221885.334267202] [sage_energy_monitor]: ENERGY | remaining=95.6 % | voltage=16.12 V | drain_rate=0.056 %/s | home_distance=9.9 m | return_time=14 s | return_cost=0.8 % | margin_after_return=74.8 %
[INFO] [1790221886.342682640] [sage_energy_monitor]: ENERGY | remaining=95.5 % | voltage=16.12 V | drain_rate=0.057 %/s | home_distance=9.8 m | return_time=14 s | return_cost=0.8 % | margin_after_return=74.7 %
[INFO] [1790221887.342263687] [sage_energy_monitor]: ENERGY | remaining=95.5 % | voltage=16.12 V | drain_rate=0.056 %/s | home_distance=10.0 m | return_time=14 s | return_cost=0.8 % | margin_after_return=74.7 %
[INFO] [1790221888.338114449] [sage_energy_monitor]: ENERGY | remaining=95.4 % | voltage=16.12 V | drain_rate=0.056 %/s | home_distance=11.8 m | return_time=16 s | return_cost=0.9 % | margin_after_return=74.5 %
[INFO] [1790221889.335009676] [sage_energy_monitor]: ENERGY | remaining=95.3 % | voltage=16.11 V | drain_rate=0.056 %/s | home_distance=13.4 m | return_time=18 s | return_cost=1.0 % | margin_after_return=74.4 %
[INFO] [1790221890.335655075] [sage_energy_monitor]: ENERGY | remaining=95.3 % | voltage=16.11 V | drain_rate=0.056 %/s | home_distance=13.9 m | return_time=18 s | return_cost=1.0 % | margin_after_return=74.3 %
[INFO] [1790221891.336046580] [sage_energy_monitor]: ENERGY | remaining=95.2 % | voltage=16.11 V | drain_rate=0.056 %/s | home_distance=13.7 m | return_time=18 s | return_cost=1.0 % | margin_after_return=74.2 %
[INFO] [1790221892.337283539] [sage_energy_monitor]: ENERGY | remaining=95.2 % | voltage=16.11 V | drain_rate=0.056 %/s | home_distance=13.4 m | return_time=18 s | return_cost=1.0 % | margin_after_return=74.2 %
[INFO] [1790221893.335884131] [sage_energy_monitor]: ENERGY | remaining=95.1 % | voltage=16.11 V | drain_rate=0.056 %/s | home_distance=13.3 m | return_time=17 s | return_cost=1.0 % | margin_after_return=74.1 %
[INFO] [1790221894.336201813] [sage_energy_monitor]: ENERGY | remaining=95.1 % | voltage=16.11 V | drain_rate=0.056 %/s | home_distance=13.2 m | return_time=17 s | return_cost=1.0 % | margin_after_return=74.1 %
[INFO] [1790221895.334263796] [sage_energy_monitor]: ENERGY | remaining=95.0 % | voltage=16.11 V | drain_rate=0.056 %/s | home_distance=11.9 m | return_time=16 s | return_cost=0.9 % | margin_after_return=74.1 %
[INFO] [1790221896.333786410] [sage_energy_monitor]: ENERGY | remaining=94.9 % | voltage=16.11 V | drain_rate=0.056 %/s | home_distance=9.7 m | return_time=14 s | return_cost=0.8 % | margin_after_return=74.2 %
[INFO] [1790221897.335883788] [sage_energy_monitor]: ENERGY | remaining=94.9 % | voltage=16.11 V | drain_rate=0.056 %/s | home_distance=8.1 m | return_time=12 s | return_cost=0.7 % | margin_after_return=74.2 %
[INFO] [1790221898.337215624] [sage_energy_monitor]: ENERGY | remaining=94.8 % | voltage=16.11 V | drain_rate=0.056 %/s | home_distance=7.3 m | return_time=11 s | return_cost=0.6 % | margin_after_return=74.2 %
[INFO] [1790221899.338298778] [sage_energy_monitor]: ENERGY | remaining=94.8 % | voltage=16.10 V | drain_rate=0.056 %/s | home_distance=7.7 m | return_time=11 s | return_cost=0.6 % | margin_after_return=74.1 %
[INFO] [1790221900.336194545] [sage_energy_monitor]: ENERGY | remaining=94.7 % | voltage=16.10 V | drain_rate=0.056 %/s | home_distance=9.2 m | return_time=13 s | return_cost=0.8 % | margin_after_return=74.0 %
[INFO] [1790221901.337040863] [sage_energy_monitor]: ENERGY | remaining=94.7 % | voltage=16.10 V | drain_rate=0.057 %/s | home_distance=10.7 m | return_time=15 s | return_cost=0.8 % | margin_after_return=73.8 %
[INFO] [1790221902.336302941] [sage_energy_monitor]: ENERGY | remaining=94.6 % | voltage=16.10 V | drain_rate=0.056 %/s | home_distance=11.4 m | return_time=15 s | return_cost=0.9 % | margin_after_return=73.7 %
[INFO] [1790221903.336916911] [sage_energy_monitor]: ENERGY | remaining=94.6 % | voltage=16.10 V | drain_rate=0.056 %/s | home_distance=11.7 m | return_time=15 s | return_cost=0.9 % | margin_after_return=73.7 %
[INFO] [1790221904.338692786] [sage_energy_monitor]: ENERGY | remaining=94.5 % | voltage=16.10 V | drain_rate=0.056 %/s | home_distance=11.7 m | return_time=15 s | return_cost=0.9 % | margin_after_return=73.6 %
[INFO] [1790221905.334999159] [sage_energy_monitor]: ENERGY | remaining=94.4 % | voltage=16.10 V | drain_rate=0.056 %/s | home_distance=11.8 m | return_time=16 s | return_cost=0.9 % | margin_after_return=73.6 %
[INFO] [1790221906.341600832] [sage_energy_monitor]: ENERGY | remaining=94.4 % | voltage=16.10 V | drain_rate=0.056 %/s | home_distance=12.1 m | return_time=16 s | return_cost=0.9 % | margin_after_return=73.5 %
[INFO] [1790221907.339378697] [sage_energy_monitor]: ENERGY | remaining=94.3 % | voltage=16.10 V | drain_rate=0.056 %/s | home_distance=12.2 m | return_time=16 s | return_cost=0.9 % | margin_after_return=73.4 %
[INFO] [1790221908.344400178] [sage_energy_monitor]: ENERGY | remaining=94.3 % | voltage=16.10 V | drain_rate=0.056 %/s | home_distance=11.7 m | return_time=15 s | return_cost=0.9 % | margin_after_return=73.4 %
[INFO] [1790221909.343888718] [sage_energy_monitor]: ENERGY | remaining=94.2 % | voltage=16.09 V | drain_rate=0.056 %/s | home_distance=10.8 m | return_time=14 s | return_cost=0.8 % | margin_after_return=73.4 %
[INFO] [1790221910.334005937] [sage_energy_monitor]: ENERGY | remaining=94.2 % | voltage=16.09 V | drain_rate=0.056 %/s | home_distance=9.4 m | return_time=13 s | return_cost=0.7 % | margin_after_return=73.4 %
[INFO] [1790221911.340650641] [sage_energy_monitor]: ENERGY | remaining=94.1 % | voltage=16.09 V | drain_rate=0.056 %/s | home_distance=7.6 m | return_time=12 s | return_cost=0.7 % | margin_after_return=73.4 %
[INFO] [1790221912.333260599] [sage_energy_monitor]: ENERGY | remaining=94.0 % | voltage=16.09 V | drain_rate=0.056 %/s | home_distance=5.8 m | return_time=10 s | return_cost=0.6 % | margin_after_return=73.5 %
[INFO] [1790221913.336406725] [sage_energy_monitor]: ENERGY | remaining=94.0 % | voltage=16.09 V | drain_rate=0.056 %/s | home_distance=4.1 m | return_time=8 s | return_cost=0.5 % | margin_after_return=73.5 %
[INFO] [1790221914.337395013] [sage_energy_monitor]: ENERGY | remaining=93.9 % | voltage=16.09 V | drain_rate=0.056 %/s | home_distance=3.0 m | return_time=7 s | return_cost=0.4 % | margin_after_return=73.5 %
[INFO] [1790221915.333731314] [sage_energy_monitor]: ENERGY | remaining=93.9 % | voltage=16.09 V | drain_rate=0.056 %/s | home_distance=3.1 m | return_time=7 s | return_cost=0.4 % | margin_after_return=73.5 %
[INFO] [1790221916.338003158] [sage_energy_monitor]: ENERGY | remaining=93.8 % | voltage=16.09 V | drain_rate=0.056 %/s | home_distance=4.3 m | return_time=8 s | return_cost=0.5 % | margin_after_return=73.4 %
[INFO] [1790221917.334152248] [sage_energy_monitor]: ENERGY | remaining=93.8 % | voltage=16.09 V | drain_rate=0.056 %/s | home_distance=6.0 m | return_time=10 s | return_cost=0.6 % | margin_after_return=73.2 %
[INFO] [1790221918.335847521] [sage_energy_monitor]: ENERGY | remaining=93.7 % | voltage=16.09 V | drain_rate=0.056 %/s | home_distance=7.5 m | return_time=11 s | return_cost=0.6 % | margin_after_return=73.1 %
[INFO] [1790221919.337646031] [sage_energy_monitor]: ENERGY | remaining=93.6 % | voltage=16.08 V | drain_rate=0.056 %/s | home_distance=8.2 m | return_time=12 s | return_cost=0.7 % | margin_after_return=73.0 %
[INFO] [1790221920.334893927] [sage_energy_monitor]: ENERGY | remaining=93.6 % | voltage=16.08 V | drain_rate=0.056 %/s | home_distance=7.5 m | return_time=11 s | return_cost=0.6 % | margin_after_return=72.9 %
[INFO] [1790221921.334367273] [sage_energy_monitor]: ENERGY | remaining=93.5 % | voltage=16.08 V | drain_rate=0.056 %/s | home_distance=5.7 m | return_time=10 s | return_cost=0.6 % | margin_after_return=73.0 %
[INFO] [1790221922.340709725] [sage_energy_monitor]: ENERGY | remaining=93.5 % | voltage=16.08 V | drain_rate=0.057 %/s | home_distance=4.4 m | return_time=8 s | return_cost=0.5 % | margin_after_return=73.0 %
[INFO] [1790221923.345487369] [sage_energy_monitor]: ENERGY | remaining=93.4 % | voltage=16.08 V | drain_rate=0.057 %/s | home_distance=4.0 m | return_time=8 s | return_cost=0.5 % | margin_after_return=73.0 %
[INFO] [1790221924.334463359] [sage_energy_monitor]: ENERGY | remaining=93.4 % | voltage=16.08 V | drain_rate=0.057 %/s | home_distance=3.8 m | return_time=8 s | return_cost=0.4 % | margin_after_return=72.9 %
[INFO] [1790221925.337608023] [sage_energy_monitor]: ENERGY | remaining=93.3 % | voltage=16.08 V | drain_rate=0.057 %/s | home_distance=4.3 m | return_time=8 s | return_cost=0.5 % | margin_after_return=72.8 %
[INFO] [1790221926.335037671] [sage_energy_monitor]: ENERGY | remaining=93.2 % | voltage=16.08 V | drain_rate=0.057 %/s | home_distance=4.6 m | return_time=8 s | return_cost=0.5 % | margin_after_return=72.8 %
[INFO] [1790221927.333548418] [sage_energy_monitor]: ENERGY | remaining=93.2 % | voltage=16.08 V | drain_rate=0.057 %/s | home_distance=3.7 m | return_time=8 s | return_cost=0.4 % | margin_after_return=72.8 %
[INFO] [1790221928.338040838] [sage_energy_monitor]: ENERGY | remaining=93.1 % | voltage=16.07 V | drain_rate=0.057 %/s | home_distance=3.5 m | return_time=8 s | return_cost=0.4 % | margin_after_return=72.7 %
[INFO] [1790221929.338439753] [sage_energy_monitor]: ENERGY | remaining=93.1 % | voltage=16.07 V | drain_rate=0.057 %/s | home_distance=4.3 m | return_time=8 s | return_cost=0.5 % | margin_after_return=72.6 %
[INFO] [1790221930.335663722] [sage_energy_monitor]: ENERGY | remaining=93.0 % | voltage=16.07 V | drain_rate=0.057 %/s | home_distance=5.8 m | return_time=10 s | return_cost=0.6 % | margin_after_return=72.5 %
[INFO] [1790221931.340294760] [sage_energy_monitor]: ENERGY | remaining=93.0 % | voltage=16.07 V | drain_rate=0.056 %/s | home_distance=7.3 m | return_time=11 s | return_cost=0.6 % | margin_after_return=72.3 %
[INFO] [1790221932.341409519] [sage_energy_monitor]: ENERGY | remaining=92.9 % | voltage=16.07 V | drain_rate=0.056 %/s | home_distance=8.3 m | return_time=12 s | return_cost=0.7 % | margin_after_return=72.2 %
[INFO] [1790221933.340920061] [sage_energy_monitor]: ENERGY | remaining=92.9 % | voltage=16.07 V | drain_rate=0.056 %/s | home_distance=8.7 m | return_time=13 s | return_cost=0.7 % | margin_after_return=72.1 %
[INFO] [1790221934.335980787] [sage_energy_monitor]: ENERGY | remaining=92.8 % | voltage=16.07 V | drain_rate=0.056 %/s | home_distance=8.8 m | return_time=13 s | return_cost=0.7 % | margin_after_return=72.1 %
[INFO] [1790221935.342256951] [sage_energy_monitor]: ENERGY | remaining=92.7 % | voltage=16.07 V | drain_rate=0.056 %/s | home_distance=8.7 m | return_time=13 s | return_cost=0.7 % | margin_after_return=72.0 %
[INFO] [1790221936.334258235] [sage_energy_monitor]: ENERGY | remaining=92.7 % | voltage=16.07 V | drain_rate=0.056 %/s | home_distance=8.7 m | return_time=13 s | return_cost=0.7 % | margin_after_return=72.0 %
[INFO] [1790221937.336683042] [sage_energy_monitor]: ENERGY | remaining=92.6 % | voltage=16.07 V | drain_rate=0.056 %/s | home_distance=8.6 m | return_time=13 s | return_cost=0.7 % | margin_after_return=71.9 %
[INFO] [1790221938.333845596] [sage_energy_monitor]: ENERGY | remaining=92.6 % | voltage=16.07 V | drain_rate=0.056 %/s | home_distance=8.6 m | return_time=13 s | return_cost=0.7 % | margin_after_return=71.9 %
[INFO] [1790221939.337555871] [sage_energy_monitor]: ENERGY | remaining=92.5 % | voltage=16.06 V | drain_rate=0.056 %/s | home_distance=8.6 m | return_time=12 s | return_cost=0.7 % | margin_after_return=71.8 %
[INFO] [1790221940.334500126] [sage_energy_monitor]: ENERGY | remaining=92.5 % | voltage=16.06 V | drain_rate=0.056 %/s | home_distance=8.6 m | return_time=12 s | return_cost=0.7 % | margin_after_return=71.8 %
[INFO] [1790221941.333527662] [sage_energy_monitor]: ENERGY | remaining=92.4 % | voltage=16.06 V | drain_rate=0.056 %/s | home_distance=8.4 m | return_time=12 s | return_cost=0.7 % | margin_after_return=71.7 %
[INFO] [1790221942.334332216] [sage_energy_monitor]: ENERGY | remaining=92.4 % | voltage=16.06 V | drain_rate=0.056 %/s | home_distance=7.5 m | return_time=11 s | return_cost=0.6 % | margin_after_return=71.7 %
[INFO] [1790221943.336930953] [sage_energy_monitor]: ENERGY | remaining=92.3 % | voltage=16.06 V | drain_rate=0.056 %/s | home_distance=6.6 m | return_time=11 s | return_cost=0.6 % | margin_after_return=71.7 %
[INFO] [1790221944.335174150] [sage_energy_monitor]: ENERGY | remaining=92.2 % | voltage=16.06 V | drain_rate=0.056 %/s | home_distance=6.3 m | return_time=10 s | return_cost=0.6 % | margin_after_return=71.7 %
[INFO] [1790221945.335143397] [sage_energy_monitor]: ENERGY | remaining=92.2 % | voltage=16.06 V | drain_rate=0.056 %/s | home_distance=6.1 m | return_time=10 s | return_cost=0.6 % | margin_after_return=71.6 %
[INFO] [1790221946.337567680] [sage_energy_monitor]: ENERGY | remaining=92.1 % | voltage=16.06 V | drain_rate=0.056 %/s | home_distance=6.0 m | return_time=10 s | return_cost=0.6 % | margin_after_return=71.6 %
[INFO] [1790221947.334234751] [sage_energy_monitor]: ENERGY | remaining=92.1 % | voltage=16.06 V | drain_rate=0.056 %/s | home_distance=5.9 m | return_time=10 s | return_cost=0.6 % | margin_after_return=71.5 %
[INFO] [1790221948.333971426] [sage_energy_monitor]: ENERGY | remaining=92.0 % | voltage=16.05 V | drain_rate=0.057 %/s | home_distance=5.9 m | return_time=10 s | return_cost=0.6 % | margin_after_return=71.5 %
[INFO] [1790221949.334285580] [sage_energy_monitor]: ENERGY | remaining=92.0 % | voltage=16.05 V | drain_rate=0.057 %/s | home_distance=6.0 m | return_time=10 s | return_cost=0.6 % | margin_after_return=71.4 %
[INFO] [1790221950.333244332] [sage_energy_monitor]: ENERGY | remaining=91.9 % | voltage=16.05 V | drain_rate=0.057 %/s | home_distance=6.0 m | return_time=10 s | return_cost=0.6 % | margin_after_return=71.3 %
[INFO] [1790221951.333876719] [sage_energy_monitor]: ENERGY | remaining=91.8 % | voltage=16.05 V | drain_rate=0.057 %/s | home_distance=6.0 m | return_time=10 s | return_cost=0.6 % | margin_after_return=71.3 %
[INFO] [1790221952.340692846] [sage_energy_monitor]: ENERGY | remaining=91.8 % | voltage=16.05 V | drain_rate=0.056 %/s | home_distance=6.1 m | return_time=10 s | return_cost=0.6 % | margin_after_return=71.2 %
[INFO] [1790221953.346233469] [sage_energy_monitor]: ENERGY | remaining=91.7 % | voltage=16.05 V | drain_rate=0.056 %/s | home_distance=6.1 m | return_time=10 s | return_cost=0.6 % | margin_after_return=71.2 %
[INFO] [1790221954.333549472] [sage_energy_monitor]: ENERGY | remaining=91.7 % | voltage=16.05 V | drain_rate=0.056 %/s | home_distance=6.1 m | return_time=10 s | return_cost=0.6 % | margin_after_return=71.1 %
[INFO] [1790221955.341739603] [sage_energy_monitor]: ENERGY | remaining=91.6 % | voltage=16.05 V | drain_rate=0.056 %/s | home_distance=6.4 m | return_time=11 s | return_cost=0.6 % | margin_after_return=71.0 %
[INFO] [1790221956.335666724] [sage_energy_monitor]: ENERGY | remaining=91.6 % | voltage=16.05 V | drain_rate=0.056 %/s | home_distance=7.3 m | return_time=11 s | return_cost=0.6 % | margin_after_return=70.9 %
[INFO] [1790221957.336820757] [sage_energy_monitor]: ENERGY | remaining=91.5 % | voltage=16.05 V | drain_rate=0.057 %/s | home_distance=7.9 m | return_time=12 s | return_cost=0.7 % | margin_after_return=70.8 %
[INFO] [1790221958.335019836] [sage_energy_monitor]: ENERGY | remaining=91.4 % | voltage=16.04 V | drain_rate=0.056 %/s | home_distance=7.9 m | return_time=12 s | return_cost=0.7 % | margin_after_return=70.8 %
[INFO] [1790221959.336446694] [sage_energy_monitor]: ENERGY | remaining=91.4 % | voltage=16.04 V | drain_rate=0.056 %/s | home_distance=8.0 m | return_time=12 s | return_cost=0.7 % | margin_after_return=70.7 %
[INFO] [1790221960.336558706] [sage_energy_monitor]: ENERGY | remaining=91.3 % | voltage=16.04 V | drain_rate=0.056 %/s | home_distance=8.2 m | return_time=12 s | return_cost=0.7 % | margin_after_return=70.6 %
[INFO] [1790221961.335496542] [sage_energy_monitor]: ENERGY | remaining=91.3 % | voltage=16.04 V | drain_rate=0.057 %/s | home_distance=8.4 m | return_time=12 s | return_cost=0.7 % | margin_after_return=70.6 %
[INFO] [1790221962.333467735] [sage_energy_monitor]: ENERGY | remaining=91.2 % | voltage=16.04 V | drain_rate=0.057 %/s | home_distance=7.7 m | return_time=12 s | return_cost=0.7 % | margin_after_return=70.6 %
[INFO] [1790221963.343110563] [sage_energy_monitor]: ENERGY | remaining=91.2 % | voltage=16.04 V | drain_rate=0.057 %/s | home_distance=6.4 m | return_time=11 s | return_cost=0.6 % | margin_after_return=70.6 %
[INFO] [1790221964.333557388] [sage_energy_monitor]: ENERGY | remaining=91.1 % | voltage=16.04 V | drain_rate=0.057 %/s | home_distance=6.9 m | return_time=11 s | return_cost=0.6 % | margin_after_return=70.5 %
[INFO] [1790221965.334055485] [sage_energy_monitor]: ENERGY | remaining=91.0 % | voltage=16.04 V | drain_rate=0.057 %/s | home_distance=7.8 m | return_time=12 s | return_cost=0.7 % | margin_after_return=70.4 %
[INFO] [1790221966.337966880] [sage_energy_monitor]: ENERGY | remaining=91.0 % | voltage=16.04 V | drain_rate=0.057 %/s | home_distance=8.3 m | return_time=12 s | return_cost=0.7 % | margin_after_return=70.3 %
[INFO] [1790221967.339455203] [sage_energy_monitor]: ENERGY | remaining=90.9 % | voltage=16.04 V | drain_rate=0.057 %/s | home_distance=8.5 m | return_time=12 s | return_cost=0.7 % | margin_after_return=70.2 %
[INFO] [1790221968.334262109] [sage_energy_monitor]: ENERGY | remaining=90.9 % | voltage=16.03 V | drain_rate=0.057 %/s | home_distance=8.5 m | return_time=12 s | return_cost=0.7 % | margin_after_return=70.2 %
[INFO] [1790221969.339459449] [sage_energy_monitor]: ENERGY | remaining=90.8 % | voltage=16.03 V | drain_rate=0.057 %/s | home_distance=8.5 m | return_time=12 s | return_cost=0.7 % | margin_after_return=70.1 %
[INFO] [1790221970.339888349] [sage_energy_monitor]: ENERGY | remaining=90.8 % | voltage=16.03 V | drain_rate=0.057 %/s | home_distance=8.6 m | return_time=12 s | return_cost=0.7 % | margin_after_return=70.0 %
[INFO] [1790221971.336191764] [sage_energy_monitor]: ENERGY | remaining=90.7 % | voltage=16.03 V | drain_rate=0.057 %/s | home_distance=8.6 m | return_time=12 s | return_cost=0.7 % | margin_after_return=70.0 %
[INFO] [1790221972.335605760] [sage_energy_monitor]: ENERGY | remaining=90.6 % | voltage=16.03 V | drain_rate=0.057 %/s | home_distance=8.6 m | return_time=13 s | return_cost=0.7 % | margin_after_return=69.9 %
[INFO] [1790221973.335654398] [sage_energy_monitor]: ENERGY | remaining=90.6 % | voltage=16.03 V | drain_rate=0.057 %/s | home_distance=8.6 m | return_time=13 s | return_cost=0.7 % | margin_after_return=69.9 %
[INFO] [1790221974.334133692] [sage_energy_monitor]: ENERGY | remaining=90.5 % | voltage=16.03 V | drain_rate=0.057 %/s | home_distance=8.6 m | return_time=13 s | return_cost=0.7 % | margin_after_return=69.8 %
[INFO] [1790221975.338404213] [sage_energy_monitor]: ENERGY | remaining=90.5 % | voltage=16.03 V | drain_rate=0.057 %/s | home_distance=8.4 m | return_time=12 s | return_cost=0.7 % | margin_after_return=69.8 %
[INFO] [1790221976.338319637] [sage_energy_monitor]: ENERGY | remaining=90.4 % | voltage=16.03 V | drain_rate=0.057 %/s | home_distance=7.5 m | return_time=11 s | return_cost=0.7 % | margin_after_return=69.8 %
[INFO] [1790221977.334927617] [sage_energy_monitor]: ENERGY | remaining=90.4 % | voltage=16.03 V | drain_rate=0.057 %/s | home_distance=6.7 m | return_time=11 s | return_cost=0.6 % | margin_after_return=69.7 %
[INFO] [1790221978.338314384] [sage_energy_monitor]: ENERGY | remaining=90.3 % | voltage=16.02 V | drain_rate=0.057 %/s | home_distance=6.2 m | return_time=11 s | return_cost=0.6 % | margin_after_return=69.7 %
[INFO] [1790221979.338265257] [sage_energy_monitor]: ENERGY | remaining=90.3 % | voltage=16.02 V | drain_rate=0.057 %/s | home_distance=5.2 m | return_time=9 s | return_cost=0.5 % | margin_after_return=69.7 %
[INFO] [1790221980.338379545] [sage_energy_monitor]: ENERGY | remaining=90.2 % | voltage=16.02 V | drain_rate=0.057 %/s | home_distance=3.5 m | return_time=8 s | return_cost=0.4 % | margin_after_return=69.8 %
[INFO] [1790221981.337313986] [sage_energy_monitor]: ENERGY | remaining=90.1 % | voltage=16.02 V | drain_rate=0.057 %/s | home_distance=1.7 m | return_time=6 s | return_cost=0.3 % | margin_after_return=69.8 %
[INFO] [1790221982.339916640] [sage_energy_monitor]: ENERGY | remaining=90.1 % | voltage=16.02 V | drain_rate=0.057 %/s | home_distance=0.6 m | return_time=5 s | return_cost=0.3 % | margin_after_return=69.8 %
[INFO] [1790221983.333286636] [sage_energy_monitor]: ENERGY | remaining=90.0 % | voltage=16.02 V | drain_rate=0.057 %/s | home_distance=2.1 m | return_time=6 s | return_cost=0.4 % | margin_after_return=69.7 %
[INFO] [1790221984.341091743] [sage_energy_monitor]: ENERGY | remaining=90.0 % | voltage=16.02 V | drain_rate=0.057 %/s | home_distance=3.3 m | return_time=7 s | return_cost=0.4 % | margin_after_return=69.5 %
[INFO] [1790221985.336413639] [sage_energy_monitor]: ENERGY | remaining=89.9 % | voltage=16.02 V | drain_rate=0.057 %/s | home_distance=3.8 m | return_time=8 s | return_cost=0.4 % | margin_after_return=69.5 %
[INFO] [1790221986.337484304] [sage_energy_monitor]: ENERGY | remaining=89.8 % | voltage=16.02 V | drain_rate=0.057 %/s | home_distance=3.8 m | return_time=7 s | return_cost=0.4 % | margin_after_return=69.4 %
[INFO] [1790221987.338550454] [sage_energy_monitor]: ENERGY | remaining=89.8 % | voltage=16.01 V | drain_rate=0.057 %/s | home_distance=4.2 m | return_time=8 s | return_cost=0.5 % | margin_after_return=69.3 %
[INFO] [1790221988.335514120] [sage_energy_monitor]: ENERGY | remaining=89.7 % | voltage=16.01 V | drain_rate=0.057 %/s | home_distance=5.0 m | return_time=9 s | return_cost=0.5 % | margin_after_return=69.2 %
[INFO] [1790221989.339424780] [sage_energy_monitor]: ENERGY | remaining=89.7 % | voltage=16.01 V | drain_rate=0.057 %/s | home_distance=5.2 m | return_time=9 s | return_cost=0.5 % | margin_after_return=69.2 %
[INFO] [1790221990.336840742] [sage_energy_monitor]: ENERGY | remaining=89.6 % | voltage=16.01 V | drain_rate=0.057 %/s | home_distance=4.7 m | return_time=8 s | return_cost=0.5 % | margin_after_return=69.1 %
[INFO] [1790221991.333701924] [sage_energy_monitor]: ENERGY | remaining=89.6 % | voltage=16.01 V | drain_rate=0.057 %/s | home_distance=3.3 m | return_time=7 s | return_cost=0.4 % | margin_after_return=69.1 %
[INFO] [1790221992.341577198] [sage_energy_monitor]: ENERGY | remaining=89.5 % | voltage=16.01 V | drain_rate=0.057 %/s | home_distance=2.4 m | return_time=6 s | return_cost=0.4 % | margin_after_return=69.1 %
[INFO] [1790221993.333523629] [sage_energy_monitor]: ENERGY | remaining=89.4 % | voltage=16.01 V | drain_rate=0.057 %/s | home_distance=3.1 m | return_time=7 s | return_cost=0.4 % | margin_after_return=69.0 %
[INFO] [1790221994.335909707] [sage_energy_monitor]: ENERGY | remaining=89.4 % | voltage=16.01 V | drain_rate=0.057 %/s | home_distance=4.5 m | return_time=8 s | return_cost=0.5 % | margin_after_return=68.9 %
[INFO] [1790221995.333948055] [sage_energy_monitor]: ENERGY | remaining=89.3 % | voltage=16.01 V | drain_rate=0.057 %/s | home_distance=5.6 m | return_time=9 s | return_cost=0.5 % | margin_after_return=68.8 %
[INFO] [1790221996.335684799] [sage_energy_monitor]: ENERGY | remaining=89.3 % | voltage=16.01 V | drain_rate=0.057 %/s | home_distance=5.9 m | return_time=10 s | return_cost=0.6 % | margin_after_return=68.7 %
[INFO] [1790221997.334150353] [sage_energy_monitor]: ENERGY | remaining=89.2 % | voltage=16.00 V | drain_rate=0.057 %/s | home_distance=5.9 m | return_time=10 s | return_cost=0.6 % | margin_after_return=68.6 %
[INFO] [1790221998.334388396] [sage_energy_monitor]: ENERGY | remaining=89.2 % | voltage=16.00 V | drain_rate=0.057 %/s | home_distance=5.9 m | return_time=10 s | return_cost=0.6 % | margin_after_return=68.6 %
[INFO] [1790221999.340107483] [sage_energy_monitor]: ENERGY | remaining=89.1 % | voltage=16.00 V | drain_rate=0.057 %/s | home_distance=6.0 m | return_time=10 s | return_cost=0.6 % | margin_after_return=68.5 %
[INFO] [1790222000.337183829] [sage_energy_monitor]: ENERGY | remaining=89.0 % | voltage=16.00 V | drain_rate=0.057 %/s | home_distance=6.1 m | return_time=10 s | return_cost=0.6 % | margin_after_return=68.5 %
[INFO] [1790222001.336247381] [sage_energy_monitor]: ENERGY | remaining=89.0 % | voltage=16.00 V | drain_rate=0.057 %/s | home_distance=6.2 m | return_time=10 s | return_cost=0.6 % | margin_after_return=68.4 %
[INFO] [1790222002.334720036] [sage_energy_monitor]: ENERGY | remaining=88.9 % | voltage=16.00 V | drain_rate=0.057 %/s | home_distance=6.2 m | return_time=10 s | return_cost=0.6 % | margin_after_return=68.3 %
[INFO] [1790222003.336562680] [sage_energy_monitor]: ENERGY | remaining=88.9 % | voltage=16.00 V | drain_rate=0.057 %/s | home_distance=6.2 m | return_time=10 s | return_cost=0.6 % | margin_after_return=68.3 %
[INFO] [1790222004.336185314] [sage_energy_monitor]: ENERGY | remaining=88.8 % | voltage=16.00 V | drain_rate=0.057 %/s | home_distance=6.2 m | return_time=10 s | return_cost=0.6 % | margin_after_return=68.2 %
[INFO] [1790222005.333920002] [sage_energy_monitor]: ENERGY | remaining=88.8 % | voltage=16.00 V | drain_rate=0.057 %/s | home_distance=6.2 m | return_time=10 s | return_cost=0.6 % | margin_after_return=68.2 %
[INFO] [1790222006.338483445] [sage_energy_monitor]: ENERGY | remaining=88.7 % | voltage=16.00 V | drain_rate=0.057 %/s | home_distance=6.2 m | return_time=10 s | return_cost=0.6 % | margin_after_return=68.1 %
[INFO] [1790222007.335915719] [sage_energy_monitor]: ENERGY | remaining=88.7 % | voltage=15.99 V | drain_rate=0.057 %/s | home_distance=6.1 m | return_time=10 s | return_cost=0.6 % | margin_after_return=68.1 %
[INFO] [1790222008.333714829] [sage_energy_monitor]: ENERGY | remaining=88.6 % | voltage=15.99 V | drain_rate=0.057 %/s | home_distance=4.9 m | return_time=9 s | return_cost=0.5 % | margin_after_return=68.1 %
[INFO] [1790222009.335417186] [sage_energy_monitor]: ENERGY | remaining=88.5 % | voltage=15.99 V | drain_rate=0.057 %/s | home_distance=2.8 m | return_time=7 s | return_cost=0.4 % | margin_after_return=68.1 %
[INFO] [1790222010.333966985] [sage_energy_monitor]: ENERGY | remaining=88.5 % | voltage=15.99 V | drain_rate=0.057 %/s | home_distance=1.0 m | return_time=5 s | return_cost=0.3 % | margin_after_return=68.2 %
[INFO] [1790222011.335444804] [sage_energy_monitor]: ENERGY | remaining=88.4 % | voltage=15.99 V | drain_rate=0.057 %/s | home_distance=0.1 m | return_time=4 s | return_cost=0.2 % | margin_after_return=68.2 %
[INFO] [1790222012.340001471] [sage_energy_monitor]: ENERGY | remaining=88.4 % | voltage=15.99 V | drain_rate=0.057 %/s | home_distance=0.2 m | return_time=4 s | return_cost=0.3 % | margin_after_return=68.1 %
[INFO] [1790222013.333813837] [sage_energy_monitor]: ENERGY | remaining=88.3 % | voltage=15.99 V | drain_rate=0.057 %/s | home_distance=0.2 m | return_time=4 s | return_cost=0.3 % | margin_after_return=68.1 %
[INFO] [1790222014.346928245] [sage_energy_monitor]: ENERGY | remaining=88.3 % | voltage=15.99 V | drain_rate=0.057 %/s | home_distance=0.2 m | return_time=4 s | return_cost=0.2 % | margin_after_return=68.0 %
[INFO] [1790222015.341519252] [sage_energy_monitor]: ENERGY | remaining=88.2 % | voltage=15.99 V | drain_rate=0.057 %/s | home_distance=0.2 m | return_time=4 s | return_cost=0.2 % | margin_after_return=67.9 %
[INFO] [1790222016.333398757] [sage_energy_monitor]: ENERGY | remaining=88.1 % | voltage=15.98 V | drain_rate=0.057 %/s | home_distance=0.2 m | return_time=4 s | return_cost=0.2 % | margin_after_return=67.9 %
[INFO] [1790222017.336855315] [sage_energy_monitor]: ENERGY | remaining=88.1 % | voltage=15.98 V | drain_rate=0.057 %/s | home_distance=0.1 m | return_time=4 s | return_cost=0.2 % | margin_after_return=67.8 %
[INFO] [1790222018.337337036] [sage_energy_monitor]: ENERGY | remaining=88.0 % | voltage=15.98 V | drain_rate=0.057 %/s | home_distance=0.1 m | return_time=4 s | return_cost=0.2 % | margin_after_return=67.8 %
[INFO] [1790222019.334585031] [sage_energy_monitor]: ENERGY | remaining=88.0 % | voltage=15.98 V | drain_rate=0.057 %/s | home_distance=0.1 m | return_time=4 s | return_cost=0.2 % | margin_after_return=67.7 %
[INFO] [1790222020.336773249] [sage_energy_monitor]: ENERGY | remaining=87.9 % | voltage=15.98 V | drain_rate=0.057 %/s | home_distance=0.4 m | return_time=5 s | return_cost=0.3 % | margin_after_return=67.7 %
[INFO] [1790222021.334090068] [sage_energy_monitor]: ENERGY | remaining=87.9 % | voltage=15.98 V | drain_rate=0.057 %/s | home_distance=1.9 m | return_time=6 s | return_cost=0.3 % | margin_after_return=67.5 %
[INFO] [1790222022.335219834] [sage_energy_monitor]: ENERGY | remaining=87.8 % | voltage=15.98 V | drain_rate=0.057 %/s | home_distance=3.9 m | return_time=8 s | return_cost=0.4 % | margin_after_return=67.3 %
[INFO] [1790222023.333381169] [sage_energy_monitor]: ENERGY | remaining=87.7 % | voltage=15.98 V | drain_rate=0.057 %/s | home_distance=5.4 m | return_time=9 s | return_cost=0.5 % | margin_after_return=67.2 %
[INFO] [1790222024.333881223] [sage_energy_monitor]: ENERGY | remaining=87.7 % | voltage=15.98 V | drain_rate=0.057 %/s | home_distance=6.1 m | return_time=10 s | return_cost=0.6 % | margin_after_return=67.1 %
[INFO] [1790222025.335344223] [sage_energy_monitor]: ENERGY | remaining=87.6 % | voltage=15.98 V | drain_rate=0.057 %/s | home_distance=6.1 m | return_time=10 s | return_cost=0.6 % | margin_after_return=67.0 %
[INFO] [1790222026.338222162] [sage_energy_monitor]: ENERGY | remaining=87.6 % | voltage=15.97 V | drain_rate=0.057 %/s | home_distance=6.1 m | return_time=10 s | return_cost=0.6 % | margin_after_return=67.0 %
[INFO] [1790222027.335109323] [sage_energy_monitor]: ENERGY | remaining=87.5 % | voltage=15.97 V | drain_rate=0.057 %/s | home_distance=6.1 m | return_time=10 s | return_cost=0.6 % | margin_after_return=66.9 %
[INFO] [1790222028.336892961] [sage_energy_monitor]: ENERGY | remaining=87.4 % | voltage=15.97 V | drain_rate=0.057 %/s | home_distance=6.1 m | return_time=10 s | return_cost=0.6 % | margin_after_return=66.9 %
[INFO] [1790222029.335966513] [sage_energy_monitor]: ENERGY | remaining=87.4 % | voltage=15.97 V | drain_rate=0.057 %/s | home_distance=6.1 m | return_time=10 s | return_cost=0.6 % | margin_after_return=66.8 %
[INFO] [1790222030.346021769] [sage_energy_monitor]: ENERGY | remaining=87.3 % | voltage=15.97 V | drain_rate=0.057 %/s | home_distance=6.1 m | return_time=10 s | return_cost=0.6 % | margin_after_return=66.8 %
[INFO] [1790222031.341422508] [sage_energy_monitor]: ENERGY | remaining=87.3 % | voltage=15.97 V | drain_rate=0.056 %/s | home_distance=6.1 m | return_time=10 s | return_cost=0.6 % | margin_after_return=66.7 %
[INFO] [1790222032.337713433] [sage_energy_monitor]: ENERGY | remaining=87.2 % | voltage=15.97 V | drain_rate=0.057 %/s | home_distance=6.0 m | return_time=10 s | return_cost=0.6 % | margin_after_return=66.7 %
[INFO] [1790222033.334738439] [sage_energy_monitor]: ENERGY | remaining=87.2 % | voltage=15.97 V | drain_rate=0.057 %/s | home_distance=6.1 m | return_time=10 s | return_cost=0.6 % | margin_after_return=66.6 %
[INFO] [1790222034.334741976] [sage_energy_monitor]: ENERGY | remaining=87.1 % | voltage=15.97 V | drain_rate=0.057 %/s | home_distance=6.4 m | return_time=10 s | return_cost=0.6 % | margin_after_return=66.5 %
[INFO] [1790222035.345019767] [sage_energy_monitor]: ENERGY | remaining=87.1 % | voltage=15.97 V | drain_rate=0.057 %/s | home_distance=7.3 m | return_time=11 s | return_cost=0.6 % | margin_after_return=66.4 %
[INFO] [1790222036.335775145] [sage_energy_monitor]: ENERGY | remaining=87.0 % | voltage=15.96 V | drain_rate=0.057 %/s | home_distance=8.2 m | return_time=12 s | return_cost=0.7 % | margin_after_return=66.3 %
[INFO] [1790222037.337952729] [sage_energy_monitor]: ENERGY | remaining=87.0 % | voltage=15.96 V | drain_rate=0.057 %/s | home_distance=8.6 m | return_time=13 s | return_cost=0.7 % | margin_after_return=66.2 %
[INFO] [1790222038.340244450] [sage_energy_monitor]: ENERGY | remaining=86.9 % | voltage=15.96 V | drain_rate=0.057 %/s | home_distance=8.8 m | return_time=13 s | return_cost=0.7 % | margin_after_return=66.2 %
[INFO] [1790222039.334257451] [sage_energy_monitor]: ENERGY | remaining=86.8 % | voltage=15.96 V | drain_rate=0.056 %/s | home_distance=8.8 m | return_time=13 s | return_cost=0.7 % | margin_after_return=66.1 %
[INFO] [1790222040.333638793] [sage_energy_monitor]: ENERGY | remaining=86.8 % | voltage=15.96 V | drain_rate=0.056 %/s | home_distance=8.7 m | return_time=13 s | return_cost=0.7 % | margin_after_return=66.1 %
[INFO] [1790222041.339082209] [sage_energy_monitor]: ENERGY | remaining=86.7 % | voltage=15.96 V | drain_rate=0.056 %/s | home_distance=8.6 m | return_time=13 s | return_cost=0.7 % | margin_after_return=66.0 %
[INFO] [1790222042.333317136] [sage_energy_monitor]: ENERGY | remaining=86.7 % | voltage=15.96 V | drain_rate=0.056 %/s | home_distance=8.5 m | return_time=13 s | return_cost=0.7 % | margin_after_return=66.0 %
[INFO] [1790222043.339384381] [sage_energy_monitor]: ENERGY | remaining=86.6 % | voltage=15.96 V | drain_rate=0.056 %/s | home_distance=8.5 m | return_time=13 s | return_cost=0.7 % | margin_after_return=65.9 %
[INFO] [1790222044.335279976] [sage_energy_monitor]: ENERGY | remaining=86.6 % | voltage=15.96 V | drain_rate=0.056 %/s | home_distance=8.5 m | return_time=13 s | return_cost=0.7 % | margin_after_return=65.9 %
[INFO] [1790222045.334723984] [sage_energy_monitor]: ENERGY | remaining=86.5 % | voltage=15.96 V | drain_rate=0.056 %/s | home_distance=8.5 m | return_time=13 s | return_cost=0.7 % | margin_after_return=65.8 %
[INFO] [1790222046.334576192] [sage_energy_monitor]: ENERGY | remaining=86.5 % | voltage=15.95 V | drain_rate=0.056 %/s | home_distance=7.9 m | return_time=12 s | return_cost=0.7 % | margin_after_return=65.8 %
[INFO] [1790222047.336380604] [sage_energy_monitor]: ENERGY | remaining=86.4 % | voltage=15.95 V | drain_rate=0.056 %/s | home_distance=6.7 m | return_time=11 s | return_cost=0.6 % | margin_after_return=65.8 %
[INFO] [1790222048.333498832] [sage_energy_monitor]: ENERGY | remaining=86.3 % | voltage=15.95 V | drain_rate=0.056 %/s | home_distance=5.9 m | return_time=10 s | return_cost=0.6 % | margin_after_return=65.8 %
[INFO] [1790222049.339559368] [sage_energy_monitor]: ENERGY | remaining=86.3 % | voltage=15.95 V | drain_rate=0.056 %/s | home_distance=5.8 m | return_time=10 s | return_cost=0.6 % | margin_after_return=65.7 %
[INFO] [1790222050.334344998] [sage_energy_monitor]: ENERGY | remaining=86.2 % | voltage=15.95 V | drain_rate=0.056 %/s | home_distance=6.1 m | return_time=10 s | return_cost=0.6 % | margin_after_return=65.6 %
[INFO] [1790222051.334536034] [sage_energy_monitor]: ENERGY | remaining=86.2 % | voltage=15.95 V | drain_rate=0.056 %/s | home_distance=6.3 m | return_time=10 s | return_cost=0.6 % | margin_after_return=65.6 %
[INFO] [1790222052.335229295] [sage_energy_monitor]: ENERGY | remaining=86.1 % | voltage=15.95 V | drain_rate=0.056 %/s | home_distance=6.3 m | return_time=10 s | return_cost=0.6 % | margin_after_return=65.5 %
[INFO] [1790222053.334455652] [sage_energy_monitor]: ENERGY | remaining=86.1 % | voltage=15.95 V | drain_rate=0.056 %/s | home_distance=6.2 m | return_time=10 s | return_cost=0.6 % | margin_after_return=65.5 %
[INFO] [1790222054.340647086] [sage_energy_monitor]: ENERGY | remaining=86.0 % | voltage=15.95 V | drain_rate=0.056 %/s | home_distance=6.1 m | return_time=10 s | return_cost=0.6 % | margin_after_return=65.4 %
[INFO] [1790222055.336021356] [sage_energy_monitor]: ENERGY | remaining=85.9 % | voltage=15.95 V | drain_rate=0.056 %/s | home_distance=6.0 m | return_time=10 s | return_cost=0.6 % | margin_after_return=65.4 %
[INFO] [1790222056.334771195] [sage_energy_monitor]: ENERGY | remaining=85.9 % | voltage=15.94 V | drain_rate=0.055 %/s | home_distance=6.0 m | return_time=10 s | return_cost=0.5 % | margin_after_return=65.4 %
[INFO] [1790222057.340768548] [sage_energy_monitor]: ENERGY | remaining=85.8 % | voltage=15.94 V | drain_rate=0.056 %/s | home_distance=5.9 m | return_time=10 s | return_cost=0.5 % | margin_after_return=65.3 %
[INFO] [1790222058.335779304] [sage_energy_monitor]: ENERGY | remaining=85.8 % | voltage=15.94 V | drain_rate=0.056 %/s | home_distance=5.9 m | return_time=10 s | return_cost=0.6 % | margin_after_return=65.2 %
[INFO] [1790222059.336411995] [sage_energy_monitor]: ENERGY | remaining=85.7 % | voltage=15.94 V | drain_rate=0.056 %/s | home_distance=6.0 m | return_time=10 s | return_cost=0.6 % | margin_after_return=65.2 %
[INFO] [1790222060.334789981] [sage_energy_monitor]: ENERGY | remaining=85.7 % | voltage=15.94 V | drain_rate=0.056 %/s | home_distance=6.5 m | return_time=10 s | return_cost=0.6 % | margin_after_return=65.1 %
[INFO] [1790222061.335205126] [sage_energy_monitor]: ENERGY | remaining=85.6 % | voltage=15.94 V | drain_rate=0.056 %/s | home_distance=7.4 m | return_time=11 s | return_cost=0.6 % | margin_after_return=65.0 %
[INFO] [1790222062.336433385] [sage_energy_monitor]: ENERGY | remaining=85.6 % | voltage=15.94 V | drain_rate=0.056 %/s | home_distance=8.3 m | return_time=12 s | return_cost=0.7 % | margin_after_return=64.9 %
[INFO] [1790222063.336407283] [sage_energy_monitor]: ENERGY | remaining=85.5 % | voltage=15.94 V | drain_rate=0.056 %/s | home_distance=8.7 m | return_time=13 s | return_cost=0.7 % | margin_after_return=64.8 %
[INFO] [1790222064.335790567] [sage_energy_monitor]: ENERGY | remaining=85.4 % | voltage=15.94 V | drain_rate=0.056 %/s | home_distance=8.8 m | return_time=13 s | return_cost=0.7 % | margin_after_return=64.7 %
[INFO] [1790222065.334506701] [sage_energy_monitor]: ENERGY | remaining=85.4 % | voltage=15.94 V | drain_rate=0.056 %/s | home_distance=8.8 m | return_time=13 s | return_cost=0.7 % | margin_after_return=64.7 %
[INFO] [1790222066.334537705] [sage_energy_monitor]: ENERGY | remaining=85.3 % | voltage=15.93 V | drain_rate=0.056 %/s | home_distance=8.7 m | return_time=13 s | return_cost=0.7 % | margin_after_return=64.6 %
[INFO] [1790222067.334560402] [sage_energy_monitor]: ENERGY | remaining=85.3 % | voltage=15.93 V | drain_rate=0.056 %/s | home_distance=8.6 m | return_time=12 s | return_cost=0.7 % | margin_after_return=64.6 %
[INFO] [1790222068.335162143] [sage_energy_monitor]: ENERGY | remaining=85.2 % | voltage=15.93 V | drain_rate=0.056 %/s | home_distance=8.5 m | return_time=13 s | return_cost=0.7 % | margin_after_return=64.5 %
[INFO] [1790222069.338514348] [sage_energy_monitor]: ENERGY | remaining=85.2 % | voltage=15.93 V | drain_rate=0.056 %/s | home_distance=8.5 m | return_time=13 s | return_cost=0.7 % | margin_after_return=64.4 %
[INFO] [1790222070.341938477] [sage_energy_monitor]: ENERGY | remaining=85.1 % | voltage=15.93 V | drain_rate=0.056 %/s | home_distance=8.4 m | return_time=12 s | return_cost=0.7 % | margin_after_return=64.4 %
[INFO] [1790222071.337315371] [sage_energy_monitor]: ENERGY | remaining=85.0 % | voltage=15.93 V | drain_rate=0.056 %/s | home_distance=8.4 m | return_time=12 s | return_cost=0.7 % | margin_after_return=64.3 %
[INFO] [1790222072.335058469] [sage_energy_monitor]: ENERGY | remaining=85.0 % | voltage=15.93 V | drain_rate=0.056 %/s | home_distance=8.4 m | return_time=12 s | return_cost=0.7 % | margin_after_return=64.3 %
[INFO] [1790222073.336733730] [sage_energy_monitor]: ENERGY | remaining=84.9 % | voltage=15.93 V | drain_rate=0.057 %/s | home_distance=8.4 m | return_time=12 s | return_cost=0.7 % | margin_after_return=64.2 %
[INFO] [1790222074.333609715] [sage_energy_monitor]: ENERGY | remaining=84.9 % | voltage=15.93 V | drain_rate=0.057 %/s | home_distance=8.4 m | return_time=12 s | return_cost=0.7 % | margin_after_return=64.2 %
[INFO] [1790222075.333688157] [sage_energy_monitor]: ENERGY | remaining=84.8 % | voltage=15.93 V | drain_rate=0.057 %/s | home_distance=8.4 m | return_time=12 s | return_cost=0.7 % | margin_after_return=64.1 %
[INFO] [1790222076.335512560] [sage_energy_monitor]: ENERGY | remaining=84.8 % | voltage=15.92 V | drain_rate=0.057 %/s | home_distance=8.4 m | return_time=12 s | return_cost=0.7 % | margin_after_return=64.1 %
[INFO] [1790222077.335658940] [sage_energy_monitor]: ENERGY | remaining=84.7 % | voltage=15.92 V | drain_rate=0.056 %/s | home_distance=7.6 m | return_time=12 s | return_cost=0.7 % | margin_after_return=64.0 %
[INFO] [1790222078.333363110] [sage_energy_monitor]: ENERGY | remaining=84.6 % | voltage=15.92 V | drain_rate=0.056 %/s | home_distance=6.7 m | return_time=11 s | return_cost=0.6 % | margin_after_return=64.1 %
[INFO] [1790222079.334582700] [sage_energy_monitor]: ENERGY | remaining=84.6 % | voltage=15.92 V | drain_rate=0.056 %/s | home_distance=6.4 m | return_time=11 s | return_cost=0.6 % | margin_after_return=64.0 %
[INFO] [1790222080.336689948] [sage_energy_monitor]: ENERGY | remaining=84.5 % | voltage=15.92 V | drain_rate=0.056 %/s | home_distance=7.0 m | return_time=11 s | return_cost=0.6 % | margin_after_return=63.9 %
[INFO] [1790222081.339967119] [sage_energy_monitor]: ENERGY | remaining=84.5 % | voltage=15.92 V | drain_rate=0.056 %/s | home_distance=8.0 m | return_time=12 s | return_cost=0.7 % | margin_after_return=63.8 %
[INFO] [1790222082.340055009] [sage_energy_monitor]: ENERGY | remaining=84.4 % | voltage=15.92 V | drain_rate=0.056 %/s | home_distance=9.2 m | return_time=13 s | return_cost=0.7 % | margin_after_return=63.7 %
[INFO] [1790222083.335307443] [sage_energy_monitor]: ENERGY | remaining=84.4 % | voltage=15.92 V | drain_rate=0.056 %/s | home_distance=10.3 m | return_time=14 s | return_cost=0.8 % | margin_after_return=63.6 %
[INFO] [1790222084.334063558] [sage_energy_monitor]: ENERGY | remaining=84.3 % | voltage=15.92 V | drain_rate=0.056 %/s | home_distance=10.9 m | return_time=15 s | return_cost=0.8 % | margin_after_return=63.5 %
[INFO] [1790222085.334662028] [sage_energy_monitor]: ENERGY | remaining=84.3 % | voltage=15.92 V | drain_rate=0.056 %/s | home_distance=11.1 m | return_time=15 s | return_cost=0.9 % | margin_after_return=63.4 %
[INFO] [1790222086.336321983] [sage_energy_monitor]: ENERGY | remaining=84.2 % | voltage=15.91 V | drain_rate=0.057 %/s | home_distance=11.5 m | return_time=16 s | return_cost=0.9 % | margin_after_return=63.3 %
[INFO] [1790222087.333953856] [sage_energy_monitor]: ENERGY | remaining=84.1 % | voltage=15.91 V | drain_rate=0.057 %/s | home_distance=12.2 m | return_time=16 s | return_cost=0.9 % | margin_after_return=63.2 %
[INFO] [1790222088.341476848] [sage_energy_monitor]: ENERGY | remaining=84.1 % | voltage=15.91 V | drain_rate=0.057 %/s | home_distance=12.6 m | return_time=17 s | return_cost=1.0 % | margin_after_return=63.1 %
[INFO] [1790222089.334533707] [sage_energy_monitor]: ENERGY | remaining=84.0 % | voltage=15.91 V | drain_rate=0.057 %/s | home_distance=12.6 m | return_time=17 s | return_cost=1.0 % | margin_after_return=63.1 %
[INFO] [1790222090.335741903] [sage_energy_monitor]: ENERGY | remaining=84.0 % | voltage=15.91 V | drain_rate=0.057 %/s | home_distance=12.5 m | return_time=17 s | return_cost=1.0 % | margin_after_return=63.0 %
[INFO] [1790222091.333717721] [sage_energy_monitor]: ENERGY | remaining=83.9 % | voltage=15.91 V | drain_rate=0.057 %/s | home_distance=12.4 m | return_time=17 s | return_cost=0.9 % | margin_after_return=63.0 %
[INFO] [1790222092.336656414] [sage_energy_monitor]: ENERGY | remaining=83.9 % | voltage=15.91 V | drain_rate=0.057 %/s | home_distance=12.2 m | return_time=16 s | return_cost=0.9 % | margin_after_return=62.9 %
[INFO] [1790222093.334404012] [sage_energy_monitor]: ENERGY | remaining=83.8 % | voltage=15.91 V | drain_rate=0.056 %/s | home_distance=11.4 m | return_time=15 s | return_cost=0.9 % | margin_after_return=62.9 %
[INFO] [1790222094.334207096] [sage_energy_monitor]: ENERGY | remaining=83.7 % | voltage=15.91 V | drain_rate=0.056 %/s | home_distance=9.5 m | return_time=14 s | return_cost=0.8 % | margin_after_return=63.0 %
[INFO] [1790222095.335416516] [sage_energy_monitor]: ENERGY | remaining=83.7 % | voltage=15.90 V | drain_rate=0.056 %/s | home_distance=7.6 m | return_time=12 s | return_cost=0.7 % | margin_after_return=63.0 %
[INFO] [1790222096.337341707] [sage_energy_monitor]: ENERGY | remaining=83.6 % | voltage=15.90 V | drain_rate=0.056 %/s | home_distance=7.0 m | return_time=11 s | return_cost=0.6 % | margin_after_return=63.0 %
[INFO] [1790222097.334149107] [sage_energy_monitor]: ENERGY | remaining=83.6 % | voltage=15.90 V | drain_rate=0.056 %/s | home_distance=6.5 m | return_time=10 s | return_cost=0.6 % | margin_after_return=63.0 %
[INFO] [1790222098.336467263] [sage_energy_monitor]: ENERGY | remaining=83.5 % | voltage=15.90 V | drain_rate=0.056 %/s | home_distance=6.0 m | return_time=10 s | return_cost=0.6 % | margin_after_return=62.9 %
[INFO] [1790222099.336976130] [sage_energy_monitor]: ENERGY | remaining=83.5 % | voltage=15.90 V | drain_rate=0.056 %/s | home_distance=6.0 m | return_time=10 s | return_cost=0.6 % | margin_after_return=62.9 %
[INFO] [1790222100.335588626] [sage_energy_monitor]: ENERGY | remaining=83.4 % | voltage=15.90 V | drain_rate=0.057 %/s | home_distance=5.8 m | return_time=10 s | return_cost=0.6 % | margin_after_return=62.8 %
[INFO] [1790222101.338094800] [sage_energy_monitor]: ENERGY | remaining=83.3 % | voltage=15.90 V | drain_rate=0.057 %/s | home_distance=5.1 m | return_time=9 s | return_cost=0.5 % | margin_after_return=62.8 %
[INFO] [1790222102.335251893] [sage_energy_monitor]: ENERGY | remaining=83.3 % | voltage=15.90 V | drain_rate=0.057 %/s | home_distance=4.1 m | return_time=8 s | return_cost=0.4 % | margin_after_return=62.8 %
[INFO] [1790222103.335583256] [sage_energy_monitor]: ENERGY | remaining=83.2 % | voltage=15.90 V | drain_rate=0.057 %/s | home_distance=4.0 m | return_time=8 s | return_cost=0.5 % | margin_after_return=62.8 %
[INFO] [1790222104.341582041] [sage_energy_monitor]: ENERGY | remaining=83.2 % | voltage=15.90 V | drain_rate=0.057 %/s | home_distance=5.4 m | return_time=9 s | return_cost=0.5 % | margin_after_return=62.6 %
[INFO] [1790222105.333822591] [sage_energy_monitor]: ENERGY | remaining=83.1 % | voltage=15.89 V | drain_rate=0.057 %/s | home_distance=6.9 m | return_time=11 s | return_cost=0.6 % | margin_after_return=62.5 %
[INFO] [1790222106.335396251] [sage_energy_monitor]: ENERGY | remaining=83.1 % | voltage=15.89 V | drain_rate=0.057 %/s | home_distance=8.3 m | return_time=12 s | return_cost=0.7 % | margin_after_return=62.4 %
[INFO] [1790222107.342128713] [sage_energy_monitor]: ENERGY | remaining=83.0 % | voltage=15.89 V | drain_rate=0.057 %/s | home_distance=8.9 m | return_time=13 s | return_cost=0.7 % | margin_after_return=62.3 %
[INFO] [1790222108.335392333] [sage_energy_monitor]: ENERGY | remaining=82.9 % | voltage=15.89 V | drain_rate=0.057 %/s | home_distance=9.1 m | return_time=13 s | return_cost=0.7 % | margin_after_return=62.2 %
[INFO] [1790222109.335129489] [sage_energy_monitor]: ENERGY | remaining=82.9 % | voltage=15.89 V | drain_rate=0.057 %/s | home_distance=9.0 m | return_time=13 s | return_cost=0.7 % | margin_after_return=62.2 %
[INFO] [1790222110.333723572] [sage_energy_monitor]: ENERGY | remaining=82.8 % | voltage=15.89 V | drain_rate=0.057 %/s | home_distance=8.7 m | return_time=13 s | return_cost=0.7 % | margin_after_return=62.1 %
[INFO] [1790222111.345593670] [sage_energy_monitor]: ENERGY | remaining=82.8 % | voltage=15.89 V | drain_rate=0.057 %/s | home_distance=8.6 m | return_time=13 s | return_cost=0.7 % | margin_after_return=62.1 %
[INFO] [1790222112.339029546] [sage_energy_monitor]: ENERGY | remaining=82.7 % | voltage=15.89 V | drain_rate=0.057 %/s | home_distance=8.5 m | return_time=13 s | return_cost=0.7 % | margin_after_return=62.0 %
[INFO] [1790222113.334499004] [sage_energy_monitor]: ENERGY | remaining=82.7 % | voltage=15.89 V | drain_rate=0.057 %/s | home_distance=8.2 m | return_time=12 s | return_cost=0.7 % | margin_after_return=62.0 %
[INFO] [1790222114.339231696] [sage_energy_monitor]: ENERGY | remaining=82.6 % | voltage=15.89 V | drain_rate=0.057 %/s | home_distance=7.0 m | return_time=11 s | return_cost=0.6 % | margin_after_return=62.0 %
[INFO] [1790222115.336003028] [sage_energy_monitor]: ENERGY | remaining=82.6 % | voltage=15.88 V | drain_rate=0.057 %/s | home_distance=5.3 m | return_time=9 s | return_cost=0.5 % | margin_after_return=62.0 %
[INFO] [1790222116.335709039] [sage_energy_monitor]: ENERGY | remaining=82.5 % | voltage=15.88 V | drain_rate=0.056 %/s | home_distance=3.8 m | return_time=8 s | return_cost=0.4 % | margin_after_return=62.1 %
[INFO] [1790222117.341374645] [sage_energy_monitor]: ENERGY | remaining=82.4 % | voltage=15.88 V | drain_rate=0.056 %/s | home_distance=2.7 m | return_time=7 s | return_cost=0.4 % | margin_after_return=62.1 %
[INFO] [1790222118.336852000] [sage_energy_monitor]: ENERGY | remaining=82.4 % | voltage=15.88 V | drain_rate=0.057 %/s | home_distance=2.8 m | return_time=7 s | return_cost=0.4 % | margin_after_return=62.0 %
[INFO] [1790222119.339654582] [sage_energy_monitor]: ENERGY | remaining=82.3 % | voltage=15.88 V | drain_rate=0.057 %/s | home_distance=4.1 m | return_time=8 s | return_cost=0.5 % | margin_after_return=61.9 %
[INFO] [1790222120.335840629] [sage_energy_monitor]: ENERGY | remaining=82.3 % | voltage=15.88 V | drain_rate=0.057 %/s | home_distance=5.1 m | return_time=9 s | return_cost=0.5 % | margin_after_return=61.8 %
[INFO] [1790222121.333784859] [sage_energy_monitor]: ENERGY | remaining=82.2 % | voltage=15.88 V | drain_rate=0.057 %/s | home_distance=5.6 m | return_time=10 s | return_cost=0.5 % | margin_after_return=61.7 %
[INFO] [1790222122.339221548] [sage_energy_monitor]: ENERGY | remaining=82.2 % | voltage=15.88 V | drain_rate=0.057 %/s | home_distance=5.7 m | return_time=9 s | return_cost=0.5 % | margin_after_return=61.6 %
[INFO] [1790222123.339750381] [sage_energy_monitor]: ENERGY | remaining=82.1 % | voltage=15.88 V | drain_rate=0.057 %/s | home_distance=5.5 m | return_time=9 s | return_cost=0.5 % | margin_after_return=61.6 %
[INFO] [1790222124.336486143] [sage_energy_monitor]: ENERGY | remaining=82.0 % | voltage=15.88 V | drain_rate=0.057 %/s | home_distance=6.0 m | return_time=10 s | return_cost=0.6 % | margin_after_return=61.5 %
[INFO] [1790222125.341448762] [sage_energy_monitor]: ENERGY | remaining=82.0 % | voltage=15.87 V | drain_rate=0.057 %/s | home_distance=6.6 m | return_time=11 s | return_cost=0.6 % | margin_after_return=61.4 %
[INFO] [1790222126.333695103] [sage_energy_monitor]: ENERGY | remaining=81.9 % | voltage=15.87 V | drain_rate=0.057 %/s | home_distance=6.9 m | return_time=11 s | return_cost=0.6 % | margin_after_return=61.3 %
[INFO] [1790222127.335632400] [sage_energy_monitor]: ENERGY | remaining=81.9 % | voltage=15.87 V | drain_rate=0.057 %/s | home_distance=8.3 m | return_time=12 s | return_cost=0.7 % | margin_after_return=61.2 %
[INFO] [1790222128.334715582] [sage_energy_monitor]: ENERGY | remaining=81.8 % | voltage=15.87 V | drain_rate=0.057 %/s | home_distance=9.7 m | return_time=14 s | return_cost=0.8 % | margin_after_return=61.0 %
[INFO] [1790222129.334721280] [sage_energy_monitor]: ENERGY | remaining=81.8 % | voltage=15.87 V | drain_rate=0.057 %/s | home_distance=10.2 m | return_time=14 s | return_cost=0.8 % | margin_after_return=60.9 %
[INFO] [1790222130.335118954] [sage_energy_monitor]: ENERGY | remaining=81.7 % | voltage=15.87 V | drain_rate=0.057 %/s | home_distance=10.6 m | return_time=14 s | return_cost=0.8 % | margin_after_return=60.9 %
[INFO] [1790222131.333824405] [sage_energy_monitor]: ENERGY | remaining=81.6 % | voltage=15.87 V | drain_rate=0.057 %/s | home_distance=11.3 m | return_time=15 s | return_cost=0.9 % | margin_after_return=60.8 %
[INFO] [1790222132.335497401] [sage_energy_monitor]: ENERGY | remaining=81.6 % | voltage=15.87 V | drain_rate=0.057 %/s | home_distance=11.7 m | return_time=16 s | return_cost=0.9 % | margin_after_return=60.7 %
[INFO] [1790222133.336707997] [sage_energy_monitor]: ENERGY | remaining=81.5 % | voltage=15.87 V | drain_rate=0.057 %/s | home_distance=11.8 m | return_time=16 s | return_cost=0.9 % | margin_after_return=60.6 %
[INFO] [1790222134.334003836] [sage_energy_monitor]: ENERGY | remaining=81.5 % | voltage=15.87 V | drain_rate=0.056 %/s | home_distance=11.6 m | return_time=16 s | return_cost=0.9 % | margin_after_return=60.6 %
[INFO] [1790222135.333607389] [sage_energy_monitor]: ENERGY | remaining=81.4 % | voltage=15.86 V | drain_rate=0.056 %/s | home_distance=11.4 m | return_time=15 s | return_cost=0.9 % | margin_after_return=60.6 %
[INFO] [1790222136.338772820] [sage_energy_monitor]: ENERGY | remaining=81.4 % | voltage=15.86 V | drain_rate=0.057 %/s | home_distance=10.3 m | return_time=14 s | return_cost=0.8 % | margin_after_return=60.6 %
[INFO] [1790222137.336474447] [sage_energy_monitor]: ENERGY | remaining=81.3 % | voltage=15.86 V | drain_rate=0.056 %/s | home_distance=9.0 m | return_time=13 s | return_cost=0.7 % | margin_after_return=60.6 %
[INFO] [1790222138.334679476] [sage_energy_monitor]: ENERGY | remaining=81.3 % | voltage=15.86 V | drain_rate=0.057 %/s | home_distance=7.8 m | return_time=12 s | return_cost=0.7 % | margin_after_return=60.6 %
[INFO] [1790222139.334907386] [sage_energy_monitor]: ENERGY | remaining=81.2 % | voltage=15.86 V | drain_rate=0.057 %/s | home_distance=7.2 m | return_time=11 s | return_cost=0.6 % | margin_after_return=60.6 %
[INFO] [1790222140.336199103] [sage_energy_monitor]: ENERGY | remaining=81.1 % | voltage=15.86 V | drain_rate=0.057 %/s | home_distance=5.5 m | return_time=10 s | return_cost=0.6 % | margin_after_return=60.6 %
[INFO] [1790222141.339572761] [sage_energy_monitor]: ENERGY | remaining=81.1 % | voltage=15.86 V | drain_rate=0.057 %/s | home_distance=3.7 m | return_time=8 s | return_cost=0.4 % | margin_after_return=60.6 %
[INFO] [1790222142.334521249] [sage_energy_monitor]: ENERGY | remaining=81.0 % | voltage=15.86 V | drain_rate=0.057 %/s | home_distance=2.0 m | return_time=6 s | return_cost=0.3 % | margin_after_return=60.7 %
[INFO] [1790222143.335655205] [sage_energy_monitor]: ENERGY | remaining=81.0 % | voltage=15.86 V | drain_rate=0.057 %/s | home_distance=0.3 m | return_time=4 s | return_cost=0.3 % | margin_after_return=60.7 %
[INFO] [1790222144.334837064] [sage_energy_monitor]: ENERGY | remaining=80.9 % | voltage=15.85 V | drain_rate=0.057 %/s | home_distance=1.4 m | return_time=5 s | return_cost=0.3 % | margin_after_return=60.6 %
[INFO] [1790222145.336870043] [sage_energy_monitor]: ENERGY | remaining=80.9 % | voltage=15.85 V | drain_rate=0.057 %/s | home_distance=3.1 m | return_time=7 s | return_cost=0.4 % | margin_after_return=60.4 %
[INFO] [1790222146.334648928] [sage_energy_monitor]: ENERGY | remaining=80.8 % | voltage=15.85 V | drain_rate=0.057 %/s | home_distance=4.3 m | return_time=8 s | return_cost=0.5 % | margin_after_return=60.3 %
[INFO] [1790222147.333597880] [sage_energy_monitor]: ENERGY | remaining=80.7 % | voltage=15.85 V | drain_rate=0.057 %/s | home_distance=4.8 m | return_time=9 s | return_cost=0.5 % | margin_after_return=60.2 %
[INFO] [1790222148.338851389] [sage_energy_monitor]: ENERGY | remaining=80.7 % | voltage=15.85 V | drain_rate=0.057 %/s | home_distance=4.8 m | return_time=9 s | return_cost=0.5 % | margin_after_return=60.2 %
[INFO] [1790222149.333849849] [sage_energy_monitor]: ENERGY | remaining=80.6 % | voltage=15.85 V | drain_rate=0.057 %/s | home_distance=4.3 m | return_time=8 s | return_cost=0.5 % | margin_after_return=60.2 %
[INFO] [1790222150.333958266] [sage_energy_monitor]: ENERGY | remaining=80.6 % | voltage=15.85 V | drain_rate=0.057 %/s | home_distance=4.4 m | return_time=8 s | return_cost=0.5 % | margin_after_return=60.1 %
[INFO] [1790222151.334301020] [sage_energy_monitor]: ENERGY | remaining=80.5 % | voltage=15.85 V | drain_rate=0.057 %/s | home_distance=4.9 m | return_time=9 s | return_cost=0.5 % | margin_after_return=60.0 %
[INFO] [1790222152.333377307] [sage_energy_monitor]: ENERGY | remaining=80.5 % | voltage=15.85 V | drain_rate=0.057 %/s | home_distance=5.1 m | return_time=9 s | return_cost=0.5 % | margin_after_return=60.0 %
[INFO] [1790222153.336231552] [sage_energy_monitor]: ENERGY | remaining=80.4 % | voltage=15.85 V | drain_rate=0.057 %/s | home_distance=4.1 m | return_time=8 s | return_cost=0.5 % | margin_after_return=60.0 %
[INFO] [1790222154.336944650] [sage_energy_monitor]: ENERGY | remaining=80.4 % | voltage=15.84 V | drain_rate=0.056 %/s | home_distance=3.3 m | return_time=7 s | return_cost=0.4 % | margin_after_return=59.9 %
[INFO] [1790222155.334151505] [sage_energy_monitor]: ENERGY | remaining=80.3 % | voltage=15.84 V | drain_rate=0.056 %/s | home_distance=3.1 m | return_time=7 s | return_cost=0.4 % | margin_after_return=59.9 %
[INFO] [1790222156.336491756] [sage_energy_monitor]: ENERGY | remaining=80.2 % | voltage=15.84 V | drain_rate=0.056 %/s | home_distance=3.1 m | return_time=7 s | return_cost=0.4 % | margin_after_return=59.9 %
[INFO] [1790222157.335005682] [sage_energy_monitor]: ENERGY | remaining=80.2 % | voltage=15.84 V | drain_rate=0.056 %/s | home_distance=1.8 m | return_time=6 s | return_cost=0.3 % | margin_after_return=59.9 %
[INFO] [1790222158.334286548] [sage_energy_monitor]: ENERGY | remaining=80.1 % | voltage=15.84 V | drain_rate=0.056 %/s | home_distance=0.1 m | return_time=4 s | return_cost=0.2 % | margin_after_return=59.9 %
[INFO] [1790222159.336771812] [sage_energy_monitor]: ENERGY | remaining=80.1 % | voltage=15.84 V | drain_rate=0.056 %/s | home_distance=1.1 m | return_time=5 s | return_cost=0.3 % | margin_after_return=59.8 %
[INFO] [1790222160.333921142] [sage_energy_monitor]: ENERGY | remaining=80.0 % | voltage=15.84 V | drain_rate=0.056 %/s | home_distance=1.2 m | return_time=5 s | return_cost=0.3 % | margin_after_return=59.7 %
[INFO] [1790222161.333472868] [sage_energy_monitor]: ENERGY | remaining=80.0 % | voltage=15.84 V | drain_rate=0.056 %/s | home_distance=0.6 m | return_time=4 s | return_cost=0.2 % | margin_after_return=59.7 %
[INFO] [1790222162.339325104] [sage_energy_monitor]: ENERGY | remaining=79.9 % | voltage=15.84 V | drain_rate=0.056 %/s | home_distance=2.1 m | return_time=6 s | return_cost=0.3 % | margin_after_return=59.6 %
[INFO] [1790222163.333604227] [sage_energy_monitor]: ENERGY | remaining=79.9 % | voltage=15.84 V | drain_rate=0.056 %/s | home_distance=3.0 m | return_time=7 s | return_cost=0.4 % | margin_after_return=59.5 %
[INFO] [1790222164.333747248] [sage_energy_monitor]: ENERGY | remaining=79.8 % | voltage=15.84 V | drain_rate=0.056 %/s | home_distance=3.6 m | return_time=7 s | return_cost=0.4 % | margin_after_return=59.4 %
[INFO] [1790222165.335088629] [sage_energy_monitor]: ENERGY | remaining=79.8 % | voltage=15.83 V | drain_rate=0.056 %/s | home_distance=5.2 m | return_time=9 s | return_cost=0.5 % | margin_after_return=59.3 %
[INFO] [1790222166.339668502] [sage_energy_monitor]: ENERGY | remaining=79.7 % | voltage=15.83 V | drain_rate=0.056 %/s | home_distance=6.9 m | return_time=11 s | return_cost=0.6 % | margin_after_return=59.1 %
[INFO] [1790222167.335655420] [sage_energy_monitor]: ENERGY | remaining=79.6 % | voltage=15.83 V | drain_rate=0.056 %/s | home_distance=8.1 m | return_time=12 s | return_cost=0.7 % | margin_after_return=59.0 %
[INFO] [1790222168.336570678] [sage_energy_monitor]: ENERGY | remaining=79.6 % | voltage=15.83 V | drain_rate=0.055 %/s | home_distance=8.5 m | return_time=13 s | return_cost=0.7 % | margin_after_return=58.9 %
[INFO] [1790222169.334457186] [sage_energy_monitor]: ENERGY | remaining=79.5 % | voltage=15.83 V | drain_rate=0.055 %/s | home_distance=8.5 m | return_time=13 s | return_cost=0.7 % | margin_after_return=58.8 %
[INFO] [1790222170.340664900] [sage_energy_monitor]: ENERGY | remaining=79.5 % | voltage=15.83 V | drain_rate=0.055 %/s | home_distance=8.5 m | return_time=13 s | return_cost=0.7 % | margin_after_return=58.8 %
[INFO] [1790222171.341871677] [sage_energy_monitor]: ENERGY | remaining=79.4 % | voltage=15.83 V | drain_rate=0.055 %/s | home_distance=8.5 m | return_time=13 s | return_cost=0.7 % | margin_after_return=58.7 %
[INFO] [1790222172.337331857] [sage_energy_monitor]: ENERGY | remaining=79.4 % | voltage=15.83 V | drain_rate=0.055 %/s | home_distance=8.5 m | return_time=13 s | return_cost=0.7 % | margin_after_return=58.7 %
[INFO] [1790222173.340389183] [sage_energy_monitor]: ENERGY | remaining=79.3 % | voltage=15.83 V | drain_rate=0.055 %/s | home_distance=8.5 m | return_time=13 s | return_cost=0.7 % | margin_after_return=58.6 %
[INFO] [1790222174.335389326] [sage_energy_monitor]: ENERGY | remaining=79.3 % | voltage=15.82 V | drain_rate=0.055 %/s | home_distance=8.5 m | return_time=13 s | return_cost=0.7 % | margin_after_return=58.6 %
[INFO] [1790222175.335109076] [sage_energy_monitor]: ENERGY | remaining=79.2 % | voltage=15.82 V | drain_rate=0.055 %/s | home_distance=8.4 m | return_time=13 s | return_cost=0.7 % | margin_after_return=58.5 %
[INFO] [1790222176.335507601] [sage_energy_monitor]: ENERGY | remaining=79.1 % | voltage=15.82 V | drain_rate=0.055 %/s | home_distance=8.4 m | return_time=13 s | return_cost=0.7 % | margin_after_return=58.4 %
[INFO] [1790222177.334538371] [sage_energy_monitor]: ENERGY | remaining=79.1 % | voltage=15.82 V | drain_rate=0.055 %/s | home_distance=8.2 m | return_time=12 s | return_cost=0.7 % | margin_after_return=58.4 %
[INFO] [1790222178.334955177] [sage_energy_monitor]: ENERGY | remaining=79.0 % | voltage=15.82 V | drain_rate=0.055 %/s | home_distance=7.4 m | return_time=12 s | return_cost=0.6 % | margin_after_return=58.4 %
[INFO] [1790222179.334647118] [sage_energy_monitor]: ENERGY | remaining=79.0 % | voltage=15.82 V | drain_rate=0.055 %/s | home_distance=6.7 m | return_time=11 s | return_cost=0.6 % | margin_after_return=58.4 %
[INFO] [1790222180.338462258] [sage_energy_monitor]: ENERGY | remaining=78.9 % | voltage=15.82 V | drain_rate=0.055 %/s | home_distance=5.8 m | return_time=10 s | return_cost=0.6 % | margin_after_return=58.4 %
[INFO] [1790222181.339388904] [sage_energy_monitor]: ENERGY | remaining=78.9 % | voltage=15.82 V | drain_rate=0.055 %/s | home_distance=4.9 m | return_time=9 s | return_cost=0.5 % | margin_after_return=58.4 %
[INFO] [1790222182.340238892] [sage_energy_monitor]: ENERGY | remaining=78.8 % | voltage=15.82 V | drain_rate=0.055 %/s | home_distance=4.0 m | return_time=8 s | return_cost=0.4 % | margin_after_return=58.4 %
[INFO] [1790222183.334897485] [sage_energy_monitor]: ENERGY | remaining=78.7 % | voltage=15.82 V | drain_rate=0.055 %/s | home_distance=3.1 m | return_time=7 s | return_cost=0.4 % | margin_after_return=58.3 %
[INFO] [1790222184.333519497] [sage_energy_monitor]: ENERGY | remaining=78.7 % | voltage=15.81 V | drain_rate=0.056 %/s | home_distance=2.2 m | return_time=6 s | return_cost=0.4 % | margin_after_return=58.3 %
[INFO] [1790222185.335770885] [sage_energy_monitor]: ENERGY | remaining=78.6 % | voltage=15.81 V | drain_rate=0.056 %/s | home_distance=1.3 m | return_time=5 s | return_cost=0.3 % | margin_after_return=58.3 %
[INFO] [1790222186.334739424] [sage_energy_monitor]: ENERGY | remaining=78.6 % | voltage=15.81 V | drain_rate=0.056 %/s | home_distance=0.4 m | return_time=5 s | return_cost=0.3 % | margin_after_return=58.3 %
[INFO] [1790222187.333789383] [sage_energy_monitor]: ENERGY | remaining=78.5 % | voltage=15.81 V | drain_rate=0.056 %/s | home_distance=0.2 m | return_time=4 s | return_cost=0.2 % | margin_after_return=58.3 %
[INFO] [1790222188.335805072] [sage_energy_monitor]: ENERGY | remaining=78.5 % | voltage=15.81 V | drain_rate=0.056 %/s | home_distance=0.3 m | return_time=3 s | return_cost=0.2 % | margin_after_return=58.3 %
[INFO] [1790222189.334533087] [sage_energy_monitor]: ENERGY | remaining=78.4 % | voltage=15.81 V | drain_rate=0.056 %/s | home_distance=0.3 m | return_time=3 s | return_cost=0.1 % | margin_after_return=58.3 %
[INFO] [1790222190.333657421] [sage_energy_monitor]: ENERGY | remaining=78.3 % | voltage=15.81 V | drain_rate=0.056 %/s | home_distance=0.4 m | return_time=1 s | return_cost=0.1 % | margin_after_return=58.3 %
[INFO] [1790222191.333916370] [sage_energy_monitor]: ENERGY | remaining=78.3 % | voltage=15.81 V | drain_rate=0.057 %/s | home_distance=0.4 m | return_time=0 s | return_cost=0.0 % | margin_after_return=58.2 %
[INFO] [1790222192.335093866] [sage_energy_monitor]: ENERGY | remaining=78.2 % | voltage=15.81 V | drain_rate=0.057 %/s | home_distance=0.4 m | return_time=0 s | return_cost=0.0 % | margin_after_return=58.2 %
[INFO] [1790222193.336463016] [sage_energy_monitor]: ENERGY | remaining=78.1 % | voltage=15.81 V | drain_rate=0.057 %/s | home_distance=0.3 m | return_time=0 s | return_cost=0.0 % | margin_after_return=58.1 %
[INFO] [1790222194.333659402] [sage_energy_monitor]: ENERGY | remaining=81.9 % | voltage=16.20 V | drain_rate=0.000 %/s | home_distance=0.3 m | return_time=0 s | return_cost=0.0 % | margin_after_return=61.9 %
[INFO] [1790222195.336658881] [sage_energy_monitor]: ENERGY | remaining=91.1 % | voltage=16.20 V | drain_rate=0.000 %/s | home_distance=0.3 m | return_time=0 s | return_cost=0.0 % | margin_after_return=71.1 %
[INFO] [1790222196.334854239] [sage_energy_monitor]: ENERGY | remaining=95.8 % | voltage=16.20 V | drain_rate=0.000 %/s | home_distance=0.4 m | return_time=0 s | return_cost=0.0 % | margin_after_return=75.8 %
[INFO] [1790222197.334530214] [sage_energy_monitor]: ENERGY | remaining=97.9 % | voltage=16.20 V | drain_rate=0.000 %/s | home_distance=0.4 m | return_time=0 s | return_cost=0.0 % | margin_after_return=77.9 %
[INFO] [1790222198.336275433] [sage_energy_monitor]: ENERGY | remaining=99.0 % | voltage=16.20 V | drain_rate=0.000 %/s | home_distance=0.4 m | return_time=0 s | return_cost=0.0 % | margin_after_return=79.0 %
[INFO] [1790222199.334865128] [sage_energy_monitor]: ENERGY | remaining=99.5 % | voltage=16.20 V | drain_rate=0.000 %/s | home_distance=0.4 m | return_time=0 s | return_cost=0.0 % | margin_after_return=79.5 %
[INFO] [1790222200.333407632] [sage_energy_monitor]: ENERGY | remaining=99.8 % | voltage=16.20 V | drain_rate=0.000 %/s | home_distance=0.4 m | return_time=0 s | return_cost=0.0 % | margin_after_return=79.8 %
[INFO] [1790222201.333669167] [sage_energy_monitor]: ENERGY | remaining=99.9 % | voltage=16.20 V | drain_rate=0.000 %/s | home_distance=0.4 m | return_time=0 s | return_cost=0.0 % | margin_after_return=79.9 %
[INFO] [1790222202.335134728] [sage_energy_monitor]: ENERGY | remaining=99.9 % | voltage=16.20 V | drain_rate=0.000 %/s | home_distance=0.4 m | return_time=0 s | return_cost=0.0 % | margin_after_return=79.9 %
