[INFO] [1790215101.556622419] [sage_energy_monitor]: SAGE energy monitor started.
[INFO] [1790215101.557435822] [sage_energy_monitor]: Cruise speed 1.0 m/s | reserve 0.20
[INFO] [1790215102.414239185] [sage_energy_monitor]: ENERGY | remaining=98.7 % | voltage=16.18 V | drain_rate=n/a | home_distance=0.0 m | return_time=3 s | return_cost=n/a | margin_after_return=n/a
[INFO] [1790215103.406501688] [sage_energy_monitor]: ENERGY | remaining=98.7 % | voltage=16.17 V | drain_rate=n/a | home_distance=0.1 m | return_time=3 s | return_cost=n/a | margin_after_return=n/a
[INFO] [1790215104.408767344] [sage_energy_monitor]: ENERGY | remaining=98.6 % | voltage=16.17 V | drain_rate=n/a | home_distance=0.1 m | return_time=3 s | return_cost=n/a | margin_after_return=n/a
[INFO] [1790215105.406773343] [sage_energy_monitor]: ENERGY | remaining=98.5 % | voltage=16.17 V | drain_rate=n/a | home_distance=0.1 m | return_time=3 s | return_cost=n/a | margin_after_return=n/a
[INFO] [1790215106.407158981] [sage_energy_monitor]: ENERGY | remaining=98.4 % | voltage=16.17 V | drain_rate=n/a | home_distance=0.1 m | return_time=3 s | return_cost=n/a | margin_after_return=n/a
[INFO] [1790215107.406938989] [sage_energy_monitor]: ENERGY | remaining=98.4 % | voltage=16.17 V | drain_rate=0.075 %/s | home_distance=0.1 m | return_time=3 s | return_cost=0.2 % | margin_after_return=78.2 %
[INFO] [1790215108.406048893] [sage_energy_monitor]: ENERGY | remaining=98.3 % | voltage=16.17 V | drain_rate=0.075 %/s | home_distance=0.1 m | return_time=3 s | return_cost=0.2 % | margin_after_return=78.1 %
[INFO] [1790215109.416000681] [sage_energy_monitor]: ENERGY | remaining=98.2 % | voltage=16.17 V | drain_rate=0.074 %/s | home_distance=0.0 m | return_time=3 s | return_cost=0.2 % | margin_after_return=78.0 %
[INFO] [1790215110.406664046] [sage_energy_monitor]: ENERGY | remaining=98.2 % | voltage=16.17 V | drain_rate=0.072 %/s | home_distance=0.1 m | return_time=3 s | return_cost=0.2 % | margin_after_return=77.9 %
[INFO] [1790215111.406029568] [sage_energy_monitor]: ENERGY | remaining=98.1 % | voltage=16.16 V | drain_rate=0.072 %/s | home_distance=0.0 m | return_time=3 s | return_cost=0.2 % | margin_after_return=77.9 %
[INFO] [1790215112.406378616] [sage_energy_monitor]: ENERGY | remaining=98.0 % | voltage=16.16 V | drain_rate=0.072 %/s | home_distance=0.0 m | return_time=3 s | return_cost=0.2 % | margin_after_return=77.8 %
[INFO] [1790215113.406346013] [sage_energy_monitor]: ENERGY | remaining=98.0 % | voltage=16.16 V | drain_rate=0.072 %/s | home_distance=0.0 m | return_time=3 s | return_cost=0.2 % | margin_after_return=77.8 %
[INFO] [1790215114.406765905] [sage_energy_monitor]: ENERGY | remaining=97.9 % | voltage=16.16 V | drain_rate=0.071 %/s | home_distance=0.1 m | return_time=3 s | return_cost=0.2 % | margin_after_return=77.7 %
[INFO] [1790215115.406443191] [sage_energy_monitor]: ENERGY | remaining=97.8 % | voltage=16.16 V | drain_rate=0.070 %/s | home_distance=0.1 m | return_time=3 s | return_cost=0.2 % | margin_after_return=77.6 %
[INFO] [1790215116.409167876] [sage_energy_monitor]: ENERGY | remaining=97.8 % | voltage=16.16 V | drain_rate=0.069 %/s | home_distance=0.1 m | return_time=3 s | return_cost=0.2 % | margin_after_return=77.6 %
[INFO] [1790215117.407346001] [sage_energy_monitor]: ENERGY | remaining=97.7 % | voltage=16.16 V | drain_rate=0.069 %/s | home_distance=0.1 m | return_time=3 s | return_cost=0.2 % | margin_after_return=77.5 %
[INFO] [1790215118.407950617] [sage_energy_monitor]: ENERGY | remaining=97.7 % | voltage=16.16 V | drain_rate=0.069 %/s | home_distance=0.0 m | return_time=3 s | return_cost=0.2 % | margin_after_return=77.5 %
[INFO] [1790215119.413268190] [sage_energy_monitor]: ENERGY | remaining=97.6 % | voltage=16.16 V | drain_rate=0.068 %/s | home_distance=0.0 m | return_time=3 s | return_cost=0.2 % | margin_after_return=77.4 %
[INFO] [1790215120.408241995] [sage_energy_monitor]: ENERGY | remaining=97.5 % | voltage=16.15 V | drain_rate=0.067 %/s | home_distance=0.0 m | return_time=3 s | return_cost=0.2 % | margin_after_return=77.4 %
[INFO] [1790215121.412305671] [sage_energy_monitor]: ENERGY | remaining=97.5 % | voltage=16.15 V | drain_rate=0.066 %/s | home_distance=0.0 m | return_time=3 s | return_cost=0.2 % | margin_after_return=77.3 %
[INFO] [1790215122.411945768] [sage_energy_monitor]: ENERGY | remaining=97.5 % | voltage=16.15 V | drain_rate=0.065 %/s | home_distance=0.0 m | return_time=3 s | return_cost=0.2 % | margin_after_return=77.2 %
[INFO] [1790215123.408451595] [sage_energy_monitor]: ENERGY | remaining=97.4 % | voltage=16.15 V | drain_rate=0.064 %/s | home_distance=0.0 m | return_time=3 s | return_cost=0.2 % | margin_after_return=77.2 %
[INFO] [1790215124.406795323] [sage_energy_monitor]: ENERGY | remaining=97.4 % | voltage=16.15 V | drain_rate=0.063 %/s | home_distance=0.0 m | return_time=3 s | return_cost=0.2 % | margin_after_return=77.2 %
[INFO] [1790215125.410353276] [sage_energy_monitor]: ENERGY | remaining=97.3 % | voltage=16.15 V | drain_rate=0.063 %/s | home_distance=0.0 m | return_time=3 s | return_cost=0.2 % | margin_after_return=77.1 %
[INFO] [1790215126.408081989] [sage_energy_monitor]: ENERGY | remaining=97.3 % | voltage=16.15 V | drain_rate=0.063 %/s | home_distance=0.0 m | return_time=4 s | return_cost=0.2 % | margin_after_return=77.0 %
[INFO] [1790215127.410501662] [sage_energy_monitor]: ENERGY | remaining=97.2 % | voltage=16.15 V | drain_rate=0.063 %/s | home_distance=0.0 m | return_time=4 s | return_cost=0.2 % | margin_after_return=77.0 %
[INFO] [1790215128.408862456] [sage_energy_monitor]: ENERGY | remaining=97.1 % | voltage=16.15 V | drain_rate=0.063 %/s | home_distance=0.0 m | return_time=4 s | return_cost=0.2 % | margin_after_return=76.9 %
[INFO] [1790215129.407488093] [sage_energy_monitor]: ENERGY | remaining=97.1 % | voltage=16.15 V | drain_rate=0.063 %/s | home_distance=0.0 m | return_time=4 s | return_cost=0.2 % | margin_after_return=76.8 %
[INFO] [1790215130.409283883] [sage_energy_monitor]: ENERGY | remaining=97.0 % | voltage=16.14 V | drain_rate=0.063 %/s | home_distance=0.0 m | return_time=4 s | return_cost=0.3 % | margin_after_return=76.7 %
[INFO] [1790215131.406932875] [sage_energy_monitor]: ENERGY | remaining=96.9 % | voltage=16.14 V | drain_rate=0.063 %/s | home_distance=0.0 m | return_time=4 s | return_cost=0.3 % | margin_after_return=76.7 %
[INFO] [1790215132.408543463] [sage_energy_monitor]: ENERGY | remaining=96.9 % | voltage=16.14 V | drain_rate=0.063 %/s | home_distance=0.0 m | return_time=4 s | return_cost=0.3 % | margin_after_return=76.6 %
[INFO] [1790215133.405915984] [sage_energy_monitor]: ENERGY | remaining=96.8 % | voltage=16.14 V | drain_rate=0.062 %/s | home_distance=0.0 m | return_time=4 s | return_cost=0.3 % | margin_after_return=76.6 %
[INFO] [1790215134.407572021] [sage_energy_monitor]: ENERGY | remaining=96.8 % | voltage=16.14 V | drain_rate=0.061 %/s | home_distance=0.0 m | return_time=4 s | return_cost=0.2 % | margin_after_return=76.5 %
[INFO] [1790215135.418375934] [sage_energy_monitor]: ENERGY | remaining=96.7 % | voltage=16.14 V | drain_rate=0.061 %/s | home_distance=0.5 m | return_time=4 s | return_cost=0.3 % | margin_after_return=76.4 %
[INFO] [1790215136.418224120] [sage_energy_monitor]: ENERGY | remaining=96.6 % | voltage=16.14 V | drain_rate=0.060 %/s | home_distance=2.5 m | return_time=7 s | return_cost=0.4 % | margin_after_return=76.2 %
[INFO] [1790215137.414305362] [sage_energy_monitor]: ENERGY | remaining=96.6 % | voltage=16.14 V | drain_rate=0.060 %/s | home_distance=4.5 m | return_time=9 s | return_cost=0.5 % | margin_after_return=76.1 %
[INFO] [1790215138.410312860] [sage_energy_monitor]: ENERGY | remaining=96.5 % | voltage=16.14 V | drain_rate=0.060 %/s | home_distance=5.2 m | return_time=9 s | return_cost=0.6 % | margin_after_return=76.0 %
[INFO] [1790215139.407421763] [sage_energy_monitor]: ENERGY | remaining=96.5 % | voltage=16.13 V | drain_rate=0.059 %/s | home_distance=4.7 m | return_time=9 s | return_cost=0.5 % | margin_after_return=75.9 %
[INFO] [1790215140.409498614] [sage_energy_monitor]: ENERGY | remaining=96.4 % | voltage=16.13 V | drain_rate=0.059 %/s | home_distance=3.0 m | return_time=7 s | return_cost=0.4 % | margin_after_return=76.0 %
[INFO] [1790215141.408649278] [sage_energy_monitor]: ENERGY | remaining=96.3 % | voltage=16.13 V | drain_rate=0.059 %/s | home_distance=1.5 m | return_time=6 s | return_cost=0.3 % | margin_after_return=76.0 %
[INFO] [1790215142.406277013] [sage_energy_monitor]: ENERGY | remaining=96.3 % | voltage=16.13 V | drain_rate=0.059 %/s | home_distance=0.9 m | return_time=5 s | return_cost=0.3 % | margin_after_return=76.0 %
[INFO] [1790215143.411924893] [sage_energy_monitor]: ENERGY | remaining=96.2 % | voltage=16.13 V | drain_rate=0.058 %/s | home_distance=1.7 m | return_time=6 s | return_cost=0.3 % | margin_after_return=75.9 %
[INFO] [1790215144.406784633] [sage_energy_monitor]: ENERGY | remaining=96.2 % | voltage=16.13 V | drain_rate=0.058 %/s | home_distance=3.3 m | return_time=8 s | return_cost=0.4 % | margin_after_return=75.7 %
[INFO] [1790215145.409935340] [sage_energy_monitor]: ENERGY | remaining=96.1 % | voltage=16.13 V | drain_rate=0.058 %/s | home_distance=4.4 m | return_time=9 s | return_cost=0.5 % | margin_after_return=75.6 %
[INFO] [1790215146.408212754] [sage_energy_monitor]: ENERGY | remaining=96.0 % | voltage=16.13 V | drain_rate=0.058 %/s | home_distance=4.9 m | return_time=9 s | return_cost=0.5 % | margin_after_return=75.5 %
[INFO] [1790215147.406886052] [sage_energy_monitor]: ENERGY | remaining=96.0 % | voltage=16.13 V | drain_rate=0.058 %/s | home_distance=5.3 m | return_time=9 s | return_cost=0.5 % | margin_after_return=75.4 %
[INFO] [1790215148.407513424] [sage_energy_monitor]: ENERGY | remaining=95.9 % | voltage=16.13 V | drain_rate=0.058 %/s | home_distance=6.6 m | return_time=11 s | return_cost=0.6 % | margin_after_return=75.3 %
[INFO] [1790215149.408019076] [sage_energy_monitor]: ENERGY | remaining=95.9 % | voltage=16.12 V | drain_rate=0.058 %/s | home_distance=8.3 m | return_time=13 s | return_cost=0.7 % | margin_after_return=75.1 %
[INFO] [1790215150.407799273] [sage_energy_monitor]: ENERGY | remaining=95.8 % | voltage=16.12 V | drain_rate=0.058 %/s | home_distance=9.3 m | return_time=14 s | return_cost=0.8 % | margin_after_return=75.0 %
[INFO] [1790215151.411086144] [sage_energy_monitor]: ENERGY | remaining=95.7 % | voltage=16.12 V | drain_rate=0.058 %/s | home_distance=9.6 m | return_time=14 s | return_cost=0.8 % | margin_after_return=74.9 %
[INFO] [1790215152.406457849] [sage_energy_monitor]: ENERGY | remaining=95.7 % | voltage=16.12 V | drain_rate=0.059 %/s | home_distance=9.5 m | return_time=14 s | return_cost=0.8 % | margin_after_return=74.9 %
[INFO] [1790215153.415028900] [sage_energy_monitor]: ENERGY | remaining=95.6 % | voltage=16.12 V | drain_rate=0.060 %/s | home_distance=8.6 m | return_time=13 s | return_cost=0.8 % | margin_after_return=74.9 %
[INFO] [1790215154.407730661] [sage_energy_monitor]: ENERGY | remaining=95.6 % | voltage=16.12 V | drain_rate=0.060 %/s | home_distance=7.3 m | return_time=12 s | return_cost=0.7 % | margin_after_return=74.9 %
[INFO] [1790215155.413030657] [sage_energy_monitor]: ENERGY | remaining=95.5 % | voltage=16.12 V | drain_rate=0.060 %/s | home_distance=6.7 m | return_time=11 s | return_cost=0.7 % | margin_after_return=74.8 %
[INFO] [1790215156.408902642] [sage_energy_monitor]: ENERGY | remaining=95.5 % | voltage=16.12 V | drain_rate=0.060 %/s | home_distance=6.7 m | return_time=11 s | return_cost=0.7 % | margin_after_return=74.8 %
[INFO] [1790215157.409195594] [sage_energy_monitor]: ENERGY | remaining=95.4 % | voltage=16.12 V | drain_rate=0.060 %/s | home_distance=7.3 m | return_time=12 s | return_cost=0.7 % | margin_after_return=74.7 %
[INFO] [1790215158.409454968] [sage_energy_monitor]: ENERGY | remaining=95.3 % | voltage=16.11 V | drain_rate=0.060 %/s | home_distance=7.8 m | return_time=12 s | return_cost=0.7 % | margin_after_return=74.6 %
[INFO] [1790215159.409381690] [sage_energy_monitor]: ENERGY | remaining=95.3 % | voltage=16.11 V | drain_rate=0.059 %/s | home_distance=7.9 m | return_time=12 s | return_cost=0.7 % | margin_after_return=74.6 %
[INFO] [1790215160.413839139] [sage_energy_monitor]: ENERGY | remaining=95.2 % | voltage=16.11 V | drain_rate=0.059 %/s | home_distance=7.8 m | return_time=12 s | return_cost=0.7 % | margin_after_return=74.5 %
[INFO] [1790215161.408216163] [sage_energy_monitor]: ENERGY | remaining=95.2 % | voltage=16.11 V | drain_rate=0.059 %/s | home_distance=6.6 m | return_time=11 s | return_cost=0.7 % | margin_after_return=74.5 %
[INFO] [1790215162.407578281] [sage_energy_monitor]: ENERGY | remaining=95.1 % | voltage=16.11 V | drain_rate=0.059 %/s | home_distance=5.5 m | return_time=10 s | return_cost=0.6 % | margin_after_return=74.5 %
[INFO] [1790215163.406094374] [sage_energy_monitor]: ENERGY | remaining=95.0 % | voltage=16.11 V | drain_rate=0.059 %/s | home_distance=5.2 m | return_time=9 s | return_cost=0.6 % | margin_after_return=74.5 %
[INFO] [1790215164.408165986] [sage_energy_monitor]: ENERGY | remaining=95.0 % | voltage=16.11 V | drain_rate=0.059 %/s | home_distance=4.7 m | return_time=9 s | return_cost=0.5 % | margin_after_return=74.5 %
[INFO] [1790215165.408664829] [sage_energy_monitor]: ENERGY | remaining=94.9 % | voltage=16.11 V | drain_rate=0.059 %/s | home_distance=2.6 m | return_time=7 s | return_cost=0.4 % | margin_after_return=74.5 %
[INFO] [1790215166.419126552] [sage_energy_monitor]: ENERGY | remaining=94.9 % | voltage=16.11 V | drain_rate=0.059 %/s | home_distance=1.0 m | return_time=5 s | return_cost=0.3 % | margin_after_return=74.5 %
[INFO] [1790215167.407162637] [sage_energy_monitor]: ENERGY | remaining=94.8 % | voltage=16.10 V | drain_rate=0.059 %/s | home_distance=0.6 m | return_time=5 s | return_cost=0.3 % | margin_after_return=74.5 %
[INFO] [1790215168.408378457] [sage_energy_monitor]: ENERGY | remaining=94.7 % | voltage=16.10 V | drain_rate=0.059 %/s | home_distance=1.1 m | return_time=5 s | return_cost=0.3 % | margin_after_return=74.4 %
[INFO] [1790215169.408904915] [sage_energy_monitor]: ENERGY | remaining=94.7 % | voltage=16.10 V | drain_rate=0.059 %/s | home_distance=2.2 m | return_time=6 s | return_cost=0.4 % | margin_after_return=74.3 %
[INFO] [1790215170.407978361] [sage_energy_monitor]: ENERGY | remaining=94.6 % | voltage=16.10 V | drain_rate=0.059 %/s | home_distance=4.2 m | return_time=8 s | return_cost=0.5 % | margin_after_return=74.1 %
[INFO] [1790215171.407613478] [sage_energy_monitor]: ENERGY | remaining=94.6 % | voltage=16.10 V | drain_rate=0.059 %/s | home_distance=6.5 m | return_time=11 s | return_cost=0.6 % | margin_after_return=73.9 %
[INFO] [1790215172.407280992] [sage_energy_monitor]: ENERGY | remaining=94.5 % | voltage=16.10 V | drain_rate=0.059 %/s | home_distance=8.1 m | return_time=12 s | return_cost=0.7 % | margin_after_return=73.8 %
[INFO] [1790215173.409580218] [sage_energy_monitor]: ENERGY | remaining=94.4 % | voltage=16.10 V | drain_rate=0.059 %/s | home_distance=8.6 m | return_time=13 s | return_cost=0.8 % | margin_after_return=73.7 %
[INFO] [1790215174.411430464] [sage_energy_monitor]: ENERGY | remaining=94.4 % | voltage=16.10 V | drain_rate=0.059 %/s | home_distance=8.7 m | return_time=13 s | return_cost=0.8 % | margin_after_return=73.6 %
[INFO] [1790215175.409676716] [sage_energy_monitor]: ENERGY | remaining=94.3 % | voltage=16.10 V | drain_rate=0.059 %/s | home_distance=8.7 m | return_time=13 s | return_cost=0.8 % | margin_after_return=73.6 %
[INFO] [1790215176.422446872] [sage_energy_monitor]: ENERGY | remaining=94.3 % | voltage=16.10 V | drain_rate=0.060 %/s | home_distance=8.6 m | return_time=13 s | return_cost=0.8 % | margin_after_return=73.5 %
[INFO] [1790215177.406406746] [sage_energy_monitor]: ENERGY | remaining=94.2 % | voltage=16.09 V | drain_rate=0.060 %/s | home_distance=8.6 m | return_time=13 s | return_cost=0.8 % | margin_after_return=73.4 %
[INFO] [1790215178.409060665] [sage_energy_monitor]: ENERGY | remaining=94.1 % | voltage=16.09 V | drain_rate=0.060 %/s | home_distance=8.6 m | return_time=13 s | return_cost=0.8 % | margin_after_return=73.4 %
[INFO] [1790215179.406287166] [sage_energy_monitor]: ENERGY | remaining=94.1 % | voltage=16.09 V | drain_rate=0.060 %/s | home_distance=8.6 m | return_time=13 s | return_cost=0.8 % | margin_after_return=73.3 %
[INFO] [1790215180.406910826] [sage_energy_monitor]: ENERGY | remaining=94.0 % | voltage=16.09 V | drain_rate=0.060 %/s | home_distance=8.6 m | return_time=13 s | return_cost=0.8 % | margin_after_return=73.3 %
[INFO] [1790215181.408779262] [sage_energy_monitor]: ENERGY | remaining=94.0 % | voltage=16.09 V | drain_rate=0.060 %/s | home_distance=8.6 m | return_time=13 s | return_cost=0.8 % | margin_after_return=73.2 %
[INFO] [1790215182.406438592] [sage_energy_monitor]: ENERGY | remaining=93.9 % | voltage=16.09 V | drain_rate=0.060 %/s | home_distance=8.2 m | return_time=13 s | return_cost=0.8 % | margin_after_return=73.1 %
[INFO] [1790215183.406413281] [sage_energy_monitor]: ENERGY | remaining=93.8 % | voltage=16.09 V | drain_rate=0.060 %/s | home_distance=7.3 m | return_time=12 s | return_cost=0.7 % | margin_after_return=73.1 %
[INFO] [1790215184.406434390] [sage_energy_monitor]: ENERGY | remaining=93.8 % | voltage=16.09 V | drain_rate=0.060 %/s | home_distance=7.0 m | return_time=11 s | return_cost=0.7 % | margin_after_return=73.1 %
[INFO] [1790215185.409342767] [sage_energy_monitor]: ENERGY | remaining=93.7 % | voltage=16.09 V | drain_rate=0.060 %/s | home_distance=7.3 m | return_time=11 s | return_cost=0.7 % | margin_after_return=73.0 %
[INFO] [1790215186.411993527] [sage_energy_monitor]: ENERGY | remaining=93.7 % | voltage=16.08 V | drain_rate=0.060 %/s | home_distance=7.6 m | return_time=12 s | return_cost=0.7 % | margin_after_return=73.0 %
[INFO] [1790215187.406162821] [sage_energy_monitor]: ENERGY | remaining=93.6 % | voltage=16.08 V | drain_rate=0.060 %/s | home_distance=7.3 m | return_time=11 s | return_cost=0.7 % | margin_after_return=72.9 %
[INFO] [1790215188.414658174] [sage_energy_monitor]: ENERGY | remaining=93.5 % | voltage=16.08 V | drain_rate=0.060 %/s | home_distance=7.1 m | return_time=11 s | return_cost=0.7 % | margin_after_return=72.9 %
[INFO] [1790215189.411369079] [sage_energy_monitor]: ENERGY | remaining=93.5 % | voltage=16.08 V | drain_rate=0.060 %/s | home_distance=7.1 m | return_time=11 s | return_cost=0.7 % | margin_after_return=72.8 %
[INFO] [1790215190.407325613] [sage_energy_monitor]: ENERGY | remaining=93.4 % | voltage=16.08 V | drain_rate=0.060 %/s | home_distance=7.3 m | return_time=11 s | return_cost=0.7 % | margin_after_return=72.7 %
[INFO] [1790215191.412824923] [sage_energy_monitor]: ENERGY | remaining=93.4 % | voltage=16.08 V | drain_rate=0.060 %/s | home_distance=9.0 m | return_time=13 s | return_cost=0.8 % | margin_after_return=72.6 %
[INFO] [1790215192.419898954] [sage_energy_monitor]: ENERGY | remaining=93.3 % | voltage=16.08 V | drain_rate=0.060 %/s | home_distance=10.7 m | return_time=15 s | return_cost=0.9 % | margin_after_return=72.4 %
[INFO] [1790215193.408923926] [sage_energy_monitor]: ENERGY | remaining=93.2 % | voltage=16.08 V | drain_rate=0.060 %/s | home_distance=10.7 m | return_time=15 s | return_cost=0.9 % | margin_after_return=72.4 %
[INFO] [1790215194.406080556] [sage_energy_monitor]: ENERGY | remaining=93.2 % | voltage=16.08 V | drain_rate=0.060 %/s | home_distance=8.7 m | return_time=13 s | return_cost=0.8 % | margin_after_return=72.4 %
[INFO] [1790215195.411364191] [sage_energy_monitor]: ENERGY | remaining=93.1 % | voltage=16.07 V | drain_rate=0.060 %/s | home_distance=6.6 m | return_time=11 s | return_cost=0.6 % | margin_after_return=72.5 %
[INFO] [1790215196.406813256] [sage_energy_monitor]: ENERGY | remaining=93.1 % | voltage=16.07 V | drain_rate=0.060 %/s | home_distance=4.7 m | return_time=9 s | return_cost=0.5 % | margin_after_return=72.5 %
[INFO] [1790215197.409685215] [sage_energy_monitor]: ENERGY | remaining=93.0 % | voltage=16.07 V | drain_rate=0.060 %/s | home_distance=3.1 m | return_time=7 s | return_cost=0.4 % | margin_after_return=72.6 %
[INFO] [1790215198.406181675] [sage_energy_monitor]: ENERGY | remaining=92.9 % | voltage=16.07 V | drain_rate=0.060 %/s | home_distance=2.0 m | return_time=6 s | return_cost=0.4 % | margin_after_return=72.6 %
[INFO] [1790215199.411604215] [sage_energy_monitor]: ENERGY | remaining=92.9 % | voltage=16.07 V | drain_rate=0.060 %/s | home_distance=1.9 m | return_time=6 s | return_cost=0.4 % | margin_after_return=72.5 %
[INFO] [1790215200.410385060] [sage_energy_monitor]: ENERGY | remaining=92.8 % | voltage=16.07 V | drain_rate=0.060 %/s | home_distance=2.0 m | return_time=6 s | return_cost=0.4 % | margin_after_return=72.5 %
[INFO] [1790215201.408726698] [sage_energy_monitor]: ENERGY | remaining=92.8 % | voltage=16.07 V | drain_rate=0.060 %/s | home_distance=1.9 m | return_time=6 s | return_cost=0.4 % | margin_after_return=72.4 %
[INFO] [1790215202.412413837] [sage_energy_monitor]: ENERGY | remaining=92.7 % | voltage=16.07 V | drain_rate=0.060 %/s | home_distance=1.7 m | return_time=6 s | return_cost=0.3 % | margin_after_return=72.4 %
[INFO] [1790215203.406537892] [sage_energy_monitor]: ENERGY | remaining=92.7 % | voltage=16.07 V | drain_rate=0.060 %/s | home_distance=1.5 m | return_time=6 s | return_cost=0.3 % | margin_after_return=72.3 %
[INFO] [1790215204.407591319] [sage_energy_monitor]: ENERGY | remaining=92.6 % | voltage=16.07 V | drain_rate=0.060 %/s | home_distance=1.4 m | return_time=6 s | return_cost=0.3 % | margin_after_return=72.3 %
[INFO] [1790215205.407827317] [sage_energy_monitor]: ENERGY | remaining=92.5 % | voltage=16.06 V | drain_rate=0.059 %/s | home_distance=1.4 m | return_time=6 s | return_cost=0.3 % | margin_after_return=72.2 %
[INFO] [1790215206.406762668] [sage_energy_monitor]: ENERGY | remaining=92.5 % | voltage=16.06 V | drain_rate=0.059 %/s | home_distance=1.5 m | return_time=6 s | return_cost=0.3 % | margin_after_return=72.1 %
[INFO] [1790215207.412081167] [sage_energy_monitor]: ENERGY | remaining=92.4 % | voltage=16.06 V | drain_rate=0.059 %/s | home_distance=1.5 m | return_time=6 s | return_cost=0.3 % | margin_after_return=72.1 %
[INFO] [1790215208.407598376] [sage_energy_monitor]: ENERGY | remaining=92.4 % | voltage=16.06 V | drain_rate=0.059 %/s | home_distance=1.3 m | return_time=5 s | return_cost=0.3 % | margin_after_return=72.0 %
[INFO] [1790215209.406088882] [sage_energy_monitor]: ENERGY | remaining=92.3 % | voltage=16.06 V | drain_rate=0.059 %/s | home_distance=2.6 m | return_time=7 s | return_cost=0.4 % | margin_after_return=71.9 %
[INFO] [1790215210.410090805] [sage_energy_monitor]: ENERGY | remaining=92.2 % | voltage=16.06 V | drain_rate=0.059 %/s | home_distance=4.9 m | return_time=9 s | return_cost=0.5 % | margin_after_return=71.7 %
[INFO] [1790215211.406460277] [sage_energy_monitor]: ENERGY | remaining=92.2 % | voltage=16.06 V | drain_rate=0.059 %/s | home_distance=7.2 m | return_time=12 s | return_cost=0.7 % | margin_after_return=71.5 %
[INFO] [1790215212.413644985] [sage_energy_monitor]: ENERGY | remaining=92.1 % | voltage=16.06 V | drain_rate=0.059 %/s | home_distance=8.3 m | return_time=13 s | return_cost=0.7 % | margin_after_return=71.4 %
[INFO] [1790215213.409211369] [sage_energy_monitor]: ENERGY | remaining=92.1 % | voltage=16.06 V | drain_rate=0.059 %/s | home_distance=8.6 m | return_time=13 s | return_cost=0.8 % | margin_after_return=71.3 %
[INFO] [1790215214.409934902] [sage_energy_monitor]: ENERGY | remaining=92.0 % | voltage=16.05 V | drain_rate=0.059 %/s | home_distance=8.5 m | return_time=13 s | return_cost=0.8 % | margin_after_return=71.2 %
[INFO] [1790215215.412488087] [sage_energy_monitor]: ENERGY | remaining=91.9 % | voltage=16.05 V | drain_rate=0.060 %/s | home_distance=8.4 m | return_time=13 s | return_cost=0.8 % | margin_after_return=71.2 %
[INFO] [1790215216.407646734] [sage_energy_monitor]: ENERGY | remaining=91.9 % | voltage=16.05 V | drain_rate=0.059 %/s | home_distance=8.4 m | return_time=13 s | return_cost=0.7 % | margin_after_return=71.1 %
[INFO] [1790215217.410987579] [sage_energy_monitor]: ENERGY | remaining=91.8 % | voltage=16.05 V | drain_rate=0.060 %/s | home_distance=8.5 m | return_time=13 s | return_cost=0.8 % | margin_after_return=71.1 %
[INFO] [1790215218.407793996] [sage_energy_monitor]: ENERGY | remaining=91.7 % | voltage=16.05 V | drain_rate=0.060 %/s | home_distance=8.5 m | return_time=13 s | return_cost=0.7 % | margin_after_return=71.0 %
[INFO] [1790215219.410456910] [sage_energy_monitor]: ENERGY | remaining=91.7 % | voltage=16.05 V | drain_rate=0.060 %/s | home_distance=8.4 m | return_time=12 s | return_cost=0.7 % | margin_after_return=70.9 %
[INFO] [1790215220.418695888] [sage_energy_monitor]: ENERGY | remaining=91.6 % | voltage=16.05 V | drain_rate=0.060 %/s | home_distance=8.4 m | return_time=12 s | return_cost=0.7 % | margin_after_return=70.9 %
[INFO] [1790215221.409623874] [sage_energy_monitor]: ENERGY | remaining=91.6 % | voltage=16.05 V | drain_rate=0.060 %/s | home_distance=8.5 m | return_time=13 s | return_cost=0.8 % | margin_after_return=70.8 %
[INFO] [1790215222.407051200] [sage_energy_monitor]: ENERGY | remaining=91.5 % | voltage=16.05 V | drain_rate=0.060 %/s | home_distance=8.6 m | return_time=13 s | return_cost=0.8 % | margin_after_return=70.8 %
[INFO] [1790215223.406879774] [sage_energy_monitor]: ENERGY | remaining=91.4 % | voltage=16.04 V | drain_rate=0.060 %/s | home_distance=8.6 m | return_time=13 s | return_cost=0.8 % | margin_after_return=70.7 %
[INFO] [1790215224.407065857] [sage_energy_monitor]: ENERGY | remaining=91.4 % | voltage=16.04 V | drain_rate=0.060 %/s | home_distance=8.6 m | return_time=13 s | return_cost=0.8 % | margin_after_return=70.6 %
[INFO] [1790215225.408656062] [sage_energy_monitor]: ENERGY | remaining=91.3 % | voltage=16.04 V | drain_rate=0.060 %/s | home_distance=8.6 m | return_time=13 s | return_cost=0.8 % | margin_after_return=70.6 %
[INFO] [1790215226.406565707] [sage_energy_monitor]: ENERGY | remaining=91.3 % | voltage=16.04 V | drain_rate=0.060 %/s | home_distance=8.2 m | return_time=12 s | return_cost=0.8 % | margin_after_return=70.5 %
[INFO] [1790215227.407804166] [sage_energy_monitor]: ENERGY | remaining=91.2 % | voltage=16.04 V | drain_rate=0.060 %/s | home_distance=7.0 m | return_time=11 s | return_cost=0.7 % | margin_after_return=70.5 %
[INFO] [1790215228.409050980] [sage_energy_monitor]: ENERGY | remaining=91.1 % | voltage=16.04 V | drain_rate=0.060 %/s | home_distance=6.1 m | return_time=10 s | return_cost=0.6 % | margin_after_return=70.5 %
[INFO] [1790215229.406344852] [sage_energy_monitor]: ENERGY | remaining=91.1 % | voltage=16.04 V | drain_rate=0.060 %/s | home_distance=6.0 m | return_time=10 s | return_cost=0.6 % | margin_after_return=70.5 %
[INFO] [1790215230.410107732] [sage_energy_monitor]: ENERGY | remaining=91.0 % | voltage=16.04 V | drain_rate=0.060 %/s | home_distance=6.6 m | return_time=11 s | return_cost=0.7 % | margin_after_return=70.4 %
[INFO] [1790215231.406925123] [sage_energy_monitor]: ENERGY | remaining=91.0 % | voltage=16.04 V | drain_rate=0.061 %/s | home_distance=7.9 m | return_time=12 s | return_cost=0.7 % | margin_after_return=70.2 %
[INFO] [1790215232.407640780] [sage_energy_monitor]: ENERGY | remaining=90.9 % | voltage=16.03 V | drain_rate=0.060 %/s | home_distance=9.0 m | return_time=13 s | return_cost=0.8 % | margin_after_return=70.1 %
[INFO] [1790215233.409054810] [sage_energy_monitor]: ENERGY | remaining=90.8 % | voltage=16.03 V | drain_rate=0.061 %/s | home_distance=9.4 m | return_time=13 s | return_cost=0.8 % | margin_after_return=70.0 %
[INFO] [1790215234.412986958] [sage_energy_monitor]: ENERGY | remaining=90.8 % | voltage=16.03 V | drain_rate=0.061 %/s | home_distance=8.5 m | return_time=12 s | return_cost=0.8 % | margin_after_return=70.0 %
[INFO] [1790215235.417768281] [sage_energy_monitor]: ENERGY | remaining=90.7 % | voltage=16.03 V | drain_rate=0.061 %/s | home_distance=7.3 m | return_time=11 s | return_cost=0.7 % | margin_after_return=70.0 %
[INFO] [1790215236.415558707] [sage_energy_monitor]: ENERGY | remaining=90.7 % | voltage=16.03 V | drain_rate=0.061 %/s | home_distance=6.8 m | return_time=11 s | return_cost=0.7 % | margin_after_return=70.0 %
[INFO] [1790215237.410117483] [sage_energy_monitor]: ENERGY | remaining=90.6 % | voltage=16.03 V | drain_rate=0.061 %/s | home_distance=6.4 m | return_time=10 s | return_cost=0.6 % | margin_after_return=70.0 %
[INFO] [1790215238.406420460] [sage_energy_monitor]: ENERGY | remaining=90.5 % | voltage=16.03 V | drain_rate=0.061 %/s | home_distance=6.3 m | return_time=10 s | return_cost=0.6 % | margin_after_return=69.9 %
[INFO] [1790215239.411778055] [sage_energy_monitor]: ENERGY | remaining=90.5 % | voltage=16.03 V | drain_rate=0.061 %/s | home_distance=6.5 m | return_time=11 s | return_cost=0.6 % | margin_after_return=69.8 %
[INFO] [1790215240.414817718] [sage_energy_monitor]: ENERGY | remaining=90.4 % | voltage=16.03 V | drain_rate=0.060 %/s | home_distance=6.7 m | return_time=11 s | return_cost=0.6 % | margin_after_return=69.8 %
[INFO] [1790215241.407935435] [sage_energy_monitor]: ENERGY | remaining=90.4 % | voltage=16.03 V | drain_rate=0.060 %/s | home_distance=7.8 m | return_time=12 s | return_cost=0.7 % | margin_after_return=69.7 %
[INFO] [1790215242.410518410] [sage_energy_monitor]: ENERGY | remaining=90.3 % | voltage=16.02 V | drain_rate=0.060 %/s | home_distance=9.4 m | return_time=14 s | return_cost=0.8 % | margin_after_return=69.5 %
[INFO] [1790215243.407499865] [sage_energy_monitor]: ENERGY | remaining=90.3 % | voltage=16.02 V | drain_rate=0.060 %/s | home_distance=10.2 m | return_time=14 s | return_cost=0.9 % | margin_after_return=69.4 %
[INFO] [1790215244.406460025] [sage_energy_monitor]: ENERGY | remaining=90.2 % | voltage=16.02 V | drain_rate=0.060 %/s | home_distance=10.4 m | return_time=14 s | return_cost=0.9 % | margin_after_return=69.3 %
[INFO] [1790215245.413911788] [sage_energy_monitor]: ENERGY | remaining=90.1 % | voltage=16.02 V | drain_rate=0.060 %/s | home_distance=9.1 m | return_time=13 s | return_cost=0.8 % | margin_after_return=69.4 %
[INFO] [1790215246.407782635] [sage_energy_monitor]: ENERGY | remaining=90.1 % | voltage=16.02 V | drain_rate=0.060 %/s | home_distance=7.5 m | return_time=12 s | return_cost=0.7 % | margin_after_return=69.4 %
[INFO] [1790215247.407741890] [sage_energy_monitor]: ENERGY | remaining=90.0 % | voltage=16.02 V | drain_rate=0.059 %/s | home_distance=6.6 m | return_time=11 s | return_cost=0.6 % | margin_after_return=69.4 %
[INFO] [1790215248.407629466] [sage_energy_monitor]: ENERGY | remaining=90.0 % | voltage=16.02 V | drain_rate=0.059 %/s | home_distance=6.3 m | return_time=10 s | return_cost=0.6 % | margin_after_return=69.4 %
[INFO] [1790215249.421275421] [sage_energy_monitor]: ENERGY | remaining=89.9 % | voltage=16.02 V | drain_rate=0.059 %/s | home_distance=5.9 m | return_time=10 s | return_cost=0.6 % | margin_after_return=69.3 %
[INFO] [1790215250.406202831] [sage_energy_monitor]: ENERGY | remaining=89.9 % | voltage=16.02 V | drain_rate=0.059 %/s | home_distance=5.0 m | return_time=9 s | return_cost=0.5 % | margin_after_return=69.3 %
[INFO] [1790215251.415540986] [sage_energy_monitor]: ENERGY | remaining=89.8 % | voltage=16.02 V | drain_rate=0.059 %/s | home_distance=4.7 m | return_time=9 s | return_cost=0.5 % | margin_after_return=69.3 %
[INFO] [1790215252.409968812] [sage_energy_monitor]: ENERGY | remaining=89.7 % | voltage=16.01 V | drain_rate=0.059 %/s | home_distance=5.3 m | return_time=10 s | return_cost=0.6 % | margin_after_return=69.2 %
[INFO] [1790215253.417624125] [sage_energy_monitor]: ENERGY | remaining=89.7 % | voltage=16.01 V | drain_rate=0.058 %/s | home_distance=6.0 m | return_time=10 s | return_cost=0.6 % | margin_after_return=69.1 %
[INFO] [1790215254.420197430] [sage_energy_monitor]: ENERGY | remaining=89.6 % | voltage=16.01 V | drain_rate=0.058 %/s | home_distance=6.3 m | return_time=10 s | return_cost=0.6 % | margin_after_return=69.0 %
[INFO] [1790215255.409054754] [sage_energy_monitor]: ENERGY | remaining=89.6 % | voltage=16.01 V | drain_rate=0.058 %/s | home_distance=6.3 m | return_time=11 s | return_cost=0.6 % | margin_after_return=69.0 %
[INFO] [1790215256.410598502] [sage_energy_monitor]: ENERGY | remaining=89.5 % | voltage=16.01 V | drain_rate=0.058 %/s | home_distance=6.2 m | return_time=10 s | return_cost=0.6 % | margin_after_return=68.9 %
[INFO] [1790215257.407062867] [sage_energy_monitor]: ENERGY | remaining=89.5 % | voltage=16.01 V | drain_rate=0.058 %/s | home_distance=6.1 m | return_time=10 s | return_cost=0.6 % | margin_after_return=68.9 %
[INFO] [1790215258.407234501] [sage_energy_monitor]: ENERGY | remaining=89.4 % | voltage=16.01 V | drain_rate=0.058 %/s | home_distance=6.1 m | return_time=10 s | return_cost=0.6 % | margin_after_return=68.8 %
[INFO] [1790215259.406743583] [sage_energy_monitor]: ENERGY | remaining=89.3 % | voltage=16.01 V | drain_rate=0.058 %/s | home_distance=6.2 m | return_time=10 s | return_cost=0.6 % | margin_after_return=68.8 %
[INFO] [1790215260.407823058] [sage_energy_monitor]: ENERGY | remaining=89.3 % | voltage=16.01 V | drain_rate=0.058 %/s | home_distance=6.2 m | return_time=10 s | return_cost=0.6 % | margin_after_return=68.7 %
[INFO] [1790215261.406423492] [sage_energy_monitor]: ENERGY | remaining=89.2 % | voltage=16.00 V | drain_rate=0.057 %/s | home_distance=6.1 m | return_time=10 s | return_cost=0.6 % | margin_after_return=68.7 %
[INFO] [1790215262.415031267] [sage_energy_monitor]: ENERGY | remaining=89.2 % | voltage=16.00 V | drain_rate=0.057 %/s | home_distance=6.1 m | return_time=10 s | return_cost=0.6 % | margin_after_return=68.6 %
[INFO] [1790215263.410538476] [sage_energy_monitor]: ENERGY | remaining=89.1 % | voltage=16.00 V | drain_rate=0.057 %/s | home_distance=6.2 m | return_time=10 s | return_cost=0.6 % | margin_after_return=68.5 %
[INFO] [1790215264.405865467] [sage_energy_monitor]: ENERGY | remaining=89.1 % | voltage=16.00 V | drain_rate=0.057 %/s | home_distance=6.1 m | return_time=10 s | return_cost=0.6 % | margin_after_return=68.5 %
[INFO] [1790215265.416184132] [sage_energy_monitor]: ENERGY | remaining=89.0 % | voltage=16.00 V | drain_rate=0.057 %/s | home_distance=6.0 m | return_time=10 s | return_cost=0.6 % | margin_after_return=68.4 %
[INFO] [1790215266.411897776] [sage_energy_monitor]: ENERGY | remaining=88.9 % | voltage=16.00 V | drain_rate=0.057 %/s | home_distance=6.0 m | return_time=10 s | return_cost=0.6 % | margin_after_return=68.4 %
[INFO] [1790215267.412123927] [sage_energy_monitor]: ENERGY | remaining=88.9 % | voltage=16.00 V | drain_rate=0.057 %/s | home_distance=6.1 m | return_time=10 s | return_cost=0.6 % | margin_after_return=68.3 %
[INFO] [1790215268.417659770] [sage_energy_monitor]: ENERGY | remaining=88.8 % | voltage=16.00 V | drain_rate=0.057 %/s | home_distance=6.5 m | return_time=10 s | return_cost=0.6 % | margin_after_return=68.3 %
[INFO] [1790215269.407016632] [sage_energy_monitor]: ENERGY | remaining=88.8 % | voltage=16.00 V | drain_rate=0.057 %/s | home_distance=7.7 m | return_time=11 s | return_cost=0.7 % | margin_after_return=68.1 %
[INFO] [1790215270.420506801] [sage_energy_monitor]: ENERGY | remaining=88.7 % | voltage=16.00 V | drain_rate=0.057 %/s | home_distance=9.3 m | return_time=13 s | return_cost=0.7 % | margin_after_return=68.0 %
[INFO] [1790215271.407725103] [sage_energy_monitor]: ENERGY | remaining=88.7 % | voltage=15.99 V | drain_rate=0.057 %/s | home_distance=10.8 m | return_time=15 s | return_cost=0.8 % | margin_after_return=67.8 %
[INFO] [1790215272.411415285] [sage_energy_monitor]: ENERGY | remaining=88.6 % | voltage=15.99 V | drain_rate=0.057 %/s | home_distance=11.7 m | return_time=15 s | return_cost=0.9 % | margin_after_return=67.7 %
[INFO] [1790215273.406535321] [sage_energy_monitor]: ENERGY | remaining=88.5 % | voltage=15.99 V | drain_rate=0.057 %/s | home_distance=11.9 m | return_time=16 s | return_cost=0.9 % | margin_after_return=67.6 %
[INFO] [1790215274.409943338] [sage_energy_monitor]: ENERGY | remaining=88.5 % | voltage=15.99 V | drain_rate=0.057 %/s | home_distance=11.8 m | return_time=15 s | return_cost=0.9 % | margin_after_return=67.6 %
[INFO] [1790215275.413050707] [sage_energy_monitor]: ENERGY | remaining=88.4 % | voltage=15.99 V | drain_rate=0.057 %/s | home_distance=11.0 m | return_time=15 s | return_cost=0.9 % | margin_after_return=67.6 %
[INFO] [1790215276.418605831] [sage_energy_monitor]: ENERGY | remaining=88.4 % | voltage=15.99 V | drain_rate=0.057 %/s | home_distance=10.4 m | return_time=14 s | return_cost=0.8 % | margin_after_return=67.5 %
[INFO] [1790215277.409951567] [sage_energy_monitor]: ENERGY | remaining=88.3 % | voltage=15.99 V | drain_rate=0.057 %/s | home_distance=9.7 m | return_time=14 s | return_cost=0.8 % | margin_after_return=67.5 %
[INFO] [1790215278.407090058] [sage_energy_monitor]: ENERGY | remaining=88.3 % | voltage=15.99 V | drain_rate=0.057 %/s | home_distance=8.8 m | return_time=13 s | return_cost=0.7 % | margin_after_return=67.5 %
[INFO] [1790215279.408226204] [sage_energy_monitor]: ENERGY | remaining=88.2 % | voltage=15.99 V | drain_rate=0.057 %/s | home_distance=8.5 m | return_time=13 s | return_cost=0.7 % | margin_after_return=67.5 %
[INFO] [1790215280.408170421] [sage_energy_monitor]: ENERGY | remaining=88.1 % | voltage=15.98 V | drain_rate=0.057 %/s | home_distance=8.4 m | return_time=12 s | return_cost=0.7 % | margin_after_return=67.4 %
[INFO] [1790215281.407959618] [sage_energy_monitor]: ENERGY | remaining=88.1 % | voltage=15.98 V | drain_rate=0.058 %/s | home_distance=8.3 m | return_time=12 s | return_cost=0.7 % | margin_after_return=67.4 %
[INFO] [1790215282.410679940] [sage_energy_monitor]: ENERGY | remaining=88.0 % | voltage=15.98 V | drain_rate=0.058 %/s | home_distance=8.3 m | return_time=12 s | return_cost=0.7 % | margin_after_return=67.3 %
[INFO] [1790215283.407096650] [sage_energy_monitor]: ENERGY | remaining=88.0 % | voltage=15.98 V | drain_rate=0.058 %/s | home_distance=8.2 m | return_time=12 s | return_cost=0.7 % | margin_after_return=67.3 %
[INFO] [1790215284.407213365] [sage_energy_monitor]: ENERGY | remaining=87.9 % | voltage=15.98 V | drain_rate=0.058 %/s | home_distance=8.3 m | return_time=12 s | return_cost=0.7 % | margin_after_return=67.2 %
[INFO] [1790215285.408631317] [sage_energy_monitor]: ENERGY | remaining=87.8 % | voltage=15.98 V | drain_rate=0.058 %/s | home_distance=8.4 m | return_time=13 s | return_cost=0.7 % | margin_after_return=67.1 %
[INFO] [1790215286.410905021] [sage_energy_monitor]: ENERGY | remaining=87.8 % | voltage=15.98 V | drain_rate=0.058 %/s | home_distance=8.5 m | return_time=12 s | return_cost=0.7 % | margin_after_return=67.1 %
[INFO] [1790215287.413189326] [sage_energy_monitor]: ENERGY | remaining=87.7 % | voltage=15.98 V | drain_rate=0.058 %/s | home_distance=8.5 m | return_time=13 s | return_cost=0.7 % | margin_after_return=67.0 %
[INFO] [1790215288.406426455] [sage_energy_monitor]: ENERGY | remaining=87.7 % | voltage=15.98 V | drain_rate=0.058 %/s | home_distance=8.5 m | return_time=13 s | return_cost=0.7 % | margin_after_return=66.9 %
[INFO] [1790215289.410753692] [sage_energy_monitor]: ENERGY | remaining=87.6 % | voltage=15.98 V | drain_rate=0.058 %/s | home_distance=8.5 m | return_time=13 s | return_cost=0.7 % | margin_after_return=66.9 %
[INFO] [1790215290.407133831] [sage_energy_monitor]: ENERGY | remaining=87.6 % | voltage=15.97 V | drain_rate=0.058 %/s | home_distance=8.5 m | return_time=13 s | return_cost=0.7 % | margin_after_return=66.8 %
[INFO] [1790215291.408124031] [sage_energy_monitor]: ENERGY | remaining=87.5 % | voltage=15.97 V | drain_rate=0.058 %/s | home_distance=8.5 m | return_time=13 s | return_cost=0.7 % | margin_after_return=66.8 %
[INFO] [1790215292.408724021] [sage_energy_monitor]: ENERGY | remaining=87.4 % | voltage=15.97 V | drain_rate=0.058 %/s | home_distance=8.4 m | return_time=12 s | return_cost=0.7 % | margin_after_return=66.7 %
[INFO] [1790215293.406603559] [sage_energy_monitor]: ENERGY | remaining=87.4 % | voltage=15.97 V | drain_rate=0.058 %/s | home_distance=7.7 m | return_time=12 s | return_cost=0.7 % | margin_after_return=66.7 %
[INFO] [1790215294.415238615] [sage_energy_monitor]: ENERGY | remaining=87.3 % | voltage=15.97 V | drain_rate=0.058 %/s | home_distance=6.6 m | return_time=11 s | return_cost=0.6 % | margin_after_return=66.7 %
[INFO] [1790215295.411869587] [sage_energy_monitor]: ENERGY | remaining=87.3 % | voltage=15.97 V | drain_rate=0.058 %/s | home_distance=6.1 m | return_time=10 s | return_cost=0.6 % | margin_after_return=66.7 %
[INFO] [1790215296.407982158] [sage_energy_monitor]: ENERGY | remaining=87.2 % | voltage=15.97 V | drain_rate=0.058 %/s | home_distance=6.1 m | return_time=10 s | return_cost=0.6 % | margin_after_return=66.6 %
[INFO] [1790215297.407021136] [sage_energy_monitor]: ENERGY | remaining=87.1 % | voltage=15.97 V | drain_rate=0.058 %/s | home_distance=6.1 m | return_time=10 s | return_cost=0.6 % | margin_after_return=66.6 %
[INFO] [1790215298.406266146] [sage_energy_monitor]: ENERGY | remaining=87.1 % | voltage=15.97 V | drain_rate=0.058 %/s | home_distance=6.1 m | return_time=10 s | return_cost=0.6 % | margin_after_return=66.5 %
[INFO] [1790215299.406212753] [sage_energy_monitor]: ENERGY | remaining=87.0 % | voltage=15.97 V | drain_rate=0.058 %/s | home_distance=5.5 m | return_time=10 s | return_cost=0.6 % | margin_after_return=66.5 %
[INFO] [1790215300.413623577] [sage_energy_monitor]: ENERGY | remaining=87.0 % | voltage=15.96 V | drain_rate=0.058 %/s | home_distance=3.9 m | return_time=8 s | return_cost=0.5 % | margin_after_return=66.5 %
[INFO] [1790215301.406992887] [sage_energy_monitor]: ENERGY | remaining=86.9 % | voltage=15.96 V | drain_rate=0.058 %/s | home_distance=2.8 m | return_time=7 s | return_cost=0.4 % | margin_after_return=66.5 %
[INFO] [1790215302.407864171] [sage_energy_monitor]: ENERGY | remaining=86.9 % | voltage=15.96 V | drain_rate=0.058 %/s | home_distance=3.5 m | return_time=8 s | return_cost=0.4 % | margin_after_return=66.4 %
[INFO] [1790215303.408363732] [sage_energy_monitor]: ENERGY | remaining=86.8 % | voltage=15.96 V | drain_rate=0.058 %/s | home_distance=5.4 m | return_time=10 s | return_cost=0.6 % | margin_after_return=66.2 %
[INFO] [1790215304.407699066] [sage_energy_monitor]: ENERGY | remaining=86.7 % | voltage=15.96 V | drain_rate=0.058 %/s | home_distance=7.6 m | return_time=12 s | return_cost=0.7 % | margin_after_return=66.1 %
[INFO] [1790215305.412788648] [sage_energy_monitor]: ENERGY | remaining=86.7 % | voltage=15.96 V | drain_rate=0.058 %/s | home_distance=9.7 m | return_time=14 s | return_cost=0.8 % | margin_after_return=65.9 %
[INFO] [1790215306.406504951] [sage_energy_monitor]: ENERGY | remaining=86.6 % | voltage=15.96 V | drain_rate=0.058 %/s | home_distance=11.0 m | return_time=15 s | return_cost=0.9 % | margin_after_return=65.8 %
[INFO] [1790215307.410659193] [sage_energy_monitor]: ENERGY | remaining=86.6 % | voltage=15.96 V | drain_rate=0.058 %/s | home_distance=11.4 m | return_time=15 s | return_cost=0.9 % | margin_after_return=65.7 %
[INFO] [1790215308.411647902] [sage_energy_monitor]: ENERGY | remaining=86.5 % | voltage=15.96 V | drain_rate=0.058 %/s | home_distance=11.9 m | return_time=16 s | return_cost=0.9 % | margin_after_return=65.6 %
[INFO] [1790215309.408816402] [sage_energy_monitor]: ENERGY | remaining=86.5 % | voltage=15.95 V | drain_rate=0.058 %/s | home_distance=12.5 m | return_time=17 s | return_cost=1.0 % | margin_after_return=65.5 %
[INFO] [1790215310.406735033] [sage_energy_monitor]: ENERGY | remaining=86.4 % | voltage=15.95 V | drain_rate=0.058 %/s | home_distance=12.7 m | return_time=17 s | return_cost=1.0 % | margin_after_return=65.4 %
[INFO] [1790215311.407372345] [sage_energy_monitor]: ENERGY | remaining=86.3 % | voltage=15.95 V | drain_rate=0.058 %/s | home_distance=12.7 m | return_time=17 s | return_cost=1.0 % | margin_after_return=65.4 %
[INFO] [1790215312.406391043] [sage_energy_monitor]: ENERGY | remaining=86.3 % | voltage=15.95 V | drain_rate=0.058 %/s | home_distance=12.6 m | return_time=17 s | return_cost=1.0 % | margin_after_return=65.3 %
[INFO] [1790215313.410317653] [sage_energy_monitor]: ENERGY | remaining=86.2 % | voltage=15.95 V | drain_rate=0.058 %/s | home_distance=11.2 m | return_time=15 s | return_cost=0.9 % | margin_after_return=65.3 %
[INFO] [1790215314.416608941] [sage_energy_monitor]: ENERGY | remaining=86.2 % | voltage=15.95 V | drain_rate=0.058 %/s | home_distance=9.1 m | return_time=13 s | return_cost=0.8 % | margin_after_return=65.4 %
[INFO] [1790215315.409628839] [sage_energy_monitor]: ENERGY | remaining=86.1 % | voltage=15.95 V | drain_rate=0.058 %/s | home_distance=6.7 m | return_time=11 s | return_cost=0.6 % | margin_after_return=65.5 %
[INFO] [1790215316.413148833] [sage_energy_monitor]: ENERGY | remaining=86.0 % | voltage=15.95 V | drain_rate=0.058 %/s | home_distance=4.5 m | return_time=9 s | return_cost=0.5 % | margin_after_return=65.6 %
[INFO] [1790215317.418148879] [sage_energy_monitor]: ENERGY | remaining=86.0 % | voltage=15.95 V | drain_rate=0.058 %/s | home_distance=2.6 m | return_time=7 s | return_cost=0.4 % | margin_after_return=65.6 %
[INFO] [1790215318.406876103] [sage_energy_monitor]: ENERGY | remaining=85.9 % | voltage=15.95 V | drain_rate=0.058 %/s | home_distance=2.2 m | return_time=6 s | return_cost=0.4 % | margin_after_return=65.6 %
[INFO] [1790215319.407934468] [sage_energy_monitor]: ENERGY | remaining=85.9 % | voltage=15.94 V | drain_rate=0.058 %/s | home_distance=2.9 m | return_time=7 s | return_cost=0.4 % | margin_after_return=65.5 %
[INFO] [1790215320.409193908] [sage_energy_monitor]: ENERGY | remaining=85.8 % | voltage=15.94 V | drain_rate=0.058 %/s | home_distance=4.5 m | return_time=8 s | return_cost=0.5 % | margin_after_return=65.3 %
[INFO] [1790215321.412749514] [sage_energy_monitor]: ENERGY | remaining=85.8 % | voltage=15.94 V | drain_rate=0.058 %/s | home_distance=4.8 m | return_time=9 s | return_cost=0.5 % | margin_after_return=65.3 %
[INFO] [1790215322.407224358] [sage_energy_monitor]: ENERGY | remaining=85.7 % | voltage=15.94 V | drain_rate=0.058 %/s | home_distance=5.6 m | return_time=10 s | return_cost=0.6 % | margin_after_return=65.1 %
[INFO] [1790215323.414701429] [sage_energy_monitor]: ENERGY | remaining=85.6 % | voltage=15.94 V | drain_rate=0.058 %/s | home_distance=7.3 m | return_time=11 s | return_cost=0.7 % | margin_after_return=65.0 %
[INFO] [1790215324.417753929] [sage_energy_monitor]: ENERGY | remaining=85.6 % | voltage=15.94 V | drain_rate=0.058 %/s | home_distance=9.4 m | return_time=13 s | return_cost=0.8 % | margin_after_return=64.8 %
[INFO] [1790215325.407233998] [sage_energy_monitor]: ENERGY | remaining=85.5 % | voltage=15.94 V | drain_rate=0.058 %/s | home_distance=11.4 m | return_time=15 s | return_cost=0.9 % | margin_after_return=64.6 %
[INFO] [1790215326.406236996] [sage_energy_monitor]: ENERGY | remaining=85.5 % | voltage=15.94 V | drain_rate=0.058 %/s | home_distance=12.6 m | return_time=17 s | return_cost=1.0 % | margin_after_return=64.5 %
[INFO] [1790215327.410913472] [sage_energy_monitor]: ENERGY | remaining=85.4 % | voltage=15.94 V | drain_rate=0.058 %/s | home_distance=12.7 m | return_time=17 s | return_cost=1.0 % | margin_after_return=64.5 %
[INFO] [1790215328.408201047] [sage_energy_monitor]: ENERGY | remaining=85.4 % | voltage=15.93 V | drain_rate=0.058 %/s | home_distance=11.5 m | return_time=16 s | return_cost=0.9 % | margin_after_return=64.4 %
[INFO] [1790215329.409867083] [sage_energy_monitor]: ENERGY | remaining=85.3 % | voltage=15.93 V | drain_rate=0.058 %/s | home_distance=10.5 m | return_time=15 s | return_cost=0.8 % | margin_after_return=64.4 %
[INFO] [1790215330.407543821] [sage_energy_monitor]: ENERGY | remaining=85.2 % | voltage=15.93 V | drain_rate=0.058 %/s | home_distance=10.2 m | return_time=14 s | return_cost=0.8 % | margin_after_return=64.4 %
[INFO] [1790215331.406265731] [sage_energy_monitor]: ENERGY | remaining=85.2 % | voltage=15.93 V | drain_rate=0.058 %/s | home_distance=10.1 m | return_time=14 s | return_cost=0.8 % | margin_after_return=64.4 %
[INFO] [1790215332.408279888] [sage_energy_monitor]: ENERGY | remaining=85.1 % | voltage=15.93 V | drain_rate=0.058 %/s | home_distance=8.6 m | return_time=13 s | return_cost=0.7 % | margin_after_return=64.4 %
[INFO] [1790215333.408216686] [sage_energy_monitor]: ENERGY | remaining=85.1 % | voltage=15.93 V | drain_rate=0.058 %/s | home_distance=6.9 m | return_time=11 s | return_cost=0.6 % | margin_after_return=64.4 %
[INFO] [1790215334.408324919] [sage_energy_monitor]: ENERGY | remaining=85.0 % | voltage=15.93 V | drain_rate=0.058 %/s | home_distance=6.0 m | return_time=10 s | return_cost=0.6 % | margin_after_return=64.4 %
[INFO] [1790215335.407840068] [sage_energy_monitor]: ENERGY | remaining=84.9 % | voltage=15.93 V | drain_rate=0.058 %/s | home_distance=5.7 m | return_time=10 s | return_cost=0.6 % | margin_after_return=64.4 %
[INFO] [1790215336.407770070] [sage_energy_monitor]: ENERGY | remaining=84.9 % | voltage=15.93 V | drain_rate=0.058 %/s | home_distance=5.4 m | return_time=10 s | return_cost=0.6 % | margin_after_return=64.3 %
[INFO] [1790215337.412277540] [sage_energy_monitor]: ENERGY | remaining=84.8 % | voltage=15.93 V | drain_rate=0.059 %/s | home_distance=5.8 m | return_time=10 s | return_cost=0.6 % | margin_after_return=64.2 %
[INFO] [1790215338.405938135] [sage_energy_monitor]: ENERGY | remaining=84.8 % | voltage=15.92 V | drain_rate=0.059 %/s | home_distance=6.1 m | return_time=10 s | return_cost=0.6 % | margin_after_return=64.2 %
[INFO] [1790215339.411819344] [sage_energy_monitor]: ENERGY | remaining=84.7 % | voltage=15.92 V | drain_rate=0.059 %/s | home_distance=6.1 m | return_time=10 s | return_cost=0.6 % | margin_after_return=64.1 %
[INFO] [1790215340.406753213] [sage_energy_monitor]: ENERGY | remaining=84.6 % | voltage=15.92 V | drain_rate=0.058 %/s | home_distance=5.6 m | return_time=10 s | return_cost=0.6 % | margin_after_return=64.1 %
[INFO] [1790215341.409372217] [sage_energy_monitor]: ENERGY | remaining=84.6 % | voltage=15.92 V | drain_rate=0.058 %/s | home_distance=4.8 m | return_time=9 s | return_cost=0.5 % | margin_after_return=64.1 %
[INFO] [1790215342.408606857] [sage_energy_monitor]: ENERGY | remaining=84.5 % | voltage=15.92 V | drain_rate=0.058 %/s | home_distance=4.8 m | return_time=9 s | return_cost=0.5 % | margin_after_return=64.0 %
[INFO] [1790215343.407791901] [sage_energy_monitor]: ENERGY | remaining=84.5 % | voltage=15.92 V | drain_rate=0.058 %/s | home_distance=5.5 m | return_time=10 s | return_cost=0.6 % | margin_after_return=63.9 %
[INFO] [1790215344.420555977] [sage_energy_monitor]: ENERGY | remaining=84.4 % | voltage=15.92 V | drain_rate=0.058 %/s | home_distance=6.0 m | return_time=10 s | return_cost=0.6 % | margin_after_return=63.8 %
[INFO] [1790215345.413423511] [sage_energy_monitor]: ENERGY | remaining=84.4 % | voltage=15.92 V | drain_rate=0.058 %/s | home_distance=6.1 m | return_time=10 s | return_cost=0.6 % | margin_after_return=63.8 %
[INFO] [1790215346.408460708] [sage_energy_monitor]: ENERGY | remaining=84.3 % | voltage=15.92 V | drain_rate=0.058 %/s | home_distance=6.2 m | return_time=10 s | return_cost=0.6 % | margin_after_return=63.7 %
[INFO] [1790215347.406998286] [sage_energy_monitor]: ENERGY | remaining=84.2 % | voltage=15.91 V | drain_rate=0.058 %/s | home_distance=6.1 m | return_time=10 s | return_cost=0.6 % | margin_after_return=63.6 %
[INFO] [1790215348.414621876] [sage_energy_monitor]: ENERGY | remaining=84.2 % | voltage=15.91 V | drain_rate=0.058 %/s | home_distance=6.1 m | return_time=10 s | return_cost=0.6 % | margin_after_return=63.6 %
[INFO] [1790215349.407450794] [sage_energy_monitor]: ENERGY | remaining=84.1 % | voltage=15.91 V | drain_rate=0.058 %/s | home_distance=6.1 m | return_time=10 s | return_cost=0.6 % | margin_after_return=63.5 %
[INFO] [1790215350.407975392] [sage_energy_monitor]: ENERGY | remaining=84.1 % | voltage=15.91 V | drain_rate=0.058 %/s | home_distance=6.1 m | return_time=10 s | return_cost=0.6 % | margin_after_return=63.5 %
[INFO] [1790215351.409391378] [sage_energy_monitor]: ENERGY | remaining=84.0 % | voltage=15.91 V | drain_rate=0.058 %/s | home_distance=6.1 m | return_time=10 s | return_cost=0.6 % | margin_after_return=63.4 %
[INFO] [1790215352.406621493] [sage_energy_monitor]: ENERGY | remaining=84.0 % | voltage=15.91 V | drain_rate=0.058 %/s | home_distance=6.1 m | return_time=10 s | return_cost=0.6 % | margin_after_return=63.4 %
[INFO] [1790215353.406111752] [sage_energy_monitor]: ENERGY | remaining=83.9 % | voltage=15.91 V | drain_rate=0.058 %/s | home_distance=6.0 m | return_time=10 s | return_cost=0.6 % | margin_after_return=63.3 %
[INFO] [1790215354.406396864] [sage_energy_monitor]: ENERGY | remaining=83.8 % | voltage=15.91 V | drain_rate=0.058 %/s | home_distance=6.0 m | return_time=10 s | return_cost=0.6 % | margin_after_return=63.3 %
[INFO] [1790215355.407609551] [sage_energy_monitor]: ENERGY | remaining=83.8 % | voltage=15.91 V | drain_rate=0.058 %/s | home_distance=6.0 m | return_time=10 s | return_cost=0.6 % | margin_after_return=63.2 %
[INFO] [1790215356.408918492] [sage_energy_monitor]: ENERGY | remaining=83.7 % | voltage=15.91 V | drain_rate=0.059 %/s | home_distance=5.9 m | return_time=10 s | return_cost=0.6 % | margin_after_return=63.1 %
[INFO] [1790215357.410799190] [sage_energy_monitor]: ENERGY | remaining=83.7 % | voltage=15.90 V | drain_rate=0.059 %/s | home_distance=5.6 m | return_time=10 s | return_cost=0.6 % | margin_after_return=63.1 %
[INFO] [1790215358.409842659] [sage_energy_monitor]: ENERGY | remaining=83.6 % | voltage=15.90 V | drain_rate=0.058 %/s | home_distance=3.8 m | return_time=8 s | return_cost=0.5 % | margin_after_return=63.1 %
[INFO] [1790215359.418036355] [sage_energy_monitor]: ENERGY | remaining=83.5 % | voltage=15.90 V | drain_rate=0.058 %/s | home_distance=1.6 m | return_time=6 s | return_cost=0.3 % | margin_after_return=63.2 %
[INFO] [1790215360.406942151] [sage_energy_monitor]: ENERGY | remaining=83.5 % | voltage=15.90 V | drain_rate=0.058 %/s | home_distance=0.5 m | return_time=5 s | return_cost=0.3 % | margin_after_return=63.2 %
[INFO] [1790215361.411796165] [sage_energy_monitor]: ENERGY | remaining=83.4 % | voltage=15.90 V | drain_rate=0.058 %/s | home_distance=0.3 m | return_time=4 s | return_cost=0.3 % | margin_after_return=63.2 %
[INFO] [1790215362.408161518] [sage_energy_monitor]: ENERGY | remaining=83.4 % | voltage=15.90 V | drain_rate=0.058 %/s | home_distance=0.2 m | return_time=4 s | return_cost=0.2 % | margin_after_return=63.1 %
[INFO] [1790215363.406225084] [sage_energy_monitor]: ENERGY | remaining=83.3 % | voltage=15.90 V | drain_rate=0.058 %/s | home_distance=0.3 m | return_time=4 s | return_cost=0.3 % | margin_after_return=63.1 %
[INFO] [1790215364.409249141] [sage_energy_monitor]: ENERGY | remaining=83.2 % | voltage=15.90 V | drain_rate=0.058 %/s | home_distance=0.4 m | return_time=4 s | return_cost=0.3 % | margin_after_return=63.0 %
[INFO] [1790215365.409860162] [sage_energy_monitor]: ENERGY | remaining=83.2 % | voltage=15.90 V | drain_rate=0.058 %/s | home_distance=0.4 m | return_time=4 s | return_cost=0.2 % | margin_after_return=63.0 %
[INFO] [1790215366.406438146] [sage_energy_monitor]: ENERGY | remaining=83.1 % | voltage=15.89 V | drain_rate=0.058 %/s | home_distance=0.3 m | return_time=4 s | return_cost=0.2 % | margin_after_return=62.9 %
[INFO] [1790215367.407971522] [sage_energy_monitor]: ENERGY | remaining=83.1 % | voltage=15.89 V | drain_rate=0.058 %/s | home_distance=0.2 m | return_time=4 s | return_cost=0.2 % | margin_after_return=62.8 %
[INFO] [1790215368.406848500] [sage_energy_monitor]: ENERGY | remaining=83.0 % | voltage=15.89 V | drain_rate=0.058 %/s | home_distance=0.2 m | return_time=4 s | return_cost=0.2 % | margin_after_return=62.8 %
[INFO] [1790215369.408065701] [sage_energy_monitor]: ENERGY | remaining=83.0 % | voltage=15.89 V | drain_rate=0.058 %/s | home_distance=0.2 m | return_time=4 s | return_cost=0.2 % | margin_after_return=62.7 %
[INFO] [1790215370.410374343] [sage_energy_monitor]: ENERGY | remaining=82.9 % | voltage=15.89 V | drain_rate=0.058 %/s | home_distance=0.1 m | return_time=4 s | return_cost=0.2 % | margin_after_return=62.7 %
[INFO] [1790215371.407539155] [sage_energy_monitor]: ENERGY | remaining=82.9 % | voltage=15.89 V | drain_rate=0.058 %/s | home_distance=0.1 m | return_time=4 s | return_cost=0.2 % | margin_after_return=62.6 %
[INFO] [1790215372.407367345] [sage_energy_monitor]: ENERGY | remaining=82.8 % | voltage=15.89 V | drain_rate=0.058 %/s | home_distance=0.1 m | return_time=4 s | return_cost=0.2 % | margin_after_return=62.6 %
[INFO] [1790215373.408446260] [sage_energy_monitor]: ENERGY | remaining=82.7 % | voltage=15.89 V | drain_rate=0.058 %/s | home_distance=0.0 m | return_time=4 s | return_cost=0.2 % | margin_after_return=62.5 %
[INFO] [1790215374.408280142] [sage_energy_monitor]: ENERGY | remaining=82.7 % | voltage=15.89 V | drain_rate=0.058 %/s | home_distance=0.0 m | return_time=4 s | return_cost=0.2 % | margin_after_return=62.4 %
[INFO] [1790215375.407784788] [sage_energy_monitor]: ENERGY | remaining=82.6 % | voltage=15.89 V | drain_rate=0.058 %/s | home_distance=0.8 m | return_time=5 s | return_cost=0.3 % | margin_after_return=62.3 %
[INFO] [1790215376.411943818] [sage_energy_monitor]: ENERGY | remaining=82.6 % | voltage=15.88 V | drain_rate=0.058 %/s | home_distance=2.7 m | return_time=7 s | return_cost=0.4 % | margin_after_return=62.2 %
[INFO] [1790215377.406431969] [sage_energy_monitor]: ENERGY | remaining=82.5 % | voltage=15.88 V | drain_rate=0.058 %/s | home_distance=4.8 m | return_time=9 s | return_cost=0.5 % | margin_after_return=62.0 %
[INFO] [1790215378.406346365] [sage_energy_monitor]: ENERGY | remaining=82.5 % | voltage=15.88 V | drain_rate=0.058 %/s | home_distance=5.8 m | return_time=10 s | return_cost=0.6 % | margin_after_return=61.9 %
[INFO] [1790215379.406057369] [sage_energy_monitor]: ENERGY | remaining=82.4 % | voltage=15.88 V | drain_rate=0.058 %/s | home_distance=6.1 m | return_time=10 s | return_cost=0.6 % | margin_after_return=61.8 %
[INFO] [1790215380.408519065] [sage_energy_monitor]: ENERGY | remaining=82.3 % | voltage=15.88 V | drain_rate=0.058 %/s | home_distance=6.1 m | return_time=10 s | return_cost=0.6 % | margin_after_return=61.7 %
[INFO] [1790215381.407438078] [sage_energy_monitor]: ENERGY | remaining=82.3 % | voltage=15.88 V | drain_rate=0.058 %/s | home_distance=6.0 m | return_time=10 s | return_cost=0.6 % | margin_after_return=61.7 %
[INFO] [1790215382.407655557] [sage_energy_monitor]: ENERGY | remaining=82.2 % | voltage=15.88 V | drain_rate=0.058 %/s | home_distance=6.0 m | return_time=10 s | return_cost=0.6 % | margin_after_return=61.6 %
[INFO] [1790215383.406301635] [sage_energy_monitor]: ENERGY | remaining=82.2 % | voltage=15.88 V | drain_rate=0.058 %/s | home_distance=6.0 m | return_time=10 s | return_cost=0.6 % | margin_after_return=61.6 %
[INFO] [1790215384.408895467] [sage_energy_monitor]: ENERGY | remaining=82.1 % | voltage=15.88 V | drain_rate=0.058 %/s | home_distance=6.0 m | return_time=10 s | return_cost=0.6 % | margin_after_return=61.5 %
[INFO] [1790215385.408062451] [sage_energy_monitor]: ENERGY | remaining=82.0 % | voltage=15.88 V | drain_rate=0.058 %/s | home_distance=6.0 m | return_time=10 s | return_cost=0.6 % | margin_after_return=61.5 %
[INFO] [1790215386.406331004] [sage_energy_monitor]: ENERGY | remaining=82.0 % | voltage=15.87 V | drain_rate=0.058 %/s | home_distance=6.0 m | return_time=10 s | return_cost=0.6 % | margin_after_return=61.4 %
[INFO] [1790215387.420796720] [sage_energy_monitor]: ENERGY | remaining=81.9 % | voltage=15.87 V | drain_rate=0.057 %/s | home_distance=6.0 m | return_time=10 s | return_cost=0.6 % | margin_after_return=61.3 %
[INFO] [1790215388.406639347] [sage_energy_monitor]: ENERGY | remaining=81.9 % | voltage=15.87 V | drain_rate=0.057 %/s | home_distance=6.0 m | return_time=10 s | return_cost=0.6 % | margin_after_return=61.3 %
[INFO] [1790215389.408785954] [sage_energy_monitor]: ENERGY | remaining=81.8 % | voltage=15.87 V | drain_rate=0.057 %/s | home_distance=5.9 m | return_time=10 s | return_cost=0.6 % | margin_after_return=61.3 %
[INFO] [1790215390.407508241] [sage_energy_monitor]: ENERGY | remaining=81.8 % | voltage=15.87 V | drain_rate=0.057 %/s | home_distance=5.9 m | return_time=10 s | return_cost=0.6 % | margin_after_return=61.2 %
[INFO] [1790215391.406849239] [sage_energy_monitor]: ENERGY | remaining=81.7 % | voltage=15.87 V | drain_rate=0.057 %/s | home_distance=6.0 m | return_time=10 s | return_cost=0.6 % | margin_after_return=61.1 %
[INFO] [1790215392.406021838] [sage_energy_monitor]: ENERGY | remaining=81.7 % | voltage=15.87 V | drain_rate=0.057 %/s | home_distance=6.1 m | return_time=10 s | return_cost=0.6 % | margin_after_return=61.1 %
[INFO] [1790215393.406340571] [sage_energy_monitor]: ENERGY | remaining=81.6 % | voltage=15.87 V | drain_rate=0.057 %/s | home_distance=6.4 m | return_time=11 s | return_cost=0.6 % | margin_after_return=61.0 %
[INFO] [1790215394.409584162] [sage_energy_monitor]: ENERGY | remaining=81.5 % | voltage=15.87 V | drain_rate=0.057 %/s | home_distance=7.4 m | return_time=12 s | return_cost=0.7 % | margin_after_return=60.9 %
[INFO] [1790215395.406478301] [sage_energy_monitor]: ENERGY | remaining=81.5 % | voltage=15.87 V | drain_rate=0.057 %/s | home_distance=8.2 m | return_time=12 s | return_cost=0.7 % | margin_after_return=60.8 %
[INFO] [1790215396.414395454] [sage_energy_monitor]: ENERGY | remaining=81.4 % | voltage=15.86 V | drain_rate=0.057 %/s | home_distance=8.5 m | return_time=12 s | return_cost=0.7 % | margin_after_return=60.7 %
[INFO] [1790215397.410192638] [sage_energy_monitor]: ENERGY | remaining=81.4 % | voltage=15.86 V | drain_rate=0.057 %/s | home_distance=8.5 m | return_time=13 s | return_cost=0.7 % | margin_after_return=60.7 %
[INFO] [1790215398.413205958] [sage_energy_monitor]: ENERGY | remaining=81.3 % | voltage=15.86 V | drain_rate=0.057 %/s | home_distance=8.5 m | return_time=13 s | return_cost=0.7 % | margin_after_return=60.6 %
[INFO] [1790215399.405925591] [sage_energy_monitor]: ENERGY | remaining=81.3 % | voltage=15.86 V | drain_rate=0.057 %/s | home_distance=8.5 m | return_time=13 s | return_cost=0.7 % | margin_after_return=60.5 %
[INFO] [1790215400.406210825] [sage_energy_monitor]: ENERGY | remaining=81.2 % | voltage=15.86 V | drain_rate=0.057 %/s | home_distance=8.5 m | return_time=13 s | return_cost=0.7 % | margin_after_return=60.5 %
[INFO] [1790215401.406430914] [sage_energy_monitor]: ENERGY | remaining=81.1 % | voltage=15.86 V | drain_rate=0.057 %/s | home_distance=8.4 m | return_time=12 s | return_cost=0.7 % | margin_after_return=60.4 %
[INFO] [1790215402.407137014] [sage_energy_monitor]: ENERGY | remaining=81.1 % | voltage=15.86 V | drain_rate=0.058 %/s | home_distance=8.4 m | return_time=12 s | return_cost=0.7 % | margin_after_return=60.4 %
[INFO] [1790215403.409524608] [sage_energy_monitor]: ENERGY | remaining=81.0 % | voltage=15.86 V | drain_rate=0.058 %/s | home_distance=8.5 m | return_time=13 s | return_cost=0.7 % | margin_after_return=60.3 %
[INFO] [1790215404.407245641] [sage_energy_monitor]: ENERGY | remaining=81.0 % | voltage=15.86 V | drain_rate=0.057 %/s | home_distance=8.5 m | return_time=13 s | return_cost=0.7 % | margin_after_return=60.2 %
[INFO] [1790215405.407724475] [sage_energy_monitor]: ENERGY | remaining=80.9 % | voltage=15.85 V | drain_rate=0.058 %/s | home_distance=8.5 m | return_time=13 s | return_cost=0.7 % | margin_after_return=60.2 %
[INFO] [1790215406.406111765] [sage_energy_monitor]: ENERGY | remaining=80.8 % | voltage=15.85 V | drain_rate=0.058 %/s | home_distance=8.5 m | return_time=12 s | return_cost=0.7 % | margin_after_return=60.1 %
[INFO] [1790215407.416671469] [sage_energy_monitor]: ENERGY | remaining=80.8 % | voltage=15.85 V | drain_rate=0.058 %/s | home_distance=8.5 m | return_time=13 s | return_cost=0.7 % | margin_after_return=60.0 %
[INFO] [1790215408.409065168] [sage_energy_monitor]: ENERGY | remaining=80.7 % | voltage=15.85 V | drain_rate=0.058 %/s | home_distance=8.5 m | return_time=13 s | return_cost=0.7 % | margin_after_return=60.0 %
[INFO] [1790215409.412296294] [sage_energy_monitor]: ENERGY | remaining=80.7 % | voltage=15.85 V | drain_rate=0.058 %/s | home_distance=7.9 m | return_time=12 s | return_cost=0.7 % | margin_after_return=60.0 %
[INFO] [1790215410.405978084] [sage_energy_monitor]: ENERGY | remaining=80.6 % | voltage=15.85 V | drain_rate=0.058 %/s | home_distance=6.6 m | return_time=11 s | return_cost=0.6 % | margin_after_return=60.0 %
[INFO] [1790215411.410399618] [sage_energy_monitor]: ENERGY | remaining=80.5 % | voltage=15.85 V | drain_rate=0.058 %/s | home_distance=6.0 m | return_time=10 s | return_cost=0.6 % | margin_after_return=59.9 %
[INFO] [1790215412.411971473] [sage_energy_monitor]: ENERGY | remaining=80.5 % | voltage=15.85 V | drain_rate=0.058 %/s | home_distance=6.0 m | return_time=10 s | return_cost=0.6 % | margin_after_return=59.9 %
[INFO] [1790215413.406405969] [sage_energy_monitor]: ENERGY | remaining=80.4 % | voltage=15.85 V | drain_rate=0.058 %/s | home_distance=6.1 m | return_time=10 s | return_cost=0.6 % | margin_after_return=59.8 %
[INFO] [1790215414.410984002] [sage_energy_monitor]: ENERGY | remaining=80.4 % | voltage=15.84 V | drain_rate=0.058 %/s | home_distance=6.1 m | return_time=10 s | return_cost=0.6 % | margin_after_return=59.8 %
[INFO] [1790215415.411655705] [sage_energy_monitor]: ENERGY | remaining=80.3 % | voltage=15.84 V | drain_rate=0.058 %/s | home_distance=6.1 m | return_time=10 s | return_cost=0.6 % | margin_after_return=59.7 %
[INFO] [1790215416.408778982] [sage_energy_monitor]: ENERGY | remaining=80.2 % | voltage=15.84 V | drain_rate=0.058 %/s | home_distance=6.1 m | return_time=10 s | return_cost=0.6 % | margin_after_return=59.7 %
[INFO] [1790215417.406188649] [sage_energy_monitor]: ENERGY | remaining=80.2 % | voltage=15.84 V | drain_rate=0.058 %/s | home_distance=6.0 m | return_time=10 s | return_cost=0.6 % | margin_after_return=59.6 %
[INFO] [1790215418.406915887] [sage_energy_monitor]: ENERGY | remaining=80.1 % | voltage=15.84 V | drain_rate=0.058 %/s | home_distance=6.0 m | return_time=10 s | return_cost=0.6 % | margin_after_return=59.5 %
[INFO] [1790215419.410651705] [sage_energy_monitor]: ENERGY | remaining=80.1 % | voltage=15.84 V | drain_rate=0.059 %/s | home_distance=6.0 m | return_time=10 s | return_cost=0.6 % | margin_after_return=59.5 %
[INFO] [1790215420.410745332] [sage_energy_monitor]: ENERGY | remaining=80.0 % | voltage=15.84 V | drain_rate=0.058 %/s | home_distance=6.0 m | return_time=10 s | return_cost=0.6 % | margin_after_return=59.4 %
[INFO] [1790215421.416498322] [sage_energy_monitor]: ENERGY | remaining=80.0 % | voltage=15.84 V | drain_rate=0.058 %/s | home_distance=5.9 m | return_time=10 s | return_cost=0.6 % | margin_after_return=59.4 %
[INFO] [1790215422.407492221] [sage_energy_monitor]: ENERGY | remaining=79.9 % | voltage=15.84 V | drain_rate=0.059 %/s | home_distance=5.9 m | return_time=10 s | return_cost=0.6 % | margin_after_return=59.3 %
[INFO] [1790215423.409425067] [sage_energy_monitor]: ENERGY | remaining=79.8 % | voltage=15.84 V | drain_rate=0.058 %/s | home_distance=6.0 m | return_time=10 s | return_cost=0.6 % | margin_after_return=59.2 %
[INFO] [1790215424.411373618] [sage_energy_monitor]: ENERGY | remaining=79.8 % | voltage=15.83 V | drain_rate=0.059 %/s | home_distance=6.0 m | return_time=10 s | return_cost=0.6 % | margin_after_return=59.2 %
[INFO] [1790215425.407062579] [sage_energy_monitor]: ENERGY | remaining=79.7 % | voltage=15.83 V | drain_rate=0.059 %/s | home_distance=6.0 m | return_time=10 s | return_cost=0.6 % | margin_after_return=59.1 %
[INFO] [1790215426.408818105] [sage_energy_monitor]: ENERGY | remaining=79.7 % | voltage=15.83 V | drain_rate=0.059 %/s | home_distance=6.1 m | return_time=10 s | return_cost=0.6 % | margin_after_return=59.1 %
[INFO] [1790215427.411858032] [sage_energy_monitor]: ENERGY | remaining=79.6 % | voltage=15.83 V | drain_rate=0.059 %/s | home_distance=7.0 m | return_time=11 s | return_cost=0.7 % | margin_after_return=58.9 %
[INFO] [1790215428.406527919] [sage_energy_monitor]: ENERGY | remaining=79.5 % | voltage=15.83 V | drain_rate=0.059 %/s | home_distance=8.1 m | return_time=12 s | return_cost=0.7 % | margin_after_return=58.8 %
[INFO] [1790215429.407102454] [sage_energy_monitor]: ENERGY | remaining=79.5 % | voltage=15.83 V | drain_rate=0.059 %/s | home_distance=8.7 m | return_time=13 s | return_cost=0.8 % | margin_after_return=58.7 %
[INFO] [1790215430.408341143] [sage_energy_monitor]: ENERGY | remaining=79.4 % | voltage=15.83 V | drain_rate=0.059 %/s | home_distance=8.8 m | return_time=13 s | return_cost=0.7 % | margin_after_return=58.7 %
[INFO] [1790215431.409411969] [sage_energy_monitor]: ENERGY | remaining=79.4 % | voltage=15.83 V | drain_rate=0.059 %/s | home_distance=8.8 m | return_time=13 s | return_cost=0.8 % | margin_after_return=58.6 %
[INFO] [1790215432.409608830] [sage_energy_monitor]: ENERGY | remaining=79.3 % | voltage=15.83 V | drain_rate=0.059 %/s | home_distance=8.7 m | return_time=13 s | return_cost=0.7 % | margin_after_return=58.6 %
[INFO] [1790215433.406754456] [sage_energy_monitor]: ENERGY | remaining=79.2 % | voltage=15.82 V | drain_rate=0.059 %/s | home_distance=8.6 m | return_time=12 s | return_cost=0.7 % | margin_after_return=58.5 %
[INFO] [1790215434.406163914] [sage_energy_monitor]: ENERGY | remaining=79.2 % | voltage=15.82 V | drain_rate=0.059 %/s | home_distance=8.5 m | return_time=13 s | return_cost=0.7 % | margin_after_return=58.4 %
[INFO] [1790215435.412227370] [sage_energy_monitor]: ENERGY | remaining=79.1 % | voltage=15.82 V | drain_rate=0.059 %/s | home_distance=8.5 m | return_time=13 s | return_cost=0.7 % | margin_after_return=58.4 %
[INFO] [1790215436.411579844] [sage_energy_monitor]: ENERGY | remaining=79.1 % | voltage=15.82 V | drain_rate=0.059 %/s | home_distance=8.5 m | return_time=12 s | return_cost=0.7 % | margin_after_return=58.3 %
[INFO] [1790215437.409299508] [sage_energy_monitor]: ENERGY | remaining=79.0 % | voltage=15.82 V | drain_rate=0.059 %/s | home_distance=8.5 m | return_time=13 s | return_cost=0.7 % | margin_after_return=58.3 %
[INFO] [1790215438.407880555] [sage_energy_monitor]: ENERGY | remaining=79.0 % | voltage=15.82 V | drain_rate=0.059 %/s | home_distance=8.5 m | return_time=12 s | return_cost=0.7 % | margin_after_return=58.2 %
[INFO] [1790215439.407268393] [sage_energy_monitor]: ENERGY | remaining=78.9 % | voltage=15.82 V | drain_rate=0.059 %/s | home_distance=8.5 m | return_time=12 s | return_cost=0.7 % | margin_after_return=58.2 %
[INFO] [1790215440.407533705] [sage_energy_monitor]: ENERGY | remaining=78.8 % | voltage=15.82 V | drain_rate=0.059 %/s | home_distance=8.5 m | return_time=12 s | return_cost=0.7 % | margin_after_return=58.1 %
[INFO] [1790215441.409964396] [sage_energy_monitor]: ENERGY | remaining=78.8 % | voltage=15.82 V | drain_rate=0.059 %/s | home_distance=8.5 m | return_time=13 s | return_cost=0.7 % | margin_after_return=58.0 %
[INFO] [1790215442.409922179] [sage_energy_monitor]: ENERGY | remaining=78.7 % | voltage=15.82 V | drain_rate=0.059 %/s | home_distance=8.3 m | return_time=12 s | return_cost=0.7 % | margin_after_return=58.0 %
[INFO] [1790215443.406132450] [sage_energy_monitor]: ENERGY | remaining=78.7 % | voltage=15.81 V | drain_rate=0.058 %/s | home_distance=7.5 m | return_time=11 s | return_cost=0.7 % | margin_after_return=58.0 %
[INFO] [1790215444.409401534] [sage_energy_monitor]: ENERGY | remaining=78.6 % | voltage=15.81 V | drain_rate=0.058 %/s | home_distance=6.7 m | return_time=11 s | return_cost=0.6 % | margin_after_return=58.0 %
[INFO] [1790215445.407404734] [sage_energy_monitor]: ENERGY | remaining=78.6 % | voltage=15.81 V | drain_rate=0.058 %/s | home_distance=5.8 m | return_time=10 s | return_cost=0.6 % | margin_after_return=58.0 %
[INFO] [1790215446.412733641] [sage_energy_monitor]: ENERGY | remaining=78.5 % | voltage=15.81 V | drain_rate=0.058 %/s | home_distance=4.9 m | return_time=9 s | return_cost=0.5 % | margin_after_return=58.0 %
[INFO] [1790215447.406581226] [sage_energy_monitor]: ENERGY | remaining=78.4 % | voltage=15.81 V | drain_rate=0.058 %/s | home_distance=3.9 m | return_time=8 s | return_cost=0.5 % | margin_after_return=58.0 %
[INFO] [1790215448.406212769] [sage_energy_monitor]: ENERGY | remaining=78.4 % | voltage=15.81 V | drain_rate=0.058 %/s | home_distance=3.0 m | return_time=7 s | return_cost=0.4 % | margin_after_return=58.0 %
[INFO] [1790215449.406130892] [sage_energy_monitor]: ENERGY | remaining=78.3 % | voltage=15.81 V | drain_rate=0.058 %/s | home_distance=2.1 m | return_time=6 s | return_cost=0.3 % | margin_after_return=58.0 %
[INFO] [1790215450.408733058] [sage_energy_monitor]: ENERGY | remaining=78.3 % | voltage=15.81 V | drain_rate=0.058 %/s | home_distance=1.1 m | return_time=5 s | return_cost=0.3 % | margin_after_return=58.0 %
[INFO] [1790215451.408600510] [sage_energy_monitor]: ENERGY | remaining=78.2 % | voltage=15.81 V | drain_rate=0.058 %/s | home_distance=0.2 m | return_time=4 s | return_cost=0.2 % | margin_after_return=58.0 %
[INFO] [1790215452.410878868] [sage_energy_monitor]: ENERGY | remaining=78.1 % | voltage=15.80 V | drain_rate=0.059 %/s | home_distance=0.3 m | return_time=4 s | return_cost=0.2 % | margin_after_return=57.9 %
[INFO] [1790215453.411614059] [sage_energy_monitor]: ENERGY | remaining=78.1 % | voltage=15.80 V | drain_rate=0.059 %/s | home_distance=0.4 m | return_time=3 s | return_cost=0.2 % | margin_after_return=57.9 %
[INFO] [1790215454.408622203] [sage_energy_monitor]: ENERGY | remaining=78.0 % | voltage=15.80 V | drain_rate=0.059 %/s | home_distance=0.4 m | return_time=2 s | return_cost=0.1 % | margin_after_return=57.9 %
[INFO] [1790215455.409863578] [sage_energy_monitor]: ENERGY | remaining=77.9 % | voltage=15.80 V | drain_rate=0.059 %/s | home_distance=0.4 m | return_time=1 s | return_cost=0.0 % | margin_after_return=57.9 %
[INFO] [1790215456.406375724] [sage_energy_monitor]: ENERGY | remaining=77.9 % | voltage=15.80 V | drain_rate=0.059 %/s | home_distance=0.4 m | return_time=1 s | return_cost=0.0 % | margin_after_return=57.8 %
[INFO] [1790215457.414987510] [sage_energy_monitor]: ENERGY | remaining=77.8 % | voltage=15.80 V | drain_rate=0.059 %/s | home_distance=0.4 m | return_time=1 s | return_cost=0.0 % | margin_after_return=57.8 %
[INFO] [1790215458.409237238] [sage_energy_monitor]: ENERGY | remaining=77.8 % | voltage=15.80 V | drain_rate=0.059 %/s | home_distance=0.5 m | return_time=1 s | return_cost=0.0 % | margin_after_return=57.7 %
[INFO] [1790215459.409317929] [sage_energy_monitor]: ENERGY | remaining=87.9 % | voltage=16.20 V | drain_rate=0.000 %/s | home_distance=0.5 m | return_time=1 s | return_cost=0.0 % | margin_after_return=67.9 %
[INFO] [1790215460.406666557] [sage_energy_monitor]: ENERGY | remaining=94.1 % | voltage=16.20 V | drain_rate=0.000 %/s | home_distance=0.5 m | return_time=0 s | return_cost=0.0 % | margin_after_return=74.1 %
[INFO] [1790215461.406693334] [sage_energy_monitor]: ENERGY | remaining=97.2 % | voltage=16.20 V | drain_rate=0.000 %/s | home_distance=0.5 m | return_time=1 s | return_cost=0.0 % | margin_after_return=77.2 %
[INFO] [1790215462.407894692] [sage_energy_monitor]: ENERGY | remaining=98.6 % | voltage=16.20 V | drain_rate=0.000 %/s | home_distance=0.5 m | return_time=1 s | return_cost=0.0 % | margin_after_return=78.6 %
[INFO] [1790215463.410436805] [sage_energy_monitor]: ENERGY | remaining=99.4 % | voltage=16.20 V | drain_rate=0.000 %/s | home_distance=0.5 m | return_time=1 s | return_cost=0.0 % | margin_after_return=79.4 %
[INFO] [1790215464.413412938] [sage_energy_monitor]: ENERGY | remaining=99.7 % | voltage=16.20 V | drain_rate=0.000 %/s | home_distance=0.5 m | return_time=1 s | return_cost=0.0 % | margin_after_return=79.7 %
[INFO] [1790215465.410981730] [sage_energy_monitor]: ENERGY | remaining=99.8 % | voltage=16.20 V | drain_rate=0.000 %/s | home_distance=0.5 m | return_time=1 s | return_cost=0.0 % | margin_after_return=79.8 %
[INFO] [1790215466.408592747] [sage_energy_monitor]: ENERGY | remaining=99.9 % | voltage=16.20 V | drain_rate=0.000 %/s | home_distance=0.5 m | return_time=1 s | return_cost=0.0 % | margin_after_return=79.9 %
[INFO] [1790215467.406083288] [sage_energy_monitor]: ENERGY | remaining=100.0 % | voltage=16.20 V | drain_rate=0.000 %/s | home_distance=0.5 m | return_time=1 s | return_cost=0.0 % | margin_after_return=80.0 %
[INFO] [1790215468.408666624] [sage_energy_monitor]: ENERGY | remaining=100.0 % | voltage=16.20 V | drain_rate=0.000 %/s | home_distance=0.5 m | return_time=1 s | return_cost=0.0 % | margin_after_return=80.0 %
