[INFO] [1790215123.750251760] [sage_viewpoint_planner]: SAGE active-vision viewpoint planner started.
[INFO] [1790215123.750849972] [sage_viewpoint_planner]: Standoff distance: 3.0 m
[INFO] [1790215123.751528922] [sage_viewpoint_planner]: Viewpoint altitude: -2.0 m
[INFO] [1790215123.752340017] [sage_viewpoint_planner]: Search viewpoints: 4
[INFO] [1790215123.753121803] [sage_viewpoint_planner]: Arrival tolerance: 0.35 m
[INFO] [1790215123.753772601] [sage_viewpoint_planner]: Maximum planner step: 0.7 m
[INFO] [1790215123.754536867] [sage_viewpoint_planner]: Observation confidence threshold: 0.60
[INFO] [1790215123.755033505] [sage_viewpoint_planner]: Observation bbox-area threshold: 0.0100 (1% of image)
[INFO] [1790215123.755563055] [sage_viewpoint_planner]: Camera resolution for bbox measurement: 1280x960
[INFO] [1790215123.756026811] [sage_viewpoint_planner]: Image-border margin threshold: 0.02
[INFO] [1790215123.759860791] [sage_viewpoint_planner]: New target acquired | target_id=1
[INFO] [1790215124.395888244] [sage_viewpoint_planner]: PERSON OBSERVATION | confidence=0.762 | bbox_area_fraction=0.0167 | bbox_center_px=(691.9, 485.8) | image_position=(0.541, 0.506) | bbox_margin=0.372
[INFO] [1790215125.575958422] [sage_viewpoint_planner]: PERSON OBSERVATION | confidence=0.751 | bbox_area_fraction=0.0091 | bbox_center_px=(1167.8, 510.2) | image_position=(0.912, 0.531) | bbox_margin=0.057
[INFO] [1790215126.620721924] [sage_viewpoint_planner]: PERSON OBSERVATION | confidence=0.740 | bbox_area_fraction=0.0152 | bbox_center_px=(682.5, 567.8) | image_position=(0.533, 0.591) | bbox_margin=0.286
[INFO] [1790215127.665298536] [sage_viewpoint_planner]: PERSON OBSERVATION | confidence=0.740 | bbox_area_fraction=0.0152 | bbox_center_px=(682.5, 567.8) | image_position=(0.533, 0.591) | bbox_margin=0.286
[INFO] [1790215128.840673180] [sage_viewpoint_planner]: PERSON OBSERVATION | confidence=0.656 | bbox_area_fraction=0.0092 | bbox_center_px=(1147.8, 551.4) | image_position=(0.897, 0.574) | bbox_margin=0.071
[INFO] [1790215129.921643006] [sage_viewpoint_planner]: PERSON OBSERVATION | confidence=0.765 | bbox_area_fraction=0.0141 | bbox_center_px=(678.8, 633.6) | image_position=(0.530, 0.660) | bbox_margin=0.206
[INFO] [1790215131.066322672] [sage_viewpoint_planner]: PERSON OBSERVATION | confidence=0.732 | bbox_area_fraction=0.0099 | bbox_center_px=(1144.0, 580.4) | image_position=(0.894, 0.605) | bbox_margin=0.072
[INFO] [1790215132.300224766] [sage_viewpoint_planner]: PERSON OBSERVATION | confidence=0.780 | bbox_area_fraction=0.0088 | bbox_center_px=(1147.0, 584.3) | image_position=(0.896, 0.609) | bbox_margin=0.073
[INFO] [1790215133.567410383] [sage_viewpoint_planner]: PERSON OBSERVATION | confidence=0.746 | bbox_area_fraction=0.0075 | bbox_center_px=(1155.2, 589.9) | image_position=(0.903, 0.615) | bbox_margin=0.072
[INFO] [1790215134.015237656] [sage_viewpoint_planner]: MISSION ACCEPTED | target=person | attribute=None | quantity=all | output=locations | text='Find all people in this area and report their locations'
[INFO] [1790215134.042285747] [sage_viewpoint_planner]: New target acquired | target_id=1
[INFO] [1790215134.208510342] [sage_viewpoint_planner]: CANDIDATE STATUS | id=1 | track=(-0.1,4.2) | uav=(-0.0,0.0) | range=4.2 m | sufficient=False | matches_track=False | evidence=0.0/2.0 s
[INFO] [1790215134.708169994] [sage_viewpoint_planner]: PERSON OBSERVATION | confidence=0.763 | bbox_area_fraction=0.0076 | bbox_center_px=(1152.5, 591.1) | image_position=(0.900, 0.616) | bbox_margin=0.074
[INFO] [1790215135.833902884] [sage_viewpoint_planner]: PERSON OBSERVATION | confidence=0.536 | bbox_area_fraction=0.0039 | bbox_center_px=(633.2, 514.8) | image_position=(0.495, 0.536) | bbox_margin=0.414
[INFO] [1790215137.046811426] [sage_viewpoint_planner]: PERSON OBSERVATION | confidence=0.760 | bbox_area_fraction=0.0090 | bbox_center_px=(54.1, 588.9) | image_position=(0.042, 0.613) | bbox_margin=0.015
[INFO] [1790215137.804677498] [sage_viewpoint_planner]: OBSERVATION INSUFFICIENT | viewpoint=1/4 | person_confidence=0.860 | bbox_area_fraction=0.0628 | fresh=True | confidence_ok=True | bbox_size_ok=True | position_ok=False | bbox_margin=0.001 | confidence_threshold=0.60 | bbox_threshold=0.0100
[INFO] [1790215137.808105515] [sage_viewpoint_planner]: ENERGY-AWARE SELECTION | chosen=4/4 | distance=4.0 m | est_cost_incl_return=0.6 % | unaffordable_skipped=0
[INFO] [1790215138.179326951] [sage_viewpoint_planner]: PERSON OBSERVATION | confidence=0.836 | bbox_area_fraction=0.0651 | bbox_center_px=(807.1, 749.1) | image_position=(0.631, 0.780) | bbox_margin=0.005
[INFO] [1790215138.405836537] [sage_viewpoint_planner]: CANDIDATE STATUS | id=1 | track=(-0.1,4.2) | uav=(2.7,4.4) | range=2.9 m | sufficient=False | matches_track=False | evidence=0.0/2.0 s
[INFO] [1790215139.601694588] [sage_viewpoint_planner]: PERSON OBSERVATION | confidence=0.582 | bbox_area_fraction=0.0072 | bbox_center_px=(828.2, 499.7) | image_position=(0.647, 0.520) | bbox_margin=0.327
[INFO] [1790215141.286634675] [sage_viewpoint_planner]: PERSON OBSERVATION | confidence=0.344 | bbox_area_fraction=0.0226 | bbox_center_px=(1125.6, 898.6) | image_position=(0.879, 0.936) | bbox_margin=0.000
[INFO] [1790215141.607833956] [sage_viewpoint_planner]: OBSERVATION INSUFFICIENT | viewpoint=4/4 | person_confidence=0.866 | bbox_area_fraction=0.0505 | fresh=True | confidence_ok=True | bbox_size_ok=True | position_ok=False | bbox_margin=0.000 | confidence_threshold=0.60 | bbox_threshold=0.0100
[INFO] [1790215141.608592518] [sage_viewpoint_planner]: ENERGY-AWARE SELECTION | chosen=3/4 | distance=4.1 m | est_cost_incl_return=0.8 % | unaffordable_skipped=0
[INFO] [1790215142.314583945] [sage_viewpoint_planner]: PERSON OBSERVATION | confidence=0.812 | bbox_area_fraction=0.0492 | bbox_center_px=(699.9, 739.5) | image_position=(0.547, 0.770) | bbox_margin=0.042
[INFO] [1790215142.406202889] [sage_viewpoint_planner]: CANDIDATE STATUS | id=1 | track=(-1.1,6.0) | uav=(0.1,0.9) | range=5.3 m | sufficient=True | matches_track=True | evidence=0.4/2.0 s
[INFO] [1790215143.987663282] [sage_viewpoint_planner]: PERSON OBSERVATION | confidence=0.699 | bbox_area_fraction=0.0131 | bbox_center_px=(117.8, 809.6) | image_position=(0.092, 0.843) | bbox_margin=0.055
[INFO] [1790215145.442362480] [sage_viewpoint_planner]: PERSON OBSERVATION | confidence=0.410 | bbox_area_fraction=0.0194 | bbox_center_px=(958.8, 893.0) | image_position=(0.749, 0.930) | bbox_margin=0.001
[INFO] [1790215146.010179071] [sage_viewpoint_planner]: OBSERVATION INSUFFICIENT | viewpoint=3/4 | person_confidence=0.410 | bbox_area_fraction=0.0194 | fresh=True | confidence_ok=False | bbox_size_ok=True | position_ok=False | bbox_margin=0.001 | confidence_threshold=0.60 | bbox_threshold=0.0100
[INFO] [1790215146.012459923] [sage_viewpoint_planner]: ENERGY-AWARE SELECTION | chosen=2/4 | distance=5.4 m | est_cost_incl_return=1.1 % | unaffordable_skipped=0
[INFO] [1790215146.604013949] [sage_viewpoint_planner]: CANDIDATE STATUS | id=1 | track=(-0.1,4.8) | uav=(-3.0,3.9) | range=3.1 m | sufficient=False | matches_track=False | evidence=0.6/2.0 s
[INFO] [1790215146.665266973] [sage_viewpoint_planner]: PERSON OBSERVATION | confidence=0.846 | bbox_area_fraction=0.0445 | bbox_center_px=(690.5, 780.7) | image_position=(0.539, 0.813) | bbox_margin=0.007
[INFO] [1790215149.235595057] [sage_viewpoint_planner]: PERSON OBSERVATION | confidence=0.707 | bbox_area_fraction=0.0032 | bbox_center_px=(1164.5, 603.1) | image_position=(0.910, 0.628) | bbox_margin=0.073
[INFO] [1790215150.007245985] [sage_viewpoint_planner]: OBSERVATION SUFFICIENT | viewpoint=2/4 | person_confidence=0.743 | bbox_area_fraction=0.0180 | fresh=True | confidence_ok=True | bbox_size_ok=True | position_ok=True | bbox_margin=0.160 | confidence_threshold=0.60 | bbox_threshold=0.0100 | HOLDING VIEWPOINT.
[INFO] [1790215150.354020367] [sage_viewpoint_planner]: PERSON OBSERVATION | confidence=0.743 | bbox_area_fraction=0.0180 | bbox_center_px=(846.2, 694.5) | image_position=(0.661, 0.723) | bbox_margin=0.160
[INFO] [1790215150.610434342] [sage_viewpoint_planner]: CANDIDATE STATUS | id=1 | track=(0.1,3.7) | uav=(-1.3,9.3) | range=5.8 m | sufficient=True | matches_track=True | evidence=1.6/2.0 s
[INFO] [1790215151.005986605] [sage_viewpoint_planner]: TARGET VERIFIED | id=1 | position=(0.08, 3.76) | confidence=0.694 | evidence_points=11 | verified_total=1
[INFO] [1790215151.203492926] [sage_viewpoint_planner]: COVERAGE START | area x[-9,9] y[-9,9] | 9 waypoints | scan 3 s x 4 headings each
[INFO] [1790215151.596845697] [sage_viewpoint_planner]: PERSON OBSERVATION | confidence=0.562 | bbox_area_fraction=0.0075 | bbox_center_px=(821.9, 583.5) | image_position=(0.642, 0.608) | bbox_margin=0.300
[INFO] [1790215151.642781506] [sage_viewpoint_planner]: New target acquired | target_id=3
[INFO] [1790215151.804341705] [sage_viewpoint_planner]: CANDIDATE FOUND | leaving sweep to verify target_id=3
[INFO] [1790215152.889209255] [sage_viewpoint_planner]: PERSON OBSERVATION | confidence=0.610 | bbox_area_fraction=0.0059 | bbox_center_px=(409.9, 551.3) | image_position=(0.320, 0.574) | bbox_margin=0.304
[INFO] [1790215154.253000997] [sage_viewpoint_planner]: PERSON OBSERVATION | confidence=0.696 | bbox_area_fraction=0.0104 | bbox_center_px=(821.4, 601.2) | image_position=(0.642, 0.626) | bbox_margin=0.272
[INFO] [1790215154.807203995] [sage_viewpoint_planner]: CANDIDATE STATUS | id=3 | track=(-0.0,4.8) | uav=(1.1,6.9) | range=2.4 m | sufficient=False | matches_track=False | evidence=0.0/2.0 s
[INFO] [1790215155.205977341] [sage_viewpoint_planner]: OBSERVATION INSUFFICIENT | viewpoint=1/4 | person_confidence=0.553 | bbox_area_fraction=0.0094 | fresh=True | confidence_ok=False | bbox_size_ok=False | position_ok=True | bbox_margin=0.198 | confidence_threshold=0.60 | bbox_threshold=0.0100
[INFO] [1790215155.206894903] [sage_viewpoint_planner]: ENERGY-AWARE SELECTION | chosen=2/4 | distance=1.9 m | est_cost_incl_return=0.8 % | unaffordable_skipped=0
[INFO] [1790215155.732920857] [sage_viewpoint_planner]: PERSON OBSERVATION | confidence=0.364 | bbox_area_fraction=0.0056 | bbox_center_px=(760.3, 603.4) | image_position=(0.594, 0.629) | bbox_margin=0.283
[INFO] [1790215156.831454527] [sage_viewpoint_planner]: PERSON OBSERVATION | confidence=0.837 | bbox_area_fraction=0.0334 | bbox_center_px=(899.9, 818.4) | image_position=(0.703, 0.853) | bbox_margin=0.000
[INFO] [1790215158.715388349] [sage_viewpoint_planner]: PERSON OBSERVATION | confidence=0.617 | bbox_area_fraction=0.0166 | bbox_center_px=(477.1, 709.7) | image_position=(0.373, 0.739) | bbox_margin=0.134
[INFO] [1790215159.010715877] [sage_viewpoint_planner]: CANDIDATE STATUS | id=3 | track=(0.0,4.3) | uav=(0.4,7.9) | range=3.6 m | sufficient=False | matches_track=False | evidence=0.2/2.0 s
[INFO] [1790215159.407295920] [sage_viewpoint_planner]: OBSERVATION INSUFFICIENT | viewpoint=2/4 | person_confidence=0.316 | bbox_area_fraction=0.0158 | fresh=True | confidence_ok=False | bbox_size_ok=True | position_ok=True | bbox_margin=0.152 | confidence_threshold=0.60 | bbox_threshold=0.0100
[INFO] [1790215159.407934757] [sage_viewpoint_planner]: ENERGY-AWARE SELECTION | chosen=3/4 | distance=4.8 m | est_cost_incl_return=0.8 % | unaffordable_skipped=0
[INFO] [1790215159.968944227] [sage_viewpoint_planner]: PERSON OBSERVATION | confidence=0.391 | bbox_area_fraction=0.0198 | bbox_center_px=(562.2, 697.4) | image_position=(0.439, 0.726) | bbox_margin=0.138
[INFO] [1790215161.139718904] [sage_viewpoint_planner]: PERSON OBSERVATION | confidence=0.825 | bbox_area_fraction=0.0348 | bbox_center_px=(65.9, 602.3) | image_position=(0.051, 0.627) | bbox_margin=0.001
[INFO] [1790215162.785512910] [sage_viewpoint_planner]: PERSON OBSERVATION | confidence=0.772 | bbox_area_fraction=0.0345 | bbox_center_px=(123.1, 872.4) | image_position=(0.096, 0.909) | bbox_margin=0.000
[INFO] [1790215163.008238340] [sage_viewpoint_planner]: OBSERVATION INSUFFICIENT | viewpoint=3/4 | person_confidence=0.809 | bbox_area_fraction=0.0619 | fresh=True | confidence_ok=True | bbox_size_ok=True | position_ok=False | bbox_margin=0.000 | confidence_threshold=0.60 | bbox_threshold=0.0100
[INFO] [1790215163.012488785] [sage_viewpoint_planner]: ENERGY-AWARE SELECTION | chosen=4/4 | distance=4.5 m | est_cost_incl_return=0.5 % | unaffordable_skipped=0
[INFO] [1790215163.206222889] [sage_viewpoint_planner]: CANDIDATE STATUS | id=3 | track=(0.7,3.3) | uav=(-2.9,4.3) | range=3.7 m | sufficient=False | matches_track=False | evidence=0.6/2.0 s
[INFO] [1790215164.095391752] [sage_viewpoint_planner]: PERSON OBSERVATION | confidence=0.842 | bbox_area_fraction=0.0461 | bbox_center_px=(628.7, 726.1) | image_position=(0.491, 0.756) | bbox_margin=0.087
[INFO] [1790215165.584559476] [sage_viewpoint_planner]: PERSON OBSERVATION | confidence=0.788 | bbox_area_fraction=0.0188 | bbox_center_px=(937.8, 839.7) | image_position=(0.733, 0.875) | bbox_margin=0.000
[INFO] [1790215166.408673917] [sage_viewpoint_planner]: OBSERVATION INSUFFICIENT | viewpoint=4/4 | person_confidence=0.774 | bbox_area_fraction=0.0085 | fresh=True | confidence_ok=True | bbox_size_ok=False | position_ok=True | bbox_margin=0.268 | confidence_threshold=0.60 | bbox_threshold=0.0100
[INFO] [1790215166.414407632] [sage_viewpoint_planner]: SEARCH CYCLE COMPLETE | starting next cycle.
[INFO] [1790215166.418825177] [sage_viewpoint_planner]: ENERGY-AWARE SELECTION | chosen=3/4 | distance=3.4 m | est_cost_incl_return=0.7 % | unaffordable_skipped=0
[INFO] [1790215166.881089877] [sage_viewpoint_planner]: PERSON OBSERVATION | confidence=0.832 | bbox_area_fraction=0.0303 | bbox_center_px=(545.9, 728.9) | image_position=(0.426, 0.759) | bbox_margin=0.073
[INFO] [1790215167.203790434] [sage_viewpoint_planner]: DUPLICATE TRACK MERGED | id=3 | position=(0.29, 3.82) | same as verified id=1
[INFO] [1790215167.917112485] [sage_viewpoint_planner]: PERSON OBSERVATION | confidence=0.758 | bbox_area_fraction=0.0219 | bbox_center_px=(859.4, 586.3) | image_position=(0.671, 0.611) | bbox_margin=0.256
[INFO] [1790215172.604809799] [sage_viewpoint_planner]: COVERAGE WAYPOINT | 1/9 at (6.0, 6.0) | scanning
[INFO] [1790215180.802551284] [sage_viewpoint_planner]: PERSON OBSERVATION | confidence=0.629 | bbox_area_fraction=0.0041 | bbox_center_px=(1060.6, 577.1) | image_position=(0.829, 0.601) | bbox_margin=0.152
[INFO] [1790215180.837308942] [sage_viewpoint_planner]: New target acquired | target_id=2
[INFO] [1790215181.006048031] [sage_viewpoint_planner]: CANDIDATE FOUND | leaving sweep to verify target_id=2
[INFO] [1790215181.006885458] [sage_viewpoint_planner]: CANDIDATE STATUS | id=2 | track=(-5.2,7.7) | uav=(6.1,6.1) | range=11.4 m | sufficient=False | matches_track=False | evidence=0.0/2.0 s
[INFO] [1790215182.027035261] [sage_viewpoint_planner]: PERSON OBSERVATION | confidence=0.307 | bbox_area_fraction=0.0068 | bbox_center_px=(738.5, 602.4) | image_position=(0.577, 0.627) | bbox_margin=0.298
[INFO] [1790215183.159587502] [sage_viewpoint_planner]: PERSON OBSERVATION | confidence=0.716 | bbox_area_fraction=0.0087 | bbox_center_px=(958.2, 451.6) | image_position=(0.749, 0.470) | bbox_margin=0.226
[INFO] [1790215184.313064950] [sage_viewpoint_planner]: PERSON OBSERVATION | confidence=0.770 | bbox_area_fraction=0.0331 | bbox_center_px=(1172.1, 723.5) | image_position=(0.916, 0.754) | bbox_margin=0.033
[INFO] [1790215185.204885372] [sage_viewpoint_planner]: CANDIDATE STATUS | id=2 | track=(-5.2,7.7) | uav=(-1.0,7.2) | range=4.3 m | sufficient=False | matches_track=False | evidence=0.0/2.0 s
[INFO] [1790215185.330703231] [sage_viewpoint_planner]: PERSON OBSERVATION | confidence=0.445 | bbox_area_fraction=0.0101 | bbox_center_px=(666.3, 680.7) | image_position=(0.521, 0.709) | bbox_margin=0.187
[INFO] [1790215185.806078966] [sage_viewpoint_planner]: OBSERVATION INSUFFICIENT | viewpoint=1/4 | person_confidence=0.445 | bbox_area_fraction=0.0101 | fresh=True | confidence_ok=False | bbox_size_ok=True | position_ok=True | bbox_margin=0.187 | confidence_threshold=0.60 | bbox_threshold=0.0100
[INFO] [1790215185.806860864] [sage_viewpoint_planner]: ENERGY-AWARE SELECTION | chosen=4/4 | distance=4.3 m | est_cost_incl_return=0.9 % | unaffordable_skipped=0
[INFO] [1790215186.499089213] [sage_viewpoint_planner]: PERSON OBSERVATION | confidence=0.741 | bbox_area_fraction=0.0167 | bbox_center_px=(694.0, 800.0) | image_position=(0.542, 0.833) | bbox_margin=0.040
[INFO] [1790215187.532449504] [sage_viewpoint_planner]: PERSON OBSERVATION | confidence=0.744 | bbox_area_fraction=0.0446 | bbox_center_px=(1087.0, 661.2) | image_position=(0.849, 0.689) | bbox_margin=0.080
[INFO] [1790215189.209560840] [sage_viewpoint_planner]: OBSERVATION INSUFFICIENT | viewpoint=4/4 | person_confidence=0.744 | bbox_area_fraction=0.0446 | fresh=False | confidence_ok=True | bbox_size_ok=True | position_ok=True | bbox_margin=0.080 | confidence_threshold=0.60 | bbox_threshold=0.0100
[INFO] [1790215189.210312160] [sage_viewpoint_planner]: ENERGY-AWARE SELECTION | chosen=3/4 | distance=4.6 m | est_cost_incl_return=1.2 % | unaffordable_skipped=0
[INFO] [1790215189.282741554] [sage_viewpoint_planner]: PERSON OBSERVATION | confidence=0.864 | bbox_area_fraction=0.0375 | bbox_center_px=(1075.9, 854.3) | image_position=(0.841, 0.890) | bbox_margin=0.003
[INFO] [1790215189.407677459] [sage_viewpoint_planner]: CANDIDATE STATUS | id=2 | track=(-6.4,7.5) | uav=(-5.2,4.8) | range=3.0 m | sufficient=False | matches_track=False | evidence=1.8/2.0 s
[INFO] [1790215190.478684198] [sage_viewpoint_planner]: PERSON OBSERVATION | confidence=0.860 | bbox_area_fraction=0.0426 | bbox_center_px=(757.7, 773.2) | image_position=(0.592, 0.805) | bbox_margin=0.001
[INFO] [1790215191.613269787] [sage_viewpoint_planner]: TARGET VERIFIED | id=2 | position=(-5.92, 7.07) | confidence=0.619 | evidence_points=11 | verified_total=2
[INFO] [1790215191.661376674] [sage_viewpoint_planner]: PERSON OBSERVATION | confidence=0.556 | bbox_area_fraction=0.0028 | bbox_center_px=(228.9, 768.3) | image_position=(0.179, 0.800) | bbox_margin=0.156
[INFO] [1790215192.141609496] [sage_viewpoint_planner]: New target acquired | target_id=4
[INFO] [1790215192.203279728] [sage_viewpoint_planner]: CANDIDATE FOUND | leaving sweep to verify target_id=4
[INFO] [1790215192.827276845] [sage_viewpoint_planner]: PERSON OBSERVATION | confidence=0.590 | bbox_area_fraction=0.0850 | bbox_center_px=(909.5, 727.2) | image_position=(0.711, 0.757) | bbox_margin=0.053
[INFO] [1790215193.604009563] [sage_viewpoint_planner]: CANDIDATE STATUS | id=4 | track=(5.9,-8.5) | uav=(-8.5,6.0) | range=20.5 m | sufficient=True | matches_track=False | evidence=0.0/2.0 s
[INFO] [1790215197.608275719] [sage_viewpoint_planner]: CANDIDATE STATUS | id=4 | track=(5.9,-8.5) | uav=(-2.8,-0.4) | range=11.9 m | sufficient=False | matches_track=False | evidence=0.0/2.0 s
[INFO] [1790215201.804272883] [sage_viewpoint_planner]: CANDIDATE STATUS | id=4 | track=(5.9,-8.5) | uav=(-0.0,-1.8) | range=8.9 m | sufficient=False | matches_track=False | evidence=0.0/2.0 s
[INFO] [1790215205.808837667] [sage_viewpoint_planner]: CANDIDATE STATUS | id=4 | track=(5.9,-8.5) | uav=(0.7,-1.3) | range=8.9 m | sufficient=False | matches_track=False | evidence=0.0/2.0 s
[WARN] [1790215207.203205871] [sage_viewpoint_planner]: CANDIDATE REJECTED | id=4 | no person visible (phantom) | resuming coverage.
[INFO] [1790215208.377858755] [sage_viewpoint_planner]: PERSON OBSERVATION | confidence=0.790 | bbox_area_fraction=0.0052 | bbox_center_px=(185.3, 514.0) | image_position=(0.145, 0.535) | bbox_margin=0.121
[INFO] [1790215212.410288582] [sage_viewpoint_planner]: COVERAGE WAYPOINT | 1/9 at (6.0, 6.0) | scanning
[INFO] [1790215220.284559580] [sage_viewpoint_planner]: PERSON OBSERVATION | confidence=0.587 | bbox_area_fraction=0.0052 | bbox_center_px=(1243.6, 580.3) | image_position=(0.972, 0.604) | bbox_margin=0.008
[INFO] [1790215221.489320372] [sage_viewpoint_planner]: PERSON OBSERVATION | confidence=0.467 | bbox_area_fraction=0.0025 | bbox_center_px=(416.1, 555.7) | image_position=(0.325, 0.579) | bbox_margin=0.312
[INFO] [1790215222.697258251] [sage_viewpoint_planner]: PERSON OBSERVATION | confidence=0.537 | bbox_area_fraction=0.0115 | bbox_center_px=(902.0, 613.4) | image_position=(0.705, 0.639) | bbox_margin=0.260
[INFO] [1790215223.731817294] [sage_viewpoint_planner]: PERSON OBSERVATION | confidence=0.726 | bbox_area_fraction=0.0116 | bbox_center_px=(215.9, 627.2) | image_position=(0.169, 0.653) | bbox_margin=0.138
[INFO] [1790215226.226756912] [sage_viewpoint_planner]: PERSON OBSERVATION | confidence=0.329 | bbox_area_fraction=0.0014 | bbox_center_px=(669.1, 496.5) | image_position=(0.523, 0.517) | bbox_margin=0.446
[INFO] [1790215227.306811400] [sage_viewpoint_planner]: PERSON OBSERVATION | confidence=0.624 | bbox_area_fraction=0.0021 | bbox_center_px=(594.8, 400.9) | image_position=(0.465, 0.418) | bbox_margin=0.376
[INFO] [1790215228.348143632] [sage_viewpoint_planner]: PERSON OBSERVATION | confidence=0.461 | bbox_area_fraction=0.0025 | bbox_center_px=(588.9, 556.2) | image_position=(0.460, 0.579) | bbox_margin=0.370
[INFO] [1790215228.446737380] [sage_viewpoint_planner]: New target acquired | target_id=10
[INFO] [1790215228.603055909] [sage_viewpoint_planner]: CANDIDATE FOUND | leaving sweep to verify target_id=10
[INFO] [1790215228.603899138] [sage_viewpoint_planner]: CANDIDATE STATUS | id=10 | track=(5.2,-4.4) | uav=(6.0,1.0) | range=5.4 m | sufficient=False | matches_track=False | evidence=0.0/2.0 s
[INFO] [1790215229.624534397] [sage_viewpoint_planner]: PERSON OBSERVATION | confidence=0.631 | bbox_area_fraction=0.0064 | bbox_center_px=(587.7, 749.4) | image_position=(0.459, 0.781) | bbox_margin=0.139
[INFO] [1790215231.238676012] [sage_viewpoint_planner]: PERSON OBSERVATION | confidence=0.688 | bbox_area_fraction=0.0061 | bbox_center_px=(437.1, 718.4) | image_position=(0.342, 0.748) | bbox_margin=0.184
[INFO] [1790215232.535818742] [sage_viewpoint_planner]: PERSON OBSERVATION | confidence=0.849 | bbox_area_fraction=0.0396 | bbox_center_px=(1078.7, 817.3) | image_position=(0.843, 0.851) | bbox_margin=0.001
[INFO] [1790215232.604610341] [sage_viewpoint_planner]: CANDIDATE STATUS | id=10 | track=(5.7,-6.8) | uav=(8.1,-4.2) | range=3.6 m | sufficient=False | matches_track=False | evidence=0.0/2.0 s
[INFO] [1790215232.605745068] [sage_viewpoint_planner]: OBSERVATION INSUFFICIENT | viewpoint=1/4 | person_confidence=0.849 | bbox_area_fraction=0.0396 | fresh=True | confidence_ok=True | bbox_size_ok=True | position_ok=False | bbox_margin=0.001 | confidence_threshold=0.60 | bbox_threshold=0.0100
[INFO] [1790215232.606314578] [sage_viewpoint_planner]: ENERGY-AWARE SELECTION | chosen=2/4 | distance=2.5 m | est_cost_incl_return=0.8 % | unaffordable_skipped=0
[INFO] [1790215233.539244846] [sage_viewpoint_planner]: PERSON OBSERVATION | confidence=0.825 | bbox_area_fraction=0.0335 | bbox_center_px=(907.8, 728.0) | image_position=(0.709, 0.758) | bbox_margin=0.101
[INFO] [1790215234.710453801] [sage_viewpoint_planner]: PERSON OBSERVATION | confidence=0.570 | bbox_area_fraction=0.0651 | bbox_center_px=(306.6, 619.0) | image_position=(0.240, 0.645) | bbox_margin=0.139
[INFO] [1790215235.607920718] [sage_viewpoint_planner]: OBSERVATION INSUFFICIENT | viewpoint=2/4 | person_confidence=0.570 | bbox_area_fraction=0.0651 | fresh=True | confidence_ok=False | bbox_size_ok=True | position_ok=True | bbox_margin=0.139 | confidence_threshold=0.60 | bbox_threshold=0.0100
[INFO] [1790215235.608663040] [sage_viewpoint_planner]: ENERGY-AWARE SELECTION | chosen=3/4 | distance=4.9 m | est_cost_incl_return=0.9 % | unaffordable_skipped=0
[INFO] [1790215236.336292839] [sage_viewpoint_planner]: PERSON OBSERVATION | confidence=0.893 | bbox_area_fraction=0.0783 | bbox_center_px=(364.2, 809.7) | image_position=(0.285, 0.843) | bbox_margin=0.000
[INFO] [1790215236.604966516] [sage_viewpoint_planner]: CANDIDATE STATUS | id=10 | track=(4.7,-6.6) | uav=(5.6,-3.8) | range=2.9 m | sufficient=False | matches_track=False | evidence=1.0/2.0 s
[INFO] [1790215239.205666016] [sage_viewpoint_planner]: OBSERVATION INSUFFICIENT | viewpoint=3/4 | person_confidence=0.863 | bbox_area_fraction=0.0801 | fresh=False | confidence_ok=True | bbox_size_ok=True | position_ok=False | bbox_margin=0.002 | confidence_threshold=0.60 | bbox_threshold=0.0100
[INFO] [1790215239.206744400] [sage_viewpoint_planner]: ENERGY-AWARE SELECTION | chosen=4/4 | distance=4.2 m | est_cost_incl_return=1.1 % | unaffordable_skipped=0
[INFO] [1790215239.450971165] [sage_viewpoint_planner]: PERSON OBSERVATION | confidence=0.878 | bbox_area_fraction=0.0495 | bbox_center_px=(652.5, 752.3) | image_position=(0.510, 0.784) | bbox_margin=0.025
[INFO] [1790215240.482707255] [sage_viewpoint_planner]: PERSON OBSERVATION | confidence=0.770 | bbox_area_fraction=0.0269 | bbox_center_px=(739.2, 638.5) | image_position=(0.577, 0.665) | bbox_margin=0.202
[INFO] [1790215240.803384313] [sage_viewpoint_planner]: CANDIDATE STATUS | id=10 | track=(4.8,-6.2) | uav=(1.8,-6.7) | range=3.1 m | sufficient=True | matches_track=False | evidence=0.0/2.0 s
[INFO] [1790215241.829478266] [sage_viewpoint_planner]: PERSON OBSERVATION | confidence=0.369 | bbox_area_fraction=0.0026 | bbox_center_px=(695.0, 658.3) | image_position=(0.543, 0.686) | bbox_margin=0.270
[INFO] [1790215242.889953695] [sage_viewpoint_planner]: PERSON OBSERVATION | confidence=0.519 | bbox_area_fraction=0.0013 | bbox_center_px=(724.5, 497.9) | image_position=(0.566, 0.519) | bbox_margin=0.425
[INFO] [1790215243.407152853] [sage_viewpoint_planner]: OBSERVATION INSUFFICIENT | viewpoint=4/4 | person_confidence=0.604 | bbox_area_fraction=0.0466 | fresh=True | confidence_ok=True | bbox_size_ok=True | position_ok=False | bbox_margin=0.008 | confidence_threshold=0.60 | bbox_threshold=0.0100
[INFO] [1790215243.407854671] [sage_viewpoint_planner]: SEARCH CYCLE COMPLETE | starting next cycle.
[INFO] [1790215243.409468373] [sage_viewpoint_planner]: ENERGY-AWARE SELECTION | chosen=3/4 | distance=4.0 m | est_cost_incl_return=0.9 % | unaffordable_skipped=0
[INFO] [1790215243.949504949] [sage_viewpoint_planner]: PERSON OBSERVATION | confidence=0.756 | bbox_area_fraction=0.0367 | bbox_center_px=(552.0, 705.3) | image_position=(0.431, 0.735) | bbox_margin=0.097
[INFO] [1790215244.807779281] [sage_viewpoint_planner]: CANDIDATE STATUS | id=10 | track=(5.1,-5.9) | uav=(4.2,-9.2) | range=3.3 m | sufficient=True | matches_track=True | evidence=0.4/2.0 s
[INFO] [1790215245.128962899] [sage_viewpoint_planner]: PERSON OBSERVATION | confidence=0.487 | bbox_area_fraction=0.0285 | bbox_center_px=(789.3, 586.8) | image_position=(0.617, 0.611) | bbox_margin=0.257
[INFO] [1790215246.899234947] [sage_viewpoint_planner]: PERSON OBSERVATION | confidence=0.841 | bbox_area_fraction=0.0665 | bbox_center_px=(1148.1, 746.1) | image_position=(0.897, 0.777) | bbox_margin=0.013
[INFO] [1790215248.004611786] [sage_viewpoint_planner]: TARGET VERIFIED | id=10 | position=(5.21, -5.74) | confidence=0.749 | evidence_points=11 | verified_total=3
[INFO] [1790215248.122602811] [sage_viewpoint_planner]: PERSON OBSERVATION | confidence=0.766 | bbox_area_fraction=0.0238 | bbox_center_px=(665.7, 636.6) | image_position=(0.520, 0.663) | bbox_margin=0.213
[INFO] [1790215249.288196032] [sage_viewpoint_planner]: PERSON OBSERVATION | confidence=0.665 | bbox_area_fraction=0.0212 | bbox_center_px=(677.3, 667.7) | image_position=(0.529, 0.695) | bbox_margin=0.180
[INFO] [1790215250.625954497] [sage_viewpoint_planner]: PERSON OBSERVATION | confidence=0.383 | bbox_area_fraction=0.0077 | bbox_center_px=(1020.1, 480.2) | image_position=(0.797, 0.500) | bbox_margin=0.172
[INFO] [1790215253.213145242] [sage_viewpoint_planner]: COVERAGE WAYPOINT | 2/9 at (6.0, 0.0) | scanning
[INFO] [1790215259.237860982] [sage_viewpoint_planner]: PERSON OBSERVATION | confidence=0.755 | bbox_area_fraction=0.0180 | bbox_center_px=(1154.5, 617.4) | image_position=(0.902, 0.643) | bbox_margin=0.051
[INFO] [1790215261.039779054] [sage_viewpoint_planner]: PERSON OBSERVATION | confidence=0.690 | bbox_area_fraction=0.0115 | bbox_center_px=(1242.1, 592.9) | image_position=(0.970, 0.618) | bbox_margin=0.001
[INFO] [1790215262.287330207] [sage_viewpoint_planner]: PERSON OBSERVATION | confidence=0.659 | bbox_area_fraction=0.0106 | bbox_center_px=(142.8, 591.7) | image_position=(0.112, 0.616) | bbox_margin=0.083
[INFO] [1790215263.497816508] [sage_viewpoint_planner]: PERSON OBSERVATION | confidence=0.602 | bbox_area_fraction=0.0077 | bbox_center_px=(377.5, 583.0) | image_position=(0.295, 0.607) | bbox_margin=0.269
[INFO] [1790215264.896413816] [sage_viewpoint_planner]: PERSON OBSERVATION | confidence=0.446 | bbox_area_fraction=0.0082 | bbox_center_px=(772.2, 591.1) | image_position=(0.603, 0.616) | bbox_margin=0.306
[INFO] [1790215266.518965389] [sage_viewpoint_planner]: PERSON OBSERVATION | confidence=0.629 | bbox_area_fraction=0.0065 | bbox_center_px=(619.3, 569.5) | image_position=(0.484, 0.593) | bbox_margin=0.331
[INFO] [1790215266.849927101] [sage_viewpoint_planner]: New target acquired | target_id=12
[INFO] [1790215267.007304567] [sage_viewpoint_planner]: CANDIDATE FOUND | leaving sweep to verify target_id=12
[INFO] [1790215267.013993285] [sage_viewpoint_planner]: CANDIDATE STATUS | id=12 | track=(4.9,-8.9) | uav=(6.0,-0.4) | range=8.6 m | sufficient=False | matches_track=False | evidence=0.0/2.0 s
[INFO] [1790215267.613689861] [sage_viewpoint_planner]: PERSON OBSERVATION | confidence=0.580 | bbox_area_fraction=0.0068 | bbox_center_px=(588.0, 378.9) | image_position=(0.459, 0.395) | bbox_margin=0.313
[INFO] [1790215268.675048533] [sage_viewpoint_planner]: PERSON OBSERVATION | confidence=0.776 | bbox_area_fraction=0.0174 | bbox_center_px=(775.4, 678.4) | image_position=(0.606, 0.707) | bbox_margin=0.171
[INFO] [1790215269.936514156] [sage_viewpoint_planner]: PERSON OBSERVATION | confidence=0.687 | bbox_area_fraction=0.0047 | bbox_center_px=(289.1, 643.5) | image_position=(0.226, 0.670) | bbox_margin=0.207
[INFO] [1790215271.110583720] [sage_viewpoint_planner]: PERSON OBSERVATION | confidence=0.841 | bbox_area_fraction=0.0738 | bbox_center_px=(787.1, 736.3) | image_position=(0.615, 0.767) | bbox_margin=0.000
[INFO] [1790215271.205047875] [sage_viewpoint_planner]: CANDIDATE STATUS | id=12 | track=(4.7,-7.6) | uav=(7.5,-7.4) | range=2.8 m | sufficient=False | matches_track=False | evidence=0.0/2.0 s
[INFO] [1790215272.392087220] [sage_viewpoint_planner]: PERSON OBSERVATION | confidence=0.851 | bbox_area_fraction=0.0609 | bbox_center_px=(196.0, 605.8) | image_position=(0.153, 0.631) | bbox_margin=0.072
[INFO] [1790215272.406493940] [sage_viewpoint_planner]: OBSERVATION SUFFICIENT | viewpoint=1/4 | person_confidence=0.851 | bbox_area_fraction=0.0609 | fresh=True | confidence_ok=True | bbox_size_ok=True | position_ok=True | bbox_margin=0.072 | confidence_threshold=0.60 | bbox_threshold=0.0100 | HOLDING VIEWPOINT.
[INFO] [1790215273.204363129] [sage_viewpoint_planner]: OBSERVATION QUALITY LOST | fresh=True | confidence_ok=True | bbox_size_ok=True | position_ok=False | resuming active search.
[INFO] [1790215273.206165383] [sage_viewpoint_planner]: OBSERVATION INSUFFICIENT | viewpoint=1/4 | person_confidence=0.816 | bbox_area_fraction=0.0517 | fresh=True | confidence_ok=True | bbox_size_ok=True | position_ok=False | bbox_margin=0.010 | confidence_threshold=0.60 | bbox_threshold=0.0100
[INFO] [1790215273.206886986] [sage_viewpoint_planner]: ENERGY-AWARE SELECTION | chosen=4/4 | distance=2.9 m | est_cost_incl_return=1.0 % | unaffordable_skipped=0
[INFO] [1790215273.400126250] [sage_viewpoint_planner]: PERSON OBSERVATION | confidence=0.816 | bbox_area_fraction=0.0462 | bbox_center_px=(86.5, 597.3) | image_position=(0.068, 0.622) | bbox_margin=0.000
[INFO] [1790215274.462387163] [sage_viewpoint_planner]: PERSON OBSERVATION | confidence=0.785 | bbox_area_fraction=0.0448 | bbox_center_px=(133.6, 558.7) | image_position=(0.104, 0.582) | bbox_margin=0.033
[INFO] [1790215275.212596011] [sage_viewpoint_planner]: CANDIDATE STATUS | id=12 | track=(4.4,-5.5) | uav=(6.6,-9.0) | range=4.1 m | sufficient=True | matches_track=True | evidence=1.6/2.0 s
[INFO] [1790215275.519723470] [sage_viewpoint_planner]: PERSON OBSERVATION | confidence=0.805 | bbox_area_fraction=0.0335 | bbox_center_px=(1004.7, 633.1) | image_position=(0.785, 0.659) | bbox_margin=0.160
[INFO] [1790215275.615056335] [sage_viewpoint_planner]: DUPLICATE TRACK MERGED | id=12 | position=(4.58, -5.66) | same as verified id=10
[INFO] [1790215276.709773353] [sage_viewpoint_planner]: PERSON OBSERVATION | confidence=0.838 | bbox_area_fraction=0.0340 | bbox_center_px=(858.1, 756.5) | image_position=(0.670, 0.788) | bbox_margin=0.042
[INFO] [1790215277.831912570] [sage_viewpoint_planner]: PERSON OBSERVATION | confidence=0.771 | bbox_area_fraction=0.0288 | bbox_center_px=(708.8, 625.8) | image_position=(0.554, 0.652) | bbox_margin=0.188
[INFO] [1790215279.004244477] [sage_viewpoint_planner]: COVERAGE WAYPOINT | 3/9 at (6.0, -6.0) | scanning
[INFO] [1790215284.678606429] [sage_viewpoint_planner]: PERSON OBSERVATION | confidence=0.393 | bbox_area_fraction=0.0025 | bbox_center_px=(903.1, 576.8) | image_position=(0.706, 0.601) | bbox_margin=0.281
[INFO] [1790215285.747456380] [sage_viewpoint_planner]: PERSON OBSERVATION | confidence=0.708 | bbox_area_fraction=0.0030 | bbox_center_px=(984.8, 560.4) | image_position=(0.769, 0.584) | bbox_margin=0.215
[INFO] [1790215286.876234291] [sage_viewpoint_planner]: PERSON OBSERVATION | confidence=0.541 | bbox_area_fraction=0.0017 | bbox_center_px=(1010.2, 526.1) | image_position=(0.789, 0.548) | bbox_margin=0.198
[INFO] [1790215289.046688386] [sage_viewpoint_planner]: PERSON OBSERVATION | confidence=0.552 | bbox_area_fraction=0.0029 | bbox_center_px=(72.4, 559.0) | image_position=(0.057, 0.582) | bbox_margin=0.039
[INFO] [1790215290.370956033] [sage_viewpoint_planner]: PERSON OBSERVATION | confidence=0.571 | bbox_area_fraction=0.0119 | bbox_center_px=(406.4, 894.6) | image_position=(0.318, 0.932) | bbox_margin=0.003
[INFO] [1790215293.282344956] [sage_viewpoint_planner]: PERSON OBSERVATION | confidence=0.439 | bbox_area_fraction=0.0900 | bbox_center_px=(169.1, 795.8) | image_position=(0.132, 0.829) | bbox_margin=0.000
[INFO] [1790215294.539532049] [sage_viewpoint_planner]: PERSON OBSERVATION | confidence=0.569 | bbox_area_fraction=0.0041 | bbox_center_px=(20.4, 536.8) | image_position=(0.016, 0.559) | bbox_margin=0.000
[INFO] [1790215295.803288787] [sage_viewpoint_planner]: COVERAGE WAYPOINT | 4/9 at (0.0, -6.0) | scanning
[INFO] [1790215297.812944724] [sage_viewpoint_planner]: PERSON OBSERVATION | confidence=0.367 | bbox_area_fraction=0.0013 | bbox_center_px=(822.7, 541.8) | image_position=(0.643, 0.564) | bbox_margin=0.347
[INFO] [1790215297.850315807] [sage_viewpoint_planner]: New target acquired | target_id=14
[INFO] [1790215298.005763427] [sage_viewpoint_planner]: CANDIDATE FOUND | leaving sweep to verify target_id=14
[INFO] [1790215298.007110213] [sage_viewpoint_planner]: CANDIDATE STATUS | id=14 | track=(-9.6,9.0) | uav=(-0.2,-6.1) | range=17.8 m | sufficient=False | matches_track=False | evidence=0.0/2.0 s
[INFO] [1790215298.899334277] [sage_viewpoint_planner]: PERSON OBSERVATION | confidence=0.696 | bbox_area_fraction=0.0143 | bbox_center_px=(731.1, 614.3) | image_position=(0.571, 0.640) | bbox_margin=0.264
[INFO] [1790215300.928773116] [sage_viewpoint_planner]: PERSON OBSERVATION | confidence=0.562 | bbox_area_fraction=0.0036 | bbox_center_px=(196.5, 467.5) | image_position=(0.153, 0.487) | bbox_margin=0.135
[INFO] [1790215302.204216752] [sage_viewpoint_planner]: CANDIDATE STATUS | id=14 | track=(-6.4,7.9) | uav=(-3.2,0.4) | range=8.2 m | sufficient=False | matches_track=False | evidence=0.0/2.0 s
[INFO] [1790215306.405106287] [sage_viewpoint_planner]: CANDIDATE STATUS | id=14 | track=(-6.2,7.9) | uav=(-6.7,8.6) | range=0.9 m | sufficient=False | matches_track=False | evidence=0.0/2.0 s
[INFO] [1790215306.608481842] [sage_viewpoint_planner]: OBSERVATION INSUFFICIENT | viewpoint=1/4 | person_confidence=0.614 | bbox_area_fraction=0.0045 | fresh=False | confidence_ok=True | bbox_size_ok=False | position_ok=True | bbox_margin=0.111 | confidence_threshold=0.60 | bbox_threshold=0.0100
[INFO] [1790215306.616872443] [sage_viewpoint_planner]: ENERGY-AWARE SELECTION | chosen=2/4 | distance=2.2 m | est_cost_incl_return=1.1 % | unaffordable_skipped=0
[INFO] [1790215308.827611731] [sage_viewpoint_planner]: PERSON OBSERVATION | confidence=0.864 | bbox_area_fraction=0.0713 | bbox_center_px=(968.2, 794.4) | image_position=(0.756, 0.827) | bbox_margin=0.000
[INFO] [1790215309.605662598] [sage_viewpoint_planner]: OBSERVATION SUFFICIENT | viewpoint=2/4 | person_confidence=0.784 | bbox_area_fraction=0.0272 | fresh=True | confidence_ok=True | bbox_size_ok=True | position_ok=True | bbox_margin=0.115 | confidence_threshold=0.60 | bbox_threshold=0.0100 | HOLDING VIEWPOINT.
[INFO] [1790215310.034461550] [sage_viewpoint_planner]: PERSON OBSERVATION | confidence=0.812 | bbox_area_fraction=0.0179 | bbox_center_px=(742.7, 673.9) | image_position=(0.580, 0.702) | bbox_margin=0.173
[INFO] [1790215310.606809073] [sage_viewpoint_planner]: CANDIDATE STATUS | id=14 | track=(-5.8,6.7) | uav=(-6.3,11.0) | range=4.3 m | sufficient=True | matches_track=True | evidence=1.2/2.0 s
[INFO] [1790215311.094859459] [sage_viewpoint_planner]: PERSON OBSERVATION | confidence=0.784 | bbox_area_fraction=0.0154 | bbox_center_px=(797.5, 669.8) | image_position=(0.623, 0.698) | bbox_margin=0.184
[INFO] [1790215311.403952132] [sage_viewpoint_planner]: DUPLICATE TRACK MERGED | id=14 | position=(-5.82, 6.66) | same as verified id=2
[INFO] [1790215312.199756420] [sage_viewpoint_planner]: PERSON OBSERVATION | confidence=0.772 | bbox_area_fraction=0.0139 | bbox_center_px=(704.0, 675.8) | image_position=(0.550, 0.704) | bbox_margin=0.183
[INFO] [1790215313.385427259] [sage_viewpoint_planner]: PERSON OBSERVATION | confidence=0.743 | bbox_area_fraction=0.0127 | bbox_center_px=(662.1, 571.1) | image_position=(0.517, 0.595) | bbox_margin=0.302
[INFO] [1790215314.586925857] [sage_viewpoint_planner]: PERSON OBSERVATION | confidence=0.844 | bbox_area_fraction=0.0677 | bbox_center_px=(281.4, 792.6) | image_position=(0.220, 0.826) | bbox_margin=0.000
[INFO] [1790215315.770401357] [sage_viewpoint_planner]: PERSON OBSERVATION | confidence=0.766 | bbox_area_fraction=0.0084 | bbox_center_px=(966.3, 556.8) | image_position=(0.755, 0.580) | bbox_margin=0.217
[INFO] [1790215316.777689002] [sage_viewpoint_planner]: PERSON OBSERVATION | confidence=0.502 | bbox_area_fraction=0.0017 | bbox_center_px=(849.0, 515.5) | image_position=(0.663, 0.537) | bbox_margin=0.325
[INFO] [1790215317.959030765] [sage_viewpoint_planner]: PERSON OBSERVATION | confidence=0.505 | bbox_area_fraction=0.0033 | bbox_center_px=(919.1, 535.9) | image_position=(0.718, 0.558) | bbox_margin=0.265
[INFO] [1790215319.066962240] [sage_viewpoint_planner]: PERSON OBSERVATION | confidence=0.659 | bbox_area_fraction=0.0090 | bbox_center_px=(1047.2, 727.8) | image_position=(0.818, 0.758) | bbox_margin=0.153
[INFO] [1790215319.752499368] [sage_viewpoint_planner]: New target acquired | target_id=15
[INFO] [1790215319.803745515] [sage_viewpoint_planner]: CANDIDATE FOUND | leaving sweep to verify target_id=15
[INFO] [1790215319.808494123] [sage_viewpoint_planner]: CANDIDATE STATUS | id=15 | track=(7.2,-7.3) | uav=(-1.0,-3.4) | range=9.1 m | sufficient=False | matches_track=False | evidence=0.0/2.0 s
[INFO] [1790215320.236766642] [sage_viewpoint_planner]: PERSON OBSERVATION | confidence=0.751 | bbox_area_fraction=0.0125 | bbox_center_px=(1111.1, 499.6) | image_position=(0.868, 0.520) | bbox_margin=0.093
[INFO] [1790215323.813320814] [sage_viewpoint_planner]: CANDIDATE STATUS | id=15 | track=(5.6,-6.0) | uav=(5.6,-5.8) | range=0.2 m | sufficient=False | matches_track=False | evidence=0.8/2.0 s
[INFO] [1790215324.997201968] [sage_viewpoint_planner]: PERSON OBSERVATION | confidence=0.841 | bbox_area_fraction=0.0495 | bbox_center_px=(569.6, 860.4) | image_position=(0.445, 0.896) | bbox_margin=0.000
[INFO] [1790215326.015052729] [sage_viewpoint_planner]: OBSERVATION SUFFICIENT | viewpoint=1/4 | person_confidence=0.764 | bbox_area_fraction=0.0269 | fresh=True | confidence_ok=True | bbox_size_ok=True | position_ok=True | bbox_margin=0.176 | confidence_threshold=0.60 | bbox_threshold=0.0100 | HOLDING VIEWPOINT.
[INFO] [1790215326.186343355] [sage_viewpoint_planner]: PERSON OBSERVATION | confidence=0.543 | bbox_area_fraction=0.0166 | bbox_center_px=(510.9, 561.6) | image_position=(0.399, 0.585) | bbox_margin=0.305
[INFO] [1790215326.205745033] [sage_viewpoint_planner]: OBSERVATION QUALITY LOST | fresh=True | confidence_ok=False | bbox_size_ok=True | position_ok=True | resuming active search.
[INFO] [1790215326.208208680] [sage_viewpoint_planner]: OBSERVATION INSUFFICIENT | viewpoint=1/4 | person_confidence=0.543 | bbox_area_fraction=0.0166 | fresh=True | confidence_ok=False | bbox_size_ok=True | position_ok=True | bbox_margin=0.305 | confidence_threshold=0.60 | bbox_threshold=0.0100
[INFO] [1790215326.209178177] [sage_viewpoint_planner]: ENERGY-AWARE SELECTION | chosen=4/4 | distance=5.7 m | est_cost_incl_return=1.1 % | unaffordable_skipped=0
[INFO] [1790215327.311679810] [sage_viewpoint_planner]: PERSON OBSERVATION | confidence=0.553 | bbox_area_fraction=0.0038 | bbox_center_px=(25.6, 431.5) | image_position=(0.020, 0.450) | bbox_margin=0.000
[INFO] [1790215328.009868775] [sage_viewpoint_planner]: CANDIDATE STATUS | id=15 | track=(4.6,-6.0) | uav=(9.3,-7.6) | range=5.0 m | sufficient=True | matches_track=False | evidence=0.2/2.0 s
[INFO] [1790215328.661794611] [sage_viewpoint_planner]: PERSON OBSERVATION | confidence=0.614 | bbox_area_fraction=0.0041 | bbox_center_px=(1219.5, 460.3) | image_position=(0.953, 0.479) | bbox_margin=0.024
[INFO] [1790215329.881044756] [sage_viewpoint_planner]: PERSON OBSERVATION | confidence=0.705 | bbox_area_fraction=0.0520 | bbox_center_px=(1071.7, 805.2) | image_position=(0.837, 0.839) | bbox_margin=0.001
[INFO] [1790215330.407107918] [sage_viewpoint_planner]: OBSERVATION INSUFFICIENT | viewpoint=4/4 | person_confidence=0.796 | bbox_area_fraction=0.0377 | fresh=True | confidence_ok=True | bbox_size_ok=True | position_ok=False | bbox_margin=0.000 | confidence_threshold=0.60 | bbox_threshold=0.0100
[INFO] [1790215330.407882393] [sage_viewpoint_planner]: ENERGY-AWARE SELECTION | chosen=3/4 | distance=4.6 m | est_cost_incl_return=0.8 % | unaffordable_skipped=0
[INFO] [1790215330.959191752] [sage_viewpoint_planner]: PERSON OBSERVATION | confidence=0.806 | bbox_area_fraction=0.0373 | bbox_center_px=(611.5, 740.9) | image_position=(0.478, 0.772) | bbox_margin=0.049
[INFO] [1790215332.013578522] [sage_viewpoint_planner]: CANDIDATE STATUS | id=15 | track=(5.0,-5.2) | uav=(4.0,-8.6) | range=3.5 m | sufficient=True | matches_track=False | evidence=0.6/2.0 s
[INFO] [1790215332.122660045] [sage_viewpoint_planner]: PERSON OBSERVATION | confidence=0.792 | bbox_area_fraction=0.0396 | bbox_center_px=(962.0, 581.5) | image_position=(0.752, 0.606) | bbox_margin=0.188
[INFO] [1790215333.678335921] [sage_viewpoint_planner]: PERSON OBSERVATION | confidence=0.635 | bbox_area_fraction=0.0567 | bbox_center_px=(1147.1, 823.8) | image_position=(0.896, 0.858) | bbox_margin=0.002
[INFO] [1790215334.219818860] [sage_viewpoint_planner]: OBSERVATION INSUFFICIENT | viewpoint=3/4 | person_confidence=0.858 | bbox_area_fraction=0.0531 | fresh=True | confidence_ok=True | bbox_size_ok=True | position_ok=False | bbox_margin=0.000 | confidence_threshold=0.60 | bbox_threshold=0.0100
[INFO] [1790215334.220832192] [sage_viewpoint_planner]: ENERGY-AWARE SELECTION | chosen=2/4 | distance=5.2 m | est_cost_incl_return=0.9 % | unaffordable_skipped=0
[INFO] [1790215334.943193909] [sage_viewpoint_planner]: PERSON OBSERVATION | confidence=0.843 | bbox_area_fraction=0.0385 | bbox_center_px=(582.0, 707.7) | image_position=(0.455, 0.737) | bbox_margin=0.106
[INFO] [1790215335.972339527] [sage_viewpoint_planner]: PERSON OBSERVATION | confidence=0.842 | bbox_area_fraction=0.0361 | bbox_center_px=(937.0, 570.8) | image_position=(0.732, 0.595) | bbox_margin=0.207
[INFO] [1790215336.203234507] [sage_viewpoint_planner]: CANDIDATE STATUS | id=15 | track=(5.5,-5.7) | uav=(2.9,-4.6) | range=2.9 m | sufficient=True | matches_track=False | evidence=1.2/2.0 s
[INFO] [1790215337.663079836] [sage_viewpoint_planner]: PERSON OBSERVATION | confidence=0.809 | bbox_area_fraction=0.0508 | bbox_center_px=(814.7, 782.4) | image_position=(0.636, 0.815) | bbox_margin=0.003
[INFO] [1790215338.005311921] [sage_viewpoint_planner]: OBSERVATION SUFFICIENT | viewpoint=2/4 | person_confidence=0.809 | bbox_area_fraction=0.0405 | fresh=True | confidence_ok=True | bbox_size_ok=True | position_ok=True | bbox_margin=0.055 | confidence_threshold=0.60 | bbox_threshold=0.0100 | HOLDING VIEWPOINT.
[INFO] [1790215338.691900378] [sage_viewpoint_planner]: PERSON OBSERVATION | confidence=0.843 | bbox_area_fraction=0.0294 | bbox_center_px=(539.2, 657.4) | image_position=(0.421, 0.685) | bbox_margin=0.167
[INFO] [1790215338.805432717] [sage_viewpoint_planner]: DUPLICATE TRACK MERGED | id=15 | position=(5.04, -6.04) | same as verified id=10
[INFO] [1790215339.771725250] [sage_viewpoint_planner]: PERSON OBSERVATION | confidence=0.735 | bbox_area_fraction=0.0152 | bbox_center_px=(570.7, 618.3) | image_position=(0.446, 0.644) | bbox_margin=0.238
[INFO] [1790215340.789961465] [sage_viewpoint_planner]: PERSON OBSERVATION | confidence=0.845 | bbox_area_fraction=0.0342 | bbox_center_px=(1059.2, 528.3) | image_position=(0.828, 0.550) | bbox_margin=0.107
[INFO] [1790215343.805565347] [sage_viewpoint_planner]: COVERAGE WAYPOINT | 4/9 at (0.0, -6.0) | scanning
[INFO] [1790215345.949100078] [sage_viewpoint_planner]: PERSON OBSERVATION | confidence=0.774 | bbox_area_fraction=0.0303 | bbox_center_px=(1186.9, 679.6) | image_position=(0.927, 0.708) | bbox_margin=0.019
[INFO] [1790215347.048207692] [sage_viewpoint_planner]: PERSON OBSERVATION | confidence=0.765 | bbox_area_fraction=0.0144 | bbox_center_px=(454.1, 666.5) | image_position=(0.355, 0.694) | bbox_margin=0.196
[INFO] [1790215348.252751609] [sage_viewpoint_planner]: PERSON OBSERVATION | confidence=0.771 | bbox_area_fraction=0.0116 | bbox_center_px=(753.4, 650.8) | image_position=(0.589, 0.678) | bbox_margin=0.220
[INFO] [1790215349.461129673] [sage_viewpoint_planner]: PERSON OBSERVATION | confidence=0.569 | bbox_area_fraction=0.0021 | bbox_center_px=(782.0, 571.8) | image_position=(0.611, 0.596) | bbox_margin=0.355
[INFO] [1790215350.706886703] [sage_viewpoint_planner]: PERSON OBSERVATION | confidence=0.520 | bbox_area_fraction=0.0017 | bbox_center_px=(836.0, 539.5) | image_position=(0.653, 0.562) | bbox_margin=0.334
[INFO] [1790215351.838401909] [sage_viewpoint_planner]: PERSON OBSERVATION | confidence=0.615 | bbox_area_fraction=0.0015 | bbox_center_px=(659.5, 534.0) | image_position=(0.515, 0.556) | bbox_margin=0.414
[INFO] [1790215358.908240208] [sage_viewpoint_planner]: PERSON OBSERVATION | confidence=0.690 | bbox_area_fraction=0.0016 | bbox_center_px=(690.9, 428.3) | image_position=(0.540, 0.446) | bbox_margin=0.411
[INFO] [1790215360.009379872] [sage_viewpoint_planner]: PERSON OBSERVATION | confidence=0.480 | bbox_area_fraction=0.0090 | bbox_center_px=(765.1, 701.1) | image_position=(0.598, 0.730) | bbox_margin=0.179
[INFO] [1790215361.129599187] [sage_viewpoint_planner]: PERSON OBSERVATION | confidence=0.755 | bbox_area_fraction=0.0189 | bbox_center_px=(682.3, 824.4) | image_position=(0.533, 0.859) | bbox_margin=0.000
[INFO] [1790215361.209349911] [sage_viewpoint_planner]: COVERAGE WAYPOINT | 5/9 at (0.0, 0.0) | scanning
[INFO] [1790215362.801590738] [sage_viewpoint_planner]: PERSON OBSERVATION | confidence=0.719 | bbox_area_fraction=0.0056 | bbox_center_px=(366.4, 582.9) | image_position=(0.286, 0.607) | bbox_margin=0.264
[INFO] [1790215365.409579518] [sage_viewpoint_planner]: PERSON OBSERVATION | confidence=0.577 | bbox_area_fraction=0.0145 | bbox_center_px=(47.9, 630.3) | image_position=(0.037, 0.657) | bbox_margin=0.000
[INFO] [1790215366.831386778] [sage_viewpoint_planner]: PERSON OBSERVATION | confidence=0.511 | bbox_area_fraction=0.0101 | bbox_center_px=(569.4, 644.3) | image_position=(0.445, 0.671) | bbox_margin=0.208
[INFO] [1790215367.920828631] [sage_viewpoint_planner]: PERSON OBSERVATION | confidence=0.698 | bbox_area_fraction=0.0049 | bbox_center_px=(912.4, 561.6) | image_position=(0.713, 0.585) | bbox_margin=0.266
[INFO] [1790215369.076497921] [sage_viewpoint_planner]: PERSON OBSERVATION | confidence=0.699 | bbox_area_fraction=0.0046 | bbox_center_px=(995.1, 557.1) | image_position=(0.777, 0.580) | bbox_margin=0.203
[INFO] [1790215371.993873555] [sage_viewpoint_planner]: PERSON OBSERVATION | confidence=0.605 | bbox_area_fraction=0.0080 | bbox_center_px=(84.5, 614.0) | image_position=(0.066, 0.640) | bbox_margin=0.037
[INFO] [1790215373.062459570] [sage_viewpoint_planner]: PERSON OBSERVATION | confidence=0.653 | bbox_area_fraction=0.0116 | bbox_center_px=(1092.7, 636.0) | image_position=(0.854, 0.662) | bbox_margin=0.110
[INFO] [1790215374.330829407] [sage_viewpoint_planner]: PERSON OBSERVATION | confidence=0.515 | bbox_area_fraction=0.0100 | bbox_center_px=(1013.9, 608.8) | image_position=(0.792, 0.634) | bbox_margin=0.172
[INFO] [1790215376.137720461] [sage_viewpoint_planner]: PERSON OBSERVATION | confidence=0.409 | bbox_area_fraction=0.0053 | bbox_center_px=(363.5, 455.5) | image_position=(0.284, 0.474) | bbox_margin=0.261
[INFO] [1790215378.404233386] [sage_viewpoint_planner]: COVERAGE WAYPOINT | 6/9 at (0.0, 6.0) | scanning
[INFO] [1790215387.164716424] [sage_viewpoint_planner]: PERSON OBSERVATION | confidence=0.414 | bbox_area_fraction=0.0221 | bbox_center_px=(460.9, 678.2) | image_position=(0.360, 0.706) | bbox_margin=0.155
[INFO] [1790215388.255918117] [sage_viewpoint_planner]: PERSON OBSERVATION | confidence=0.523 | bbox_area_fraction=0.0151 | bbox_center_px=(453.4, 678.7) | image_position=(0.354, 0.707) | bbox_margin=0.162
[INFO] [1790215389.268183716] [sage_viewpoint_planner]: PERSON OBSERVATION | confidence=0.376 | bbox_area_fraction=0.0105 | bbox_center_px=(349.3, 632.4) | image_position=(0.273, 0.659) | bbox_margin=0.244
[INFO] [1790215390.365948535] [sage_viewpoint_planner]: PERSON OBSERVATION | confidence=0.810 | bbox_area_fraction=0.0242 | bbox_center_px=(507.4, 816.2) | image_position=(0.396, 0.850) | bbox_margin=0.000
[INFO] [1790215391.401014422] [sage_viewpoint_planner]: PERSON OBSERVATION | confidence=0.757 | bbox_area_fraction=0.0235 | bbox_center_px=(601.8, 809.3) | image_position=(0.470, 0.843) | bbox_margin=0.000
[INFO] [1790215392.602048231] [sage_viewpoint_planner]: PERSON OBSERVATION | confidence=0.868 | bbox_area_fraction=0.0600 | bbox_center_px=(964.8, 784.7) | image_position=(0.754, 0.817) | bbox_margin=0.003
[INFO] [1790215393.861891947] [sage_viewpoint_planner]: PERSON OBSERVATION | confidence=0.631 | bbox_area_fraction=0.0092 | bbox_center_px=(642.8, 545.1) | image_position=(0.502, 0.568) | bbox_margin=0.334
[INFO] [1790215394.988766166] [sage_viewpoint_planner]: PERSON OBSERVATION | confidence=0.874 | bbox_area_fraction=0.0607 | bbox_center_px=(300.9, 789.2) | image_position=(0.235, 0.822) | bbox_margin=0.000
[INFO] [1790215395.204256834] [sage_viewpoint_planner]: COVERAGE WAYPOINT | 7/9 at (-6.0, 6.0) | scanning
[INFO] [1790215396.993885547] [sage_viewpoint_planner]: PERSON OBSERVATION | confidence=0.311 | bbox_area_fraction=0.0168 | bbox_center_px=(397.5, 889.8) | image_position=(0.311, 0.927) | bbox_margin=0.000
[INFO] [1790215398.220278965] [sage_viewpoint_planner]: PERSON OBSERVATION | confidence=0.362 | bbox_area_fraction=0.0018 | bbox_center_px=(173.1, 544.3) | image_position=(0.135, 0.567) | bbox_margin=0.123
[INFO] [1790215399.445746038] [sage_viewpoint_planner]: PERSON OBSERVATION | confidence=0.670 | bbox_area_fraction=0.0082 | bbox_center_px=(443.5, 618.3) | image_position=(0.346, 0.644) | bbox_margin=0.275
[INFO] [1790215407.303759674] [sage_viewpoint_planner]: PERSON OBSERVATION | confidence=0.585 | bbox_area_fraction=0.0025 | bbox_center_px=(1094.9, 563.0) | image_position=(0.855, 0.586) | bbox_margin=0.128
[INFO] [1790215409.753486102] [sage_viewpoint_planner]: PERSON OBSERVATION | confidence=0.378 | bbox_area_fraction=0.0045 | bbox_center_px=(1227.3, 348.6) | image_position=(0.959, 0.363) | bbox_margin=0.016
[INFO] [1790215410.890206347] [sage_viewpoint_planner]: PERSON OBSERVATION | confidence=0.553 | bbox_area_fraction=0.0034 | bbox_center_px=(1233.9, 496.2) | image_position=(0.964, 0.517) | bbox_margin=0.017
[INFO] [1790215411.803182280] [sage_viewpoint_planner]: COVERAGE WAYPOINT | 8/9 at (-6.0, 0.0) | scanning
[INFO] [1790215413.577760304] [sage_viewpoint_planner]: PERSON OBSERVATION | confidence=0.512 | bbox_area_fraction=0.0040 | bbox_center_px=(1034.6, 582.0) | image_position=(0.808, 0.606) | bbox_margin=0.170
[INFO] [1790215414.725532688] [sage_viewpoint_planner]: PERSON OBSERVATION | confidence=0.653 | bbox_area_fraction=0.0068 | bbox_center_px=(926.7, 584.1) | image_position=(0.724, 0.608) | bbox_margin=0.252
[INFO] [1790215415.875544865] [sage_viewpoint_planner]: PERSON OBSERVATION | confidence=0.637 | bbox_area_fraction=0.0126 | bbox_center_px=(1131.9, 613.6) | image_position=(0.884, 0.639) | bbox_margin=0.079
[INFO] [1790215416.953944403] [sage_viewpoint_planner]: PERSON OBSERVATION | confidence=0.804 | bbox_area_fraction=0.0175 | bbox_center_px=(1120.7, 629.3) | image_position=(0.876, 0.656) | bbox_margin=0.075
[INFO] [1790215418.139217770] [sage_viewpoint_planner]: PERSON OBSERVATION | confidence=0.695 | bbox_area_fraction=0.0071 | bbox_center_px=(520.9, 607.2) | image_position=(0.407, 0.633) | bbox_margin=0.302
[INFO] [1790215419.373905375] [sage_viewpoint_planner]: PERSON OBSERVATION | confidence=0.669 | bbox_area_fraction=0.0070 | bbox_center_px=(697.4, 595.3) | image_position=(0.545, 0.620) | bbox_margin=0.315
[INFO] [1790215423.989695818] [sage_viewpoint_planner]: PERSON OBSERVATION | confidence=0.512 | bbox_area_fraction=0.0052 | bbox_center_px=(1240.0, 602.5) | image_position=(0.969, 0.628) | bbox_margin=0.007
[INFO] [1790215428.604400211] [sage_viewpoint_planner]: COVERAGE WAYPOINT | 9/9 at (-6.0, -6.0) | scanning
[INFO] [1790215431.165626469] [sage_viewpoint_planner]: PERSON OBSERVATION | confidence=0.333 | bbox_area_fraction=0.0024 | bbox_center_px=(740.9, 528.1) | image_position=(0.579, 0.550) | bbox_margin=0.407
[INFO] [1790215432.348849711] [sage_viewpoint_planner]: PERSON OBSERVATION | confidence=0.663 | bbox_area_fraction=0.0042 | bbox_center_px=(1210.9, 558.5) | image_position=(0.946, 0.582) | bbox_margin=0.035
[INFO] [1790215433.655504658] [sage_viewpoint_planner]: PERSON OBSERVATION | confidence=0.624 | bbox_area_fraction=0.0035 | bbox_center_px=(270.4, 554.2) | image_position=(0.211, 0.577) | bbox_margin=0.194
[INFO] [1790215434.843342280] [sage_viewpoint_planner]: PERSON OBSERVATION | confidence=0.582 | bbox_area_fraction=0.0044 | bbox_center_px=(72.7, 573.0) | image_position=(0.057, 0.597) | bbox_margin=0.038
[INFO] [1790215441.405326199] [sage_viewpoint_planner]: MISSION COMPLETE | status=area_covered | found=3 | locations=#1 (0.1, 3.8); #2 (-5.9, 7.1); #10 (5.2, -5.7) | duration=307 s
[INFO] [1790215441.406062361] [sage_viewpoint_planner]: Requesting return home + land.
[INFO] [1790215443.504311712] [sage_viewpoint_planner]: PERSON OBSERVATION | confidence=0.639 | bbox_area_fraction=0.0030 | bbox_center_px=(880.8, 537.6) | image_position=(0.688, 0.560) | bbox_margin=0.295
[INFO] [1790215443.565688709] [sage_viewpoint_planner]: New target acquired | target_id=1
[INFO] [1790215444.511845107] [sage_viewpoint_planner]: PERSON OBSERVATION | confidence=0.441 | bbox_area_fraction=0.0037 | bbox_center_px=(378.4, 550.6) | image_position=(0.296, 0.574) | bbox_margin=0.276
[INFO] [1790215445.925028609] [sage_viewpoint_planner]: PERSON OBSERVATION | confidence=0.658 | bbox_area_fraction=0.0029 | bbox_center_px=(582.1, 554.6) | image_position=(0.455, 0.578) | bbox_margin=0.375
[INFO] [1790215447.101960343] [sage_viewpoint_planner]: PERSON OBSERVATION | confidence=0.697 | bbox_area_fraction=0.0034 | bbox_center_px=(487.2, 560.9) | image_position=(0.381, 0.584) | bbox_margin=0.363
[INFO] [1790215448.208996389] [sage_viewpoint_planner]: PERSON OBSERVATION | confidence=0.635 | bbox_area_fraction=0.0054 | bbox_center_px=(364.2, 572.4) | image_position=(0.285, 0.596) | bbox_margin=0.262
[INFO] [1790215449.494971645] [sage_viewpoint_planner]: PERSON OBSERVATION | confidence=0.672 | bbox_area_fraction=0.0075 | bbox_center_px=(275.3, 571.5) | image_position=(0.215, 0.595) | bbox_margin=0.188
[INFO] [1790215450.693506415] [sage_viewpoint_planner]: PERSON OBSERVATION | confidence=0.553 | bbox_area_fraction=0.0181 | bbox_center_px=(126.0, 591.3) | image_position=(0.098, 0.616) | bbox_margin=0.043
