[INFO] [1790222339.300400820] [sage_energy_monitor]: SAGE energy monitor started.
[INFO] [1790222339.302947261] [sage_energy_monitor]: Cruise speed 1.0 m/s | reserve 0.20
[INFO] [1790222342.137881501] [sage_energy_monitor]: ENERGY | remaining=98.6 % | voltage=16.17 V | drain_rate=n/a | home_distance=0.1 m | return_time=4 s | return_cost=n/a | margin_after_return=n/a
[INFO] [1790222343.143884257] [sage_energy_monitor]: ENERGY | remaining=98.5 % | voltage=16.17 V | drain_rate=n/a | home_distance=0.1 m | return_time=4 s | return_cost=n/a | margin_after_return=n/a
[INFO] [1790222344.138226082] [sage_energy_monitor]: ENERGY | remaining=98.4 % | voltage=16.17 V | drain_rate=n/a | home_distance=0.0 m | return_time=3 s | return_cost=n/a | margin_after_return=n/a
[INFO] [1790222345.141045546] [sage_energy_monitor]: ENERGY | remaining=98.4 % | voltage=16.17 V | drain_rate=n/a | home_distance=0.0 m | return_time=3 s | return_cost=n/a | margin_after_return=n/a
[INFO] [1790222346.137863662] [sage_energy_monitor]: ENERGY | remaining=98.3 % | voltage=16.17 V | drain_rate=n/a | home_distance=0.0 m | return_time=4 s | return_cost=n/a | margin_after_return=n/a
[INFO] [1790222347.141496637] [sage_energy_monitor]: ENERGY | remaining=98.2 % | voltage=16.17 V | drain_rate=0.075 %/s | home_distance=0.1 m | return_time=4 s | return_cost=0.3 % | margin_after_return=77.9 %
[INFO] [1790222348.138209366] [sage_energy_monitor]: ENERGY | remaining=98.1 % | voltage=16.17 V | drain_rate=0.074 %/s | home_distance=0.1 m | return_time=4 s | return_cost=0.3 % | margin_after_return=77.9 %
[INFO] [1790222349.140238988] [sage_energy_monitor]: ENERGY | remaining=98.1 % | voltage=16.16 V | drain_rate=0.072 %/s | home_distance=0.1 m | return_time=3 s | return_cost=0.3 % | margin_after_return=77.8 %
[INFO] [1790222350.138882577] [sage_energy_monitor]: ENERGY | remaining=98.0 % | voltage=16.16 V | drain_rate=0.071 %/s | home_distance=0.0 m | return_time=3 s | return_cost=0.2 % | margin_after_return=77.8 %
[INFO] [1790222351.140323764] [sage_energy_monitor]: ENERGY | remaining=98.0 % | voltage=16.16 V | drain_rate=0.070 %/s | home_distance=0.0 m | return_time=4 s | return_cost=0.2 % | margin_after_return=77.7 %
[INFO] [1790222352.139882509] [sage_energy_monitor]: ENERGY | remaining=97.9 % | voltage=16.16 V | drain_rate=0.069 %/s | home_distance=0.0 m | return_time=4 s | return_cost=0.3 % | margin_after_return=77.6 %
[INFO] [1790222353.137864745] [sage_energy_monitor]: ENERGY | remaining=97.8 % | voltage=16.16 V | drain_rate=0.068 %/s | home_distance=0.1 m | return_time=4 s | return_cost=0.3 % | margin_after_return=77.6 %
[INFO] [1790222354.137751395] [sage_energy_monitor]: ENERGY | remaining=97.8 % | voltage=16.16 V | drain_rate=0.068 %/s | home_distance=0.1 m | return_time=4 s | return_cost=0.3 % | margin_after_return=77.5 %
[INFO] [1790222355.140784242] [sage_energy_monitor]: ENERGY | remaining=97.7 % | voltage=16.16 V | drain_rate=0.068 %/s | home_distance=0.1 m | return_time=4 s | return_cost=0.3 % | margin_after_return=77.4 %
[INFO] [1790222356.138373442] [sage_energy_monitor]: ENERGY | remaining=97.6 % | voltage=16.16 V | drain_rate=0.067 %/s | home_distance=0.0 m | return_time=4 s | return_cost=0.3 % | margin_after_return=77.4 %
[INFO] [1790222357.138592512] [sage_energy_monitor]: ENERGY | remaining=97.6 % | voltage=16.16 V | drain_rate=0.066 %/s | home_distance=0.0 m | return_time=4 s | return_cost=0.3 % | margin_after_return=77.3 %
[INFO] [1790222358.145752176] [sage_energy_monitor]: ENERGY | remaining=97.5 % | voltage=16.15 V | drain_rate=0.065 %/s | home_distance=0.0 m | return_time=4 s | return_cost=0.3 % | margin_after_return=77.3 %
[INFO] [1790222359.141650445] [sage_energy_monitor]: ENERGY | remaining=97.5 % | voltage=16.15 V | drain_rate=0.065 %/s | home_distance=0.0 m | return_time=4 s | return_cost=0.3 % | margin_after_return=77.2 %
[INFO] [1790222360.139772675] [sage_energy_monitor]: ENERGY | remaining=97.4 % | voltage=16.15 V | drain_rate=0.064 %/s | home_distance=0.0 m | return_time=4 s | return_cost=0.3 % | margin_after_return=77.2 %
[INFO] [1790222361.139553520] [sage_energy_monitor]: ENERGY | remaining=97.4 % | voltage=16.15 V | drain_rate=0.064 %/s | home_distance=0.0 m | return_time=4 s | return_cost=0.3 % | margin_after_return=77.1 %
[INFO] [1790222362.141195554] [sage_energy_monitor]: ENERGY | remaining=97.3 % | voltage=16.15 V | drain_rate=0.063 %/s | home_distance=0.0 m | return_time=4 s | return_cost=0.3 % | margin_after_return=77.1 %
[INFO] [1790222363.139687394] [sage_energy_monitor]: ENERGY | remaining=97.3 % | voltage=16.15 V | drain_rate=0.062 %/s | home_distance=0.0 m | return_time=4 s | return_cost=0.3 % | margin_after_return=77.0 %
[INFO] [1790222364.140212919] [sage_energy_monitor]: ENERGY | remaining=97.2 % | voltage=16.15 V | drain_rate=0.061 %/s | home_distance=0.0 m | return_time=4 s | return_cost=0.2 % | margin_after_return=77.0 %
[INFO] [1790222365.148029721] [sage_energy_monitor]: ENERGY | remaining=97.2 % | voltage=16.15 V | drain_rate=0.060 %/s | home_distance=0.0 m | return_time=4 s | return_cost=0.2 % | margin_after_return=77.0 %
[INFO] [1790222366.140568537] [sage_energy_monitor]: ENERGY | remaining=97.2 % | voltage=16.15 V | drain_rate=0.059 %/s | home_distance=0.1 m | return_time=4 s | return_cost=0.2 % | margin_after_return=76.9 %
[INFO] [1790222367.141686457] [sage_energy_monitor]: ENERGY | remaining=97.1 % | voltage=16.15 V | drain_rate=0.059 %/s | home_distance=0.0 m | return_time=4 s | return_cost=0.2 % | margin_after_return=76.9 %
[INFO] [1790222368.137985596] [sage_energy_monitor]: ENERGY | remaining=97.0 % | voltage=16.15 V | drain_rate=0.060 %/s | home_distance=0.0 m | return_time=4 s | return_cost=0.2 % | margin_after_return=76.8 %
[INFO] [1790222369.143058499] [sage_energy_monitor]: ENERGY | remaining=97.0 % | voltage=16.14 V | drain_rate=0.060 %/s | home_distance=0.1 m | return_time=4 s | return_cost=0.2 % | margin_after_return=76.7 %
[INFO] [1790222370.139684428] [sage_energy_monitor]: ENERGY | remaining=96.9 % | voltage=16.14 V | drain_rate=0.059 %/s | home_distance=0.0 m | return_time=4 s | return_cost=0.2 % | margin_after_return=76.7 %
[INFO] [1790222371.143619903] [sage_energy_monitor]: ENERGY | remaining=96.9 % | voltage=16.14 V | drain_rate=0.059 %/s | home_distance=0.0 m | return_time=4 s | return_cost=0.2 % | margin_after_return=76.6 %
[INFO] [1790222372.141022149] [sage_energy_monitor]: ENERGY | remaining=96.8 % | voltage=16.14 V | drain_rate=0.059 %/s | home_distance=0.0 m | return_time=4 s | return_cost=0.2 % | margin_after_return=76.6 %
[INFO] [1790222373.137711701] [sage_energy_monitor]: ENERGY | remaining=96.7 % | voltage=16.14 V | drain_rate=0.059 %/s | home_distance=0.0 m | return_time=4 s | return_cost=0.2 % | margin_after_return=76.5 %
[INFO] [1790222374.139544673] [sage_energy_monitor]: ENERGY | remaining=96.7 % | voltage=16.14 V | drain_rate=0.058 %/s | home_distance=0.0 m | return_time=4 s | return_cost=0.2 % | margin_after_return=76.4 %
[INFO] [1790222375.137707441] [sage_energy_monitor]: ENERGY | remaining=96.6 % | voltage=16.14 V | drain_rate=0.057 %/s | home_distance=0.0 m | return_time=4 s | return_cost=0.2 % | margin_after_return=76.4 %
[INFO] [1790222376.138630968] [sage_energy_monitor]: ENERGY | remaining=96.6 % | voltage=16.14 V | drain_rate=0.057 %/s | home_distance=0.1 m | return_time=4 s | return_cost=0.2 % | margin_after_return=76.4 %
[INFO] [1790222377.138371800] [sage_energy_monitor]: ENERGY | remaining=96.5 % | voltage=16.14 V | drain_rate=0.056 %/s | home_distance=1.1 m | return_time=5 s | return_cost=0.3 % | margin_after_return=76.2 %
[INFO] [1790222378.138814038] [sage_energy_monitor]: ENERGY | remaining=96.5 % | voltage=16.13 V | drain_rate=0.056 %/s | home_distance=2.8 m | return_time=7 s | return_cost=0.4 % | margin_after_return=76.1 %
[INFO] [1790222379.140924651] [sage_energy_monitor]: ENERGY | remaining=96.4 % | voltage=16.13 V | drain_rate=0.056 %/s | home_distance=3.5 m | return_time=8 s | return_cost=0.4 % | margin_after_return=76.0 %
[INFO] [1790222380.139421681] [sage_energy_monitor]: ENERGY | remaining=96.4 % | voltage=16.13 V | drain_rate=0.056 %/s | home_distance=3.8 m | return_time=8 s | return_cost=0.4 % | margin_after_return=75.9 %
[INFO] [1790222381.140001288] [sage_energy_monitor]: ENERGY | remaining=96.3 % | voltage=16.13 V | drain_rate=0.055 %/s | home_distance=3.9 m | return_time=8 s | return_cost=0.4 % | margin_after_return=75.9 %
[INFO] [1790222382.139983404] [sage_energy_monitor]: ENERGY | remaining=96.2 % | voltage=16.13 V | drain_rate=0.055 %/s | home_distance=2.9 m | return_time=7 s | return_cost=0.4 % | margin_after_return=75.9 %
[INFO] [1790222383.138819887] [sage_energy_monitor]: ENERGY | remaining=96.2 % | voltage=16.13 V | drain_rate=0.055 %/s | home_distance=1.7 m | return_time=6 s | return_cost=0.3 % | margin_after_return=75.9 %
[INFO] [1790222384.138331129] [sage_energy_monitor]: ENERGY | remaining=96.1 % | voltage=16.13 V | drain_rate=0.055 %/s | home_distance=1.2 m | return_time=5 s | return_cost=0.3 % | margin_after_return=75.8 %
[INFO] [1790222385.145429036] [sage_energy_monitor]: ENERGY | remaining=96.1 % | voltage=16.13 V | drain_rate=0.055 %/s | home_distance=1.1 m | return_time=5 s | return_cost=0.3 % | margin_after_return=75.8 %
[INFO] [1790222386.143341471] [sage_energy_monitor]: ENERGY | remaining=96.0 % | voltage=16.13 V | drain_rate=0.055 %/s | home_distance=1.6 m | return_time=6 s | return_cost=0.3 % | margin_after_return=75.7 %
[INFO] [1790222387.142257140] [sage_energy_monitor]: ENERGY | remaining=96.0 % | voltage=16.13 V | drain_rate=0.055 %/s | home_distance=3.3 m | return_time=7 s | return_cost=0.4 % | margin_after_return=75.5 %
[INFO] [1790222388.139747967] [sage_energy_monitor]: ENERGY | remaining=95.9 % | voltage=16.12 V | drain_rate=0.055 %/s | home_distance=4.6 m | return_time=9 s | return_cost=0.5 % | margin_after_return=75.4 %
[INFO] [1790222389.140057162] [sage_energy_monitor]: ENERGY | remaining=95.8 % | voltage=16.12 V | drain_rate=0.055 %/s | home_distance=5.2 m | return_time=9 s | return_cost=0.5 % | margin_after_return=75.3 %
[INFO] [1790222390.142539687] [sage_energy_monitor]: ENERGY | remaining=95.8 % | voltage=16.12 V | drain_rate=0.055 %/s | home_distance=5.5 m | return_time=10 s | return_cost=0.5 % | margin_after_return=75.3 %
[INFO] [1790222391.138644343] [sage_energy_monitor]: ENERGY | remaining=95.7 % | voltage=16.12 V | drain_rate=0.055 %/s | home_distance=6.2 m | return_time=10 s | return_cost=0.6 % | margin_after_return=75.2 %
[INFO] [1790222392.138390529] [sage_energy_monitor]: ENERGY | remaining=95.7 % | voltage=16.12 V | drain_rate=0.055 %/s | home_distance=6.8 m | return_time=11 s | return_cost=0.6 % | margin_after_return=75.1 %
[INFO] [1790222393.137844269] [sage_energy_monitor]: ENERGY | remaining=95.6 % | voltage=16.12 V | drain_rate=0.056 %/s | home_distance=7.0 m | return_time=11 s | return_cost=0.6 % | margin_after_return=75.0 %
[INFO] [1790222394.143595429] [sage_energy_monitor]: ENERGY | remaining=95.6 % | voltage=16.12 V | drain_rate=0.056 %/s | home_distance=6.6 m | return_time=10 s | return_cost=0.6 % | margin_after_return=75.0 %
[INFO] [1790222395.141908611] [sage_energy_monitor]: ENERGY | remaining=95.5 % | voltage=16.12 V | drain_rate=0.057 %/s | home_distance=6.2 m | return_time=10 s | return_cost=0.6 % | margin_after_return=74.9 %
[INFO] [1790222396.138479236] [sage_energy_monitor]: ENERGY | remaining=95.5 % | voltage=16.12 V | drain_rate=0.057 %/s | home_distance=6.0 m | return_time=10 s | return_cost=0.6 % | margin_after_return=74.9 %
[INFO] [1790222397.137823338] [sage_energy_monitor]: ENERGY | remaining=95.4 % | voltage=16.12 V | drain_rate=0.057 %/s | home_distance=5.8 m | return_time=10 s | return_cost=0.5 % | margin_after_return=74.8 %
[INFO] [1790222398.142638947] [sage_energy_monitor]: ENERGY | remaining=95.3 % | voltage=16.11 V | drain_rate=0.057 %/s | home_distance=4.4 m | return_time=8 s | return_cost=0.5 % | margin_after_return=74.9 %
[INFO] [1790222399.139364634] [sage_energy_monitor]: ENERGY | remaining=95.3 % | voltage=16.11 V | drain_rate=0.057 %/s | home_distance=2.9 m | return_time=7 s | return_cost=0.4 % | margin_after_return=74.9 %
[INFO] [1790222400.137989815] [sage_energy_monitor]: ENERGY | remaining=95.2 % | voltage=16.11 V | drain_rate=0.057 %/s | home_distance=2.2 m | return_time=6 s | return_cost=0.4 % | margin_after_return=74.9 %
[INFO] [1790222401.140439111] [sage_energy_monitor]: ENERGY | remaining=95.2 % | voltage=16.11 V | drain_rate=0.057 %/s | home_distance=2.4 m | return_time=6 s | return_cost=0.4 % | margin_after_return=74.8 %
[INFO] [1790222402.142787656] [sage_energy_monitor]: ENERGY | remaining=95.1 % | voltage=16.11 V | drain_rate=0.057 %/s | home_distance=4.1 m | return_time=8 s | return_cost=0.5 % | margin_after_return=74.6 %
[INFO] [1790222403.139214315] [sage_energy_monitor]: ENERGY | remaining=95.1 % | voltage=16.11 V | drain_rate=0.056 %/s | home_distance=5.7 m | return_time=10 s | return_cost=0.6 % | margin_after_return=74.5 %
[INFO] [1790222404.140448947] [sage_energy_monitor]: ENERGY | remaining=95.0 % | voltage=16.11 V | drain_rate=0.056 %/s | home_distance=6.3 m | return_time=10 s | return_cost=0.6 % | margin_after_return=74.4 %
[INFO] [1790222405.143706503] [sage_energy_monitor]: ENERGY | remaining=94.9 % | voltage=16.11 V | drain_rate=0.057 %/s | home_distance=6.4 m | return_time=10 s | return_cost=0.6 % | margin_after_return=74.4 %
[INFO] [1790222406.138288742] [sage_energy_monitor]: ENERGY | remaining=94.9 % | voltage=16.11 V | drain_rate=0.056 %/s | home_distance=6.4 m | return_time=10 s | return_cost=0.6 % | margin_after_return=74.3 %
[INFO] [1790222407.149458538] [sage_energy_monitor]: ENERGY | remaining=94.8 % | voltage=16.11 V | drain_rate=0.057 %/s | home_distance=5.5 m | return_time=10 s | return_cost=0.5 % | margin_after_return=74.3 %
[INFO] [1790222408.141839978] [sage_energy_monitor]: ENERGY | remaining=94.8 % | voltage=16.10 V | drain_rate=0.057 %/s | home_distance=4.1 m | return_time=8 s | return_cost=0.5 % | margin_after_return=74.3 %
[INFO] [1790222409.139768710] [sage_energy_monitor]: ENERGY | remaining=94.7 % | voltage=16.10 V | drain_rate=0.056 %/s | home_distance=2.8 m | return_time=7 s | return_cost=0.4 % | margin_after_return=74.3 %
[INFO] [1790222410.138796603] [sage_energy_monitor]: ENERGY | remaining=94.7 % | voltage=16.10 V | drain_rate=0.056 %/s | home_distance=2.5 m | return_time=6 s | return_cost=0.4 % | margin_after_return=74.3 %
[INFO] [1790222411.140225419] [sage_energy_monitor]: ENERGY | remaining=94.6 % | voltage=16.10 V | drain_rate=0.056 %/s | home_distance=3.3 m | return_time=7 s | return_cost=0.4 % | margin_after_return=74.2 %
[INFO] [1790222412.140195414] [sage_energy_monitor]: ENERGY | remaining=94.5 % | voltage=16.10 V | drain_rate=0.056 %/s | home_distance=4.9 m | return_time=9 s | return_cost=0.5 % | margin_after_return=74.0 %
[INFO] [1790222413.138928215] [sage_energy_monitor]: ENERGY | remaining=94.5 % | voltage=16.10 V | drain_rate=0.056 %/s | home_distance=6.6 m | return_time=10 s | return_cost=0.6 % | margin_after_return=73.9 %
[INFO] [1790222414.141090595] [sage_energy_monitor]: ENERGY | remaining=94.4 % | voltage=16.10 V | drain_rate=0.056 %/s | home_distance=8.3 m | return_time=12 s | return_cost=0.7 % | margin_after_return=73.8 %
[INFO] [1790222415.138226098] [sage_energy_monitor]: ENERGY | remaining=94.4 % | voltage=16.10 V | drain_rate=0.056 %/s | home_distance=9.3 m | return_time=13 s | return_cost=0.7 % | margin_after_return=73.6 %
[INFO] [1790222416.137656937] [sage_energy_monitor]: ENERGY | remaining=94.3 % | voltage=16.10 V | drain_rate=0.056 %/s | home_distance=9.4 m | return_time=13 s | return_cost=0.7 % | margin_after_return=73.6 %
[INFO] [1790222417.143703254] [sage_energy_monitor]: ENERGY | remaining=94.3 % | voltage=16.10 V | drain_rate=0.056 %/s | home_distance=8.1 m | return_time=12 s | return_cost=0.7 % | margin_after_return=73.6 %
[INFO] [1790222418.139794684] [sage_energy_monitor]: ENERGY | remaining=94.2 % | voltage=16.09 V | drain_rate=0.056 %/s | home_distance=6.4 m | return_time=10 s | return_cost=0.6 % | margin_after_return=73.6 %
[INFO] [1790222419.139281955] [sage_energy_monitor]: ENERGY | remaining=94.1 % | voltage=16.09 V | drain_rate=0.056 %/s | home_distance=5.7 m | return_time=10 s | return_cost=0.5 % | margin_after_return=73.6 %
[INFO] [1790222420.137982464] [sage_energy_monitor]: ENERGY | remaining=94.1 % | voltage=16.09 V | drain_rate=0.056 %/s | home_distance=5.5 m | return_time=9 s | return_cost=0.5 % | margin_after_return=73.6 %
[INFO] [1790222421.141443381] [sage_energy_monitor]: ENERGY | remaining=94.0 % | voltage=16.09 V | drain_rate=0.057 %/s | home_distance=5.5 m | return_time=9 s | return_cost=0.5 % | margin_after_return=73.5 %
[INFO] [1790222422.139027344] [sage_energy_monitor]: ENERGY | remaining=94.0 % | voltage=16.09 V | drain_rate=0.056 %/s | home_distance=5.4 m | return_time=9 s | return_cost=0.5 % | margin_after_return=73.4 %
[INFO] [1790222423.138051906] [sage_energy_monitor]: ENERGY | remaining=93.9 % | voltage=16.09 V | drain_rate=0.057 %/s | home_distance=5.9 m | return_time=10 s | return_cost=0.5 % | margin_after_return=73.4 %
[INFO] [1790222424.141753745] [sage_energy_monitor]: ENERGY | remaining=93.9 % | voltage=16.09 V | drain_rate=0.057 %/s | home_distance=6.8 m | return_time=11 s | return_cost=0.6 % | margin_after_return=73.2 %
[INFO] [1790222425.139101682] [sage_energy_monitor]: ENERGY | remaining=93.8 % | voltage=16.09 V | drain_rate=0.057 %/s | home_distance=7.8 m | return_time=12 s | return_cost=0.7 % | margin_after_return=73.1 %
[INFO] [1790222426.138126921] [sage_energy_monitor]: ENERGY | remaining=93.7 % | voltage=16.09 V | drain_rate=0.057 %/s | home_distance=8.4 m | return_time=12 s | return_cost=0.7 % | margin_after_return=73.0 %
[INFO] [1790222427.139581266] [sage_energy_monitor]: ENERGY | remaining=93.7 % | voltage=16.08 V | drain_rate=0.057 %/s | home_distance=8.5 m | return_time=13 s | return_cost=0.7 % | margin_after_return=73.0 %
[INFO] [1790222428.137832861] [sage_energy_monitor]: ENERGY | remaining=93.6 % | voltage=16.08 V | drain_rate=0.057 %/s | home_distance=8.4 m | return_time=12 s | return_cost=0.7 % | margin_after_return=72.9 %
[INFO] [1790222429.137719977] [sage_energy_monitor]: ENERGY | remaining=93.6 % | voltage=16.08 V | drain_rate=0.057 %/s | home_distance=8.4 m | return_time=12 s | return_cost=0.7 % | margin_after_return=72.9 %
[INFO] [1790222430.141402197] [sage_energy_monitor]: ENERGY | remaining=93.5 % | voltage=16.08 V | drain_rate=0.056 %/s | home_distance=8.4 m | return_time=12 s | return_cost=0.7 % | margin_after_return=72.8 %
[INFO] [1790222431.138426533] [sage_energy_monitor]: ENERGY | remaining=93.5 % | voltage=16.08 V | drain_rate=0.057 %/s | home_distance=8.5 m | return_time=12 s | return_cost=0.7 % | margin_after_return=72.8 %
[INFO] [1790222432.138945753] [sage_energy_monitor]: ENERGY | remaining=93.4 % | voltage=16.08 V | drain_rate=0.057 %/s | home_distance=8.5 m | return_time=12 s | return_cost=0.7 % | margin_after_return=72.7 %
[INFO] [1790222433.141412451] [sage_energy_monitor]: ENERGY | remaining=93.4 % | voltage=16.08 V | drain_rate=0.057 %/s | home_distance=8.6 m | return_time=12 s | return_cost=0.7 % | margin_after_return=72.6 %
[INFO] [1790222434.139510630] [sage_energy_monitor]: ENERGY | remaining=93.3 % | voltage=16.08 V | drain_rate=0.057 %/s | home_distance=8.5 m | return_time=12 s | return_cost=0.7 % | margin_after_return=72.6 %
[INFO] [1790222435.141401586] [sage_energy_monitor]: ENERGY | remaining=93.2 % | voltage=16.08 V | drain_rate=0.057 %/s | home_distance=8.4 m | return_time=12 s | return_cost=0.7 % | margin_after_return=72.5 %
[INFO] [1790222436.141290625] [sage_energy_monitor]: ENERGY | remaining=93.2 % | voltage=16.08 V | drain_rate=0.057 %/s | home_distance=7.5 m | return_time=11 s | return_cost=0.6 % | margin_after_return=72.6 %
[INFO] [1790222437.139196341] [sage_energy_monitor]: ENERGY | remaining=93.1 % | voltage=16.07 V | drain_rate=0.057 %/s | home_distance=6.5 m | return_time=11 s | return_cost=0.6 % | margin_after_return=72.5 %
[INFO] [1790222438.141471512] [sage_energy_monitor]: ENERGY | remaining=93.1 % | voltage=16.07 V | drain_rate=0.057 %/s | home_distance=6.1 m | return_time=10 s | return_cost=0.6 % | margin_after_return=72.5 %
[INFO] [1790222439.140571302] [sage_energy_monitor]: ENERGY | remaining=93.0 % | voltage=16.07 V | drain_rate=0.057 %/s | home_distance=6.0 m | return_time=10 s | return_cost=0.6 % | margin_after_return=72.4 %
[INFO] [1790222440.138039658] [sage_energy_monitor]: ENERGY | remaining=92.9 % | voltage=16.07 V | drain_rate=0.057 %/s | home_distance=6.0 m | return_time=10 s | return_cost=0.6 % | margin_after_return=72.4 %
[INFO] [1790222441.138157982] [sage_energy_monitor]: ENERGY | remaining=92.9 % | voltage=16.07 V | drain_rate=0.057 %/s | home_distance=6.1 m | return_time=10 s | return_cost=0.6 % | margin_after_return=72.3 %
[INFO] [1790222442.141674084] [sage_energy_monitor]: ENERGY | remaining=92.8 % | voltage=16.07 V | drain_rate=0.057 %/s | home_distance=6.1 m | return_time=10 s | return_cost=0.6 % | margin_after_return=72.3 %
[INFO] [1790222443.148511330] [sage_energy_monitor]: ENERGY | remaining=92.8 % | voltage=16.07 V | drain_rate=0.057 %/s | home_distance=6.1 m | return_time=10 s | return_cost=0.6 % | margin_after_return=72.2 %
[INFO] [1790222444.137544032] [sage_energy_monitor]: ENERGY | remaining=92.7 % | voltage=16.07 V | drain_rate=0.057 %/s | home_distance=6.0 m | return_time=10 s | return_cost=0.6 % | margin_after_return=72.1 %
[INFO] [1790222445.138442662] [sage_energy_monitor]: ENERGY | remaining=92.7 % | voltage=16.07 V | drain_rate=0.057 %/s | home_distance=6.0 m | return_time=10 s | return_cost=0.6 % | margin_after_return=72.1 %
[INFO] [1790222446.142052670] [sage_energy_monitor]: ENERGY | remaining=92.6 % | voltage=16.07 V | drain_rate=0.057 %/s | home_distance=6.0 m | return_time=10 s | return_cost=0.6 % | margin_after_return=72.0 %
[INFO] [1790222447.143275408] [sage_energy_monitor]: ENERGY | remaining=92.6 % | voltage=16.06 V | drain_rate=0.057 %/s | home_distance=6.0 m | return_time=10 s | return_cost=0.6 % | margin_after_return=72.0 %
[INFO] [1790222448.141909653] [sage_energy_monitor]: ENERGY | remaining=92.5 % | voltage=16.06 V | drain_rate=0.057 %/s | home_distance=6.1 m | return_time=10 s | return_cost=0.6 % | margin_after_return=71.9 %
[INFO] [1790222449.144852719] [sage_energy_monitor]: ENERGY | remaining=92.4 % | voltage=16.06 V | drain_rate=0.057 %/s | home_distance=6.5 m | return_time=11 s | return_cost=0.6 % | margin_after_return=71.8 %
[INFO] [1790222450.138574264] [sage_energy_monitor]: ENERGY | remaining=92.4 % | voltage=16.06 V | drain_rate=0.057 %/s | home_distance=7.4 m | return_time=12 s | return_cost=0.7 % | margin_after_return=71.7 %
[INFO] [1790222451.138604658] [sage_energy_monitor]: ENERGY | remaining=92.3 % | voltage=16.06 V | drain_rate=0.057 %/s | home_distance=8.3 m | return_time=12 s | return_cost=0.7 % | margin_after_return=71.6 %
[INFO] [1790222452.148359773] [sage_energy_monitor]: ENERGY | remaining=92.3 % | voltage=16.06 V | drain_rate=0.057 %/s | home_distance=8.6 m | return_time=13 s | return_cost=0.7 % | margin_after_return=71.5 %
[INFO] [1790222453.141217598] [sage_energy_monitor]: ENERGY | remaining=92.2 % | voltage=16.06 V | drain_rate=0.057 %/s | home_distance=8.6 m | return_time=13 s | return_cost=0.7 % | margin_after_return=71.5 %
[INFO] [1790222454.137809701] [sage_energy_monitor]: ENERGY | remaining=92.1 % | voltage=16.06 V | drain_rate=0.057 %/s | home_distance=8.5 m | return_time=13 s | return_cost=0.7 % | margin_after_return=71.4 %
[INFO] [1790222455.137875393] [sage_energy_monitor]: ENERGY | remaining=92.1 % | voltage=16.06 V | drain_rate=0.057 %/s | home_distance=8.5 m | return_time=13 s | return_cost=0.7 % | margin_after_return=71.4 %
[INFO] [1790222456.138819887] [sage_energy_monitor]: ENERGY | remaining=92.0 % | voltage=16.06 V | drain_rate=0.057 %/s | home_distance=8.4 m | return_time=13 s | return_cost=0.7 % | margin_after_return=71.3 %
[INFO] [1790222457.138121811] [sage_energy_monitor]: ENERGY | remaining=92.0 % | voltage=16.05 V | drain_rate=0.057 %/s | home_distance=8.4 m | return_time=12 s | return_cost=0.7 % | margin_after_return=71.3 %
[INFO] [1790222458.139371242] [sage_energy_monitor]: ENERGY | remaining=91.9 % | voltage=16.05 V | drain_rate=0.057 %/s | home_distance=8.5 m | return_time=12 s | return_cost=0.7 % | margin_after_return=71.2 %
[INFO] [1790222459.139648275] [sage_energy_monitor]: ENERGY | remaining=91.9 % | voltage=16.05 V | drain_rate=0.057 %/s | home_distance=8.5 m | return_time=12 s | return_cost=0.7 % | margin_after_return=71.1 %
[INFO] [1790222460.143214980] [sage_energy_monitor]: ENERGY | remaining=91.8 % | voltage=16.05 V | drain_rate=0.057 %/s | home_distance=8.5 m | return_time=12 s | return_cost=0.7 % | margin_after_return=71.1 %
[INFO] [1790222461.144898944] [sage_energy_monitor]: ENERGY | remaining=91.8 % | voltage=16.05 V | drain_rate=0.057 %/s | home_distance=8.0 m | return_time=12 s | return_cost=0.7 % | margin_after_return=71.1 %
[INFO] [1790222462.140458612] [sage_energy_monitor]: ENERGY | remaining=91.7 % | voltage=16.05 V | drain_rate=0.057 %/s | home_distance=7.0 m | return_time=11 s | return_cost=0.6 % | margin_after_return=71.1 %
[INFO] [1790222463.137882613] [sage_energy_monitor]: ENERGY | remaining=91.6 % | voltage=16.05 V | drain_rate=0.057 %/s | home_distance=6.4 m | return_time=10 s | return_cost=0.6 % | margin_after_return=71.0 %
[INFO] [1790222464.138143171] [sage_energy_monitor]: ENERGY | remaining=91.6 % | voltage=16.05 V | drain_rate=0.057 %/s | home_distance=6.1 m | return_time=10 s | return_cost=0.6 % | margin_after_return=71.0 %
[INFO] [1790222465.138548120] [sage_energy_monitor]: ENERGY | remaining=91.5 % | voltage=16.05 V | drain_rate=0.057 %/s | home_distance=6.1 m | return_time=10 s | return_cost=0.6 % | margin_after_return=71.0 %
[INFO] [1790222466.139353915] [sage_energy_monitor]: ENERGY | remaining=91.5 % | voltage=16.05 V | drain_rate=0.057 %/s | home_distance=6.0 m | return_time=10 s | return_cost=0.6 % | margin_after_return=70.9 %
[INFO] [1790222467.137961503] [sage_energy_monitor]: ENERGY | remaining=91.4 % | voltage=16.04 V | drain_rate=0.057 %/s | home_distance=6.0 m | return_time=10 s | return_cost=0.6 % | margin_after_return=70.9 %
[INFO] [1790222468.138488951] [sage_energy_monitor]: ENERGY | remaining=91.4 % | voltage=16.04 V | drain_rate=0.057 %/s | home_distance=6.0 m | return_time=10 s | return_cost=0.6 % | margin_after_return=70.8 %
[INFO] [1790222469.141884152] [sage_energy_monitor]: ENERGY | remaining=91.3 % | voltage=16.04 V | drain_rate=0.057 %/s | home_distance=5.9 m | return_time=10 s | return_cost=0.6 % | margin_after_return=70.7 %
[INFO] [1790222470.140328518] [sage_energy_monitor]: ENERGY | remaining=91.2 % | voltage=16.04 V | drain_rate=0.057 %/s | home_distance=5.9 m | return_time=10 s | return_cost=0.6 % | margin_after_return=70.7 %
[INFO] [1790222471.138269388] [sage_energy_monitor]: ENERGY | remaining=91.2 % | voltage=16.04 V | drain_rate=0.057 %/s | home_distance=5.9 m | return_time=10 s | return_cost=0.6 % | margin_after_return=70.6 %
[INFO] [1790222472.140835595] [sage_energy_monitor]: ENERGY | remaining=91.1 % | voltage=16.04 V | drain_rate=0.057 %/s | home_distance=5.9 m | return_time=10 s | return_cost=0.6 % | margin_after_return=70.6 %
[INFO] [1790222473.138173311] [sage_energy_monitor]: ENERGY | remaining=91.1 % | voltage=16.04 V | drain_rate=0.057 %/s | home_distance=5.9 m | return_time=10 s | return_cost=0.6 % | margin_after_return=70.5 %
[INFO] [1790222474.141794076] [sage_energy_monitor]: ENERGY | remaining=91.0 % | voltage=16.04 V | drain_rate=0.057 %/s | home_distance=5.1 m | return_time=9 s | return_cost=0.5 % | margin_after_return=70.5 %
[INFO] [1790222475.143693567] [sage_energy_monitor]: ENERGY | remaining=91.0 % | voltage=16.04 V | drain_rate=0.057 %/s | home_distance=3.1 m | return_time=7 s | return_cost=0.4 % | margin_after_return=70.6 %
[INFO] [1790222476.148574316] [sage_energy_monitor]: ENERGY | remaining=90.9 % | voltage=16.03 V | drain_rate=0.057 %/s | home_distance=1.4 m | return_time=5 s | return_cost=0.3 % | margin_after_return=70.6 %
[INFO] [1790222477.139168015] [sage_energy_monitor]: ENERGY | remaining=90.9 % | voltage=16.03 V | drain_rate=0.057 %/s | home_distance=0.3 m | return_time=4 s | return_cost=0.2 % | margin_after_return=70.6 %
[INFO] [1790222478.141175513] [sage_energy_monitor]: ENERGY | remaining=90.8 % | voltage=16.03 V | drain_rate=0.056 %/s | home_distance=0.1 m | return_time=4 s | return_cost=0.2 % | margin_after_return=70.6 %
[INFO] [1790222479.139832811] [sage_energy_monitor]: ENERGY | remaining=90.7 % | voltage=16.03 V | drain_rate=0.056 %/s | home_distance=0.1 m | return_time=4 s | return_cost=0.2 % | margin_after_return=70.5 %
[INFO] [1790222480.140113965] [sage_energy_monitor]: ENERGY | remaining=90.7 % | voltage=16.03 V | drain_rate=0.056 %/s | home_distance=0.1 m | return_time=4 s | return_cost=0.2 % | margin_after_return=70.5 %
[INFO] [1790222481.141190807] [sage_energy_monitor]: ENERGY | remaining=90.6 % | voltage=16.03 V | drain_rate=0.056 %/s | home_distance=0.1 m | return_time=4 s | return_cost=0.2 % | margin_after_return=70.4 %
[INFO] [1790222482.143748822] [sage_energy_monitor]: ENERGY | remaining=90.6 % | voltage=16.03 V | drain_rate=0.056 %/s | home_distance=0.1 m | return_time=4 s | return_cost=0.2 % | margin_after_return=70.3 %
[INFO] [1790222483.141735396] [sage_energy_monitor]: ENERGY | remaining=90.5 % | voltage=16.03 V | drain_rate=0.056 %/s | home_distance=0.1 m | return_time=4 s | return_cost=0.2 % | margin_after_return=70.3 %
[INFO] [1790222484.137664463] [sage_energy_monitor]: ENERGY | remaining=90.5 % | voltage=16.03 V | drain_rate=0.056 %/s | home_distance=0.1 m | return_time=4 s | return_cost=0.2 % | margin_after_return=70.2 %
[INFO] [1790222485.144993597] [sage_energy_monitor]: ENERGY | remaining=90.4 % | voltage=16.03 V | drain_rate=0.056 %/s | home_distance=0.1 m | return_time=4 s | return_cost=0.2 % | margin_after_return=70.2 %
[INFO] [1790222486.143270589] [sage_energy_monitor]: ENERGY | remaining=90.4 % | voltage=16.03 V | drain_rate=0.056 %/s | home_distance=0.1 m | return_time=4 s | return_cost=0.2 % | margin_after_return=70.1 %
[INFO] [1790222487.137977735] [sage_energy_monitor]: ENERGY | remaining=90.3 % | voltage=16.02 V | drain_rate=0.056 %/s | home_distance=1.4 m | return_time=6 s | return_cost=0.3 % | margin_after_return=70.0 %
[INFO] [1790222488.142244679] [sage_energy_monitor]: ENERGY | remaining=90.2 % | voltage=16.02 V | drain_rate=0.056 %/s | home_distance=3.3 m | return_time=7 s | return_cost=0.4 % | margin_after_return=69.8 %
[INFO] [1790222489.143287233] [sage_energy_monitor]: ENERGY | remaining=90.2 % | voltage=16.02 V | drain_rate=0.056 %/s | home_distance=5.0 m | return_time=9 s | return_cost=0.5 % | margin_after_return=69.7 %
[INFO] [1790222490.139026669] [sage_energy_monitor]: ENERGY | remaining=90.1 % | voltage=16.02 V | drain_rate=0.056 %/s | home_distance=5.9 m | return_time=10 s | return_cost=0.6 % | margin_after_return=69.6 %
[INFO] [1790222491.146979585] [sage_energy_monitor]: ENERGY | remaining=90.1 % | voltage=16.02 V | drain_rate=0.056 %/s | home_distance=6.1 m | return_time=10 s | return_cost=0.6 % | margin_after_return=69.5 %
[INFO] [1790222492.137837144] [sage_energy_monitor]: ENERGY | remaining=90.0 % | voltage=16.02 V | drain_rate=0.056 %/s | home_distance=6.1 m | return_time=10 s | return_cost=0.6 % | margin_after_return=69.4 %
[INFO] [1790222493.138401533] [sage_energy_monitor]: ENERGY | remaining=90.0 % | voltage=16.02 V | drain_rate=0.056 %/s | home_distance=6.1 m | return_time=10 s | return_cost=0.6 % | margin_after_return=69.4 %
[INFO] [1790222494.139157119] [sage_energy_monitor]: ENERGY | remaining=89.9 % | voltage=16.02 V | drain_rate=0.056 %/s | home_distance=6.1 m | return_time=10 s | return_cost=0.6 % | margin_after_return=69.3 %
[INFO] [1790222495.140676157] [sage_energy_monitor]: ENERGY | remaining=89.8 % | voltage=16.02 V | drain_rate=0.056 %/s | home_distance=6.1 m | return_time=10 s | return_cost=0.6 % | margin_after_return=69.3 %
[INFO] [1790222496.141454548] [sage_energy_monitor]: ENERGY | remaining=89.8 % | voltage=16.01 V | drain_rate=0.056 %/s | home_distance=6.1 m | return_time=10 s | return_cost=0.6 % | margin_after_return=69.2 %
[INFO] [1790222497.142606915] [sage_energy_monitor]: ENERGY | remaining=89.7 % | voltage=16.01 V | drain_rate=0.056 %/s | home_distance=6.1 m | return_time=10 s | return_cost=0.6 % | margin_after_return=69.2 %
[INFO] [1790222498.138032385] [sage_energy_monitor]: ENERGY | remaining=89.7 % | voltage=16.01 V | drain_rate=0.056 %/s | home_distance=5.5 m | return_time=10 s | return_cost=0.5 % | margin_after_return=69.1 %
[INFO] [1790222499.139634494] [sage_energy_monitor]: ENERGY | remaining=89.6 % | voltage=16.01 V | drain_rate=0.056 %/s | home_distance=4.3 m | return_time=8 s | return_cost=0.5 % | margin_after_return=69.2 %
[INFO] [1790222500.140947293] [sage_energy_monitor]: ENERGY | remaining=89.6 % | voltage=16.01 V | drain_rate=0.056 %/s | home_distance=3.3 m | return_time=7 s | return_cost=0.4 % | margin_after_return=69.2 %
[INFO] [1790222501.138288430] [sage_energy_monitor]: ENERGY | remaining=89.5 % | voltage=16.01 V | drain_rate=0.056 %/s | home_distance=3.0 m | return_time=7 s | return_cost=0.4 % | margin_after_return=69.1 %
[INFO] [1790222502.138516062] [sage_energy_monitor]: ENERGY | remaining=89.5 % | voltage=16.01 V | drain_rate=0.056 %/s | home_distance=3.9 m | return_time=8 s | return_cost=0.5 % | margin_after_return=69.0 %
[INFO] [1790222503.140022927] [sage_energy_monitor]: ENERGY | remaining=89.4 % | voltage=16.01 V | drain_rate=0.056 %/s | home_distance=5.4 m | return_time=10 s | return_cost=0.5 % | margin_after_return=68.9 %
[INFO] [1790222504.140573626] [sage_energy_monitor]: ENERGY | remaining=89.3 % | voltage=16.01 V | drain_rate=0.056 %/s | home_distance=6.8 m | return_time=11 s | return_cost=0.6 % | margin_after_return=68.7 %
[INFO] [1790222505.139177507] [sage_energy_monitor]: ENERGY | remaining=89.3 % | voltage=16.01 V | drain_rate=0.056 %/s | home_distance=7.4 m | return_time=11 s | return_cost=0.6 % | margin_after_return=68.6 %
[INFO] [1790222506.138114328] [sage_energy_monitor]: ENERGY | remaining=89.2 % | voltage=16.00 V | drain_rate=0.056 %/s | home_distance=7.5 m | return_time=11 s | return_cost=0.6 % | margin_after_return=68.6 %
[INFO] [1790222507.141938857] [sage_energy_monitor]: ENERGY | remaining=89.2 % | voltage=16.00 V | drain_rate=0.056 %/s | home_distance=7.4 m | return_time=11 s | return_cost=0.6 % | margin_after_return=68.5 %
[INFO] [1790222508.139128120] [sage_energy_monitor]: ENERGY | remaining=89.1 % | voltage=16.00 V | drain_rate=0.056 %/s | home_distance=7.4 m | return_time=11 s | return_cost=0.6 % | margin_after_return=68.5 %
[INFO] [1790222509.142188232] [sage_energy_monitor]: ENERGY | remaining=89.1 % | voltage=16.00 V | drain_rate=0.056 %/s | home_distance=7.4 m | return_time=11 s | return_cost=0.6 % | margin_after_return=68.4 %
[INFO] [1790222510.139637353] [sage_energy_monitor]: ENERGY | remaining=89.0 % | voltage=16.00 V | drain_rate=0.056 %/s | home_distance=7.5 m | return_time=12 s | return_cost=0.7 % | margin_after_return=68.4 %
[INFO] [1790222511.139281144] [sage_energy_monitor]: ENERGY | remaining=88.9 % | voltage=16.00 V | drain_rate=0.056 %/s | home_distance=7.9 m | return_time=12 s | return_cost=0.7 % | margin_after_return=68.3 %
[INFO] [1790222512.141852667] [sage_energy_monitor]: ENERGY | remaining=88.9 % | voltage=16.00 V | drain_rate=0.056 %/s | home_distance=8.3 m | return_time=12 s | return_cost=0.7 % | margin_after_return=68.2 %
[INFO] [1790222513.138095578] [sage_energy_monitor]: ENERGY | remaining=88.8 % | voltage=16.00 V | drain_rate=0.056 %/s | home_distance=8.2 m | return_time=12 s | return_cost=0.7 % | margin_after_return=68.2 %
[INFO] [1790222514.140176593] [sage_energy_monitor]: ENERGY | remaining=88.8 % | voltage=16.00 V | drain_rate=0.056 %/s | home_distance=6.9 m | return_time=11 s | return_cost=0.6 % | margin_after_return=68.2 %
[INFO] [1790222515.145288732] [sage_energy_monitor]: ENERGY | remaining=88.7 % | voltage=16.00 V | drain_rate=0.056 %/s | home_distance=5.5 m | return_time=10 s | return_cost=0.6 % | margin_after_return=68.2 %
[INFO] [1790222516.142123444] [sage_energy_monitor]: ENERGY | remaining=88.7 % | voltage=15.99 V | drain_rate=0.056 %/s | home_distance=5.0 m | return_time=9 s | return_cost=0.5 % | margin_after_return=68.2 %
[INFO] [1790222517.137825944] [sage_energy_monitor]: ENERGY | remaining=88.6 % | voltage=15.99 V | drain_rate=0.056 %/s | home_distance=5.0 m | return_time=9 s | return_cost=0.5 % | margin_after_return=68.1 %
[INFO] [1790222518.141171175] [sage_energy_monitor]: ENERGY | remaining=88.6 % | voltage=15.99 V | drain_rate=0.056 %/s | home_distance=4.7 m | return_time=9 s | return_cost=0.5 % | margin_after_return=68.1 %
[INFO] [1790222519.138696436] [sage_energy_monitor]: ENERGY | remaining=88.5 % | voltage=15.99 V | drain_rate=0.056 %/s | home_distance=4.2 m | return_time=8 s | return_cost=0.5 % | margin_after_return=68.0 %
[INFO] [1790222520.141696762] [sage_energy_monitor]: ENERGY | remaining=88.4 % | voltage=15.99 V | drain_rate=0.056 %/s | home_distance=4.3 m | return_time=8 s | return_cost=0.5 % | margin_after_return=68.0 %
[INFO] [1790222521.138660534] [sage_energy_monitor]: ENERGY | remaining=88.4 % | voltage=15.99 V | drain_rate=0.056 %/s | home_distance=4.6 m | return_time=9 s | return_cost=0.5 % | margin_after_return=67.9 %
[INFO] [1790222522.143845900] [sage_energy_monitor]: ENERGY | remaining=88.3 % | voltage=15.99 V | drain_rate=0.056 %/s | home_distance=4.7 m | return_time=9 s | return_cost=0.5 % | margin_after_return=67.8 %
[INFO] [1790222523.139763065] [sage_energy_monitor]: ENERGY | remaining=88.3 % | voltage=15.99 V | drain_rate=0.056 %/s | home_distance=3.9 m | return_time=7 s | return_cost=0.4 % | margin_after_return=67.8 %
[INFO] [1790222524.139659985] [sage_energy_monitor]: ENERGY | remaining=88.2 % | voltage=15.99 V | drain_rate=0.056 %/s | home_distance=2.8 m | return_time=7 s | return_cost=0.4 % | margin_after_return=67.8 %
[INFO] [1790222525.138820905] [sage_energy_monitor]: ENERGY | remaining=88.2 % | voltage=15.99 V | drain_rate=0.056 %/s | home_distance=2.8 m | return_time=7 s | return_cost=0.4 % | margin_after_return=67.8 %
[INFO] [1790222526.141291616] [sage_energy_monitor]: ENERGY | remaining=88.1 % | voltage=15.98 V | drain_rate=0.056 %/s | home_distance=3.8 m | return_time=8 s | return_cost=0.4 % | margin_after_return=67.7 %
[INFO] [1790222527.139700754] [sage_energy_monitor]: ENERGY | remaining=88.0 % | voltage=15.98 V | drain_rate=0.056 %/s | home_distance=5.2 m | return_time=9 s | return_cost=0.5 % | margin_after_return=67.5 %
[INFO] [1790222528.139920495] [sage_energy_monitor]: ENERGY | remaining=88.0 % | voltage=15.98 V | drain_rate=0.056 %/s | home_distance=5.9 m | return_time=10 s | return_cost=0.6 % | margin_after_return=67.4 %
[INFO] [1790222529.139629757] [sage_energy_monitor]: ENERGY | remaining=87.9 % | voltage=15.98 V | drain_rate=0.056 %/s | home_distance=5.9 m | return_time=10 s | return_cost=0.6 % | margin_after_return=67.4 %
[INFO] [1790222530.143581484] [sage_energy_monitor]: ENERGY | remaining=87.9 % | voltage=15.98 V | drain_rate=0.057 %/s | home_distance=5.8 m | return_time=10 s | return_cost=0.6 % | margin_after_return=67.3 %
[INFO] [1790222531.140346625] [sage_energy_monitor]: ENERGY | remaining=87.8 % | voltage=15.98 V | drain_rate=0.057 %/s | home_distance=5.8 m | return_time=10 s | return_cost=0.6 % | margin_after_return=67.3 %
[INFO] [1790222532.139983976] [sage_energy_monitor]: ENERGY | remaining=87.8 % | voltage=15.98 V | drain_rate=0.057 %/s | home_distance=5.8 m | return_time=10 s | return_cost=0.6 % | margin_after_return=67.2 %
[INFO] [1790222533.139736416] [sage_energy_monitor]: ENERGY | remaining=87.7 % | voltage=15.98 V | drain_rate=0.057 %/s | home_distance=5.9 m | return_time=10 s | return_cost=0.6 % | margin_after_return=67.1 %
[INFO] [1790222534.141847991] [sage_energy_monitor]: ENERGY | remaining=87.6 % | voltage=15.98 V | drain_rate=0.056 %/s | home_distance=5.9 m | return_time=10 s | return_cost=0.6 % | margin_after_return=67.1 %
[INFO] [1790222535.144569954] [sage_energy_monitor]: ENERGY | remaining=87.6 % | voltage=15.98 V | drain_rate=0.056 %/s | home_distance=6.0 m | return_time=10 s | return_cost=0.6 % | margin_after_return=67.0 %
[INFO] [1790222536.138335278] [sage_energy_monitor]: ENERGY | remaining=87.5 % | voltage=15.97 V | drain_rate=0.057 %/s | home_distance=6.0 m | return_time=10 s | return_cost=0.6 % | margin_after_return=67.0 %
[INFO] [1790222537.142761469] [sage_energy_monitor]: ENERGY | remaining=87.5 % | voltage=15.97 V | drain_rate=0.057 %/s | home_distance=6.1 m | return_time=10 s | return_cost=0.6 % | margin_after_return=66.9 %
[INFO] [1790222538.143550712] [sage_energy_monitor]: ENERGY | remaining=87.4 % | voltage=15.97 V | drain_rate=0.057 %/s | home_distance=6.5 m | return_time=10 s | return_cost=0.6 % | margin_after_return=66.8 %
[INFO] [1790222539.143504044] [sage_energy_monitor]: ENERGY | remaining=87.4 % | voltage=15.97 V | drain_rate=0.057 %/s | home_distance=7.3 m | return_time=11 s | return_cost=0.6 % | margin_after_return=66.7 %
[INFO] [1790222540.138020916] [sage_energy_monitor]: ENERGY | remaining=87.3 % | voltage=15.97 V | drain_rate=0.056 %/s | home_distance=8.1 m | return_time=12 s | return_cost=0.7 % | margin_after_return=66.6 %
[INFO] [1790222541.139305030] [sage_energy_monitor]: ENERGY | remaining=87.3 % | voltage=15.97 V | drain_rate=0.056 %/s | home_distance=8.5 m | return_time=12 s | return_cost=0.7 % | margin_after_return=66.6 %
[INFO] [1790222542.143396507] [sage_energy_monitor]: ENERGY | remaining=87.2 % | voltage=15.97 V | drain_rate=0.056 %/s | home_distance=8.5 m | return_time=12 s | return_cost=0.7 % | margin_after_return=66.5 %
[INFO] [1790222543.138319919] [sage_energy_monitor]: ENERGY | remaining=87.1 % | voltage=15.97 V | drain_rate=0.056 %/s | home_distance=8.4 m | return_time=12 s | return_cost=0.7 % | margin_after_return=66.5 %
[INFO] [1790222544.139404211] [sage_energy_monitor]: ENERGY | remaining=87.1 % | voltage=15.97 V | drain_rate=0.056 %/s | home_distance=8.4 m | return_time=12 s | return_cost=0.7 % | margin_after_return=66.4 %
[INFO] [1790222545.137992339] [sage_energy_monitor]: ENERGY | remaining=87.0 % | voltage=15.97 V | drain_rate=0.056 %/s | home_distance=8.5 m | return_time=12 s | return_cost=0.7 % | margin_after_return=66.3 %
[INFO] [1790222546.150893506] [sage_energy_monitor]: ENERGY | remaining=87.0 % | voltage=15.96 V | drain_rate=0.056 %/s | home_distance=8.5 m | return_time=12 s | return_cost=0.7 % | margin_after_return=66.3 %
[INFO] [1790222547.139663068] [sage_energy_monitor]: ENERGY | remaining=86.9 % | voltage=15.96 V | drain_rate=0.056 %/s | home_distance=8.5 m | return_time=12 s | return_cost=0.7 % | margin_after_return=66.2 %
[INFO] [1790222548.142383522] [sage_energy_monitor]: ENERGY | remaining=86.9 % | voltage=15.96 V | drain_rate=0.056 %/s | home_distance=8.5 m | return_time=12 s | return_cost=0.7 % | margin_after_return=66.2 %
[INFO] [1790222549.139575128] [sage_energy_monitor]: ENERGY | remaining=86.8 % | voltage=15.96 V | drain_rate=0.056 %/s | home_distance=8.5 m | return_time=12 s | return_cost=0.7 % | margin_after_return=66.1 %
[INFO] [1790222550.139536213] [sage_energy_monitor]: ENERGY | remaining=86.8 % | voltage=15.96 V | drain_rate=0.056 %/s | home_distance=8.0 m | return_time=12 s | return_cost=0.7 % | margin_after_return=66.1 %
[INFO] [1790222551.140471195] [sage_energy_monitor]: ENERGY | remaining=86.7 % | voltage=15.96 V | drain_rate=0.056 %/s | home_distance=7.0 m | return_time=11 s | return_cost=0.6 % | margin_after_return=66.1 %
[INFO] [1790222552.139554291] [sage_energy_monitor]: ENERGY | remaining=86.6 % | voltage=15.96 V | drain_rate=0.056 %/s | home_distance=6.2 m | return_time=10 s | return_cost=0.6 % | margin_after_return=66.1 %
[INFO] [1790222553.142546966] [sage_energy_monitor]: ENERGY | remaining=86.6 % | voltage=15.96 V | drain_rate=0.056 %/s | home_distance=6.0 m | return_time=10 s | return_cost=0.6 % | margin_after_return=66.0 %
[INFO] [1790222554.144035771] [sage_energy_monitor]: ENERGY | remaining=86.5 % | voltage=15.96 V | drain_rate=0.056 %/s | home_distance=6.2 m | return_time=10 s | return_cost=0.6 % | margin_after_return=66.0 %
[INFO] [1790222555.139619494] [sage_energy_monitor]: ENERGY | remaining=86.5 % | voltage=15.96 V | drain_rate=0.056 %/s | home_distance=6.3 m | return_time=10 s | return_cost=0.6 % | margin_after_return=65.9 %
[INFO] [1790222556.139443553] [sage_energy_monitor]: ENERGY | remaining=86.4 % | voltage=15.95 V | drain_rate=0.056 %/s | home_distance=6.3 m | return_time=10 s | return_cost=0.6 % | margin_after_return=65.8 %
[INFO] [1790222557.141384802] [sage_energy_monitor]: ENERGY | remaining=86.4 % | voltage=15.95 V | drain_rate=0.056 %/s | home_distance=6.2 m | return_time=10 s | return_cost=0.6 % | margin_after_return=65.8 %
[INFO] [1790222558.139994692] [sage_energy_monitor]: ENERGY | remaining=86.3 % | voltage=15.95 V | drain_rate=0.056 %/s | home_distance=6.1 m | return_time=10 s | return_cost=0.6 % | margin_after_return=65.7 %
[INFO] [1790222559.141551223] [sage_energy_monitor]: ENERGY | remaining=86.3 % | voltage=15.95 V | drain_rate=0.056 %/s | home_distance=6.1 m | return_time=10 s | return_cost=0.6 % | margin_after_return=65.7 %
[INFO] [1790222560.142184473] [sage_energy_monitor]: ENERGY | remaining=86.2 % | voltage=15.95 V | drain_rate=0.055 %/s | home_distance=6.1 m | return_time=10 s | return_cost=0.6 % | margin_after_return=65.6 %
[INFO] [1790222561.140606502] [sage_energy_monitor]: ENERGY | remaining=86.1 % | voltage=15.95 V | drain_rate=0.055 %/s | home_distance=6.0 m | return_time=10 s | return_cost=0.6 % | margin_after_return=65.6 %
[INFO] [1790222562.139445193] [sage_energy_monitor]: ENERGY | remaining=86.1 % | voltage=15.95 V | drain_rate=0.056 %/s | home_distance=6.0 m | return_time=10 s | return_cost=0.6 % | margin_after_return=65.5 %
[INFO] [1790222563.142644461] [sage_energy_monitor]: ENERGY | remaining=86.0 % | voltage=15.95 V | drain_rate=0.056 %/s | home_distance=6.1 m | return_time=10 s | return_cost=0.6 % | margin_after_return=65.5 %
[INFO] [1790222564.139243523] [sage_energy_monitor]: ENERGY | remaining=86.0 % | voltage=15.95 V | drain_rate=0.056 %/s | home_distance=6.6 m | return_time=11 s | return_cost=0.6 % | margin_after_return=65.4 %
[INFO] [1790222565.139803688] [sage_energy_monitor]: ENERGY | remaining=85.9 % | voltage=15.95 V | drain_rate=0.056 %/s | home_distance=7.6 m | return_time=12 s | return_cost=0.7 % | margin_after_return=65.3 %
[INFO] [1790222566.140847035] [sage_energy_monitor]: ENERGY | remaining=85.9 % | voltage=15.94 V | drain_rate=0.056 %/s | home_distance=8.4 m | return_time=13 s | return_cost=0.7 % | margin_after_return=65.2 %
[INFO] [1790222567.139664736] [sage_energy_monitor]: ENERGY | remaining=85.8 % | voltage=15.94 V | drain_rate=0.056 %/s | home_distance=8.6 m | return_time=13 s | return_cost=0.7 % | margin_after_return=65.1 %
[INFO] [1790222568.139497276] [sage_energy_monitor]: ENERGY | remaining=85.7 % | voltage=15.94 V | drain_rate=0.056 %/s | home_distance=8.6 m | return_time=13 s | return_cost=0.7 % | margin_after_return=65.0 %
[INFO] [1790222569.138855134] [sage_energy_monitor]: ENERGY | remaining=85.7 % | voltage=15.94 V | drain_rate=0.056 %/s | home_distance=8.6 m | return_time=13 s | return_cost=0.7 % | margin_after_return=65.0 %
[INFO] [1790222570.138684937] [sage_energy_monitor]: ENERGY | remaining=85.6 % | voltage=15.94 V | drain_rate=0.056 %/s | home_distance=8.6 m | return_time=13 s | return_cost=0.7 % | margin_after_return=64.9 %
[INFO] [1790222571.137643296] [sage_energy_monitor]: ENERGY | remaining=85.6 % | voltage=15.94 V | drain_rate=0.056 %/s | home_distance=8.5 m | return_time=13 s | return_cost=0.7 % | margin_after_return=64.9 %
[INFO] [1790222572.137755577] [sage_energy_monitor]: ENERGY | remaining=85.5 % | voltage=15.94 V | drain_rate=0.056 %/s | home_distance=8.5 m | return_time=13 s | return_cost=0.7 % | margin_after_return=64.8 %
[INFO] [1790222573.141046728] [sage_energy_monitor]: ENERGY | remaining=85.5 % | voltage=15.94 V | drain_rate=0.056 %/s | home_distance=8.5 m | return_time=13 s | return_cost=0.7 % | margin_after_return=64.8 %
[INFO] [1790222574.151752784] [sage_energy_monitor]: ENERGY | remaining=85.4 % | voltage=15.94 V | drain_rate=0.056 %/s | home_distance=8.5 m | return_time=12 s | return_cost=0.7 % | margin_after_return=64.7 %
[INFO] [1790222575.140848188] [sage_energy_monitor]: ENERGY | remaining=85.4 % | voltage=15.93 V | drain_rate=0.056 %/s | home_distance=8.4 m | return_time=12 s | return_cost=0.7 % | margin_after_return=64.7 %
[INFO] [1790222576.140674064] [sage_energy_monitor]: ENERGY | remaining=85.3 % | voltage=15.93 V | drain_rate=0.056 %/s | home_distance=7.7 m | return_time=12 s | return_cost=0.7 % | margin_after_return=64.6 %
[INFO] [1790222577.138674567] [sage_energy_monitor]: ENERGY | remaining=85.2 % | voltage=15.93 V | drain_rate=0.056 %/s | home_distance=7.0 m | return_time=11 s | return_cost=0.6 % | margin_after_return=64.6 %
[INFO] [1790222578.141003777] [sage_energy_monitor]: ENERGY | remaining=85.2 % | voltage=15.93 V | drain_rate=0.056 %/s | home_distance=6.1 m | return_time=10 s | return_cost=0.6 % | margin_after_return=64.6 %
[INFO] [1790222579.137902983] [sage_energy_monitor]: ENERGY | remaining=85.1 % | voltage=15.93 V | drain_rate=0.056 %/s | home_distance=5.1 m | return_time=9 s | return_cost=0.5 % | margin_after_return=64.6 %
[INFO] [1790222580.137814500] [sage_energy_monitor]: ENERGY | remaining=85.1 % | voltage=15.93 V | drain_rate=0.056 %/s | home_distance=4.2 m | return_time=8 s | return_cost=0.5 % | margin_after_return=64.6 %
[INFO] [1790222581.138520452] [sage_energy_monitor]: ENERGY | remaining=85.0 % | voltage=15.93 V | drain_rate=0.056 %/s | home_distance=3.4 m | return_time=7 s | return_cost=0.4 % | margin_after_return=64.6 %
[INFO] [1790222582.141248170] [sage_energy_monitor]: ENERGY | remaining=85.0 % | voltage=15.93 V | drain_rate=0.056 %/s | home_distance=2.4 m | return_time=6 s | return_cost=0.4 % | margin_after_return=64.6 %
[INFO] [1790222583.138261480] [sage_energy_monitor]: ENERGY | remaining=84.9 % | voltage=15.93 V | drain_rate=0.056 %/s | home_distance=1.6 m | return_time=5 s | return_cost=0.3 % | margin_after_return=64.6 %
[INFO] [1790222584.140770419] [sage_energy_monitor]: ENERGY | remaining=84.8 % | voltage=15.93 V | drain_rate=0.056 %/s | home_distance=0.6 m | return_time=5 s | return_cost=0.3 % | margin_after_return=64.6 %
[INFO] [1790222585.140216460] [sage_energy_monitor]: ENERGY | remaining=84.8 % | voltage=15.92 V | drain_rate=0.056 %/s | home_distance=0.0 m | return_time=4 s | return_cost=0.2 % | margin_after_return=64.6 %
[INFO] [1790222586.141752992] [sage_energy_monitor]: ENERGY | remaining=84.7 % | voltage=15.92 V | drain_rate=0.056 %/s | home_distance=0.2 m | return_time=3 s | return_cost=0.2 % | margin_after_return=64.5 %
[INFO] [1790222587.140019322] [sage_energy_monitor]: ENERGY | remaining=84.7 % | voltage=15.92 V | drain_rate=0.056 %/s | home_distance=0.3 m | return_time=3 s | return_cost=0.2 % | margin_after_return=64.5 %
[INFO] [1790222588.140573595] [sage_energy_monitor]: ENERGY | remaining=84.6 % | voltage=15.92 V | drain_rate=0.057 %/s | home_distance=0.4 m | return_time=2 s | return_cost=0.1 % | margin_after_return=64.5 %
[INFO] [1790222589.142054908] [sage_energy_monitor]: ENERGY | remaining=84.6 % | voltage=15.92 V | drain_rate=0.057 %/s | home_distance=0.5 m | return_time=1 s | return_cost=0.0 % | margin_after_return=64.5 %
[INFO] [1790222590.138576968] [sage_energy_monitor]: ENERGY | remaining=84.5 % | voltage=15.92 V | drain_rate=0.057 %/s | home_distance=0.5 m | return_time=1 s | return_cost=0.0 % | margin_after_return=64.5 %
[INFO] [1790222591.138241678] [sage_energy_monitor]: ENERGY | remaining=84.4 % | voltage=15.92 V | drain_rate=0.057 %/s | home_distance=0.5 m | return_time=1 s | return_cost=0.0 % | margin_after_return=64.4 %
[INFO] [1790222592.140698398] [sage_energy_monitor]: ENERGY | remaining=84.4 % | voltage=15.92 V | drain_rate=0.058 %/s | home_distance=0.6 m | return_time=1 s | return_cost=0.0 % | margin_after_return=64.3 %
[INFO] [1790222593.140045230] [sage_energy_monitor]: ENERGY | remaining=91.3 % | voltage=16.20 V | drain_rate=0.000 %/s | home_distance=0.6 m | return_time=1 s | return_cost=0.0 % | margin_after_return=71.3 %
[INFO] [1790222594.141455251] [sage_energy_monitor]: ENERGY | remaining=95.8 % | voltage=16.20 V | drain_rate=0.000 %/s | home_distance=0.6 m | return_time=1 s | return_cost=0.0 % | margin_after_return=75.8 %
[INFO] [1790222595.139497275] [sage_energy_monitor]: ENERGY | remaining=97.9 % | voltage=16.20 V | drain_rate=0.000 %/s | home_distance=0.6 m | return_time=1 s | return_cost=0.0 % | margin_after_return=77.9 %
[INFO] [1790222596.139631042] [sage_energy_monitor]: ENERGY | remaining=99.0 % | voltage=16.20 V | drain_rate=0.000 %/s | home_distance=0.6 m | return_time=1 s | return_cost=0.0 % | margin_after_return=79.0 %
[INFO] [1790222597.139001535] [sage_energy_monitor]: ENERGY | remaining=99.5 % | voltage=16.20 V | drain_rate=0.000 %/s | home_distance=0.6 m | return_time=1 s | return_cost=0.0 % | margin_after_return=79.5 %
[INFO] [1790222598.141951525] [sage_energy_monitor]: ENERGY | remaining=99.8 % | voltage=16.20 V | drain_rate=0.000 %/s | home_distance=0.6 m | return_time=1 s | return_cost=0.0 % | margin_after_return=79.8 %
[INFO] [1790222599.139928332] [sage_energy_monitor]: ENERGY | remaining=99.9 % | voltage=16.20 V | drain_rate=0.000 %/s | home_distance=0.6 m | return_time=1 s | return_cost=0.0 % | margin_after_return=79.9 %
[INFO] [1790222600.140848229] [sage_energy_monitor]: ENERGY | remaining=99.9 % | voltage=16.20 V | drain_rate=0.000 %/s | home_distance=0.6 m | return_time=1 s | return_cost=0.0 % | margin_after_return=79.9 %
[INFO] [1790222601.141339277] [sage_energy_monitor]: ENERGY | remaining=100.0 % | voltage=16.20 V | drain_rate=0.000 %/s | home_distance=0.6 m | return_time=1 s | return_cost=0.0 % | margin_after_return=80.0 %
