[INFO] [1790222365.478491193] [sage_viewpoint_planner]: SAGE active-vision viewpoint planner started.
[INFO] [1790222365.479226560] [sage_viewpoint_planner]: Standoff distance: 3.0 m
[INFO] [1790222365.479764411] [sage_viewpoint_planner]: Viewpoint altitude: -2.0 m
[INFO] [1790222365.480235335] [sage_viewpoint_planner]: Search viewpoints: 4
[INFO] [1790222365.480730679] [sage_viewpoint_planner]: Arrival tolerance: 0.35 m
[INFO] [1790222365.483175956] [sage_viewpoint_planner]: Maximum planner step: 0.7 m
[INFO] [1790222365.483857506] [sage_viewpoint_planner]: Observation confidence threshold: 0.60
[INFO] [1790222365.484399734] [sage_viewpoint_planner]: Observation bbox-area threshold: 0.0100 (1% of image)
[INFO] [1790222365.484852195] [sage_viewpoint_planner]: Camera resolution for bbox measurement: 1280x960
[INFO] [1790222365.485396548] [sage_viewpoint_planner]: Image-border margin threshold: 0.02
[INFO] [1790222365.488919887] [sage_viewpoint_planner]: New target acquired | target_id=1
[INFO] [1790222365.494043584] [sage_viewpoint_planner]: PERSON OBSERVATION | confidence=0.722 | bbox_area_fraction=0.0168 | bbox_center_px=(746.0, 681.4) | image_position=(0.583, 0.710) | bbox_margin=0.159
[INFO] [1790222366.706003476] [sage_viewpoint_planner]: PERSON OBSERVATION | confidence=0.740 | bbox_area_fraction=0.0171 | bbox_center_px=(742.2, 664.0) | image_position=(0.580, 0.692) | bbox_margin=0.178
[INFO] [1790222367.941954797] [sage_viewpoint_planner]: PERSON OBSERVATION | confidence=0.569 | bbox_area_fraction=0.0155 | bbox_center_px=(740.1, 656.6) | image_position=(0.578, 0.684) | bbox_margin=0.190
[INFO] [1790222368.976016167] [sage_viewpoint_planner]: PERSON OBSERVATION | confidence=0.614 | bbox_area_fraction=0.0114 | bbox_center_px=(733.9, 655.2) | image_position=(0.573, 0.683) | bbox_margin=0.190
[INFO] [1790222369.981160295] [sage_viewpoint_planner]: PERSON OBSERVATION | confidence=0.562 | bbox_area_fraction=0.0110 | bbox_center_px=(733.9, 666.6) | image_position=(0.573, 0.694) | bbox_margin=0.177
[INFO] [1790222371.297042844] [sage_viewpoint_planner]: PERSON OBSERVATION | confidence=0.562 | bbox_area_fraction=0.0110 | bbox_center_px=(733.9, 666.6) | image_position=(0.573, 0.694) | bbox_margin=0.177
[INFO] [1790222372.370650897] [sage_viewpoint_planner]: PERSON OBSERVATION | confidence=0.729 | bbox_area_fraction=0.0155 | bbox_center_px=(744.4, 701.9) | image_position=(0.582, 0.731) | bbox_margin=0.138
[INFO] [1790222373.472762708] [sage_viewpoint_planner]: PERSON OBSERVATION | confidence=0.679 | bbox_area_fraction=0.0152 | bbox_center_px=(742.1, 710.9) | image_position=(0.580, 0.741) | bbox_margin=0.125
[INFO] [1790222374.701943637] [sage_viewpoint_planner]: PERSON OBSERVATION | confidence=0.664 | bbox_area_fraction=0.0145 | bbox_center_px=(739.5, 713.4) | image_position=(0.578, 0.743) | bbox_margin=0.123
[INFO] [1790222375.365537409] [sage_viewpoint_planner]: MISSION ACCEPTED | target=person | attribute=None | quantity=all | output=locations | text='Find all people in this area and report their locations'
[INFO] [1790222375.374255745] [sage_viewpoint_planner]: CANDIDATE STATUS | id=None | track=(-0.5,3.1) | uav=(-0.0,0.0) | range=3.2 m | sufficient=True | matches_track=True | evidence=0.0/2.0 s
[INFO] [1790222375.420683647] [sage_viewpoint_planner]: New target acquired | target_id=1
[INFO] [1790222376.019968144] [sage_viewpoint_planner]: PERSON OBSERVATION | confidence=0.705 | bbox_area_fraction=0.0160 | bbox_center_px=(738.1, 702.3) | image_position=(0.577, 0.732) | bbox_margin=0.137
[INFO] [1790222377.163269670] [sage_viewpoint_planner]: PERSON OBSERVATION | confidence=0.564 | bbox_area_fraction=0.0379 | bbox_center_px=(216.5, 630.2) | image_position=(0.169, 0.656) | bbox_margin=0.110
[INFO] [1790222378.362636374] [sage_viewpoint_planner]: PERSON OBSERVATION | confidence=0.720 | bbox_area_fraction=0.0058 | bbox_center_px=(237.2, 540.8) | image_position=(0.185, 0.563) | bbox_margin=0.162
[INFO] [1790222379.374764643] [sage_viewpoint_planner]: CANDIDATE STATUS | id=1 | track=(-0.2,3.9) | uav=(2.5,2.6) | range=3.0 m | sufficient=False | matches_track=False | evidence=1.0/2.0 s
[INFO] [1790222379.463493549] [sage_viewpoint_planner]: PERSON OBSERVATION | confidence=0.854 | bbox_area_fraction=0.0592 | bbox_center_px=(277.8, 782.0) | image_position=(0.217, 0.815) | bbox_margin=0.000
[INFO] [1790222380.175845807] [sage_viewpoint_planner]: OBSERVATION INSUFFICIENT | viewpoint=1/4 | person_confidence=0.860 | bbox_area_fraction=0.0644 | fresh=True | confidence_ok=True | bbox_size_ok=True | position_ok=False | bbox_margin=0.000 | confidence_threshold=0.60 | bbox_threshold=0.0100
[INFO] [1790222380.177329694] [sage_viewpoint_planner]: ENERGY-AWARE SELECTION | chosen=4/4 | distance=3.2 m | est_cost_incl_return=0.5 % | unaffordable_skipped=0
[INFO] [1790222380.749582485] [sage_viewpoint_planner]: PERSON OBSERVATION | confidence=0.842 | bbox_area_fraction=0.0575 | bbox_center_px=(409.1, 773.6) | image_position=(0.320, 0.806) | bbox_margin=0.000
[INFO] [1790222381.897760328] [sage_viewpoint_planner]: PERSON OBSERVATION | confidence=0.646 | bbox_area_fraction=0.0461 | bbox_center_px=(782.2, 677.1) | image_position=(0.611, 0.705) | bbox_margin=0.122
[INFO] [1790222383.570982384] [sage_viewpoint_planner]: CANDIDATE STATUS | id=1 | track=(0.2,3.6) | uav=(-0.1,1.4) | range=2.2 m | sufficient=False | matches_track=False | evidence=0.2/2.0 s
[INFO] [1790222383.717984475] [sage_viewpoint_planner]: PERSON OBSERVATION | confidence=0.782 | bbox_area_fraction=0.0590 | bbox_center_px=(903.9, 801.3) | image_position=(0.706, 0.835) | bbox_margin=0.000
[INFO] [1790222384.576003131] [sage_viewpoint_planner]: OBSERVATION INSUFFICIENT | viewpoint=4/4 | person_confidence=0.800 | bbox_area_fraction=0.0448 | fresh=True | confidence_ok=True | bbox_size_ok=True | position_ok=False | bbox_margin=0.005 | confidence_threshold=0.60 | bbox_threshold=0.0100
[INFO] [1790222384.576952318] [sage_viewpoint_planner]: ENERGY-AWARE SELECTION | chosen=3/4 | distance=4.0 m | est_cost_incl_return=0.7 % | unaffordable_skipped=0
[INFO] [1790222384.817019780] [sage_viewpoint_planner]: PERSON OBSERVATION | confidence=0.793 | bbox_area_fraction=0.0419 | bbox_center_px=(579.7, 754.1) | image_position=(0.453, 0.786) | bbox_margin=0.020
[INFO] [1790222385.844940445] [sage_viewpoint_planner]: PERSON OBSERVATION | confidence=0.771 | bbox_area_fraction=0.0266 | bbox_center_px=(692.2, 699.8) | image_position=(0.541, 0.729) | bbox_margin=0.108
[INFO] [1790222387.183183087] [sage_viewpoint_planner]: PERSON OBSERVATION | confidence=0.759 | bbox_area_fraction=0.0071 | bbox_center_px=(160.7, 797.7) | image_position=(0.126, 0.831) | bbox_margin=0.090
[INFO] [1790222387.572555294] [sage_viewpoint_planner]: CANDIDATE STATUS | id=1 | track=(-0.6,3.8) | uav=(-2.4,3.1) | range=2.0 m | sufficient=False | matches_track=False | evidence=1.6/2.0 s
[INFO] [1790222388.379092477] [sage_viewpoint_planner]: OBSERVATION INSUFFICIENT | viewpoint=3/4 | person_confidence=0.808 | bbox_area_fraction=0.0358 | fresh=True | confidence_ok=True | bbox_size_ok=True | position_ok=False | bbox_margin=0.001 | confidence_threshold=0.60 | bbox_threshold=0.0100
[INFO] [1790222388.379709617] [sage_viewpoint_planner]: ENERGY-AWARE SELECTION | chosen=2/4 | distance=3.9 m | est_cost_incl_return=0.8 % | unaffordable_skipped=0
[INFO] [1790222388.464815499] [sage_viewpoint_planner]: PERSON OBSERVATION | confidence=0.808 | bbox_area_fraction=0.0358 | bbox_center_px=(1190.5, 832.6) | image_position=(0.930, 0.867) | bbox_margin=0.001
[INFO] [1790222389.597187660] [sage_viewpoint_planner]: PERSON OBSERVATION | confidence=0.808 | bbox_area_fraction=0.0358 | bbox_center_px=(1190.5, 832.6) | image_position=(0.930, 0.867) | bbox_margin=0.001
[INFO] [1790222391.772083657] [sage_viewpoint_planner]: CANDIDATE STATUS | id=1 | track=(0.7,5.1) | uav=(-1.1,6.5) | range=2.2 m | sufficient=False | matches_track=False | evidence=0.0/2.0 s
[INFO] [1790222391.803680515] [sage_viewpoint_planner]: PERSON OBSERVATION | confidence=0.639 | bbox_area_fraction=0.0029 | bbox_center_px=(1138.2, 543.4) | image_position=(0.889, 0.566) | bbox_margin=0.095
[INFO] [1790222392.175352027] [sage_viewpoint_planner]: OBSERVATION INSUFFICIENT | viewpoint=2/4 | person_confidence=0.835 | bbox_area_fraction=0.0732 | fresh=True | confidence_ok=True | bbox_size_ok=True | position_ok=False | bbox_margin=0.003 | confidence_threshold=0.60 | bbox_threshold=0.0100
[INFO] [1790222392.175928002] [sage_viewpoint_planner]: SEARCH CYCLE COMPLETE | starting next cycle.
[INFO] [1790222392.176613586] [sage_viewpoint_planner]: ENERGY-AWARE SELECTION | chosen=3/4 | distance=2.2 m | est_cost_incl_return=0.7 % | unaffordable_skipped=0
[INFO] [1790222392.951608909] [sage_viewpoint_planner]: PERSON OBSERVATION | confidence=0.812 | bbox_area_fraction=0.0435 | bbox_center_px=(809.6, 767.6) | image_position=(0.633, 0.800) | bbox_margin=0.007
[INFO] [1790222394.012922865] [sage_viewpoint_planner]: PERSON OBSERVATION | confidence=0.823 | bbox_area_fraction=0.0230 | bbox_center_px=(480.6, 610.2) | image_position=(0.375, 0.636) | bbox_margin=0.213
[INFO] [1790222395.777662573] [sage_viewpoint_planner]: CANDIDATE STATUS | id=1 | track=(0.3,4.4) | uav=(-2.4,5.5) | range=2.9 m | sufficient=False | matches_track=False | evidence=1.2/2.0 s
[INFO] [1790222395.847041269] [sage_viewpoint_planner]: PERSON OBSERVATION | confidence=0.783 | bbox_area_fraction=0.0367 | bbox_center_px=(66.5, 785.0) | image_position=(0.052, 0.818) | bbox_margin=0.000
[INFO] [1790222396.173013782] [sage_viewpoint_planner]: OBSERVATION INSUFFICIENT | viewpoint=3/4 | person_confidence=0.783 | bbox_area_fraction=0.0367 | fresh=True | confidence_ok=True | bbox_size_ok=True | position_ok=False | bbox_margin=0.000 | confidence_threshold=0.60 | bbox_threshold=0.0100
[INFO] [1790222396.173864709] [sage_viewpoint_planner]: ENERGY-AWARE SELECTION | chosen=4/4 | distance=5.1 m | est_cost_incl_return=0.6 % | unaffordable_skipped=0
[INFO] [1790222397.080360645] [sage_viewpoint_planner]: PERSON OBSERVATION | confidence=0.813 | bbox_area_fraction=0.0384 | bbox_center_px=(354.9, 741.4) | image_position=(0.277, 0.772) | bbox_margin=0.048
[INFO] [1790222397.374878481] [sage_viewpoint_planner]: TARGET VERIFIED | id=1 | position=(0.16, 4.21) | confidence=0.813 | evidence_points=11 | speed=0.19 m/s | verified_total=1
[INFO] [1790222397.413339580] [sage_viewpoint_planner]: New target acquired | target_id=2
[INFO] [1790222399.471257920] [sage_viewpoint_planner]: PERSON OBSERVATION | confidence=0.739 | bbox_area_fraction=0.0238 | bbox_center_px=(1174.4, 577.2) | image_position=(0.918, 0.601) | bbox_margin=0.028
[INFO] [1790222399.977375403] [sage_viewpoint_planner]: CANDIDATE STATUS | id=2 | track=(-5.8,6.4) | uav=(-0.5,2.2) | range=6.8 m | sufficient=False | matches_track=False | evidence=0.2/2.0 s
[INFO] [1790222400.616213299] [sage_viewpoint_planner]: PERSON OBSERVATION | confidence=0.873 | bbox_area_fraction=0.0537 | bbox_center_px=(614.9, 786.7) | image_position=(0.480, 0.819) | bbox_margin=0.001
[INFO] [1790222401.767267697] [sage_viewpoint_planner]: PERSON OBSERVATION | confidence=0.848 | bbox_area_fraction=0.0729 | bbox_center_px=(369.2, 658.8) | image_position=(0.288, 0.686) | bbox_margin=0.093
[INFO] [1790222402.978780403] [sage_viewpoint_planner]: PERSON OBSERVATION | confidence=0.746 | bbox_area_fraction=0.0193 | bbox_center_px=(117.1, 685.1) | image_position=(0.091, 0.714) | bbox_margin=0.050
[INFO] [1790222403.573376432] [sage_viewpoint_planner]: OBSERVATION SUFFICIENT | viewpoint=1/4 | person_confidence=0.799 | bbox_area_fraction=0.0295 | fresh=True | confidence_ok=True | bbox_size_ok=True | position_ok=True | bbox_margin=0.038 | confidence_threshold=0.60 | bbox_threshold=0.0100 | HOLDING VIEWPOINT.
[INFO] [1790222404.173284493] [sage_viewpoint_planner]: CANDIDATE STATUS | id=2 | track=(-5.5,6.7) | uav=(-2.6,5.7) | range=3.1 m | sufficient=True | matches_track=True | evidence=1.2/2.0 s
[INFO] [1790222404.204459455] [sage_viewpoint_planner]: PERSON OBSERVATION | confidence=0.802 | bbox_area_fraction=0.0235 | bbox_center_px=(494.8, 778.9) | image_position=(0.387, 0.811) | bbox_margin=0.054
[INFO] [1790222405.370952047] [sage_viewpoint_planner]: TARGET VERIFIED | id=2 | position=(-5.49, 6.64) | confidence=0.815 | evidence_points=11 | speed=0.12 m/s | verified_total=2
[INFO] [1790222405.389429843] [sage_viewpoint_planner]: PERSON OBSERVATION | confidence=0.797 | bbox_area_fraction=0.0215 | bbox_center_px=(508.8, 737.3) | image_position=(0.398, 0.768) | bbox_margin=0.097
[INFO] [1790222405.416681519] [sage_viewpoint_planner]: New target acquired | target_id=3
[INFO] [1790222406.640222797] [sage_viewpoint_planner]: PERSON OBSERVATION | confidence=0.792 | bbox_area_fraction=0.0217 | bbox_center_px=(464.6, 737.9) | image_position=(0.363, 0.769) | bbox_margin=0.091
[INFO] [1790222407.809518119] [sage_viewpoint_planner]: PERSON OBSERVATION | confidence=0.797 | bbox_area_fraction=0.0206 | bbox_center_px=(493.1, 826.2) | image_position=(0.385, 0.861) | bbox_margin=0.003
[INFO] [1790222408.370631125] [sage_viewpoint_planner]: CANDIDATE STATUS | id=3 | track=(5.2,-4.6) | uav=(-0.3,3.7) | range=10.0 m | sufficient=True | matches_track=False | evidence=0.0/2.0 s
[INFO] [1790222408.984673158] [sage_viewpoint_planner]: PERSON OBSERVATION | confidence=0.595 | bbox_area_fraction=0.0317 | bbox_center_px=(328.7, 725.9) | image_position=(0.257, 0.756) | bbox_margin=0.103
[INFO] [1790222410.358251113] [sage_viewpoint_planner]: PERSON OBSERVATION | confidence=0.681 | bbox_area_fraction=0.0049 | bbox_center_px=(298.6, 593.8) | image_position=(0.233, 0.619) | bbox_margin=0.215
[INFO] [1790222411.657152763] [sage_viewpoint_planner]: PERSON OBSERVATION | confidence=0.799 | bbox_area_fraction=0.0368 | bbox_center_px=(74.8, 807.2) | image_position=(0.058, 0.841) | bbox_margin=0.000
[INFO] [1790222412.573277274] [sage_viewpoint_planner]: CANDIDATE STATUS | id=3 | track=(5.2,-4.6) | uav=(5.2,-1.8) | range=2.8 m | sufficient=False | matches_track=False | evidence=0.0/2.0 s
[INFO] [1790222413.089958883] [sage_viewpoint_planner]: PERSON OBSERVATION | confidence=0.640 | bbox_area_fraction=0.0242 | bbox_center_px=(71.4, 646.3) | image_position=(0.056, 0.673) | bbox_margin=0.001
[INFO] [1790222414.162353770] [sage_viewpoint_planner]: PERSON OBSERVATION | confidence=0.359 | bbox_area_fraction=0.0123 | bbox_center_px=(70.7, 564.0) | image_position=(0.055, 0.588) | bbox_margin=0.016
[INFO] [1790222414.979302313] [sage_viewpoint_planner]: OBSERVATION INSUFFICIENT | viewpoint=1/4 | person_confidence=0.866 | bbox_area_fraction=0.0621 | fresh=True | confidence_ok=True | bbox_size_ok=True | position_ok=False | bbox_margin=0.000 | confidence_threshold=0.60 | bbox_threshold=0.0100
[INFO] [1790222414.979847063] [sage_viewpoint_planner]: ENERGY-AWARE SELECTION | chosen=2/4 | distance=3.7 m | est_cost_incl_return=0.7 % | unaffordable_skipped=0
[INFO] [1790222415.445610552] [sage_viewpoint_planner]: PERSON OBSERVATION | confidence=0.849 | bbox_area_fraction=0.0538 | bbox_center_px=(984.8, 674.7) | image_position=(0.769, 0.703) | bbox_margin=0.142
[INFO] [1790222416.573446770] [sage_viewpoint_planner]: CANDIDATE STATUS | id=3 | track=(4.9,-6.2) | uav=(7.8,-4.4) | range=3.4 m | sufficient=False | matches_track=False | evidence=0.8/2.0 s
[INFO] [1790222418.672975532] [sage_viewpoint_planner]: PERSON OBSERVATION | confidence=0.816 | bbox_area_fraction=0.0304 | bbox_center_px=(432.3, 717.2) | image_position=(0.338, 0.747) | bbox_margin=0.077
[INFO] [1790222418.773936087] [sage_viewpoint_planner]: OBSERVATION SUFFICIENT | viewpoint=2/4 | person_confidence=0.816 | bbox_area_fraction=0.0304 | fresh=True | confidence_ok=True | bbox_size_ok=True | position_ok=True | bbox_margin=0.077 | confidence_threshold=0.60 | bbox_threshold=0.0100 | HOLDING VIEWPOINT.
[INFO] [1790222419.806184161] [sage_viewpoint_planner]: PERSON OBSERVATION | confidence=0.803 | bbox_area_fraction=0.0169 | bbox_center_px=(670.0, 640.7) | image_position=(0.523, 0.667) | bbox_margin=0.192
[INFO] [1790222419.976128065] [sage_viewpoint_planner]: TARGET VERIFIED | id=3 | position=(4.94, -5.91) | confidence=0.803 | evidence_points=11 | speed=0.11 m/s | verified_total=3
[INFO] [1790222420.179003864] [sage_viewpoint_planner]: COVERAGE START | area x[-9,9] y[-9,9] | 9 waypoints | continuous 45 deg/s yaw sweep each
[INFO] [1790222420.836259604] [sage_viewpoint_planner]: PERSON OBSERVATION | confidence=0.718 | bbox_area_fraction=0.0160 | bbox_center_px=(635.8, 639.0) | image_position=(0.497, 0.666) | bbox_margin=0.204
[INFO] [1790222421.945365156] [sage_viewpoint_planner]: PERSON OBSERVATION | confidence=0.819 | bbox_area_fraction=0.0221 | bbox_center_px=(540.9, 814.4) | image_position=(0.423, 0.848) | bbox_margin=0.003
[INFO] [1790222425.771448642] [sage_viewpoint_planner]: COVERAGE WAYPOINT | 1/9 at (6.0, 6.0) | scanning
[INFO] [1790222428.299774004] [sage_viewpoint_planner]: PERSON OBSERVATION | confidence=0.533 | bbox_area_fraction=0.0038 | bbox_center_px=(1050.3, 561.2) | image_position=(0.821, 0.585) | bbox_margin=0.162
[INFO] [1790222429.744750232] [sage_viewpoint_planner]: PERSON OBSERVATION | confidence=0.381 | bbox_area_fraction=0.0028 | bbox_center_px=(386.9, 552.0) | image_position=(0.302, 0.575) | bbox_margin=0.288
[INFO] [1790222431.283820072] [sage_viewpoint_planner]: PERSON OBSERVATION | confidence=0.376 | bbox_area_fraction=0.0016 | bbox_center_px=(516.3, 542.5) | image_position=(0.403, 0.565) | bbox_margin=0.393
[INFO] [1790222437.205112807] [sage_viewpoint_planner]: PERSON OBSERVATION | confidence=0.574 | bbox_area_fraction=0.0061 | bbox_center_px=(165.9, 519.0) | image_position=(0.130, 0.541) | bbox_margin=0.106
[INFO] [1790222438.493990051] [sage_viewpoint_planner]: PERSON OBSERVATION | confidence=0.435 | bbox_area_fraction=0.0033 | bbox_center_px=(669.1, 655.5) | image_position=(0.523, 0.683) | bbox_margin=0.252
[INFO] [1790222438.770588459] [sage_viewpoint_planner]: COVERAGE WAYPOINT | 2/9 at (6.0, 0.0) | scanning
[INFO] [1790222439.956236517] [sage_viewpoint_planner]: PERSON OBSERVATION | confidence=0.394 | bbox_area_fraction=0.0063 | bbox_center_px=(474.5, 693.3) | image_position=(0.371, 0.722) | bbox_margin=0.191
[INFO] [1790222441.069960511] [sage_viewpoint_planner]: PERSON OBSERVATION | confidence=0.750 | bbox_area_fraction=0.0114 | bbox_center_px=(234.7, 679.7) | image_position=(0.183, 0.708) | bbox_margin=0.156
[INFO] [1790222444.590560395] [sage_viewpoint_planner]: PERSON OBSERVATION | confidence=0.669 | bbox_area_fraction=0.0140 | bbox_center_px=(1075.6, 619.8) | image_position=(0.840, 0.646) | bbox_margin=0.124
[INFO] [1790222445.726495036] [sage_viewpoint_planner]: PERSON OBSERVATION | confidence=0.517 | bbox_area_fraction=0.0078 | bbox_center_px=(643.6, 595.6) | image_position=(0.503, 0.620) | bbox_margin=0.300
[INFO] [1790222446.969425744] [sage_viewpoint_planner]: PERSON OBSERVATION | confidence=0.335 | bbox_area_fraction=0.0104 | bbox_center_px=(451.5, 596.9) | image_position=(0.353, 0.622) | bbox_margin=0.295
[INFO] [1790222448.084973518] [sage_viewpoint_planner]: PERSON OBSERVATION | confidence=0.670 | bbox_area_fraction=0.0086 | bbox_center_px=(793.4, 630.4) | image_position=(0.620, 0.657) | bbox_margin=0.260
[INFO] [1790222449.158025519] [sage_viewpoint_planner]: PERSON OBSERVATION | confidence=0.715 | bbox_area_fraction=0.0104 | bbox_center_px=(419.9, 510.9) | image_position=(0.328, 0.532) | bbox_margin=0.300
[INFO] [1790222450.177562124] [sage_viewpoint_planner]: PERSON OBSERVATION | confidence=0.802 | bbox_area_fraction=0.0228 | bbox_center_px=(463.1, 692.3) | image_position=(0.362, 0.721) | bbox_margin=0.133
[INFO] [1790222451.372778716] [sage_viewpoint_planner]: COVERAGE WAYPOINT | 3/9 at (6.0, -6.0) | scanning
[INFO] [1790222457.145483400] [sage_viewpoint_planner]: PERSON OBSERVATION | confidence=0.601 | bbox_area_fraction=0.0047 | bbox_center_px=(1041.4, 568.1) | image_position=(0.814, 0.592) | bbox_margin=0.165
[INFO] [1790222458.609606386] [sage_viewpoint_planner]: PERSON OBSERVATION | confidence=0.633 | bbox_area_fraction=0.0028 | bbox_center_px=(372.2, 557.1) | image_position=(0.291, 0.580) | bbox_margin=0.275
[INFO] [1790222459.637055618] [sage_viewpoint_planner]: PERSON OBSERVATION | confidence=0.419 | bbox_area_fraction=0.0129 | bbox_center_px=(559.3, 900.6) | image_position=(0.437, 0.938) | bbox_margin=0.002
[INFO] [1790222462.399792535] [sage_viewpoint_planner]: PERSON OBSERVATION | confidence=0.348 | bbox_area_fraction=0.0027 | bbox_center_px=(20.6, 487.0) | image_position=(0.016, 0.507) | bbox_margin=0.000
[INFO] [1790222464.171201693] [sage_viewpoint_planner]: COVERAGE WAYPOINT | 4/9 at (0.0, -6.0) | scanning
[INFO] [1790222469.305837862] [sage_viewpoint_planner]: PERSON OBSERVATION | confidence=0.769 | bbox_area_fraction=0.0333 | bbox_center_px=(1145.7, 678.3) | image_position=(0.895, 0.707) | bbox_margin=0.041
[INFO] [1790222470.590897104] [sage_viewpoint_planner]: PERSON OBSERVATION | confidence=0.734 | bbox_area_fraction=0.0144 | bbox_center_px=(515.9, 630.1) | image_position=(0.403, 0.656) | bbox_margin=0.249
[INFO] [1790222471.643450771] [sage_viewpoint_planner]: PERSON OBSERVATION | confidence=0.549 | bbox_area_fraction=0.0039 | bbox_center_px=(920.3, 555.2) | image_position=(0.719, 0.578) | bbox_margin=0.262
[INFO] [1790222472.962062937] [sage_viewpoint_planner]: PERSON OBSERVATION | confidence=0.708 | bbox_area_fraction=0.0042 | bbox_center_px=(290.2, 567.5) | image_position=(0.227, 0.591) | bbox_margin=0.208
[INFO] [1790222474.872358929] [sage_viewpoint_planner]: PERSON OBSERVATION | confidence=0.645 | bbox_area_fraction=0.0031 | bbox_center_px=(462.9, 452.0) | image_position=(0.362, 0.471) | bbox_margin=0.347
[INFO] [1790222476.259802593] [sage_viewpoint_planner]: PERSON OBSERVATION | confidence=0.351 | bbox_area_fraction=0.0038 | bbox_center_px=(666.6, 543.2) | image_position=(0.521, 0.566) | bbox_margin=0.374
[INFO] [1790222477.171169189] [sage_viewpoint_planner]: COVERAGE WAYPOINT | 5/9 at (0.0, 0.0) | scanning
[INFO] [1790222477.289857024] [sage_viewpoint_planner]: PERSON OBSERVATION | confidence=0.588 | bbox_area_fraction=0.0118 | bbox_center_px=(607.8, 722.6) | image_position=(0.475, 0.753) | bbox_margin=0.131
[INFO] [1790222478.291001880] [sage_viewpoint_planner]: PERSON OBSERVATION | confidence=0.727 | bbox_area_fraction=0.0163 | bbox_center_px=(746.7, 739.5) | image_position=(0.583, 0.770) | bbox_margin=0.087
[INFO] [1790222479.348377952] [sage_viewpoint_planner]: PERSON OBSERVATION | confidence=0.690 | bbox_area_fraction=0.0110 | bbox_center_px=(1144.7, 622.9) | image_position=(0.894, 0.649) | bbox_margin=0.069
[INFO] [1790222483.075568948] [sage_viewpoint_planner]: PERSON OBSERVATION | confidence=0.589 | bbox_area_fraction=0.0071 | bbox_center_px=(1109.6, 615.6) | image_position=(0.867, 0.641) | bbox_margin=0.111
[INFO] [1790222484.320493723] [sage_viewpoint_planner]: PERSON OBSERVATION | confidence=0.656 | bbox_area_fraction=0.0033 | bbox_center_px=(552.2, 585.8) | image_position=(0.431, 0.610) | bbox_margin=0.329
[INFO] [1790222486.282650761] [sage_viewpoint_planner]: PERSON OBSERVATION | confidence=0.804 | bbox_area_fraction=0.0295 | bbox_center_px=(1126.9, 758.2) | image_position=(0.880, 0.790) | bbox_margin=0.045
[INFO] [1790222487.297495881] [sage_viewpoint_planner]: PERSON OBSERVATION | confidence=0.703 | bbox_area_fraction=0.0182 | bbox_center_px=(562.6, 538.8) | image_position=(0.440, 0.561) | bbox_margin=0.313
[INFO] [1790222488.388706286] [sage_viewpoint_planner]: PERSON OBSERVATION | confidence=0.857 | bbox_area_fraction=0.0539 | bbox_center_px=(702.7, 808.3) | image_position=(0.549, 0.842) | bbox_margin=0.003
[INFO] [1790222489.771239705] [sage_viewpoint_planner]: COVERAGE WAYPOINT | 6/9 at (0.0, 6.0) | scanning
[INFO] [1790222492.285600194] [sage_viewpoint_planner]: PERSON OBSERVATION | confidence=0.457 | bbox_area_fraction=0.0205 | bbox_center_px=(1224.2, 693.9) | image_position=(0.956, 0.723) | bbox_margin=0.001
[INFO] [1790222493.465737413] [sage_viewpoint_planner]: PERSON OBSERVATION | confidence=0.473 | bbox_area_fraction=0.0141 | bbox_center_px=(803.7, 659.8) | image_position=(0.628, 0.687) | bbox_margin=0.198
[INFO] [1790222494.585914166] [sage_viewpoint_planner]: PERSON OBSERVATION | confidence=0.832 | bbox_area_fraction=0.0365 | bbox_center_px=(883.4, 832.7) | image_position=(0.690, 0.867) | bbox_margin=0.003
[INFO] [1790222495.827174466] [sage_viewpoint_planner]: PERSON OBSERVATION | confidence=0.828 | bbox_area_fraction=0.0365 | bbox_center_px=(356.5, 836.4) | image_position=(0.278, 0.871) | bbox_margin=0.003
[INFO] [1790222496.611316145] [sage_viewpoint_planner]: New target acquired | target_id=7
[INFO] [1790222496.772098350] [sage_viewpoint_planner]: CANDIDATE FOUND | leaving sweep to verify target_id=7
[INFO] [1790222496.772734569] [sage_viewpoint_planner]: CANDIDATE STATUS | id=7 | track=(2.5,-4.9) | uav=(0.0,6.1) | range=11.3 m | sufficient=False | matches_track=False | evidence=0.0/2.0 s
[INFO] [1790222496.941931210] [sage_viewpoint_planner]: PERSON OBSERVATION | confidence=0.467 | bbox_area_fraction=0.0042 | bbox_center_px=(68.0, 578.4) | image_position=(0.053, 0.603) | bbox_margin=0.033
[INFO] [1790222498.956188465] [sage_viewpoint_planner]: PERSON OBSERVATION | confidence=0.474 | bbox_area_fraction=0.0137 | bbox_center_px=(865.8, 781.2) | image_position=(0.676, 0.814) | bbox_margin=0.065
[INFO] [1790222500.091062247] [sage_viewpoint_planner]: PERSON OBSERVATION | confidence=0.531 | bbox_area_fraction=0.0131 | bbox_center_px=(51.2, 737.8) | image_position=(0.040, 0.769) | bbox_margin=0.005
[INFO] [1790222500.970757321] [sage_viewpoint_planner]: CANDIDATE STATUS | id=7 | track=(2.3,-4.8) | uav=(2.9,0.9) | range=5.7 m | sufficient=False | matches_track=False | evidence=0.0/2.0 s
[INFO] [1790222501.307232768] [sage_viewpoint_planner]: PERSON OBSERVATION | confidence=0.598 | bbox_area_fraction=0.0706 | bbox_center_px=(143.2, 804.1) | image_position=(0.112, 0.838) | bbox_margin=0.002
[INFO] [1790222505.170084850] [sage_viewpoint_planner]: CANDIDATE STATUS | id=7 | track=(2.3,-4.8) | uav=(5.2,-5.3) | range=2.9 m | sufficient=False | matches_track=False | evidence=0.0/2.0 s
[INFO] [1790222508.182139237] [sage_viewpoint_planner]: OBSERVATION INSUFFICIENT | viewpoint=1/4 | person_confidence=0.598 | bbox_area_fraction=0.0706 | fresh=False | confidence_ok=False | bbox_size_ok=True | position_ok=False | bbox_margin=0.002 | confidence_threshold=0.60 | bbox_threshold=0.0100
[INFO] [1790222508.185576549] [sage_viewpoint_planner]: ENERGY-AWARE SELECTION | chosen=4/4 | distance=4.0 m | est_cost_incl_return=0.9 % | unaffordable_skipped=0
[INFO] [1790222509.170571743] [sage_viewpoint_planner]: CANDIDATE STATUS | id=7 | track=(2.3,-4.8) | uav=(5.4,-5.1) | range=3.1 m | sufficient=False | matches_track=False | evidence=0.0/2.0 s
[INFO] [1790222510.160282522] [sage_viewpoint_planner]: PERSON OBSERVATION | confidence=0.400 | bbox_area_fraction=0.0014 | bbox_center_px=(585.1, 535.0) | image_position=(0.457, 0.557) | bbox_margin=0.411
[INFO] [1790222511.383649807] [sage_viewpoint_planner]: PERSON OBSERVATION | confidence=0.666 | bbox_area_fraction=0.0035 | bbox_center_px=(977.3, 551.8) | image_position=(0.763, 0.575) | bbox_margin=0.219
[INFO] [1790222511.977000191] [sage_viewpoint_planner]: OBSERVATION INSUFFICIENT | viewpoint=4/4 | person_confidence=0.593 | bbox_area_fraction=0.0027 | fresh=True | confidence_ok=False | bbox_size_ok=False | position_ok=True | bbox_margin=0.298 | confidence_threshold=0.60 | bbox_threshold=0.0100
[INFO] [1790222511.978154174] [sage_viewpoint_planner]: ENERGY-AWARE SELECTION | chosen=3/4 | distance=4.5 m | est_cost_incl_return=0.7 % | unaffordable_skipped=0
[INFO] [1790222512.387788735] [sage_viewpoint_planner]: PERSON OBSERVATION | confidence=0.490 | bbox_area_fraction=0.0018 | bbox_center_px=(695.9, 513.0) | image_position=(0.544, 0.534) | bbox_margin=0.426
[INFO] [1790222513.175965220] [sage_viewpoint_planner]: CANDIDATE STATUS | id=7 | track=(2.3,-4.8) | uav=(2.2,-7.8) | range=3.0 m | sufficient=False | matches_track=False | evidence=0.0/2.0 s
[INFO] [1790222513.502453421] [sage_viewpoint_planner]: PERSON OBSERVATION | confidence=0.851 | bbox_area_fraction=0.0607 | bbox_center_px=(170.8, 782.2) | image_position=(0.133, 0.815) | bbox_margin=0.009
[INFO] [1790222514.568675640] [sage_viewpoint_planner]: PERSON OBSERVATION | confidence=0.783 | bbox_area_fraction=0.0464 | bbox_center_px=(1069.3, 817.6) | image_position=(0.835, 0.852) | bbox_margin=0.000
[INFO] [1790222515.775765170] [sage_viewpoint_planner]: OBSERVATION SUFFICIENT | viewpoint=3/4 | person_confidence=0.771 | bbox_area_fraction=0.0184 | fresh=True | confidence_ok=True | bbox_size_ok=True | position_ok=True | bbox_margin=0.178 | confidence_threshold=0.60 | bbox_threshold=0.0100 | HOLDING VIEWPOINT.
[INFO] [1790222515.830065426] [sage_viewpoint_planner]: PERSON OBSERVATION | confidence=0.706 | bbox_area_fraction=0.0141 | bbox_center_px=(644.2, 639.6) | image_position=(0.503, 0.666) | bbox_margin=0.236
[INFO] [1790222516.573687289] [sage_viewpoint_planner]: OBSERVATION QUALITY LOST | fresh=True | confidence_ok=True | bbox_size_ok=False | position_ok=True | resuming active search.
[INFO] [1790222516.574783745] [sage_viewpoint_planner]: OBSERVATION INSUFFICIENT | viewpoint=3/4 | person_confidence=0.715 | bbox_area_fraction=0.0099 | fresh=True | confidence_ok=True | bbox_size_ok=False | position_ok=True | bbox_margin=0.306 | confidence_threshold=0.60 | bbox_threshold=0.0100
[INFO] [1790222516.579202454] [sage_viewpoint_planner]: ENERGY-AWARE SELECTION | chosen=2/4 | distance=5.5 m | est_cost_incl_return=0.8 % | unaffordable_skipped=0
[INFO] [1790222516.969437470] [sage_viewpoint_planner]: PERSON OBSERVATION | confidence=0.753 | bbox_area_fraction=0.0087 | bbox_center_px=(529.8, 572.0) | image_position=(0.414, 0.596) | bbox_margin=0.323
[INFO] [1790222517.374692060] [sage_viewpoint_planner]: CANDIDATE STATUS | id=7 | track=(4.3,-5.3) | uav=(-1.0,-4.9) | range=5.4 m | sufficient=False | matches_track=False | evidence=1.2/2.0 s
[INFO] [1790222518.195582278] [sage_viewpoint_planner]: PERSON OBSERVATION | confidence=0.775 | bbox_area_fraction=0.0080 | bbox_center_px=(704.5, 492.0) | image_position=(0.550, 0.512) | bbox_margin=0.412
[INFO] [1790222521.007400919] [sage_viewpoint_planner]: PERSON OBSERVATION | confidence=0.845 | bbox_area_fraction=0.0386 | bbox_center_px=(1129.0, 807.9) | image_position=(0.882, 0.842) | bbox_margin=0.000
[INFO] [1790222521.375303210] [sage_viewpoint_planner]: CANDIDATE STATUS | id=7 | track=(5.0,-5.5) | uav=(3.9,-2.5) | range=3.1 m | sufficient=False | matches_track=False | evidence=1.8/2.0 s
[INFO] [1790222521.377409548] [sage_viewpoint_planner]: OBSERVATION INSUFFICIENT | viewpoint=2/4 | person_confidence=0.845 | bbox_area_fraction=0.0386 | fresh=True | confidence_ok=True | bbox_size_ok=True | position_ok=False | bbox_margin=0.000 | confidence_threshold=0.60 | bbox_threshold=0.0100
[INFO] [1790222521.379082406] [sage_viewpoint_planner]: SEARCH CYCLE COMPLETE | starting next cycle.
[INFO] [1790222521.379648456] [sage_viewpoint_planner]: ENERGY-AWARE SELECTION | chosen=3/4 | distance=3.4 m | est_cost_incl_return=0.7 % | unaffordable_skipped=0
[WARN] [1790222521.774881346] [sage_viewpoint_planner]: CANDIDATE REJECTED | id=7 | not confirmed in 25 s | resuming coverage.
[INFO] [1790222522.360257893] [sage_viewpoint_planner]: PERSON OBSERVATION | confidence=0.783 | bbox_area_fraction=0.0319 | bbox_center_px=(888.9, 687.2) | image_position=(0.694, 0.716) | bbox_margin=0.123
[INFO] [1790222524.240823653] [sage_viewpoint_planner]: PERSON OBSERVATION | confidence=0.453 | bbox_area_fraction=0.0045 | bbox_center_px=(157.3, 454.4) | image_position=(0.123, 0.473) | bbox_margin=0.102
[INFO] [1790222525.319656472] [sage_viewpoint_planner]: PERSON OBSERVATION | confidence=0.838 | bbox_area_fraction=0.0328 | bbox_center_px=(1051.9, 689.2) | image_position=(0.822, 0.718) | bbox_margin=0.125
[INFO] [1790222526.455172898] [sage_viewpoint_planner]: PERSON OBSERVATION | confidence=0.803 | bbox_area_fraction=0.0426 | bbox_center_px=(959.0, 770.3) | image_position=(0.749, 0.802) | bbox_margin=0.001
[INFO] [1790222527.474892691] [sage_viewpoint_planner]: PERSON OBSERVATION | confidence=0.761 | bbox_area_fraction=0.0099 | bbox_center_px=(1126.6, 673.4) | image_position=(0.880, 0.701) | bbox_margin=0.094
[INFO] [1790222527.770619535] [sage_viewpoint_planner]: COVERAGE WAYPOINT | 6/9 at (0.0, 6.0) | scanning
[INFO] [1790222530.688832020] [sage_viewpoint_planner]: PERSON OBSERVATION | confidence=0.719 | bbox_area_fraction=0.0153 | bbox_center_px=(945.6, 685.6) | image_position=(0.739, 0.714) | bbox_margin=0.183
[INFO] [1790222531.899899125] [sage_viewpoint_planner]: PERSON OBSERVATION | confidence=0.303 | bbox_area_fraction=0.0286 | bbox_center_px=(331.3, 673.5) | image_position=(0.259, 0.702) | bbox_margin=0.164
[INFO] [1790222533.020000761] [sage_viewpoint_planner]: PERSON OBSERVATION | confidence=0.643 | bbox_area_fraction=0.0542 | bbox_center_px=(915.5, 828.7) | image_position=(0.715, 0.863) | bbox_margin=0.001
[INFO] [1790222534.303529292] [sage_viewpoint_planner]: PERSON OBSERVATION | confidence=0.419 | bbox_area_fraction=0.0573 | bbox_center_px=(287.3, 812.4) | image_position=(0.224, 0.846) | bbox_margin=0.001
[INFO] [1790222538.222295743] [sage_viewpoint_planner]: PERSON OBSERVATION | confidence=0.596 | bbox_area_fraction=0.0098 | bbox_center_px=(504.5, 519.9) | image_position=(0.394, 0.542) | bbox_margin=0.366
[INFO] [1790222539.406175350] [sage_viewpoint_planner]: PERSON OBSERVATION | confidence=0.374 | bbox_area_fraction=0.0258 | bbox_center_px=(366.1, 642.3) | image_position=(0.286, 0.669) | bbox_margin=0.190
[INFO] [1790222540.571520534] [sage_viewpoint_planner]: COVERAGE WAYPOINT | 7/9 at (-6.0, 6.0) | scanning
[INFO] [1790222544.043578937] [sage_viewpoint_planner]: PERSON OBSERVATION | confidence=0.542 | bbox_area_fraction=0.0023 | bbox_center_px=(1110.1, 544.8) | image_position=(0.867, 0.567) | bbox_margin=0.117
[INFO] [1790222546.556369696] [sage_viewpoint_planner]: PERSON OBSERVATION | confidence=0.482 | bbox_area_fraction=0.0391 | bbox_center_px=(159.5, 622.7) | image_position=(0.125, 0.649) | bbox_margin=0.032
[INFO] [1790222547.789742862] [sage_viewpoint_planner]: PERSON OBSERVATION | confidence=0.731 | bbox_area_fraction=0.1374 | bbox_center_px=(745.1, 835.8) | image_position=(0.582, 0.871) | bbox_margin=0.000
[INFO] [1790222551.585984053] [sage_viewpoint_planner]: PERSON OBSERVATION | confidence=0.455 | bbox_area_fraction=0.0014 | bbox_center_px=(861.3, 484.2) | image_position=(0.673, 0.504) | bbox_margin=0.317
[INFO] [1790222552.971926493] [sage_viewpoint_planner]: COVERAGE WAYPOINT | 8/9 at (-6.0, 0.0) | scanning
[INFO] [1790222554.982955653] [sage_viewpoint_planner]: PERSON OBSERVATION | confidence=0.492 | bbox_area_fraction=0.0052 | bbox_center_px=(1096.6, 578.2) | image_position=(0.857, 0.602) | bbox_margin=0.116
[INFO] [1790222556.230312776] [sage_viewpoint_planner]: PERSON OBSERVATION | confidence=0.613 | bbox_area_fraction=0.0115 | bbox_center_px=(1126.0, 603.1) | image_position=(0.880, 0.628) | bbox_margin=0.083
[INFO] [1790222557.328481623] [sage_viewpoint_planner]: PERSON OBSERVATION | confidence=0.377 | bbox_area_fraction=0.0038 | bbox_center_px=(211.4, 547.9) | image_position=(0.165, 0.571) | bbox_margin=0.145
[INFO] [1790222558.403611563] [sage_viewpoint_planner]: PERSON OBSERVATION | confidence=0.705 | bbox_area_fraction=0.0069 | bbox_center_px=(549.1, 599.6) | image_position=(0.429, 0.625) | bbox_margin=0.310
[INFO] [1790222559.574777938] [sage_viewpoint_planner]: PERSON OBSERVATION | confidence=0.663 | bbox_area_fraction=0.0170 | bbox_center_px=(137.0, 644.2) | image_position=(0.107, 0.671) | bbox_margin=0.062
[INFO] [1790222562.798254212] [sage_viewpoint_planner]: PERSON OBSERVATION | confidence=0.653 | bbox_area_fraction=0.0050 | bbox_center_px=(1168.4, 484.6) | image_position=(0.913, 0.505) | bbox_margin=0.062
[INFO] [1790222565.771880102] [sage_viewpoint_planner]: COVERAGE WAYPOINT | 9/9 at (-6.0, -6.0) | scanning
[INFO] [1790222570.070221252] [sage_viewpoint_planner]: PERSON OBSERVATION | confidence=0.351 | bbox_area_fraction=0.0026 | bbox_center_px=(573.2, 551.5) | image_position=(0.448, 0.575) | bbox_margin=0.386
[INFO] [1790222571.089085480] [sage_viewpoint_planner]: PERSON OBSERVATION | confidence=0.668 | bbox_area_fraction=0.0048 | bbox_center_px=(125.2, 581.6) | image_position=(0.098, 0.606) | bbox_margin=0.076
[INFO] [1790222572.325746597] [sage_viewpoint_planner]: PERSON OBSERVATION | confidence=0.610 | bbox_area_fraction=0.0037 | bbox_center_px=(120.4, 580.1) | image_position=(0.094, 0.604) | bbox_margin=0.078
[INFO] [1790222573.970202858] [sage_viewpoint_planner]: MISSION COMPLETE | status=area_covered | found=3 | locations=#1 (0.2, 4.2); #2 (-5.5, 6.6); #3 (4.9, -5.9) | duration=199 s
[INFO] [1790222573.970978323] [sage_viewpoint_planner]: Requesting return home + land.
[INFO] [1790222576.472397926] [sage_viewpoint_planner]: PERSON OBSERVATION | confidence=0.656 | bbox_area_fraction=0.0062 | bbox_center_px=(1090.4, 554.0) | image_position=(0.852, 0.577) | bbox_margin=0.120
[INFO] [1790222576.517098673] [sage_viewpoint_planner]: New target acquired | target_id=1
[INFO] [1790222577.576288794] [sage_viewpoint_planner]: PERSON OBSERVATION | confidence=0.516 | bbox_area_fraction=0.0034 | bbox_center_px=(373.4, 548.0) | image_position=(0.292, 0.571) | bbox_margin=0.275
[INFO] [1790222578.726442296] [sage_viewpoint_planner]: PERSON OBSERVATION | confidence=0.687 | bbox_area_fraction=0.0028 | bbox_center_px=(599.8, 556.9) | image_position=(0.469, 0.580) | bbox_margin=0.373
[INFO] [1790222580.029237742] [sage_viewpoint_planner]: PERSON OBSERVATION | confidence=0.651 | bbox_area_fraction=0.0037 | bbox_center_px=(466.7, 560.8) | image_position=(0.365, 0.584) | bbox_margin=0.347
[INFO] [1790222581.245165956] [sage_viewpoint_planner]: PERSON OBSERVATION | confidence=0.669 | bbox_area_fraction=0.0053 | bbox_center_px=(395.6, 574.1) | image_position=(0.309, 0.598) | bbox_margin=0.287
[INFO] [1790222582.361093726] [sage_viewpoint_planner]: PERSON OBSERVATION | confidence=0.707 | bbox_area_fraction=0.0068 | bbox_center_px=(326.7, 580.3) | image_position=(0.255, 0.604) | bbox_margin=0.230
[INFO] [1790222583.557580847] [sage_viewpoint_planner]: PERSON OBSERVATION | confidence=0.793 | bbox_area_fraction=0.0094 | bbox_center_px=(198.1, 599.7) | image_position=(0.155, 0.625) | bbox_margin=0.124
[INFO] [1790222584.786909873] [sage_viewpoint_planner]: PERSON OBSERVATION | confidence=0.790 | bbox_area_fraction=0.0123 | bbox_center_px=(63.0, 620.7) | image_position=(0.049, 0.647) | bbox_margin=0.015
