[INFO] [1790293939.417712749] [sage_viewpoint_planner]: OBSTACLE MAP | 6 known obstacles, margin 1.5 m
[INFO] [1790293939.419096438] [sage_viewpoint_planner]: SAGE active-vision viewpoint planner started.
[INFO] [1790293939.419867251] [sage_viewpoint_planner]: Standoff distance: 3.0 m
[INFO] [1790293939.420370063] [sage_viewpoint_planner]: Viewpoint altitude: -2.0 m
[INFO] [1790293939.420844227] [sage_viewpoint_planner]: Search viewpoints: 4
[INFO] [1790293939.421625331] [sage_viewpoint_planner]: Arrival tolerance: 0.35 m
[INFO] [1790293939.423246768] [sage_viewpoint_planner]: Maximum planner step: 0.7 m
[INFO] [1790293939.423747577] [sage_viewpoint_planner]: Observation confidence threshold: 0.60
[INFO] [1790293939.424388329] [sage_viewpoint_planner]: Observation bbox-area threshold: 0.0100 (1% of image)
[INFO] [1790293939.424860142] [sage_viewpoint_planner]: Camera resolution for bbox measurement: 1280x960
[INFO] [1790293939.426383573] [sage_viewpoint_planner]: Image-border margin threshold: 0.02
[INFO] [1790293941.355630582] [sage_viewpoint_planner]: PERSON OBSERVATION | confidence=0.690 | bbox_area_fraction=0.0069 | bbox_center_px=(1113.9, 612.5) | image_position=(0.870, 0.638) | bbox_margin=0.108
[INFO] [1790293941.392364859] [sage_viewpoint_planner]: New target acquired | target_id=1
[INFO] [1790293942.502953845] [sage_viewpoint_planner]: PERSON OBSERVATION | confidence=0.715 | bbox_area_fraction=0.0095 | bbox_center_px=(670.6, 636.6) | image_position=(0.524, 0.663) | bbox_margin=0.241
[INFO] [1790293943.680491689] [sage_viewpoint_planner]: PERSON OBSERVATION | confidence=0.756 | bbox_area_fraction=0.0110 | bbox_center_px=(676.7, 642.2) | image_position=(0.529, 0.669) | bbox_margin=0.234
[INFO] [1790293944.837389777] [sage_viewpoint_planner]: PERSON OBSERVATION | confidence=0.747 | bbox_area_fraction=0.0103 | bbox_center_px=(675.5, 637.9) | image_position=(0.528, 0.664) | bbox_margin=0.238
[INFO] [1790293945.959581859] [sage_viewpoint_planner]: PERSON OBSERVATION | confidence=0.759 | bbox_area_fraction=0.0111 | bbox_center_px=(674.2, 632.9) | image_position=(0.527, 0.659) | bbox_margin=0.242
[INFO] [1790293947.052688473] [sage_viewpoint_planner]: PERSON OBSERVATION | confidence=0.773 | bbox_area_fraction=0.0111 | bbox_center_px=(674.8, 634.4) | image_position=(0.527, 0.661) | bbox_margin=0.240
[INFO] [1790293948.125708029] [sage_viewpoint_planner]: PERSON OBSERVATION | confidence=0.759 | bbox_area_fraction=0.0111 | bbox_center_px=(674.8, 636.7) | image_position=(0.527, 0.663) | bbox_margin=0.237
[INFO] [1790293949.304411955] [sage_viewpoint_planner]: PERSON OBSERVATION | confidence=0.753 | bbox_area_fraction=0.0105 | bbox_center_px=(672.1, 636.3) | image_position=(0.525, 0.663) | bbox_margin=0.237
[INFO] [1790293949.462384085] [sage_viewpoint_planner]: MISSION ACCEPTED | target=person | attribute=None | quantity=all | output=locations | text='Find all people in this area and report their locations'
[INFO] [1790293949.486441567] [sage_viewpoint_planner]: New target acquired | target_id=2
[INFO] [1790293949.621287468] [sage_viewpoint_planner]: CANDIDATE STATUS | id=2 | track=(-0.4,4.9) | uav=(0.0,-0.0) | range=4.9 m | sufficient=True | matches_track=True | evidence=0.0/2.0 s
[INFO] [1790293950.587444717] [sage_viewpoint_planner]: PERSON OBSERVATION | confidence=0.752 | bbox_area_fraction=0.0106 | bbox_center_px=(671.6, 638.9) | image_position=(0.525, 0.666) | bbox_margin=0.231
[INFO] [1790293951.864435140] [sage_viewpoint_planner]: PERSON OBSERVATION | confidence=0.575 | bbox_area_fraction=0.0049 | bbox_center_px=(120.7, 583.6) | image_position=(0.094, 0.608) | bbox_margin=0.071
[INFO] [1790293952.901199469] [sage_viewpoint_planner]: PERSON OBSERVATION | confidence=0.804 | bbox_area_fraction=0.0402 | bbox_center_px=(69.9, 782.5) | image_position=(0.055, 0.815) | bbox_margin=0.000
[INFO] [1790293953.432046310] [sage_viewpoint_planner]: OBSERVATION INSUFFICIENT | viewpoint=1/4 | person_confidence=0.869 | bbox_area_fraction=0.0496 | fresh=True | confidence_ok=True | bbox_size_ok=True | position_ok=False | bbox_margin=0.000 | confidence_threshold=0.60 | bbox_threshold=0.0100
[INFO] [1790293953.433288410] [sage_viewpoint_planner]: ENERGY-AWARE SELECTION | chosen=4/4 | distance=4.2 m | est_cost_incl_return=0.4 % | unaffordable_skipped=0
[INFO] [1790293953.622636307] [sage_viewpoint_planner]: CANDIDATE STATUS | id=2 | track=(-0.5,4.7) | uav=(2.4,4.8) | range=2.9 m | sufficient=False | matches_track=False | evidence=1.2/2.0 s
[INFO] [1790293954.046778051] [sage_viewpoint_planner]: PERSON OBSERVATION | confidence=0.846 | bbox_area_fraction=0.0547 | bbox_center_px=(647.8, 777.5) | image_position=(0.506, 0.810) | bbox_margin=0.001
[INFO] [1790293956.726892251] [sage_viewpoint_planner]: PERSON OBSERVATION | confidence=0.309 | bbox_area_fraction=0.0210 | bbox_center_px=(1110.6, 887.8) | image_position=(0.868, 0.925) | bbox_margin=0.003
[INFO] [1790293957.223890015] [sage_viewpoint_planner]: OBSERVATION INSUFFICIENT | viewpoint=4/4 | person_confidence=0.809 | bbox_area_fraction=0.0397 | fresh=True | confidence_ok=True | bbox_size_ok=True | position_ok=False | bbox_margin=0.002 | confidence_threshold=0.60 | bbox_threshold=0.0100
[INFO] [1790293957.224854150] [sage_viewpoint_planner]: ENERGY-AWARE SELECTION | chosen=3/4 | distance=3.9 m | est_cost_incl_return=0.5 % | unaffordable_skipped=0
[INFO] [1790293957.623116507] [sage_viewpoint_planner]: CANDIDATE STATUS | id=2 | track=(-0.4,5.3) | uav=(-0.5,1.5) | range=3.7 m | sufficient=False | matches_track=False | evidence=0.0/2.0 s
[INFO] [1790293957.859145268] [sage_viewpoint_planner]: PERSON OBSERVATION | confidence=0.745 | bbox_area_fraction=0.0233 | bbox_center_px=(580.2, 688.9) | image_position=(0.453, 0.718) | bbox_margin=0.125
[INFO] [1790293959.291332414] [sage_viewpoint_planner]: PERSON OBSERVATION | confidence=0.559 | bbox_area_fraction=0.0061 | bbox_center_px=(32.4, 846.2) | image_position=(0.025, 0.882) | bbox_margin=0.000
[INFO] [1790293960.508847219] [sage_viewpoint_planner]: PERSON OBSERVATION | confidence=0.355 | bbox_area_fraction=0.0030 | bbox_center_px=(153.5, 511.2) | image_position=(0.120, 0.533) | bbox_margin=0.102
[INFO] [1790293961.028159403] [sage_viewpoint_planner]: OBSERVATION INSUFFICIENT | viewpoint=3/4 | person_confidence=0.824 | bbox_area_fraction=0.0479 | fresh=True | confidence_ok=True | bbox_size_ok=True | position_ok=False | bbox_margin=0.000 | confidence_threshold=0.60 | bbox_threshold=0.0100
[INFO] [1790293961.032767481] [sage_viewpoint_planner]: ENERGY-AWARE SELECTION | chosen=2/4 | distance=4.3 m | est_cost_incl_return=0.7 % | unaffordable_skipped=0
[INFO] [1790293961.631878501] [sage_viewpoint_planner]: CANDIDATE STATUS | id=2 | track=(-0.2,5.3) | uav=(-3.4,4.4) | range=3.2 m | sufficient=True | matches_track=True | evidence=2.0/2.0 s
[INFO] [1790293961.632783681] [sage_viewpoint_planner]: TARGET VERIFIED | id=2 | position=(-0.52, 5.12) | confidence=0.796 | evidence_points=11 | speed=0.17 m/s | verified_total=1
[INFO] [1790293961.682639258] [sage_viewpoint_planner]: PERSON OBSERVATION | confidence=0.764 | bbox_area_fraction=0.0308 | bbox_center_px=(762.3, 678.6) | image_position=(0.596, 0.707) | bbox_margin=0.148
[INFO] [1790293961.691859476] [sage_viewpoint_planner]: New target acquired | target_id=5
[INFO] [1790293963.769034270] [sage_viewpoint_planner]: PERSON OBSERVATION | confidence=0.770 | bbox_area_fraction=0.0221 | bbox_center_px=(198.7, 587.6) | image_position=(0.155, 0.612) | bbox_margin=0.099
[INFO] [1790293964.828740775] [sage_viewpoint_planner]: OBSERVATION INSUFFICIENT | viewpoint=1/4 | person_confidence=0.861 | bbox_area_fraction=0.0565 | fresh=True | confidence_ok=True | bbox_size_ok=True | position_ok=False | bbox_margin=0.000 | confidence_threshold=0.60 | bbox_threshold=0.0100
[INFO] [1790293964.832763505] [sage_viewpoint_planner]: ENERGY-AWARE SELECTION | chosen=4/4 | distance=3.7 m | est_cost_incl_return=0.6 % | unaffordable_skipped=0
[INFO] [1790293964.980509854] [sage_viewpoint_planner]: PERSON OBSERVATION | confidence=0.791 | bbox_area_fraction=0.0352 | bbox_center_px=(75.2, 815.1) | image_position=(0.059, 0.849) | bbox_margin=0.000
[INFO] [1790293965.824711326] [sage_viewpoint_planner]: CANDIDATE STATUS | id=5 | track=(-7.6,8.3) | uav=(-3.4,7.4) | range=4.3 m | sufficient=True | matches_track=True | evidence=0.2/2.0 s
[INFO] [1790293966.134160589] [sage_viewpoint_planner]: PERSON OBSERVATION | confidence=0.869 | bbox_area_fraction=0.0622 | bbox_center_px=(293.1, 783.2) | image_position=(0.229, 0.816) | bbox_margin=0.001
[INFO] [1790293967.611706512] [sage_viewpoint_planner]: PERSON OBSERVATION | confidence=0.827 | bbox_area_fraction=0.0542 | bbox_center_px=(1117.2, 855.4) | image_position=(0.873, 0.891) | bbox_margin=0.000
[INFO] [1790293968.421280417] [sage_viewpoint_planner]: OBSERVATION INSUFFICIENT | viewpoint=4/4 | person_confidence=0.878 | bbox_area_fraction=0.0684 | fresh=True | confidence_ok=True | bbox_size_ok=True | position_ok=False | bbox_margin=0.000 | confidence_threshold=0.60 | bbox_threshold=0.0100
[INFO] [1790293968.424373341] [sage_viewpoint_planner]: ENERGY-AWARE SELECTION | chosen=3/4 | distance=4.3 m | est_cost_incl_return=0.9 % | unaffordable_skipped=0
[INFO] [1790293968.827563143] [sage_viewpoint_planner]: PERSON OBSERVATION | confidence=0.885 | bbox_area_fraction=0.1038 | bbox_center_px=(172.7, 751.3) | image_position=(0.135, 0.783) | bbox_margin=0.000
[INFO] [1790293969.955706490] [sage_viewpoint_planner]: PERSON OBSERVATION | confidence=0.859 | bbox_area_fraction=0.0500 | bbox_center_px=(588.1, 686.7) | image_position=(0.459, 0.715) | bbox_margin=0.073
[INFO] [1790293970.026708814] [sage_viewpoint_planner]: CANDIDATE STATUS | id=5 | track=(-5.4,7.4) | uav=(-6.9,5.3) | range=2.6 m | sufficient=True | matches_track=True | evidence=0.8/2.0 s
[INFO] [1790293970.975348929] [sage_viewpoint_planner]: PERSON OBSERVATION | confidence=0.830 | bbox_area_fraction=0.0450 | bbox_center_px=(1084.9, 817.8) | image_position=(0.848, 0.852) | bbox_margin=0.000
[INFO] [1790293972.135846068] [sage_viewpoint_planner]: PERSON OBSERVATION | confidence=0.784 | bbox_area_fraction=0.0332 | bbox_center_px=(309.9, 717.4) | image_position=(0.242, 0.747) | bbox_margin=0.089
[INFO] [1790293972.425783579] [sage_viewpoint_planner]: TARGET VERIFIED | id=5 | position=(-6.16, 6.91) | confidence=0.792 | evidence_points=11 | speed=0.58 m/s MOVING | verified_total=2
[INFO] [1790293972.498235528] [sage_viewpoint_planner]: New target acquired | target_id=11
[INFO] [1790293973.219939171] [sage_viewpoint_planner]: PERSON OBSERVATION | confidence=0.682 | bbox_area_fraction=0.0248 | bbox_center_px=(225.6, 595.3) | image_position=(0.176, 0.620) | bbox_margin=0.126
[INFO] [1790293974.222300730] [sage_viewpoint_planner]: CANDIDATE STATUS | id=11 | track=(-4.9,6.0) | uav=(-8.3,8.1) | range=4.0 m | sufficient=False | matches_track=False | evidence=1.4/2.0 s
[INFO] [1790293974.269962213] [sage_viewpoint_planner]: PERSON OBSERVATION | confidence=0.498 | bbox_area_fraction=0.0830 | bbox_center_px=(908.3, 843.9) | image_position=(0.710, 0.879) | bbox_margin=0.000
[INFO] [1790293975.348599019] [sage_viewpoint_planner]: PERSON OBSERVATION | confidence=0.675 | bbox_area_fraction=0.0780 | bbox_center_px=(184.5, 828.4) | image_position=(0.144, 0.863) | bbox_margin=0.000
[INFO] [1790293976.223565444] [sage_viewpoint_planner]: OBSERVATION INSUFFICIENT | viewpoint=1/4 | person_confidence=0.675 | bbox_area_fraction=0.0780 | fresh=True | confidence_ok=True | bbox_size_ok=True | position_ok=False | bbox_margin=0.000 | confidence_threshold=0.60 | bbox_threshold=0.0100
[INFO] [1790293976.232681167] [sage_viewpoint_planner]: ENERGY-AWARE SELECTION | chosen=2/4 | distance=1.8 m | est_cost_incl_return=0.7 % | unaffordable_skipped=0
[INFO] [1790293976.632552796] [sage_viewpoint_planner]: PERSON OBSERVATION | confidence=0.798 | bbox_area_fraction=0.0572 | bbox_center_px=(275.1, 688.7) | image_position=(0.215, 0.717) | bbox_margin=0.101
[INFO] [1790293977.877976218] [sage_viewpoint_planner]: PERSON OBSERVATION | confidence=0.729 | bbox_area_fraction=0.0502 | bbox_center_px=(141.6, 682.4) | image_position=(0.111, 0.711) | bbox_margin=0.037
[INFO] [1790293978.427144939] [sage_viewpoint_planner]: CANDIDATE STATUS | id=11 | track=(-5.0,5.6) | uav=(-4.8,8.5) | range=2.9 m | sufficient=False | matches_track=False | evidence=1.4/2.0 s
[INFO] [1790293978.825162880] [sage_viewpoint_planner]: OBSERVATION INSUFFICIENT | viewpoint=2/4 | person_confidence=0.831 | bbox_area_fraction=0.0459 | fresh=True | confidence_ok=True | bbox_size_ok=True | position_ok=False | bbox_margin=0.000 | confidence_threshold=0.60 | bbox_threshold=0.0100
[INFO] [1790293978.825945342] [sage_viewpoint_planner]: ENERGY-AWARE SELECTION | chosen=3/4 | distance=4.7 m | est_cost_incl_return=0.8 % | unaffordable_skipped=0
[INFO] [1790293979.181831821] [sage_viewpoint_planner]: PERSON OBSERVATION | confidence=0.859 | bbox_area_fraction=0.0476 | bbox_center_px=(413.7, 784.3) | image_position=(0.323, 0.817) | bbox_margin=0.001
[INFO] [1790293980.354136264] [sage_viewpoint_planner]: PERSON OBSERVATION | confidence=0.796 | bbox_area_fraction=0.0532 | bbox_center_px=(446.9, 642.0) | image_position=(0.349, 0.669) | bbox_margin=0.117
[INFO] [1790293981.576252458] [sage_viewpoint_planner]: PERSON OBSERVATION | confidence=0.652 | bbox_area_fraction=0.0103 | bbox_center_px=(209.8, 620.9) | image_position=(0.164, 0.647) | bbox_margin=0.136
[INFO] [1790293982.629571670] [sage_viewpoint_planner]: CANDIDATE STATUS | id=11 | track=(-4.5,7.8) | uav=(-8.1,6.0) | range=4.1 m | sufficient=False | matches_track=False | evidence=1.2/2.0 s
[INFO] [1790293982.865893032] [sage_viewpoint_planner]: PERSON OBSERVATION | confidence=0.799 | bbox_area_fraction=0.0578 | bbox_center_px=(1186.1, 705.1) | image_position=(0.927, 0.734) | bbox_margin=0.002
[INFO] [1790293983.024332283] [sage_viewpoint_planner]: OBSERVATION INSUFFICIENT | viewpoint=3/4 | person_confidence=0.799 | bbox_area_fraction=0.0578 | fresh=True | confidence_ok=True | bbox_size_ok=True | position_ok=False | bbox_margin=0.002 | confidence_threshold=0.60 | bbox_threshold=0.0100
[INFO] [1790293983.030083749] [sage_viewpoint_planner]: ENERGY-AWARE SELECTION | chosen=4/4 | distance=3.8 m | est_cost_incl_return=0.6 % | unaffordable_skipped=0
[INFO] [1790293983.920689137] [sage_viewpoint_planner]: PERSON OBSERVATION | confidence=0.626 | bbox_area_fraction=0.0389 | bbox_center_px=(1182.0, 619.0) | image_position=(0.923, 0.645) | bbox_margin=0.008
[INFO] [1790293985.068017714] [sage_viewpoint_planner]: PERSON OBSERVATION | confidence=0.854 | bbox_area_fraction=0.0432 | bbox_center_px=(888.5, 765.3) | image_position=(0.694, 0.797) | bbox_margin=0.052
[INFO] [1790293985.822234249] [sage_viewpoint_planner]: DUPLICATE TRACK MERGED | id=11 | position=(-5.00, 7.63) | same as verified id=5
[INFO] [1790293985.902647160] [sage_viewpoint_planner]: New target acquired | target_id=6
[INFO] [1790293986.224293317] [sage_viewpoint_planner]: PERSON OBSERVATION | confidence=0.829 | bbox_area_fraction=0.0173 | bbox_center_px=(957.6, 652.2) | image_position=(0.748, 0.679) | bbox_margin=0.198
[INFO] [1790293986.822633124] [sage_viewpoint_planner]: CANDIDATE STATUS | id=6 | track=(-8.1,8.7) | uav=(-4.7,4.9) | range=5.1 m | sufficient=False | matches_track=False | evidence=0.6/2.0 s
[INFO] [1790293987.503730203] [sage_viewpoint_planner]: PERSON OBSERVATION | confidence=0.787 | bbox_area_fraction=0.0099 | bbox_center_px=(927.9, 506.0) | image_position=(0.725, 0.527) | bbox_margin=0.247
[INFO] [1790293988.764801894] [sage_viewpoint_planner]: PERSON OBSERVATION | confidence=0.763 | bbox_area_fraction=0.0229 | bbox_center_px=(89.8, 672.6) | image_position=(0.070, 0.701) | bbox_margin=0.023
[INFO] [1790293989.623462276] [sage_viewpoint_planner]: OBSERVATION INSUFFICIENT | viewpoint=1/4 | person_confidence=0.695 | bbox_area_fraction=0.0097 | fresh=True | confidence_ok=True | bbox_size_ok=False | position_ok=True | bbox_margin=0.262 | confidence_threshold=0.60 | bbox_threshold=0.0100
[INFO] [1790293989.626205941] [sage_viewpoint_planner]: ENERGY-AWARE SELECTION | chosen=4/4 | distance=6.7 m | est_cost_incl_return=0.9 % | unaffordable_skipped=0
[INFO] [1790293989.951595865] [sage_viewpoint_planner]: PERSON OBSERVATION | confidence=0.365 | bbox_area_fraction=0.0067 | bbox_center_px=(637.3, 577.7) | image_position=(0.498, 0.602) | bbox_margin=0.332
[INFO] [1790293990.828108560] [sage_viewpoint_planner]: CANDIDATE STATUS | id=6 | track=(-7.3,9.7) | uav=(-2.0,8.7) | range=5.4 m | sufficient=True | matches_track=False | evidence=2.0/2.0 s
[INFO] [1790293990.990161349] [sage_viewpoint_planner]: PERSON OBSERVATION | confidence=0.797 | bbox_area_fraction=0.0277 | bbox_center_px=(446.6, 630.5) | image_position=(0.349, 0.657) | bbox_margin=0.220
[INFO] [1790293991.029475485] [sage_viewpoint_planner]: DUPLICATE TRACK MERGED | id=6 | position=(-8.15, 9.03) | same as verified id=5
[INFO] [1790293991.220512921] [sage_viewpoint_planner]: COVERAGE START | area x[-12,12] y[-12,12] | 16 waypoints | continuous 45 deg/s yaw sweep each
[INFO] [1790293992.714732599] [sage_viewpoint_planner]: PERSON OBSERVATION | confidence=0.853 | bbox_area_fraction=0.0376 | bbox_center_px=(1054.6, 503.4) | image_position=(0.824, 0.524) | bbox_margin=0.124
[INFO] [1790293993.954587639] [sage_viewpoint_planner]: PERSON OBSERVATION | confidence=0.798 | bbox_area_fraction=0.0193 | bbox_center_px=(368.1, 565.9) | image_position=(0.288, 0.590) | bbox_margin=0.246
[INFO] [1790293994.404748142] [sage_viewpoint_planner]: New target acquired | target_id=3
[INFO] [1790293994.428411175] [sage_viewpoint_planner]: CANDIDATE FOUND | leaving sweep to verify target_id=3
[INFO] [1790293995.022875237] [sage_viewpoint_planner]: CANDIDATE STATUS | id=3 | track=(-10.3,10.5) | uav=(-9.0,7.2) | range=3.6 m | sufficient=False | matches_track=False | evidence=0.0/2.0 s
[INFO] [1790293995.263223167] [sage_viewpoint_planner]: PERSON OBSERVATION | confidence=0.413 | bbox_area_fraction=0.0015 | bbox_center_px=(1012.7, 534.0) | image_position=(0.791, 0.556) | bbox_margin=0.196
[INFO] [1790293999.030671257] [sage_viewpoint_planner]: CANDIDATE STATUS | id=3 | track=(-10.3,10.5) | uav=(-9.6,8.6) | range=2.1 m | sufficient=False | matches_track=False | evidence=0.0/2.0 s
[INFO] [1790294000.622718526] [sage_viewpoint_planner]: OBSERVATION INSUFFICIENT | viewpoint=1/4 | person_confidence=0.413 | bbox_area_fraction=0.0015 | fresh=False | confidence_ok=False | bbox_size_ok=False | position_ok=True | bbox_margin=0.196 | confidence_threshold=0.60 | bbox_threshold=0.0100
[INFO] [1790294000.623921108] [sage_viewpoint_planner]: ENERGY-AWARE SELECTION | chosen=4/4 | distance=4.1 m | est_cost_incl_return=0.9 % | unaffordable_skipped=0
[INFO] [1790294001.288807804] [sage_viewpoint_planner]: PERSON OBSERVATION | confidence=0.810 | bbox_area_fraction=0.0774 | bbox_center_px=(1056.8, 707.0) | image_position=(0.826, 0.736) | bbox_margin=0.000
[INFO] [1790294003.223350113] [sage_viewpoint_planner]: CANDIDATE STATUS | id=3 | track=(-10.3,10.5) | uav=(-9.3,8.4) | range=2.4 m | sufficient=False | matches_track=False | evidence=0.0/2.0 s
[INFO] [1790294003.822245735] [sage_viewpoint_planner]: OBSERVATION INSUFFICIENT | viewpoint=4/4 | person_confidence=0.851 | bbox_area_fraction=0.0664 | fresh=False | confidence_ok=True | bbox_size_ok=True | position_ok=False | bbox_margin=0.001 | confidence_threshold=0.60 | bbox_threshold=0.0100
[INFO] [1790294003.823293534] [sage_viewpoint_planner]: ENERGY-AWARE SELECTION | chosen=3/4 | distance=4.4 m | est_cost_incl_return=1.1 % | unaffordable_skipped=0
[INFO] [1790294003.967329304] [sage_viewpoint_planner]: PERSON OBSERVATION | confidence=0.878 | bbox_area_fraction=0.0930 | bbox_center_px=(530.5, 797.2) | image_position=(0.414, 0.830) | bbox_margin=0.000
[INFO] [1790294005.195732178] [sage_viewpoint_planner]: PERSON OBSERVATION | confidence=0.848 | bbox_area_fraction=0.0446 | bbox_center_px=(517.4, 635.3) | image_position=(0.404, 0.662) | bbox_margin=0.129
[INFO] [1790294006.335239604] [sage_viewpoint_planner]: PERSON OBSERVATION | confidence=0.474 | bbox_area_fraction=0.0074 | bbox_center_px=(643.3, 642.2) | image_position=(0.503, 0.669) | bbox_margin=0.253
[INFO] [1790294007.225141082] [sage_viewpoint_planner]: CANDIDATE STATUS | id=3 | track=(-8.8,10.0) | uav=(-12.6,9.7) | range=3.8 m | sufficient=False | matches_track=False | evidence=0.0/2.0 s
[INFO] [1790294007.355720178] [sage_viewpoint_planner]: PERSON OBSERVATION | confidence=0.837 | bbox_area_fraction=0.0454 | bbox_center_px=(698.7, 747.0) | image_position=(0.546, 0.778) | bbox_margin=0.049
[INFO] [1790294008.233497974] [sage_viewpoint_planner]: OBSERVATION SUFFICIENT | viewpoint=3/4 | person_confidence=0.772 | bbox_area_fraction=0.0254 | fresh=True | confidence_ok=True | bbox_size_ok=True | position_ok=True | bbox_margin=0.207 | confidence_threshold=0.60 | bbox_threshold=0.0100 | HOLDING VIEWPOINT.
[INFO] [1790294008.538733853] [sage_viewpoint_planner]: PERSON OBSERVATION | confidence=0.748 | bbox_area_fraction=0.0211 | bbox_center_px=(497.6, 623.1) | image_position=(0.389, 0.649) | bbox_margin=0.234
[INFO] [1790294009.420692968] [sage_viewpoint_planner]: DUPLICATE TRACK MERGED | id=3 | position=(-9.07, 9.59) | same as verified id=5
[INFO] [1790294009.504838623] [sage_viewpoint_planner]: New target acquired | target_id=7
[INFO] [1790294009.716076675] [sage_viewpoint_planner]: PERSON OBSERVATION | confidence=0.640 | bbox_area_fraction=0.0125 | bbox_center_px=(536.0, 603.3) | image_position=(0.419, 0.628) | bbox_margin=0.272
[INFO] [1790294010.971586325] [sage_viewpoint_planner]: PERSON OBSERVATION | confidence=0.752 | bbox_area_fraction=0.0292 | bbox_center_px=(245.1, 488.3) | image_position=(0.191, 0.509) | bbox_margin=0.137
[INFO] [1790294011.420107734] [sage_viewpoint_planner]: CANDIDATE STATUS | id=7 | track=(-13.5,9.0) | uav=(-12.3,9.7) | range=1.4 m | sufficient=True | matches_track=False | evidence=0.0/2.0 s
[INFO] [1790294012.820463854] [sage_viewpoint_planner]: OBSERVATION INSUFFICIENT | viewpoint=1/4 | person_confidence=0.752 | bbox_area_fraction=0.0292 | fresh=False | confidence_ok=True | bbox_size_ok=True | position_ok=True | bbox_margin=0.137 | confidence_threshold=0.60 | bbox_threshold=0.0100
[INFO] [1790294012.822693869] [sage_viewpoint_planner]: ENERGY-AWARE SELECTION | chosen=2/4 | distance=4.0 m | est_cost_incl_return=1.1 % | unaffordable_skipped=0
[INFO] [1790294015.427135189] [sage_viewpoint_planner]: CANDIDATE STATUS | id=7 | track=(-13.5,9.0) | uav=(-12.1,11.3) | range=2.6 m | sufficient=False | matches_track=False | evidence=0.0/2.0 s
[INFO] [1790294015.916954086] [sage_viewpoint_planner]: PERSON OBSERVATION | confidence=0.823 | bbox_area_fraction=0.0334 | bbox_center_px=(1221.8, 778.4) | image_position=(0.955, 0.811) | bbox_margin=0.000
[INFO] [1790294017.020666109] [sage_viewpoint_planner]: OBSERVATION INSUFFICIENT | viewpoint=2/4 | person_confidence=0.823 | bbox_area_fraction=0.0334 | fresh=False | confidence_ok=True | bbox_size_ok=True | position_ok=False | bbox_margin=0.000 | confidence_threshold=0.60 | bbox_threshold=0.0100
[INFO] [1790294017.024839546] [sage_viewpoint_planner]: ENERGY-AWARE SELECTION | chosen=3/4 | distance=4.6 m | est_cost_incl_return=1.1 % | unaffordable_skipped=0
[INFO] [1790294019.005550946] [sage_viewpoint_planner]: PERSON OBSERVATION | confidence=0.587 | bbox_area_fraction=0.0130 | bbox_center_px=(457.2, 663.8) | image_position=(0.357, 0.691) | bbox_margin=0.218
[INFO] [1790294019.620961822] [sage_viewpoint_planner]: CANDIDATE STATUS | id=7 | track=(-13.5,9.0) | uav=(-15.5,10.0) | range=2.3 m | sufficient=False | matches_track=False | evidence=0.0/2.0 s
[INFO] [1790294020.177372054] [sage_viewpoint_planner]: PERSON OBSERVATION | confidence=0.379 | bbox_area_fraction=0.0068 | bbox_center_px=(501.3, 594.8) | image_position=(0.392, 0.620) | bbox_margin=0.307
[INFO] [1790294020.422457299] [sage_viewpoint_planner]: OBSERVATION INSUFFICIENT | viewpoint=3/4 | person_confidence=0.379 | bbox_area_fraction=0.0068 | fresh=True | confidence_ok=False | bbox_size_ok=False | position_ok=True | bbox_margin=0.307 | confidence_threshold=0.60 | bbox_threshold=0.0100
[INFO] [1790294020.423552666] [sage_viewpoint_planner]: ENERGY-AWARE SELECTION | chosen=4/4 | distance=4.3 m | est_cost_incl_return=1.0 % | unaffordable_skipped=0
[INFO] [1790294021.246743837] [sage_viewpoint_planner]: PERSON OBSERVATION | confidence=0.651 | bbox_area_fraction=0.0052 | bbox_center_px=(725.5, 515.9) | image_position=(0.567, 0.537) | bbox_margin=0.397
[INFO] [1790294022.252094983] [sage_viewpoint_planner]: PERSON OBSERVATION | confidence=0.436 | bbox_area_fraction=0.0058 | bbox_center_px=(116.1, 352.3) | image_position=(0.091, 0.367) | bbox_margin=0.064
[INFO] [1790294023.830200356] [sage_viewpoint_planner]: CANDIDATE STATUS | id=7 | track=(-13.5,9.0) | uav=(-13.8,6.2) | range=2.9 m | sufficient=False | matches_track=False | evidence=0.0/2.0 s
[INFO] [1790294024.020512973] [sage_viewpoint_planner]: OBSERVATION INSUFFICIENT | viewpoint=4/4 | person_confidence=0.436 | bbox_area_fraction=0.0058 | fresh=False | confidence_ok=False | bbox_size_ok=False | position_ok=True | bbox_margin=0.064 | confidence_threshold=0.60 | bbox_threshold=0.0100
[INFO] [1790294024.022104654] [sage_viewpoint_planner]: SEARCH CYCLE COMPLETE | starting next cycle.
[INFO] [1790294024.022685570] [sage_viewpoint_planner]: ENERGY-AWARE SELECTION | chosen=3/4 | distance=4.0 m | est_cost_incl_return=1.1 % | unaffordable_skipped=0
[INFO] [1790294024.404225719] [sage_viewpoint_planner]: PERSON OBSERVATION | confidence=0.368 | bbox_area_fraction=0.0133 | bbox_center_px=(41.6, 733.4) | image_position=(0.033, 0.764) | bbox_margin=0.000
[INFO] [1790294025.641300490] [sage_viewpoint_planner]: PERSON OBSERVATION | confidence=0.747 | bbox_area_fraction=0.0198 | bbox_center_px=(184.4, 686.9) | image_position=(0.144, 0.715) | bbox_margin=0.100
[INFO] [1790294026.664652726] [sage_viewpoint_planner]: PERSON OBSERVATION | confidence=0.754 | bbox_area_fraction=0.0189 | bbox_center_px=(1131.9, 676.9) | image_position=(0.884, 0.705) | bbox_margin=0.073
[INFO] [1790294027.624448430] [sage_viewpoint_planner]: OBSERVATION INSUFFICIENT | viewpoint=3/4 | person_confidence=0.603 | bbox_area_fraction=0.0071 | fresh=True | confidence_ok=True | bbox_size_ok=False | position_ok=True | bbox_margin=0.314 | confidence_threshold=0.60 | bbox_threshold=0.0100
[INFO] [1790294027.625309283] [sage_viewpoint_planner]: ENERGY-AWARE SELECTION | chosen=2/4 | distance=7.9 m | est_cost_incl_return=1.1 % | unaffordable_skipped=0
[INFO] [1790294027.733869122] [sage_viewpoint_planner]: PERSON OBSERVATION | confidence=0.667 | bbox_area_fraction=0.0067 | bbox_center_px=(673.8, 545.5) | image_position=(0.526, 0.568) | bbox_margin=0.365
[INFO] [1790294028.021483752] [sage_viewpoint_planner]: CANDIDATE STATUS | id=7 | track=(-8.8,8.9) | uav=(-16.5,9.0) | range=7.7 m | sufficient=False | matches_track=False | evidence=1.4/2.0 s
[INFO] [1790294028.747987184] [sage_viewpoint_planner]: PERSON OBSERVATION | confidence=0.495 | bbox_area_fraction=0.0050 | bbox_center_px=(596.9, 524.7) | image_position=(0.466, 0.547) | bbox_margin=0.392
[INFO] [1790294031.432743665] [sage_viewpoint_planner]: PERSON OBSERVATION | confidence=0.310 | bbox_area_fraction=0.0064 | bbox_center_px=(1243.7, 573.6) | image_position=(0.972, 0.597) | bbox_margin=0.001
[INFO] [1790294032.024890387] [sage_viewpoint_planner]: CANDIDATE STATUS | id=7 | track=(-9.0,9.0) | uav=(-10.3,11.8) | range=3.1 m | sufficient=False | matches_track=False | evidence=1.4/2.0 s
[INFO] [1790294032.468829404] [sage_viewpoint_planner]: PERSON OBSERVATION | confidence=0.789 | bbox_area_fraction=0.0454 | bbox_center_px=(979.2, 769.3) | image_position=(0.765, 0.801) | bbox_margin=0.033
[INFO] [1790294032.822575304] [sage_viewpoint_planner]: OBSERVATION SUFFICIENT | viewpoint=2/4 | person_confidence=0.805 | bbox_area_fraction=0.0392 | fresh=True | confidence_ok=True | bbox_size_ok=True | position_ok=True | bbox_margin=0.069 | confidence_threshold=0.60 | bbox_threshold=0.0100 | HOLDING VIEWPOINT.
[INFO] [1790294033.221059315] [sage_viewpoint_planner]: TARGET VERIFIED | id=7 | position=(-9.07, 9.02) | confidence=0.816 | evidence_points=11 | speed=0.06 m/s | verified_total=3
[INFO] [1790294033.704716155] [sage_viewpoint_planner]: PERSON OBSERVATION | confidence=0.784 | bbox_area_fraction=0.0222 | bbox_center_px=(651.7, 675.0) | image_position=(0.509, 0.703) | bbox_margin=0.159
[INFO] [1790294034.006518013] [sage_viewpoint_planner]: New target acquired | target_id=12
[INFO] [1790294034.019838399] [sage_viewpoint_planner]: CANDIDATE FOUND | leaving sweep to verify target_id=12
[INFO] [1790294034.729674491] [sage_viewpoint_planner]: PERSON OBSERVATION | confidence=0.789 | bbox_area_fraction=0.0180 | bbox_center_px=(592.5, 585.1) | image_position=(0.463, 0.610) | bbox_margin=0.262
[INFO] [1790294036.220907286] [sage_viewpoint_planner]: CANDIDATE STATUS | id=12 | track=(-5.0,11.0) | uav=(-6.7,11.6) | range=1.8 m | sufficient=False | matches_track=False | evidence=0.0/2.0 s
[INFO] [1790294037.313854283] [sage_viewpoint_planner]: PERSON OBSERVATION | confidence=0.818 | bbox_area_fraction=0.0643 | bbox_center_px=(1126.1, 778.7) | image_position=(0.880, 0.811) | bbox_margin=0.000
[INFO] [1790294038.415078819] [sage_viewpoint_planner]: PERSON OBSERVATION | confidence=0.459 | bbox_area_fraction=0.0152 | bbox_center_px=(786.3, 587.1) | image_position=(0.614, 0.612) | bbox_margin=0.292
[INFO] [1790294038.821565961] [sage_viewpoint_planner]: OBSERVATION SUFFICIENT | viewpoint=1/4 | person_confidence=0.689 | bbox_area_fraction=0.0114 | fresh=True | confidence_ok=True | bbox_size_ok=True | position_ok=True | bbox_margin=0.340 | confidence_threshold=0.60 | bbox_threshold=0.0100 | HOLDING VIEWPOINT.
[INFO] [1790294039.031047347] [sage_viewpoint_planner]: OBSERVATION QUALITY LOST | fresh=True | confidence_ok=True | bbox_size_ok=False | position_ok=True | resuming active search.
[INFO] [1790294039.034511025] [sage_viewpoint_planner]: OBSERVATION INSUFFICIENT | viewpoint=1/4 | person_confidence=0.715 | bbox_area_fraction=0.0098 | fresh=True | confidence_ok=True | bbox_size_ok=False | position_ok=True | bbox_margin=0.353 | confidence_threshold=0.60 | bbox_threshold=0.0100
[INFO] [1790294039.035390736] [sage_viewpoint_planner]: ENERGY-AWARE SELECTION | chosen=4/4 | distance=4.1 m | est_cost_incl_return=0.7 % | unaffordable_skipped=0
[INFO] [1790294039.628920352] [sage_viewpoint_planner]: PERSON OBSERVATION | confidence=0.691 | bbox_area_fraction=0.0072 | bbox_center_px=(780.2, 524.2) | image_position=(0.610, 0.546) | bbox_margin=0.368
[INFO] [1790294040.224939706] [sage_viewpoint_planner]: CANDIDATE STATUS | id=12 | track=(-5.1,8.9) | uav=(-2.0,10.5) | range=3.5 m | sufficient=False | matches_track=False | evidence=0.0/2.0 s
[INFO] [1790294040.677446135] [sage_viewpoint_planner]: PERSON OBSERVATION | confidence=0.522 | bbox_area_fraction=0.0134 | bbox_center_px=(1117.9, 401.8) | image_position=(0.873, 0.419) | bbox_margin=0.090
[INFO] [1790294042.422135994] [sage_viewpoint_planner]: OBSERVATION INSUFFICIENT | viewpoint=4/4 | person_confidence=0.522 | bbox_area_fraction=0.0134 | fresh=False | confidence_ok=False | bbox_size_ok=True | position_ok=True | bbox_margin=0.090 | confidence_threshold=0.60 | bbox_threshold=0.0100
[INFO] [1790294042.424124942] [sage_viewpoint_planner]: ENERGY-AWARE SELECTION | chosen=2/4 | distance=2.0 m | est_cost_incl_return=0.7 % | unaffordable_skipped=0
[INFO] [1790294043.164363173] [sage_viewpoint_planner]: PERSON OBSERVATION | confidence=0.863 | bbox_area_fraction=0.0749 | bbox_center_px=(774.5, 799.9) | image_position=(0.605, 0.833) | bbox_margin=0.000
[INFO] [1790294044.350079839] [sage_viewpoint_planner]: PERSON OBSERVATION | confidence=0.875 | bbox_area_fraction=0.0834 | bbox_center_px=(222.4, 616.9) | image_position=(0.174, 0.643) | bbox_margin=0.088
[INFO] [1790294044.424740316] [sage_viewpoint_planner]: CANDIDATE STATUS | id=12 | track=(-5.3,7.0) | uav=(-5.0,8.7) | range=1.8 m | sufficient=True | matches_track=False | evidence=0.0/2.0 s
[INFO] [1790294045.409600196] [sage_viewpoint_planner]: PERSON OBSERVATION | confidence=0.654 | bbox_area_fraction=0.0142 | bbox_center_px=(1111.8, 622.2) | image_position=(0.869, 0.648) | bbox_margin=0.098
[INFO] [1790294046.027334440] [sage_viewpoint_planner]: OBSERVATION INSUFFICIENT | viewpoint=2/4 | person_confidence=0.609 | bbox_area_fraction=0.0082 | fresh=True | confidence_ok=True | bbox_size_ok=False | position_ok=True | bbox_margin=0.233 | confidence_threshold=0.60 | bbox_threshold=0.0100
[INFO] [1790294046.032036271] [sage_viewpoint_planner]: ENERGY-AWARE SELECTION | chosen=3/4 | distance=5.1 m | est_cost_incl_return=0.9 % | unaffordable_skipped=0
[INFO] [1790294046.442265054] [sage_viewpoint_planner]: PERSON OBSERVATION | confidence=0.609 | bbox_area_fraction=0.0082 | bbox_center_px=(951.3, 585.0) | image_position=(0.743, 0.609) | bbox_margin=0.233
[INFO] [1790294048.217797005] [sage_viewpoint_planner]: PERSON OBSERVATION | confidence=0.343 | bbox_area_fraction=0.0095 | bbox_center_px=(240.8, 646.5) | image_position=(0.188, 0.673) | bbox_margin=0.159
[INFO] [1790294048.624760254] [sage_viewpoint_planner]: CANDIDATE STATUS | id=12 | track=(-6.9,8.2) | uav=(-8.0,9.1) | range=1.4 m | sufficient=True | matches_track=False | evidence=0.2/2.0 s
[INFO] [1790294049.242505254] [sage_viewpoint_planner]: PERSON OBSERVATION | confidence=0.841 | bbox_area_fraction=0.0404 | bbox_center_px=(957.7, 795.0) | image_position=(0.748, 0.828) | bbox_margin=0.000
[INFO] [1790294050.027142943] [sage_viewpoint_planner]: OBSERVATION SUFFICIENT | viewpoint=3/4 | person_confidence=0.833 | bbox_area_fraction=0.0460 | fresh=True | confidence_ok=True | bbox_size_ok=True | position_ok=True | bbox_margin=0.079 | confidence_threshold=0.60 | bbox_threshold=0.0100 | HOLDING VIEWPOINT.
[INFO] [1790294050.405065830] [sage_viewpoint_planner]: PERSON OBSERVATION | confidence=0.789 | bbox_area_fraction=0.0284 | bbox_center_px=(1088.8, 586.8) | image_position=(0.851, 0.611) | bbox_margin=0.094
[INFO] [1790294051.424013229] [sage_viewpoint_planner]: PERSON OBSERVATION | confidence=0.745 | bbox_area_fraction=0.0121 | bbox_center_px=(931.9, 567.6) | image_position=(0.728, 0.591) | bbox_margin=0.242
[INFO] [1790294051.621743371] [sage_viewpoint_planner]: DUPLICATE TRACK MERGED | id=12 | position=(-5.52, 10.60) | same as verified id=5
[INFO] [1790294051.702273195] [sage_viewpoint_planner]: New target acquired | target_id=15
[INFO] [1790294052.684984810] [sage_viewpoint_planner]: PERSON OBSERVATION | confidence=0.693 | bbox_area_fraction=0.0109 | bbox_center_px=(870.4, 621.2) | image_position=(0.680, 0.647) | bbox_margin=0.256
[INFO] [1790294052.821683287] [sage_viewpoint_planner]: CANDIDATE STATUS | id=15 | track=(-4.9,5.3) | uav=(-9.8,8.0) | range=5.5 m | sufficient=True | matches_track=False | evidence=0.0/2.0 s
[INFO] [1790294053.880685768] [sage_viewpoint_planner]: PERSON OBSERVATION | confidence=0.378 | bbox_area_fraction=0.0054 | bbox_center_px=(1092.1, 335.1) | image_position=(0.853, 0.349) | bbox_margin=0.122
[INFO] [1790294054.952693031] [sage_viewpoint_planner]: PERSON OBSERVATION | confidence=0.815 | bbox_area_fraction=0.0504 | bbox_center_px=(287.1, 837.7) | image_position=(0.224, 0.873) | bbox_margin=0.000
[INFO] [1790294056.091675749] [sage_viewpoint_planner]: PERSON OBSERVATION | confidence=0.643 | bbox_area_fraction=0.0349 | bbox_center_px=(236.2, 726.3) | image_position=(0.185, 0.757) | bbox_margin=0.092
[INFO] [1790294056.829591039] [sage_viewpoint_planner]: CANDIDATE STATUS | id=15 | track=(-4.9,5.3) | uav=(-2.3,5.6) | range=2.6 m | sufficient=True | matches_track=False | evidence=0.0/2.0 s
[INFO] [1790294057.022437872] [sage_viewpoint_planner]: OBSERVATION SUFFICIENT | viewpoint=1/4 | person_confidence=0.606 | bbox_area_fraction=0.0148 | fresh=True | confidence_ok=True | bbox_size_ok=True | position_ok=True | bbox_margin=0.165 | confidence_threshold=0.60 | bbox_threshold=0.0100 | HOLDING VIEWPOINT.
[INFO] [1790294057.118585547] [sage_viewpoint_planner]: PERSON OBSERVATION | confidence=0.807 | bbox_area_fraction=0.0578 | bbox_center_px=(203.6, 780.0) | image_position=(0.159, 0.812) | bbox_margin=0.000
[INFO] [1790294057.230437846] [sage_viewpoint_planner]: OBSERVATION QUALITY LOST | fresh=True | confidence_ok=True | bbox_size_ok=True | position_ok=False | resuming active search.
[INFO] [1790294057.235231971] [sage_viewpoint_planner]: OBSERVATION INSUFFICIENT | viewpoint=1/4 | person_confidence=0.807 | bbox_area_fraction=0.0578 | fresh=True | confidence_ok=True | bbox_size_ok=True | position_ok=False | bbox_margin=0.000 | confidence_threshold=0.60 | bbox_threshold=0.0100
[INFO] [1790294057.235865708] [sage_viewpoint_planner]: ENERGY-AWARE SELECTION | chosen=2/4 | distance=4.1 m | est_cost_incl_return=0.7 % | unaffordable_skipped=0
[INFO] [1790294058.288719415] [sage_viewpoint_planner]: PERSON OBSERVATION | confidence=0.586 | bbox_area_fraction=0.0235 | bbox_center_px=(478.6, 606.3) | image_position=(0.374, 0.632) | bbox_margin=0.242
[INFO] [1790294059.332464622] [sage_viewpoint_planner]: PERSON OBSERVATION | confidence=0.494 | bbox_area_fraction=0.0023 | bbox_center_px=(1144.5, 762.2) | image_position=(0.894, 0.794) | bbox_margin=0.092
[INFO] [1790294060.424190466] [sage_viewpoint_planner]: PERSON OBSERVATION | confidence=0.714 | bbox_area_fraction=0.0225 | bbox_center_px=(1233.5, 728.4) | image_position=(0.964, 0.759) | bbox_margin=0.001
[INFO] [1790294061.022173596] [sage_viewpoint_planner]: CANDIDATE STATUS | id=15 | track=(-5.1,6.1) | uav=(-4.6,8.5) | range=2.5 m | sufficient=False | matches_track=False | evidence=0.4/2.0 s
[INFO] [1790294061.221612871] [sage_viewpoint_planner]: OBSERVATION SUFFICIENT | viewpoint=2/4 | person_confidence=0.782 | bbox_area_fraction=0.0334 | fresh=True | confidence_ok=True | bbox_size_ok=True | position_ok=True | bbox_margin=0.036 | confidence_threshold=0.60 | bbox_threshold=0.0100 | HOLDING VIEWPOINT.
[INFO] [1790294061.504187717] [sage_viewpoint_planner]: PERSON OBSERVATION | confidence=0.713 | bbox_area_fraction=0.0240 | bbox_center_px=(615.7, 712.9) | image_position=(0.481, 0.743) | bbox_margin=0.095
[INFO] [1790294062.560571698] [sage_viewpoint_planner]: PERSON OBSERVATION | confidence=0.554 | bbox_area_fraction=0.0196 | bbox_center_px=(632.0, 717.5) | image_position=(0.494, 0.747) | bbox_margin=0.106
[INFO] [1790294062.621797201] [sage_viewpoint_planner]: OBSERVATION QUALITY LOST | fresh=True | confidence_ok=False | bbox_size_ok=True | position_ok=True | resuming active search.
[INFO] [1790294062.623627721] [sage_viewpoint_planner]: OBSERVATION INSUFFICIENT | viewpoint=2/4 | person_confidence=0.554 | bbox_area_fraction=0.0196 | fresh=True | confidence_ok=False | bbox_size_ok=True | position_ok=True | bbox_margin=0.106 | confidence_threshold=0.60 | bbox_threshold=0.0100
[INFO] [1790294062.624460244] [sage_viewpoint_planner]: ENERGY-AWARE SELECTION | chosen=3/4 | distance=4.0 m | est_cost_incl_return=0.7 % | unaffordable_skipped=0
[INFO] [1790294063.220768833] [sage_viewpoint_planner]: DUPLICATE TRACK MERGED | id=15 | position=(-5.04, 5.85) | same as verified id=5
[INFO] [1790294063.303735557] [sage_viewpoint_planner]: New target acquired | target_id=13
[INFO] [1790294063.661853932] [sage_viewpoint_planner]: PERSON OBSERVATION | confidence=0.733 | bbox_area_fraction=0.0143 | bbox_center_px=(678.5, 696.4) | image_position=(0.530, 0.725) | bbox_margin=0.154
[INFO] [1790294064.685054607] [sage_viewpoint_planner]: PERSON OBSERVATION | confidence=0.836 | bbox_area_fraction=0.0623 | bbox_center_px=(200.9, 750.9) | image_position=(0.157, 0.782) | bbox_margin=0.032
[INFO] [1790294065.220063043] [sage_viewpoint_planner]: CANDIDATE STATUS | id=13 | track=(-2.1,-3.9) | uav=(-4.7,6.7) | range=10.9 m | sufficient=True | matches_track=False | evidence=0.0/2.0 s
[INFO] [1790294065.700777726] [sage_viewpoint_planner]: PERSON OBSERVATION | confidence=0.865 | bbox_area_fraction=0.0625 | bbox_center_px=(531.9, 759.1) | image_position=(0.416, 0.791) | bbox_margin=0.000
[INFO] [1790294066.862389899] [sage_viewpoint_planner]: PERSON OBSERVATION | confidence=0.770 | bbox_area_fraction=0.0079 | bbox_center_px=(372.8, 660.0) | image_position=(0.291, 0.688) | bbox_margin=0.227
[INFO] [1790294069.231983647] [sage_viewpoint_planner]: CANDIDATE STATUS | id=13 | track=(-2.1,-3.9) | uav=(-0.1,-0.8) | range=3.6 m | sufficient=False | matches_track=False | evidence=0.0/2.0 s
[INFO] [1790294070.823194623] [sage_viewpoint_planner]: OBSERVATION INSUFFICIENT | viewpoint=1/4 | person_confidence=0.780 | bbox_area_fraction=0.0076 | fresh=False | confidence_ok=True | bbox_size_ok=False | position_ok=True | bbox_margin=0.181 | confidence_threshold=0.60 | bbox_threshold=0.0100
[INFO] [1790294070.823830415] [sage_viewpoint_planner]: ENERGY-AWARE SELECTION | chosen=2/4 | distance=3.9 m | est_cost_incl_return=0.4 % | unaffordable_skipped=0
[INFO] [1790294073.060499683] [sage_viewpoint_planner]: PERSON OBSERVATION | confidence=0.814 | bbox_area_fraction=0.0187 | bbox_center_px=(1151.3, 856.7) | image_position=(0.899, 0.892) | bbox_margin=0.000
[INFO] [1790294073.423408628] [sage_viewpoint_planner]: CANDIDATE STATUS | id=13 | track=(-2.1,-3.9) | uav=(-1.0,-1.6) | range=2.5 m | sufficient=False | matches_track=False | evidence=0.0/2.0 s
[INFO] [1790294074.121833416] [sage_viewpoint_planner]: PERSON OBSERVATION | confidence=0.644 | bbox_area_fraction=0.0117 | bbox_center_px=(1241.4, 551.9) | image_position=(0.970, 0.575) | bbox_margin=0.001
[INFO] [1790294074.230513068] [sage_viewpoint_planner]: OBSERVATION INSUFFICIENT | viewpoint=2/4 | person_confidence=0.644 | bbox_area_fraction=0.0117 | fresh=True | confidence_ok=True | bbox_size_ok=True | position_ok=False | bbox_margin=0.001 | confidence_threshold=0.60 | bbox_threshold=0.0100
[INFO] [1790294074.231356132] [sage_viewpoint_planner]: ENERGY-AWARE SELECTION | chosen=3/4 | distance=5.7 m | est_cost_incl_return=0.7 % | unaffordable_skipped=0
[INFO] [1790294075.963309962] [sage_viewpoint_planner]: PERSON OBSERVATION | confidence=0.615 | bbox_area_fraction=0.0059 | bbox_center_px=(665.2, 360.3) | image_position=(0.520, 0.375) | bbox_margin=0.309
[INFO] [1790294077.096308935] [sage_viewpoint_planner]: PERSON OBSERVATION | confidence=0.648 | bbox_area_fraction=0.0106 | bbox_center_px=(1076.6, 636.2) | image_position=(0.841, 0.663) | bbox_margin=0.130
[INFO] [1790294077.631135272] [sage_viewpoint_planner]: CANDIDATE STATUS | id=13 | track=(-2.1,-3.9) | uav=(1.6,-3.1) | range=3.7 m | sufficient=True | matches_track=False | evidence=0.0/2.0 s
[INFO] [1790294078.816425432] [sage_viewpoint_planner]: PERSON OBSERVATION | confidence=0.876 | bbox_area_fraction=0.0468 | bbox_center_px=(98.1, 813.5) | image_position=(0.077, 0.847) | bbox_margin=0.000
[INFO] [1790294079.856053928] [sage_viewpoint_planner]: PERSON OBSERVATION | confidence=0.459 | bbox_area_fraction=0.0304 | bbox_center_px=(608.0, 806.1) | image_position=(0.475, 0.840) | bbox_margin=0.001
[INFO] [1790294080.890647550] [sage_viewpoint_planner]: PERSON OBSERVATION | confidence=0.782 | bbox_area_fraction=0.0125 | bbox_center_px=(399.0, 697.8) | image_position=(0.312, 0.727) | bbox_margin=0.160
[INFO] [1790294081.824079466] [sage_viewpoint_planner]: CANDIDATE STATUS | id=13 | track=(-2.1,-3.9) | uav=(0.9,-11.0) | range=7.7 m | sufficient=True | matches_track=False | evidence=0.0/2.0 s
[INFO] [1790294082.013122346] [sage_viewpoint_planner]: PERSON OBSERVATION | confidence=0.663 | bbox_area_fraction=0.0064 | bbox_center_px=(624.7, 653.0) | image_position=(0.488, 0.680) | bbox_margin=0.241
[INFO] [1790294083.270624817] [sage_viewpoint_planner]: PERSON OBSERVATION | confidence=0.682 | bbox_area_fraction=0.0030 | bbox_center_px=(557.5, 515.0) | image_position=(0.436, 0.536) | bbox_margin=0.409
[INFO] [1790294084.417466003] [sage_viewpoint_planner]: PERSON OBSERVATION | confidence=0.676 | bbox_area_fraction=0.0024 | bbox_center_px=(460.7, 467.0) | image_position=(0.360, 0.486) | bbox_margin=0.347
[INFO] [1790294085.539667430] [sage_viewpoint_planner]: PERSON OBSERVATION | confidence=0.361 | bbox_area_fraction=0.0022 | bbox_center_px=(1150.9, 475.9) | image_position=(0.899, 0.496) | bbox_margin=0.089
[INFO] [1790294085.827722768] [sage_viewpoint_planner]: CANDIDATE STATUS | id=13 | track=(-2.1,-3.9) | uav=(-4.5,-6.8) | range=3.9 m | sufficient=False | matches_track=False | evidence=0.0/2.0 s
[INFO] [1790294086.822811794] [sage_viewpoint_planner]: OBSERVATION INSUFFICIENT | viewpoint=3/4 | person_confidence=0.361 | bbox_area_fraction=0.0022 | fresh=False | confidence_ok=False | bbox_size_ok=False | position_ok=True | bbox_margin=0.089 | confidence_threshold=0.60 | bbox_threshold=0.0100
[INFO] [1790294086.824286810] [sage_viewpoint_planner]: ENERGY-AWARE SELECTION | chosen=4/4 | distance=2.6 m | est_cost_incl_return=0.6 % | unaffordable_skipped=0
[WARN] [1790294088.426904758] [sage_viewpoint_planner]: CANDIDATE REJECTED | id=13 | not confirmed in 25 s | resuming coverage.
[INFO] [1790294089.397128852] [sage_viewpoint_planner]: PERSON OBSERVATION | confidence=0.439 | bbox_area_fraction=0.0026 | bbox_center_px=(335.7, 539.8) | image_position=(0.262, 0.562) | bbox_margin=0.249
[INFO] [1790294089.511516829] [sage_viewpoint_planner]: New target acquired | target_id=14
[INFO] [1790294089.621426525] [sage_viewpoint_planner]: CANDIDATE FOUND | leaving sweep to verify target_id=14
[INFO] [1790294090.020137856] [sage_viewpoint_planner]: CANDIDATE STATUS | id=14 | track=(2.7,-6.0) | uav=(-4.1,-6.5) | range=6.8 m | sufficient=False | matches_track=False | evidence=0.0/2.0 s
[INFO] [1790294094.022988047] [sage_viewpoint_planner]: CANDIDATE STATUS | id=14 | track=(2.7,-6.0) | uav=(0.9,-10.3) | range=4.7 m | sufficient=False | matches_track=False | evidence=0.0/2.0 s
[INFO] [1790294097.625495940] [sage_viewpoint_planner]: OBSERVATION INSUFFICIENT | viewpoint=1/4 | person_confidence=0.439 | bbox_area_fraction=0.0026 | fresh=False | confidence_ok=False | bbox_size_ok=False | position_ok=True | bbox_margin=0.249 | confidence_threshold=0.60 | bbox_threshold=0.0100
[INFO] [1790294097.629372112] [sage_viewpoint_planner]: ENERGY-AWARE SELECTION | chosen=4/4 | distance=3.9 m | est_cost_incl_return=0.7 % | unaffordable_skipped=0
[INFO] [1790294098.225643560] [sage_viewpoint_planner]: CANDIDATE STATUS | id=14 | track=(2.7,-6.0) | uav=(5.9,-6.1) | range=3.1 m | sufficient=False | matches_track=False | evidence=0.0/2.0 s
[INFO] [1790294098.781955276] [sage_viewpoint_planner]: PERSON OBSERVATION | confidence=0.389 | bbox_area_fraction=0.0021 | bbox_center_px=(82.3, 555.1) | image_position=(0.064, 0.578) | bbox_margin=0.048
[INFO] [1790294099.810536596] [sage_viewpoint_planner]: PERSON OBSERVATION | confidence=0.501 | bbox_area_fraction=0.0011 | bbox_center_px=(948.8, 527.3) | image_position=(0.741, 0.549) | bbox_margin=0.249
[INFO] [1790294101.225666473] [sage_viewpoint_planner]: OBSERVATION INSUFFICIENT | viewpoint=4/4 | person_confidence=0.503 | bbox_area_fraction=0.0015 | fresh=True | confidence_ok=False | bbox_size_ok=False | position_ok=True | bbox_margin=0.232 | confidence_threshold=0.60 | bbox_threshold=0.0100
[INFO] [1790294101.226876789] [sage_viewpoint_planner]: ENERGY-AWARE SELECTION | chosen=2/4 | distance=6.0 m | est_cost_incl_return=0.6 % | unaffordable_skipped=0
[INFO] [1790294102.423084662] [sage_viewpoint_planner]: CANDIDATE STATUS | id=14 | track=(2.7,-6.0) | uav=(2.6,-8.8) | range=2.8 m | sufficient=False | matches_track=False | evidence=0.0/2.0 s
[INFO] [1790294105.624331730] [sage_viewpoint_planner]: OBSERVATION INSUFFICIENT | viewpoint=2/4 | person_confidence=0.503 | bbox_area_fraction=0.0015 | fresh=False | confidence_ok=False | bbox_size_ok=False | position_ok=True | bbox_margin=0.232 | confidence_threshold=0.60 | bbox_threshold=0.0100
[INFO] [1790294105.625179670] [sage_viewpoint_planner]: ENERGY-AWARE SELECTION | chosen=3/4 | distance=5.9 m | est_cost_incl_return=0.7 % | unaffordable_skipped=0
[INFO] [1790294106.372544670] [sage_viewpoint_planner]: PERSON OBSERVATION | confidence=0.871 | bbox_area_fraction=0.0701 | bbox_center_px=(1170.8, 749.8) | image_position=(0.915, 0.781) | bbox_margin=0.000
[INFO] [1790294106.619926148] [sage_viewpoint_planner]: CANDIDATE STATUS | id=14 | track=(2.7,-6.0) | uav=(2.8,-2.9) | range=3.1 m | sufficient=False | matches_track=False | evidence=0.0/2.0 s
[INFO] [1790294107.417649232] [sage_viewpoint_planner]: PERSON OBSERVATION | confidence=0.802 | bbox_area_fraction=0.0302 | bbox_center_px=(564.4, 572.6) | image_position=(0.441, 0.596) | bbox_margin=0.234
[INFO] [1790294108.509872360] [sage_viewpoint_planner]: PERSON OBSERVATION | confidence=0.649 | bbox_area_fraction=0.0476 | bbox_center_px=(472.6, 831.1) | image_position=(0.369, 0.866) | bbox_margin=0.001
[INFO] [1790294109.511211088] [sage_viewpoint_planner]: PERSON OBSERVATION | confidence=0.743 | bbox_area_fraction=0.0129 | bbox_center_px=(347.6, 636.6) | image_position=(0.272, 0.663) | bbox_margin=0.239
[INFO] [1790294110.618826810] [sage_viewpoint_planner]: PERSON OBSERVATION | confidence=0.709 | bbox_area_fraction=0.0104 | bbox_center_px=(726.6, 731.9) | image_position=(0.568, 0.762) | bbox_margin=0.134
[INFO] [1790294110.620494053] [sage_viewpoint_planner]: CANDIDATE STATUS | id=14 | track=(4.2,-5.2) | uav=(2.0,-9.9) | range=5.2 m | sufficient=True | matches_track=False | evidence=0.0/2.0 s
[INFO] [1790294111.659217792] [sage_viewpoint_planner]: PERSON OBSERVATION | confidence=0.618 | bbox_area_fraction=0.0067 | bbox_center_px=(862.5, 651.4) | image_position=(0.674, 0.679) | bbox_margin=0.247
[INFO] [1790294112.700505576] [sage_viewpoint_planner]: PERSON OBSERVATION | confidence=0.683 | bbox_area_fraction=0.0030 | bbox_center_px=(823.6, 463.9) | image_position=(0.643, 0.483) | bbox_margin=0.341
[WARN] [1790294114.621127625] [sage_viewpoint_planner]: CANDIDATE REJECTED | id=14 | not confirmed in 25 s | resuming coverage.
[INFO] [1790294119.829294016] [sage_viewpoint_planner]: COVERAGE WAYPOINT | 1/16 at (-8.0, -9.0) | scanning
[INFO] [1790294124.483843627] [sage_viewpoint_planner]: PERSON OBSERVATION | confidence=0.565 | bbox_area_fraction=0.0029 | bbox_center_px=(979.4, 539.2) | image_position=(0.765, 0.562) | bbox_margin=0.218
[INFO] [1790294124.609726649] [sage_viewpoint_planner]: New target acquired | target_id=16
[INFO] [1790294124.620610500] [sage_viewpoint_planner]: CANDIDATE FOUND | leaving sweep to verify target_id=16
[INFO] [1790294124.622271082] [sage_viewpoint_planner]: CANDIDATE STATUS | id=16 | track=(3.2,-11.2) | uav=(-8.1,-9.0) | range=11.5 m | sufficient=False | matches_track=False | evidence=0.0/2.0 s
[INFO] [1790294125.616192915] [sage_viewpoint_planner]: PERSON OBSERVATION | confidence=0.657 | bbox_area_fraction=0.0028 | bbox_center_px=(328.0, 471.8) | image_position=(0.256, 0.491) | bbox_margin=0.239
[INFO] [1790294128.624774901] [sage_viewpoint_planner]: CANDIDATE STATUS | id=16 | track=(3.8,-12.4) | uav=(-2.8,-10.3) | range=6.9 m | sufficient=False | matches_track=False | evidence=0.0/2.0 s
[INFO] [1790294132.819612713] [sage_viewpoint_planner]: CANDIDATE STATUS | id=16 | track=(3.8,-12.4) | uav=(5.1,-10.9) | range=1.9 m | sufficient=False | matches_track=False | evidence=0.0/2.0 s
[INFO] [1790294136.430557595] [sage_viewpoint_planner]: OBSERVATION INSUFFICIENT | viewpoint=1/4 | person_confidence=0.727 | bbox_area_fraction=0.0052 | fresh=False | confidence_ok=True | bbox_size_ok=False | position_ok=True | bbox_margin=0.037 | confidence_threshold=0.60 | bbox_threshold=0.0100
[INFO] [1790294136.431460734] [sage_viewpoint_planner]: ENERGY-AWARE SELECTION | chosen=2/4 | distance=2.5 m | est_cost_incl_return=0.7 % | unaffordable_skipped=0
[INFO] [1790294136.820984041] [sage_viewpoint_planner]: CANDIDATE STATUS | id=16 | track=(3.8,-12.4) | uav=(5.8,-10.7) | range=2.6 m | sufficient=False | matches_track=False | evidence=0.0/2.0 s
[INFO] [1790294139.020895891] [sage_viewpoint_planner]: OBSERVATION INSUFFICIENT | viewpoint=2/4 | person_confidence=0.727 | bbox_area_fraction=0.0052 | fresh=False | confidence_ok=True | bbox_size_ok=False | position_ok=True | bbox_margin=0.037 | confidence_threshold=0.60 | bbox_threshold=0.0100
[INFO] [1790294139.021623729] [sage_viewpoint_planner]: ENERGY-AWARE SELECTION | chosen=3/4 | distance=4.3 m | est_cost_incl_return=0.8 % | unaffordable_skipped=0
[WARN] [1790294139.622216124] [sage_viewpoint_planner]: CANDIDATE REJECTED | id=16 | no person visible (phantom) | resuming coverage.
[INFO] [1790294146.820422049] [sage_viewpoint_planner]: COVERAGE WAYPOINT | 1/16 at (-8.0, -9.0) | scanning
[INFO] [1790294151.271062398] [sage_viewpoint_planner]: PERSON OBSERVATION | confidence=0.594 | bbox_area_fraction=0.0047 | bbox_center_px=(1188.0, 563.5) | image_position=(0.928, 0.587) | bbox_margin=0.051
[INFO] [1790294151.314990939] [sage_viewpoint_planner]: New target acquired | target_id=21
[INFO] [1790294151.419813476] [sage_viewpoint_planner]: CANDIDATE FOUND | leaving sweep to verify target_id=21
[INFO] [1790294151.420656691] [sage_viewpoint_planner]: CANDIDATE STATUS | id=21 | track=(3.6,-12.1) | uav=(-8.0,-8.9) | range=12.1 m | sufficient=False | matches_track=False | evidence=0.0/2.0 s
[INFO] [1790294152.906986093] [sage_viewpoint_planner]: PERSON OBSERVATION | confidence=0.363 | bbox_area_fraction=0.0019 | bbox_center_px=(636.6, 367.9) | image_position=(0.497, 0.383) | bbox_margin=0.344
[INFO] [1790294155.422452737] [sage_viewpoint_planner]: CANDIDATE STATUS | id=21 | track=(3.7,-11.8) | uav=(-2.5,-10.4) | range=6.3 m | sufficient=False | matches_track=False | evidence=0.0/2.0 s
[INFO] [1790294159.423143500] [sage_viewpoint_planner]: CANDIDATE STATUS | id=21 | track=(3.7,-11.8) | uav=(5.9,-12.1) | range=2.2 m | sufficient=False | matches_track=False | evidence=0.0/2.0 s
[INFO] [1790294159.823664115] [sage_viewpoint_planner]: OBSERVATION INSUFFICIENT | viewpoint=1/4 | person_confidence=0.691 | bbox_area_fraction=0.0030 | fresh=False | confidence_ok=True | bbox_size_ok=False | position_ok=True | bbox_margin=0.284 | confidence_threshold=0.60 | bbox_threshold=0.0100
[INFO] [1790294159.824554294] [sage_viewpoint_planner]: ENERGY-AWARE SELECTION | chosen=4/4 | distance=3.8 m | est_cost_incl_return=0.9 % | unaffordable_skipped=0
[INFO] [1790294161.380825101] [sage_viewpoint_planner]: PERSON OBSERVATION | confidence=0.740 | bbox_area_fraction=0.0231 | bbox_center_px=(261.0, 634.4) | image_position=(0.204, 0.661) | bbox_margin=0.152
[INFO] [1790294162.859167832] [sage_viewpoint_planner]: PERSON OBSERVATION | confidence=0.687 | bbox_area_fraction=0.0087 | bbox_center_px=(905.1, 620.0) | image_position=(0.707, 0.646) | bbox_margin=0.265
[INFO] [1790294163.427846952] [sage_viewpoint_planner]: OBSERVATION INSUFFICIENT | viewpoint=4/4 | person_confidence=0.432 | bbox_area_fraction=0.0057 | fresh=True | confidence_ok=False | bbox_size_ok=False | position_ok=True | bbox_margin=0.282 | confidence_threshold=0.60 | bbox_threshold=0.0100
[INFO] [1790294163.428761947] [sage_viewpoint_planner]: ENERGY-AWARE SELECTION | chosen=3/4 | distance=5.1 m | est_cost_incl_return=0.8 % | unaffordable_skipped=0
[INFO] [1790294163.621252258] [sage_viewpoint_planner]: CANDIDATE STATUS | id=21 | track=(4.1,-9.9) | uav=(3.9,-14.8) | range=5.0 m | sufficient=False | matches_track=False | evidence=0.0/2.0 s
[INFO] [1790294163.872776220] [sage_viewpoint_planner]: PERSON OBSERVATION | confidence=0.615 | bbox_area_fraction=0.0077 | bbox_center_px=(235.7, 519.3) | image_position=(0.184, 0.541) | bbox_margin=0.161
[INFO] [1790294165.114821921] [sage_viewpoint_planner]: PERSON OBSERVATION | confidence=0.635 | bbox_area_fraction=0.0057 | bbox_center_px=(940.3, 418.0) | image_position=(0.735, 0.435) | bbox_margin=0.244
[INFO] [1790294166.347590174] [sage_viewpoint_planner]: PERSON OBSERVATION | confidence=0.594 | bbox_area_fraction=0.0094 | bbox_center_px=(1201.6, 621.7) | image_position=(0.939, 0.648) | bbox_margin=0.036
[INFO] [1790294167.427406480] [sage_viewpoint_planner]: OBSERVATION INSUFFICIENT | viewpoint=3/4 | person_confidence=0.380 | bbox_area_fraction=0.0069 | fresh=True | confidence_ok=False | bbox_size_ok=False | position_ok=True | bbox_margin=0.135 | confidence_threshold=0.60 | bbox_threshold=0.0100
[INFO] [1790294167.436235916] [sage_viewpoint_planner]: ENERGY-AWARE SELECTION | chosen=2/4 | distance=8.0 m | est_cost_incl_return=0.8 % | unaffordable_skipped=0
[INFO] [1790294167.821932639] [sage_viewpoint_planner]: CANDIDATE STATUS | id=21 | track=(7.1,-8.4) | uav=(1.1,-10.7) | range=6.4 m | sufficient=False | matches_track=False | evidence=0.2/2.0 s
[INFO] [1790294168.309789845] [sage_viewpoint_planner]: PERSON OBSERVATION | confidence=0.655 | bbox_area_fraction=0.0084 | bbox_center_px=(708.1, 593.4) | image_position=(0.553, 0.618) | bbox_margin=0.316
[INFO] [1790294171.823273248] [sage_viewpoint_planner]: CANDIDATE STATUS | id=21 | track=(7.1,-8.4) | uav=(6.3,-6.3) | range=2.3 m | sufficient=False | matches_track=False | evidence=0.0/2.0 s
[INFO] [1790294172.426882547] [sage_viewpoint_planner]: OBSERVATION INSUFFICIENT | viewpoint=2/4 | person_confidence=0.488 | bbox_area_fraction=0.0060 | fresh=False | confidence_ok=False | bbox_size_ok=False | position_ok=True | bbox_margin=0.337 | confidence_threshold=0.60 | bbox_threshold=0.0100
[INFO] [1790294172.427699412] [sage_viewpoint_planner]: SEARCH CYCLE COMPLETE | starting next cycle.
[INFO] [1790294172.428556247] [sage_viewpoint_planner]: ENERGY-AWARE SELECTION | chosen=3/4 | distance=3.9 m | est_cost_incl_return=0.7 % | unaffordable_skipped=0
[INFO] [1790294172.613036497] [sage_viewpoint_planner]: PERSON OBSERVATION | confidence=0.535 | bbox_area_fraction=0.0464 | bbox_center_px=(1150.5, 846.7) | image_position=(0.899, 0.882) | bbox_margin=0.000
[INFO] [1790294173.867474172] [sage_viewpoint_planner]: PERSON OBSERVATION | confidence=0.871 | bbox_area_fraction=0.0452 | bbox_center_px=(838.7, 735.2) | image_position=(0.655, 0.766) | bbox_margin=0.071
[INFO] [1790294175.543874292] [sage_viewpoint_planner]: PERSON OBSERVATION | confidence=0.867 | bbox_area_fraction=0.0657 | bbox_center_px=(135.2, 809.4) | image_position=(0.106, 0.843) | bbox_margin=0.000
[INFO] [1790294176.019947758] [sage_viewpoint_planner]: CANDIDATE STATUS | id=21 | track=(8.6,-8.0) | uav=(4.1,-7.8) | range=4.6 m | sufficient=False | matches_track=False | evidence=0.4/2.0 s
[WARN] [1790294176.424126164] [sage_viewpoint_planner]: CANDIDATE REJECTED | id=21 | not confirmed in 25 s | resuming coverage.
[INFO] [1790294176.511292158] [sage_viewpoint_planner]: New target acquired | target_id=18
[INFO] [1790294176.559626092] [sage_viewpoint_planner]: PERSON OBSERVATION | confidence=0.750 | bbox_area_fraction=0.0205 | bbox_center_px=(699.6, 647.7) | image_position=(0.547, 0.675) | bbox_margin=0.201
[INFO] [1790294176.620280633] [sage_viewpoint_planner]: CANDIDATE FOUND | leaving sweep to verify target_id=18
[INFO] [1790294177.567131852] [sage_viewpoint_planner]: PERSON OBSERVATION | confidence=0.789 | bbox_area_fraction=0.0165 | bbox_center_px=(717.9, 631.7) | image_position=(0.561, 0.658) | bbox_margin=0.224
[INFO] [1790294179.832316025] [sage_viewpoint_planner]: PERSON OBSERVATION | confidence=0.664 | bbox_area_fraction=0.0029 | bbox_center_px=(181.9, 506.7) | image_position=(0.142, 0.528) | bbox_margin=0.127
[INFO] [1790294180.029471701] [sage_viewpoint_planner]: CANDIDATE STATUS | id=18 | track=(8.0,-7.8) | uav=(7.6,-7.9) | range=0.4 m | sufficient=False | matches_track=False | evidence=0.8/2.0 s
[INFO] [1790294180.030812844] [sage_viewpoint_planner]: OBSERVATION INSUFFICIENT | viewpoint=1/4 | person_confidence=0.664 | bbox_area_fraction=0.0029 | fresh=True | confidence_ok=True | bbox_size_ok=False | position_ok=True | bbox_margin=0.127 | confidence_threshold=0.60 | bbox_threshold=0.0100
[INFO] [1790294180.031660344] [sage_viewpoint_planner]: ENERGY-AWARE SELECTION | chosen=3/4 | distance=2.6 m | est_cost_incl_return=0.6 % | unaffordable_skipped=0
[INFO] [1790294181.135033052] [sage_viewpoint_planner]: PERSON OBSERVATION | confidence=0.799 | bbox_area_fraction=0.0246 | bbox_center_px=(833.6, 649.4) | image_position=(0.651, 0.676) | bbox_margin=0.182
[INFO] [1790294181.620680184] [sage_viewpoint_planner]: TARGET VERIFIED | id=18 | position=(6.25, -8.83) | confidence=0.733 | evidence_points=11 | speed=1.02 m/s MOVING | verified_total=4
[INFO] [1790294182.197685526] [sage_viewpoint_planner]: PERSON OBSERVATION | confidence=0.733 | bbox_area_fraction=0.0163 | bbox_center_px=(758.2, 554.2) | image_position=(0.592, 0.577) | bbox_margin=0.307
[INFO] [1790294183.306661325] [sage_viewpoint_planner]: PERSON OBSERVATION | confidence=0.384 | bbox_area_fraction=0.0716 | bbox_center_px=(171.9, 830.2) | image_position=(0.134, 0.865) | bbox_margin=0.001
[INFO] [1790294184.501486255] [sage_viewpoint_planner]: PERSON OBSERVATION | confidence=0.336 | bbox_area_fraction=0.0017 | bbox_center_px=(696.0, 578.1) | image_position=(0.544, 0.602) | bbox_margin=0.365
[INFO] [1790294190.025942903] [sage_viewpoint_planner]: COVERAGE WAYPOINT | 1/16 at (-8.0, -9.0) | scanning
[INFO] [1790294203.229507694] [sage_viewpoint_planner]: COVERAGE WAYPOINT | 2/16 at (-9.6, -3.0) | scanning
[INFO] [1790294204.406735512] [sage_viewpoint_planner]: PERSON OBSERVATION | confidence=0.497 | bbox_area_fraction=0.0020 | bbox_center_px=(868.9, 599.5) | image_position=(0.679, 0.624) | bbox_margin=0.310
[INFO] [1790294204.500571374] [sage_viewpoint_planner]: New target acquired | target_id=19
[INFO] [1790294204.619670736] [sage_viewpoint_planner]: CANDIDATE FOUND | leaving sweep to verify target_id=19
[INFO] [1790294204.620653358] [sage_viewpoint_planner]: CANDIDATE STATUS | id=19 | track=(1.2,1.7) | uav=(-9.4,-2.9) | range=11.6 m | sufficient=False | matches_track=False | evidence=0.0/2.0 s
[INFO] [1790294208.626620718] [sage_viewpoint_planner]: CANDIDATE STATUS | id=19 | track=(1.2,1.7) | uav=(-12.7,1.9) | range=13.9 m | sufficient=False | matches_track=False | evidence=0.0/2.0 s
[INFO] [1790294212.825339694] [sage_viewpoint_planner]: CANDIDATE STATUS | id=19 | track=(1.2,1.7) | uav=(-7.5,6.4) | range=10.0 m | sufficient=False | matches_track=False | evidence=0.0/2.0 s
[INFO] [1790294213.747145429] [sage_viewpoint_planner]: PERSON OBSERVATION | confidence=0.340 | bbox_area_fraction=0.0102 | bbox_center_px=(41.0, 870.4) | image_position=(0.032, 0.907) | bbox_margin=0.001
[INFO] [1790294214.937886954] [sage_viewpoint_planner]: PERSON OBSERVATION | confidence=0.725 | bbox_area_fraction=0.0302 | bbox_center_px=(113.3, 751.1) | image_position=(0.089, 0.782) | bbox_margin=0.031
[INFO] [1790294216.088047549] [sage_viewpoint_planner]: PERSON OBSERVATION | confidence=0.802 | bbox_area_fraction=0.0268 | bbox_center_px=(357.3, 820.8) | image_position=(0.279, 0.855) | bbox_margin=0.000
[INFO] [1790294217.021474952] [sage_viewpoint_planner]: CANDIDATE STATUS | id=19 | track=(1.2,1.7) | uav=(0.8,2.0) | range=0.6 m | sufficient=False | matches_track=False | evidence=0.0/2.0 s
[INFO] [1790294217.183888336] [sage_viewpoint_planner]: PERSON OBSERVATION | confidence=0.727 | bbox_area_fraction=0.0131 | bbox_center_px=(291.4, 639.6) | image_position=(0.228, 0.666) | bbox_margin=0.197
[INFO] [1790294218.425317384] [sage_viewpoint_planner]: PERSON OBSERVATION | confidence=0.674 | bbox_area_fraction=0.0051 | bbox_center_px=(282.2, 546.6) | image_position=(0.220, 0.569) | bbox_margin=0.202
[INFO] [1790294219.221410074] [sage_viewpoint_planner]: OBSERVATION INSUFFICIENT | viewpoint=1/4 | person_confidence=0.485 | bbox_area_fraction=0.0038 | fresh=True | confidence_ok=False | bbox_size_ok=False | position_ok=True | bbox_margin=0.223 | confidence_threshold=0.60 | bbox_threshold=0.0100
[INFO] [1790294219.224984651] [sage_viewpoint_planner]: ENERGY-AWARE SELECTION | chosen=4/4 | distance=3.8 m | est_cost_incl_return=0.4 % | unaffordable_skipped=0
[INFO] [1790294219.635884548] [sage_viewpoint_planner]: PERSON OBSERVATION | confidence=0.775 | bbox_area_fraction=0.0249 | bbox_center_px=(69.4, 551.3) | image_position=(0.054, 0.574) | bbox_margin=0.004
[INFO] [1790294220.712629558] [sage_viewpoint_planner]: PERSON OBSERVATION | confidence=0.770 | bbox_area_fraction=0.0136 | bbox_center_px=(386.5, 562.1) | image_position=(0.302, 0.586) | bbox_margin=0.263
[INFO] [1790294221.220815463] [sage_viewpoint_planner]: CANDIDATE STATUS | id=19 | track=(0.5,4.8) | uav=(3.1,-0.0) | range=5.5 m | sufficient=True | matches_track=True | evidence=0.8/2.0 s
[INFO] [1790294221.960273618] [sage_viewpoint_planner]: PERSON OBSERVATION | confidence=0.792 | bbox_area_fraction=0.0218 | bbox_center_px=(1210.6, 635.4) | image_position=(0.946, 0.662) | bbox_margin=0.011
[INFO] [1790294222.424485494] [sage_viewpoint_planner]: OBSERVATION SUFFICIENT | viewpoint=4/4 | person_confidence=0.754 | bbox_area_fraction=0.0118 | fresh=True | confidence_ok=True | bbox_size_ok=True | position_ok=True | bbox_margin=0.146 | confidence_threshold=0.60 | bbox_threshold=0.0100 | HOLDING VIEWPOINT.
[INFO] [1790294222.620163728] [sage_viewpoint_planner]: OBSERVATION QUALITY LOST | fresh=True | confidence_ok=True | bbox_size_ok=False | position_ok=True | resuming active search.
[INFO] [1790294222.628887309] [sage_viewpoint_planner]: OBSERVATION INSUFFICIENT | viewpoint=4/4 | person_confidence=0.702 | bbox_area_fraction=0.0077 | fresh=True | confidence_ok=True | bbox_size_ok=False | position_ok=True | bbox_margin=0.254 | confidence_threshold=0.60 | bbox_threshold=0.0100
[INFO] [1790294222.633800642] [sage_viewpoint_planner]: ENERGY-AWARE SELECTION | chosen=3/4 | distance=7.7 m | est_cost_incl_return=0.7 % | unaffordable_skipped=0
[INFO] [1790294223.095007850] [sage_viewpoint_planner]: PERSON OBSERVATION | confidence=0.728 | bbox_area_fraction=0.0056 | bbox_center_px=(698.6, 552.5) | image_position=(0.546, 0.575) | bbox_margin=0.353
[INFO] [1790294224.264250271] [sage_viewpoint_planner]: PERSON OBSERVATION | confidence=0.755 | bbox_area_fraction=0.0084 | bbox_center_px=(956.9, 418.6) | image_position=(0.748, 0.436) | bbox_margin=0.227
[INFO] [1790294225.333268589] [sage_viewpoint_planner]: PERSON OBSERVATION | confidence=0.542 | bbox_area_fraction=0.0084 | bbox_center_px=(77.2, 732.7) | image_position=(0.060, 0.763) | bbox_margin=0.030
[INFO] [1790294225.421645502] [sage_viewpoint_planner]: CANDIDATE STATUS | id=19 | track=(-0.1,5.0) | uav=(-0.7,1.5) | range=3.5 m | sufficient=False | matches_track=False | evidence=1.8/2.0 s
[INFO] [1790294227.345738221] [sage_viewpoint_planner]: PERSON OBSERVATION | confidence=0.848 | bbox_area_fraction=0.0510 | bbox_center_px=(1003.0, 800.1) | image_position=(0.784, 0.833) | bbox_margin=0.002
[INFO] [1790294227.634811980] [sage_viewpoint_planner]: OBSERVATION INSUFFICIENT | viewpoint=3/4 | person_confidence=0.848 | bbox_area_fraction=0.0510 | fresh=True | confidence_ok=True | bbox_size_ok=True | position_ok=False | bbox_margin=0.002 | confidence_threshold=0.60 | bbox_threshold=0.0100
[INFO] [1790294227.635691865] [sage_viewpoint_planner]: ENERGY-AWARE SELECTION | chosen=2/4 | distance=4.2 m | est_cost_incl_return=0.7 % | unaffordable_skipped=0
[INFO] [1790294228.523940178] [sage_viewpoint_planner]: PERSON OBSERVATION | confidence=0.848 | bbox_area_fraction=0.0510 | bbox_center_px=(1003.0, 800.1) | image_position=(0.784, 0.833) | bbox_margin=0.002
[WARN] [1790294229.620500079] [sage_viewpoint_planner]: CANDIDATE REJECTED | id=19 | not confirmed in 25 s | resuming coverage.
[INFO] [1790294230.445265050] [sage_viewpoint_planner]: PERSON OBSERVATION | confidence=0.519 | bbox_area_fraction=0.0039 | bbox_center_px=(1171.4, 558.3) | image_position=(0.915, 0.582) | bbox_margin=0.064
[INFO] [1790294230.505127552] [sage_viewpoint_planner]: New target acquired | target_id=9
[INFO] [1790294230.620816337] [sage_viewpoint_planner]: CANDIDATE FOUND | leaving sweep to verify target_id=9
[INFO] [1790294230.621644549] [sage_viewpoint_planner]: CANDIDATE STATUS | id=9 | track=(4.7,-3.8) | uav=(-0.7,7.7) | range=12.7 m | sufficient=False | matches_track=False | evidence=0.0/2.0 s
[INFO] [1790294231.564687529] [sage_viewpoint_planner]: PERSON OBSERVATION | confidence=0.789 | bbox_area_fraction=0.0248 | bbox_center_px=(655.2, 618.7) | image_position=(0.512, 0.644) | bbox_margin=0.209
[INFO] [1790294232.604669283] [sage_viewpoint_planner]: PERSON OBSERVATION | confidence=0.622 | bbox_area_fraction=0.0111 | bbox_center_px=(226.4, 625.5) | image_position=(0.177, 0.652) | bbox_margin=0.143
[INFO] [1790294233.913653200] [sage_viewpoint_planner]: PERSON OBSERVATION | confidence=0.579 | bbox_area_fraction=0.0057 | bbox_center_px=(534.9, 661.0) | image_position=(0.418, 0.689) | bbox_margin=0.231
[INFO] [1790294234.629070984] [sage_viewpoint_planner]: CANDIDATE STATUS | id=9 | track=(4.4,-3.4) | uav=(1.4,2.6) | range=6.8 m | sufficient=False | matches_track=False | evidence=0.0/2.0 s
[INFO] [1790294234.955706921] [sage_viewpoint_planner]: PERSON OBSERVATION | confidence=0.547 | bbox_area_fraction=0.0049 | bbox_center_px=(424.9, 661.8) | image_position=(0.332, 0.689) | bbox_margin=0.233
[INFO] [1790294236.140044120] [sage_viewpoint_planner]: PERSON OBSERVATION | confidence=0.788 | bbox_area_fraction=0.0431 | bbox_center_px=(75.5, 783.4) | image_position=(0.059, 0.816) | bbox_margin=0.000
[INFO] [1790294237.228948173] [sage_viewpoint_planner]: PERSON OBSERVATION | confidence=0.766 | bbox_area_fraction=0.0175 | bbox_center_px=(119.8, 690.7) | image_position=(0.094, 0.720) | bbox_margin=0.054
[INFO] [1790294238.413398789] [sage_viewpoint_planner]: PERSON OBSERVATION | confidence=0.732 | bbox_area_fraction=0.0087 | bbox_center_px=(122.7, 601.7) | image_position=(0.096, 0.627) | bbox_margin=0.068
[INFO] [1790294238.824345148] [sage_viewpoint_planner]: CANDIDATE STATUS | id=9 | track=(4.4,-3.4) | uav=(6.0,-4.6) | range=2.0 m | sufficient=False | matches_track=False | evidence=0.0/2.0 s
[INFO] [1790294239.553494513] [sage_viewpoint_planner]: PERSON OBSERVATION | confidence=0.678 | bbox_area_fraction=0.0050 | bbox_center_px=(139.6, 481.6) | image_position=(0.109, 0.502) | bbox_margin=0.087
[INFO] [1790294240.778931707] [sage_viewpoint_planner]: PERSON OBSERVATION | confidence=0.664 | bbox_area_fraction=0.0027 | bbox_center_px=(241.7, 440.4) | image_position=(0.189, 0.459) | bbox_margin=0.175
[INFO] [1790294241.432292995] [sage_viewpoint_planner]: OBSERVATION INSUFFICIENT | viewpoint=1/4 | person_confidence=0.699 | bbox_area_fraction=0.0028 | fresh=True | confidence_ok=True | bbox_size_ok=False | position_ok=True | bbox_margin=0.195 | confidence_threshold=0.60 | bbox_threshold=0.0100
[INFO] [1790294241.432987244] [sage_viewpoint_planner]: ENERGY-AWARE SELECTION | chosen=4/4 | distance=3.9 m | est_cost_incl_return=0.6 % | unaffordable_skipped=0
[INFO] [1790294241.954640033] [sage_viewpoint_planner]: PERSON OBSERVATION | confidence=0.685 | bbox_area_fraction=0.0025 | bbox_center_px=(279.9, 501.7) | image_position=(0.219, 0.523) | bbox_margin=0.204
[INFO] [1790294243.021039245] [sage_viewpoint_planner]: CANDIDATE STATUS | id=9 | track=(4.4,-3.4) | uav=(7.3,-5.3) | range=3.4 m | sufficient=False | matches_track=False | evidence=0.0/2.0 s
[INFO] [1790294244.627634987] [sage_viewpoint_planner]: OBSERVATION INSUFFICIENT | viewpoint=4/4 | person_confidence=0.490 | bbox_area_fraction=0.0014 | fresh=False | confidence_ok=False | bbox_size_ok=False | position_ok=True | bbox_margin=0.322 | confidence_threshold=0.60 | bbox_threshold=0.0100
[INFO] [1790294244.628250760] [sage_viewpoint_planner]: ENERGY-AWARE SELECTION | chosen=3/4 | distance=4.3 m | est_cost_incl_return=0.5 % | unaffordable_skipped=0
[INFO] [1790294244.962183340] [sage_viewpoint_planner]: PERSON OBSERVATION | confidence=0.579 | bbox_area_fraction=0.0031 | bbox_center_px=(917.0, 582.4) | image_position=(0.716, 0.607) | bbox_margin=0.266
[INFO] [1790294246.135578250] [sage_viewpoint_planner]: PERSON OBSERVATION | confidence=0.483 | bbox_area_fraction=0.0039 | bbox_center_px=(1118.0, 396.0) | image_position=(0.873, 0.412) | bbox_margin=0.107
[INFO] [1790294247.028017792] [sage_viewpoint_planner]: CANDIDATE STATUS | id=9 | track=(4.4,-3.4) | uav=(3.1,-4.7) | range=1.9 m | sufficient=True | matches_track=False | evidence=0.0/2.0 s
[INFO] [1790294247.326565186] [sage_viewpoint_planner]: PERSON OBSERVATION | confidence=0.759 | bbox_area_fraction=0.0130 | bbox_center_px=(538.7, 720.1) | image_position=(0.421, 0.750) | bbox_margin=0.145
[INFO] [1790294248.426585671] [sage_viewpoint_planner]: OBSERVATION SUFFICIENT | viewpoint=3/4 | person_confidence=0.699 | bbox_area_fraction=0.0105 | fresh=True | confidence_ok=True | bbox_size_ok=True | position_ok=True | bbox_margin=0.238 | confidence_threshold=0.60 | bbox_threshold=0.0100 | HOLDING VIEWPOINT.
[INFO] [1790294248.513706613] [sage_viewpoint_planner]: PERSON OBSERVATION | confidence=0.766 | bbox_area_fraction=0.0121 | bbox_center_px=(241.2, 546.7) | image_position=(0.188, 0.569) | bbox_margin=0.150
[INFO] [1790294248.824422551] [sage_viewpoint_planner]: OBSERVATION QUALITY LOST | fresh=True | confidence_ok=False | bbox_size_ok=True | position_ok=True | resuming active search.
[INFO] [1790294248.825745650] [sage_viewpoint_planner]: OBSERVATION INSUFFICIENT | viewpoint=3/4 | person_confidence=0.596 | bbox_area_fraction=0.0110 | fresh=True | confidence_ok=False | bbox_size_ok=True | position_ok=True | bbox_margin=0.120 | confidence_threshold=0.60 | bbox_threshold=0.0100
[INFO] [1790294248.826570960] [sage_viewpoint_planner]: ENERGY-AWARE SELECTION | chosen=2/4 | distance=4.3 m | est_cost_incl_return=0.5 % | unaffordable_skipped=0
[INFO] [1790294249.534806240] [sage_viewpoint_planner]: PERSON OBSERVATION | confidence=0.742 | bbox_area_fraction=0.0082 | bbox_center_px=(262.3, 510.3) | image_position=(0.205, 0.532) | bbox_margin=0.174
[INFO] [1790294250.569791047] [sage_viewpoint_planner]: PERSON OBSERVATION | confidence=0.651 | bbox_area_fraction=0.0058 | bbox_center_px=(543.4, 567.2) | image_position=(0.425, 0.591) | bbox_margin=0.353
[INFO] [1790294251.221662822] [sage_viewpoint_planner]: CANDIDATE STATUS | id=9 | track=(4.4,-3.4) | uav=(2.8,-2.0) | range=2.2 m | sufficient=False | matches_track=False | evidence=0.0/2.0 s
[INFO] [1790294251.777873162] [sage_viewpoint_planner]: PERSON OBSERVATION | confidence=0.762 | bbox_area_fraction=0.0176 | bbox_center_px=(1188.9, 667.7) | image_position=(0.929, 0.696) | bbox_margin=0.030
[INFO] [1790294252.423111536] [sage_viewpoint_planner]: OBSERVATION SUFFICIENT | viewpoint=2/4 | person_confidence=0.762 | bbox_area_fraction=0.0176 | fresh=True | confidence_ok=True | bbox_size_ok=True | position_ok=True | bbox_margin=0.030 | confidence_threshold=0.60 | bbox_threshold=0.0100 | HOLDING VIEWPOINT.
[INFO] [1790294252.832513936] [sage_viewpoint_planner]: PERSON OBSERVATION | confidence=0.652 | bbox_area_fraction=0.0048 | bbox_center_px=(662.1, 566.0) | image_position=(0.517, 0.590) | bbox_margin=0.348
[INFO] [1790294253.020569659] [sage_viewpoint_planner]: OBSERVATION QUALITY LOST | fresh=True | confidence_ok=True | bbox_size_ok=False | position_ok=True | resuming active search.
[INFO] [1790294253.022976576] [sage_viewpoint_planner]: OBSERVATION INSUFFICIENT | viewpoint=2/4 | person_confidence=0.652 | bbox_area_fraction=0.0048 | fresh=True | confidence_ok=True | bbox_size_ok=False | position_ok=True | bbox_margin=0.348 | confidence_threshold=0.60 | bbox_threshold=0.0100
[INFO] [1790294253.027098593] [sage_viewpoint_planner]: SEARCH CYCLE COMPLETE | starting next cycle.
[INFO] [1790294253.027716832] [sage_viewpoint_planner]: ENERGY-AWARE SELECTION | chosen=1/4 | distance=3.6 m | est_cost_incl_return=0.6 % | unaffordable_skipped=0
[INFO] [1790294254.000413561] [sage_viewpoint_planner]: PERSON OBSERVATION | confidence=0.660 | bbox_area_fraction=0.0043 | bbox_center_px=(711.6, 529.0) | image_position=(0.556, 0.551) | bbox_margin=0.387
[INFO] [1790294255.227773605] [sage_viewpoint_planner]: CANDIDATE STATUS | id=9 | track=(4.4,-3.4) | uav=(5.0,-1.5) | range=2.0 m | sufficient=False | matches_track=False | evidence=0.0/2.0 s
[INFO] [1790294255.543577803] [sage_viewpoint_planner]: PERSON OBSERVATION | confidence=0.694 | bbox_area_fraction=0.0070 | bbox_center_px=(356.8, 722.4) | image_position=(0.279, 0.753) | bbox_margin=0.164
[WARN] [1790294255.623123867] [sage_viewpoint_planner]: CANDIDATE REJECTED | id=9 | not confirmed in 25 s | resuming coverage.
[INFO] [1790294255.909874203] [sage_viewpoint_planner]: New target acquired | target_id=17
[INFO] [1790294256.026946999] [sage_viewpoint_planner]: CANDIDATE FOUND | leaving sweep to verify target_id=17
[INFO] [1790294256.568853447] [sage_viewpoint_planner]: PERSON OBSERVATION | confidence=0.627 | bbox_area_fraction=0.0084 | bbox_center_px=(90.4, 521.2) | image_position=(0.071, 0.543) | bbox_margin=0.043
[INFO] [1790294257.620208074] [sage_viewpoint_planner]: PERSON OBSERVATION | confidence=0.512 | bbox_area_fraction=0.0015 | bbox_center_px=(209.3, 548.7) | image_position=(0.163, 0.572) | bbox_margin=0.151
[INFO] [1790294258.681872836] [sage_viewpoint_planner]: PERSON OBSERVATION | confidence=0.595 | bbox_area_fraction=0.0076 | bbox_center_px=(85.8, 755.3) | image_position=(0.067, 0.787) | bbox_margin=0.041
[INFO] [1790294259.420462941] [sage_viewpoint_planner]: CANDIDATE STATUS | id=17 | track=(8.2,-6.8) | uav=(9.3,-6.1) | range=1.3 m | sufficient=False | matches_track=False | evidence=0.0/2.0 s
[INFO] [1790294259.868558082] [sage_viewpoint_planner]: PERSON OBSERVATION | confidence=0.642 | bbox_area_fraction=0.0043 | bbox_center_px=(130.8, 576.7) | image_position=(0.102, 0.601) | bbox_margin=0.082
[INFO] [1790294260.421129585] [sage_viewpoint_planner]: OBSERVATION INSUFFICIENT | viewpoint=1/4 | person_confidence=0.642 | bbox_area_fraction=0.0043 | fresh=True | confidence_ok=True | bbox_size_ok=False | position_ok=True | bbox_margin=0.082 | confidence_threshold=0.60 | bbox_threshold=0.0100
[INFO] [1790294260.421962120] [sage_viewpoint_planner]: ENERGY-AWARE SELECTION | chosen=2/4 | distance=3.4 m | est_cost_incl_return=0.7 % | unaffordable_skipped=0
[INFO] [1790294260.980451233] [sage_viewpoint_planner]: PERSON OBSERVATION | confidence=0.484 | bbox_area_fraction=0.0300 | bbox_center_px=(943.5, 675.7) | image_position=(0.737, 0.704) | bbox_margin=0.143
[INFO] [1790294262.068241794] [sage_viewpoint_planner]: PERSON OBSERVATION | confidence=0.499 | bbox_area_fraction=0.0145 | bbox_center_px=(195.7, 324.1) | image_position=(0.153, 0.338) | bbox_margin=0.111
[INFO] [1790294263.422577422] [sage_viewpoint_planner]: CANDIDATE STATUS | id=17 | track=(8.2,-6.8) | uav=(9.3,-4.5) | range=2.6 m | sufficient=False | matches_track=False | evidence=0.0/2.0 s
[INFO] [1790294263.479580344] [sage_viewpoint_planner]: PERSON OBSERVATION | confidence=0.827 | bbox_area_fraction=0.0326 | bbox_center_px=(159.1, 663.3) | image_position=(0.124, 0.691) | bbox_margin=0.070
[INFO] [1790294264.569299431] [sage_viewpoint_planner]: PERSON OBSERVATION | confidence=0.826 | bbox_area_fraction=0.0178 | bbox_center_px=(680.9, 638.2) | image_position=(0.532, 0.665) | bbox_margin=0.214
[INFO] [1790294265.635603559] [sage_viewpoint_planner]: PERSON OBSERVATION | confidence=0.850 | bbox_area_fraction=0.0271 | bbox_center_px=(735.3, 702.0) | image_position=(0.574, 0.731) | bbox_margin=0.128
[INFO] [1790294266.422702452] [sage_viewpoint_planner]: DUPLICATE TRACK MERGED | id=17 | position=(8.44, -8.08) | same as verified id=18
[INFO] [1790294266.505061781] [sage_viewpoint_planner]: New target acquired | target_id=10
[INFO] [1790294266.889536897] [sage_viewpoint_planner]: PERSON OBSERVATION | confidence=0.845 | bbox_area_fraction=0.0354 | bbox_center_px=(810.3, 775.6) | image_position=(0.633, 0.808) | bbox_margin=0.010
[INFO] [1790294267.423037444] [sage_viewpoint_planner]: CANDIDATE STATUS | id=10 | track=(8.3,-7.8) | uav=(7.9,-5.3) | range=2.5 m | sufficient=False | matches_track=False | evidence=0.4/2.0 s
[INFO] [1790294267.967535177] [sage_viewpoint_planner]: PERSON OBSERVATION | confidence=0.869 | bbox_area_fraction=0.0675 | bbox_center_px=(1096.8, 703.9) | image_position=(0.857, 0.733) | bbox_margin=0.045
[INFO] [1790294269.093415492] [sage_viewpoint_planner]: PERSON OBSERVATION | confidence=0.475 | bbox_area_fraction=0.0017 | bbox_center_px=(315.7, 646.3) | image_position=(0.247, 0.673) | bbox_margin=0.236
[INFO] [1790294270.126576639] [sage_viewpoint_planner]: PERSON OBSERVATION | confidence=0.562 | bbox_area_fraction=0.0013 | bbox_center_px=(140.7, 420.4) | image_position=(0.110, 0.438) | bbox_margin=0.099
[INFO] [1790294270.222766751] [sage_viewpoint_planner]: OBSERVATION INSUFFICIENT | viewpoint=1/4 | person_confidence=0.562 | bbox_area_fraction=0.0013 | fresh=True | confidence_ok=False | bbox_size_ok=False | position_ok=True | bbox_margin=0.099 | confidence_threshold=0.60 | bbox_threshold=0.0100
[INFO] [1790294270.223640497] [sage_viewpoint_planner]: ENERGY-AWARE SELECTION | chosen=4/4 | distance=5.1 m | est_cost_incl_return=0.9 % | unaffordable_skipped=0
[INFO] [1790294271.461386495] [sage_viewpoint_planner]: PERSON OBSERVATION | confidence=0.829 | bbox_area_fraction=0.0438 | bbox_center_px=(529.5, 664.3) | image_position=(0.414, 0.692) | bbox_margin=0.142
[INFO] [1790294271.624814479] [sage_viewpoint_planner]: CANDIDATE STATUS | id=10 | track=(6.7,-8.4) | uav=(10.6,-8.8) | range=4.0 m | sufficient=True | matches_track=True | evidence=1.8/2.0 s
[INFO] [1790294271.822275778] [sage_viewpoint_planner]: DUPLICATE TRACK MERGED | id=10 | position=(7.75, -8.01) | same as verified id=18
[INFO] [1790294273.554078918] [sage_viewpoint_planner]: PERSON OBSERVATION | confidence=0.850 | bbox_area_fraction=0.0581 | bbox_center_px=(885.6, 774.7) | image_position=(0.692, 0.807) | bbox_margin=0.002
[INFO] [1790294273.912545198] [sage_viewpoint_planner]: New target acquired | target_id=24
[INFO] [1790294274.021006765] [sage_viewpoint_planner]: CANDIDATE FOUND | leaving sweep to verify target_id=24
[INFO] [1790294274.725827252] [sage_viewpoint_planner]: PERSON OBSERVATION | confidence=0.804 | bbox_area_fraction=0.0321 | bbox_center_px=(921.6, 614.4) | image_position=(0.720, 0.640) | bbox_margin=0.215
[INFO] [1790294275.820065967] [sage_viewpoint_planner]: CANDIDATE STATUS | id=24 | track=(-1.5,2.4) | uav=(6.1,-8.5) | range=13.3 m | sufficient=False | matches_track=False | evidence=0.0/2.0 s
[INFO] [1790294276.200812207] [sage_viewpoint_planner]: PERSON OBSERVATION | confidence=0.377 | bbox_area_fraction=0.0022 | bbox_center_px=(100.2, 416.9) | image_position=(0.078, 0.434) | bbox_margin=0.064
[INFO] [1790294277.433768021] [sage_viewpoint_planner]: PERSON OBSERVATION | confidence=0.455 | bbox_area_fraction=0.0032 | bbox_center_px=(147.4, 423.3) | image_position=(0.115, 0.441) | bbox_margin=0.095
[INFO] [1790294278.575260016] [sage_viewpoint_planner]: PERSON OBSERVATION | confidence=0.596 | bbox_area_fraction=0.0034 | bbox_center_px=(195.4, 497.3) | image_position=(0.153, 0.518) | bbox_margin=0.133
[INFO] [1790294279.744439041] [sage_viewpoint_planner]: PERSON OBSERVATION | confidence=0.409 | bbox_area_fraction=0.0031 | bbox_center_px=(210.4, 520.9) | image_position=(0.164, 0.543) | bbox_margin=0.147
[INFO] [1790294279.821064594] [sage_viewpoint_planner]: CANDIDATE STATUS | id=24 | track=(-1.5,2.4) | uav=(3.4,-1.1) | range=6.0 m | sufficient=False | matches_track=False | evidence=0.0/2.0 s
[INFO] [1790294280.882565662] [sage_viewpoint_planner]: PERSON OBSERVATION | confidence=0.589 | bbox_area_fraction=0.0020 | bbox_center_px=(279.8, 527.8) | image_position=(0.219, 0.550) | bbox_margin=0.205
[INFO] [1790294282.025707996] [sage_viewpoint_planner]: OBSERVATION INSUFFICIENT | viewpoint=1/4 | person_confidence=0.653 | bbox_area_fraction=0.0049 | fresh=True | confidence_ok=True | bbox_size_ok=False | position_ok=True | bbox_margin=0.183 | confidence_threshold=0.60 | bbox_threshold=0.0100
[INFO] [1790294282.026880816] [sage_viewpoint_planner]: ENERGY-AWARE SELECTION | chosen=4/4 | distance=4.1 m | est_cost_incl_return=0.4 % | unaffordable_skipped=0
[INFO] [1790294282.033885695] [sage_viewpoint_planner]: PERSON OBSERVATION | confidence=0.717 | bbox_area_fraction=0.0054 | bbox_center_px=(268.4, 661.4) | image_position=(0.210, 0.689) | bbox_margin=0.190
[INFO] [1790294283.288156343] [sage_viewpoint_planner]: PERSON OBSERVATION | confidence=0.706 | bbox_area_fraction=0.0057 | bbox_center_px=(290.4, 662.5) | image_position=(0.227, 0.690) | bbox_margin=0.207
[INFO] [1790294283.823579722] [sage_viewpoint_planner]: CANDIDATE STATUS | id=24 | track=(-1.5,2.4) | uav=(0.2,1.8) | range=1.8 m | sufficient=False | matches_track=False | evidence=0.0/2.0 s
[INFO] [1790294284.342676677] [sage_viewpoint_planner]: PERSON OBSERVATION | confidence=0.830 | bbox_area_fraction=0.0246 | bbox_center_px=(889.9, 815.0) | image_position=(0.695, 0.849) | bbox_margin=0.001
[INFO] [1790294285.471135740] [sage_viewpoint_planner]: PERSON OBSERVATION | confidence=0.783 | bbox_area_fraction=0.0159 | bbox_center_px=(529.7, 586.2) | image_position=(0.414, 0.611) | bbox_margin=0.278
[INFO] [1790294285.622764601] [sage_viewpoint_planner]: OBSERVATION SUFFICIENT | viewpoint=4/4 | person_confidence=0.783 | bbox_area_fraction=0.0159 | fresh=True | confidence_ok=True | bbox_size_ok=True | position_ok=True | bbox_margin=0.278 | confidence_threshold=0.60 | bbox_threshold=0.0100 | HOLDING VIEWPOINT.
[INFO] [1790294286.665772315] [sage_viewpoint_planner]: PERSON OBSERVATION | confidence=0.619 | bbox_area_fraction=0.0024 | bbox_center_px=(812.1, 515.9) | image_position=(0.634, 0.537) | bbox_margin=0.352
[INFO] [1790294286.829690731] [sage_viewpoint_planner]: OBSERVATION QUALITY LOST | fresh=True | confidence_ok=True | bbox_size_ok=False | position_ok=True | resuming active search.
[INFO] [1790294286.830788540] [sage_viewpoint_planner]: OBSERVATION INSUFFICIENT | viewpoint=4/4 | person_confidence=0.619 | bbox_area_fraction=0.0024 | fresh=True | confidence_ok=True | bbox_size_ok=False | position_ok=True | bbox_margin=0.352 | confidence_threshold=0.60 | bbox_threshold=0.0100
[INFO] [1790294286.834724855] [sage_viewpoint_planner]: ENERGY-AWARE SELECTION | chosen=3/4 | distance=5.9 m | est_cost_incl_return=0.6 % | unaffordable_skipped=0
[INFO] [1790294287.741483142] [sage_viewpoint_planner]: PERSON OBSERVATION | confidence=0.703 | bbox_area_fraction=0.0045 | bbox_center_px=(1091.8, 533.4) | image_position=(0.853, 0.556) | bbox_margin=0.126
[INFO] [1790294287.827290563] [sage_viewpoint_planner]: CANDIDATE STATUS | id=24 | track=(-0.1,5.2) | uav=(-1.6,-0.5) | range=5.9 m | sufficient=False | matches_track=False | evidence=1.4/2.0 s
[INFO] [1790294288.751266162] [sage_viewpoint_planner]: PERSON OBSERVATION | confidence=0.746 | bbox_area_fraction=0.0080 | bbox_center_px=(867.4, 421.4) | image_position=(0.678, 0.439) | bbox_margin=0.300
[INFO] [1790294289.947481384] [sage_viewpoint_planner]: PERSON OBSERVATION | confidence=0.687 | bbox_area_fraction=0.0103 | bbox_center_px=(202.1, 711.8) | image_position=(0.158, 0.741) | bbox_margin=0.127
[INFO] [1790294291.132045928] [sage_viewpoint_planner]: PERSON OBSERVATION | confidence=0.687 | bbox_area_fraction=0.0103 | bbox_center_px=(202.1, 711.8) | image_position=(0.158, 0.741) | bbox_margin=0.127
[INFO] [1790294292.020062252] [sage_viewpoint_planner]: CANDIDATE STATUS | id=24 | track=(-0.3,6.1) | uav=(-1.8,0.7) | range=5.6 m | sufficient=True | matches_track=False | evidence=1.8/2.0 s
[INFO] [1790294292.328569007] [sage_viewpoint_planner]: PERSON OBSERVATION | confidence=0.610 | bbox_area_fraction=0.0065 | bbox_center_px=(343.0, 666.2) | image_position=(0.268, 0.694) | bbox_margin=0.238
[INFO] [1790294293.554809199] [sage_viewpoint_planner]: PERSON OBSERVATION | confidence=0.610 | bbox_area_fraction=0.0065 | bbox_center_px=(343.0, 666.2) | image_position=(0.268, 0.694) | bbox_margin=0.238
[INFO] [1790294294.726953719] [sage_viewpoint_planner]: PERSON OBSERVATION | confidence=0.610 | bbox_area_fraction=0.0065 | bbox_center_px=(343.0, 666.2) | image_position=(0.268, 0.694) | bbox_margin=0.238
[INFO] [1790294295.734821816] [sage_viewpoint_planner]: PERSON OBSERVATION | confidence=0.610 | bbox_area_fraction=0.0065 | bbox_center_px=(343.0, 666.2) | image_position=(0.268, 0.694) | bbox_margin=0.238
[INFO] [1790294296.221514187] [sage_viewpoint_planner]: CANDIDATE STATUS | id=24 | track=(-0.3,6.1) | uav=(-1.8,0.7) | range=5.6 m | sufficient=False | matches_track=False | evidence=0.0/2.0 s
[INFO] [1790294296.943514228] [sage_viewpoint_planner]: PERSON OBSERVATION | confidence=0.610 | bbox_area_fraction=0.0065 | bbox_center_px=(343.0, 666.2) | image_position=(0.268, 0.694) | bbox_margin=0.238
[INFO] [1790294298.124210325] [sage_viewpoint_planner]: PERSON OBSERVATION | confidence=0.610 | bbox_area_fraction=0.0065 | bbox_center_px=(343.0, 666.2) | image_position=(0.268, 0.694) | bbox_margin=0.238
[WARN] [1790294299.022079230] [sage_viewpoint_planner]: CANDIDATE REJECTED | id=24 | not confirmed in 25 s | resuming coverage.
[INFO] [1790294299.333524028] [sage_viewpoint_planner]: PERSON OBSERVATION | confidence=0.610 | bbox_area_fraction=0.0065 | bbox_center_px=(343.0, 666.2) | image_position=(0.268, 0.694) | bbox_margin=0.238
[INFO] [1790294300.571059703] [sage_viewpoint_planner]: PERSON OBSERVATION | confidence=0.610 | bbox_area_fraction=0.0065 | bbox_center_px=(343.0, 666.2) | image_position=(0.268, 0.694) | bbox_margin=0.238
[INFO] [1790294301.728427555] [sage_viewpoint_planner]: PERSON OBSERVATION | confidence=0.610 | bbox_area_fraction=0.0065 | bbox_center_px=(343.0, 666.2) | image_position=(0.268, 0.694) | bbox_margin=0.238
[INFO] [1790294302.935156340] [sage_viewpoint_planner]: PERSON OBSERVATION | confidence=0.610 | bbox_area_fraction=0.0065 | bbox_center_px=(343.0, 666.2) | image_position=(0.268, 0.694) | bbox_margin=0.238
[INFO] [1790294303.936788889] [sage_viewpoint_planner]: PERSON OBSERVATION | confidence=0.610 | bbox_area_fraction=0.0065 | bbox_center_px=(343.0, 666.2) | image_position=(0.268, 0.694) | bbox_margin=0.238
[INFO] [1790294305.125276756] [sage_viewpoint_planner]: PERSON OBSERVATION | confidence=0.610 | bbox_area_fraction=0.0065 | bbox_center_px=(343.0, 666.2) | image_position=(0.268, 0.694) | bbox_margin=0.238
[INFO] [1790294306.136205950] [sage_viewpoint_planner]: PERSON OBSERVATION | confidence=0.610 | bbox_area_fraction=0.0065 | bbox_center_px=(343.0, 666.2) | image_position=(0.268, 0.694) | bbox_margin=0.238
[INFO] [1790294307.292806383] [sage_viewpoint_planner]: PERSON OBSERVATION | confidence=0.610 | bbox_area_fraction=0.0065 | bbox_center_px=(343.0, 666.2) | image_position=(0.268, 0.694) | bbox_margin=0.238
[INFO] [1790294308.321304067] [sage_viewpoint_planner]: PERSON OBSERVATION | confidence=0.610 | bbox_area_fraction=0.0065 | bbox_center_px=(343.0, 666.2) | image_position=(0.268, 0.694) | bbox_margin=0.238
[INFO] [1790294309.363396005] [sage_viewpoint_planner]: PERSON OBSERVATION | confidence=0.610 | bbox_area_fraction=0.0065 | bbox_center_px=(343.0, 666.2) | image_position=(0.268, 0.694) | bbox_margin=0.238
[INFO] [1790294310.568486415] [sage_viewpoint_planner]: PERSON OBSERVATION | confidence=0.610 | bbox_area_fraction=0.0065 | bbox_center_px=(343.0, 666.2) | image_position=(0.268, 0.694) | bbox_margin=0.238
[INFO] [1790294311.576148268] [sage_viewpoint_planner]: PERSON OBSERVATION | confidence=0.610 | bbox_area_fraction=0.0065 | bbox_center_px=(343.0, 666.2) | image_position=(0.268, 0.694) | bbox_margin=0.238
[INFO] [1790294312.598036706] [sage_viewpoint_planner]: PERSON OBSERVATION | confidence=0.610 | bbox_area_fraction=0.0065 | bbox_center_px=(343.0, 666.2) | image_position=(0.268, 0.694) | bbox_margin=0.238
[INFO] [1790294313.689198288] [sage_viewpoint_planner]: PERSON OBSERVATION | confidence=0.610 | bbox_area_fraction=0.0065 | bbox_center_px=(343.0, 666.2) | image_position=(0.268, 0.694) | bbox_margin=0.238
[INFO] [1790294314.775379730] [sage_viewpoint_planner]: PERSON OBSERVATION | confidence=0.610 | bbox_area_fraction=0.0065 | bbox_center_px=(343.0, 666.2) | image_position=(0.268, 0.694) | bbox_margin=0.238
[INFO] [1790294316.013605115] [sage_viewpoint_planner]: PERSON OBSERVATION | confidence=0.610 | bbox_area_fraction=0.0065 | bbox_center_px=(343.0, 666.2) | image_position=(0.268, 0.694) | bbox_margin=0.238
[INFO] [1790294317.180049973] [sage_viewpoint_planner]: PERSON OBSERVATION | confidence=0.610 | bbox_area_fraction=0.0065 | bbox_center_px=(343.0, 666.2) | image_position=(0.268, 0.694) | bbox_margin=0.238
