[INFO] [1790221260.927552300] [sage_energy_monitor]: SAGE energy monitor started.
[INFO] [1790221260.930771591] [sage_energy_monitor]: Cruise speed 1.0 m/s | reserve 0.20
[INFO] [1790221261.826365201] [sage_energy_monitor]: ENERGY | remaining=98.7 % | voltage=16.17 V | drain_rate=n/a | home_distance=0.0 m | return_time=3 s | return_cost=n/a | margin_after_return=n/a
[INFO] [1790221262.822698956] [sage_energy_monitor]: ENERGY | remaining=98.6 % | voltage=16.17 V | drain_rate=n/a | home_distance=0.0 m | return_time=3 s | return_cost=n/a | margin_after_return=n/a
[INFO] [1790221263.822026223] [sage_energy_monitor]: ENERGY | remaining=98.5 % | voltage=16.17 V | drain_rate=n/a | home_distance=0.0 m | return_time=3 s | return_cost=n/a | margin_after_return=n/a
[INFO] [1790221264.822305629] [sage_energy_monitor]: ENERGY | remaining=98.4 % | voltage=16.17 V | drain_rate=n/a | home_distance=0.0 m | return_time=3 s | return_cost=n/a | margin_after_return=n/a
[INFO] [1790221265.823160497] [sage_energy_monitor]: ENERGY | remaining=98.3 % | voltage=16.17 V | drain_rate=n/a | home_distance=0.0 m | return_time=3 s | return_cost=n/a | margin_after_return=n/a
[INFO] [1790221266.822507440] [sage_energy_monitor]: ENERGY | remaining=98.3 % | voltage=16.17 V | drain_rate=0.078 %/s | home_distance=0.0 m | return_time=4 s | return_cost=0.3 % | margin_after_return=78.0 %
[INFO] [1790221267.823589990] [sage_energy_monitor]: ENERGY | remaining=98.2 % | voltage=16.17 V | drain_rate=0.077 %/s | home_distance=0.0 m | return_time=4 s | return_cost=0.3 % | margin_after_return=77.9 %
[INFO] [1790221268.824035798] [sage_energy_monitor]: ENERGY | remaining=98.1 % | voltage=16.16 V | drain_rate=0.076 %/s | home_distance=0.0 m | return_time=4 s | return_cost=0.3 % | margin_after_return=77.8 %
[INFO] [1790221269.822213565] [sage_energy_monitor]: ENERGY | remaining=98.1 % | voltage=16.16 V | drain_rate=0.075 %/s | home_distance=0.0 m | return_time=4 s | return_cost=0.3 % | margin_after_return=77.8 %
[INFO] [1790221270.823496291] [sage_energy_monitor]: ENERGY | remaining=98.0 % | voltage=16.16 V | drain_rate=0.074 %/s | home_distance=0.0 m | return_time=4 s | return_cost=0.3 % | margin_after_return=77.7 %
[INFO] [1790221271.823499019] [sage_energy_monitor]: ENERGY | remaining=97.9 % | voltage=16.16 V | drain_rate=0.073 %/s | home_distance=0.0 m | return_time=4 s | return_cost=0.3 % | margin_after_return=77.7 %
[INFO] [1790221272.828852175] [sage_energy_monitor]: ENERGY | remaining=97.9 % | voltage=16.16 V | drain_rate=0.072 %/s | home_distance=0.0 m | return_time=4 s | return_cost=0.3 % | margin_after_return=77.6 %
[INFO] [1790221273.822980149] [sage_energy_monitor]: ENERGY | remaining=97.8 % | voltage=16.16 V | drain_rate=0.071 %/s | home_distance=0.0 m | return_time=4 s | return_cost=0.3 % | margin_after_return=77.5 %
[INFO] [1790221274.822166474] [sage_energy_monitor]: ENERGY | remaining=97.7 % | voltage=16.16 V | drain_rate=0.071 %/s | home_distance=0.0 m | return_time=4 s | return_cost=0.3 % | margin_after_return=77.5 %
[INFO] [1790221275.824413374] [sage_energy_monitor]: ENERGY | remaining=97.7 % | voltage=16.16 V | drain_rate=0.070 %/s | home_distance=0.0 m | return_time=4 s | return_cost=0.3 % | margin_after_return=77.4 %
[INFO] [1790221276.824730414] [sage_energy_monitor]: ENERGY | remaining=97.6 % | voltage=16.16 V | drain_rate=0.069 %/s | home_distance=0.0 m | return_time=4 s | return_cost=0.3 % | margin_after_return=77.4 %
[INFO] [1790221277.825269256] [sage_energy_monitor]: ENERGY | remaining=97.6 % | voltage=16.15 V | drain_rate=0.069 %/s | home_distance=0.0 m | return_time=4 s | return_cost=0.3 % | margin_after_return=77.3 %
[INFO] [1790221278.826034364] [sage_energy_monitor]: ENERGY | remaining=97.5 % | voltage=16.15 V | drain_rate=0.068 %/s | home_distance=0.0 m | return_time=4 s | return_cost=0.3 % | margin_after_return=77.2 %
[INFO] [1790221279.823878215] [sage_energy_monitor]: ENERGY | remaining=97.5 % | voltage=16.15 V | drain_rate=0.067 %/s | home_distance=0.0 m | return_time=4 s | return_cost=0.3 % | margin_after_return=77.2 %
[INFO] [1790221280.827381380] [sage_energy_monitor]: ENERGY | remaining=97.4 % | voltage=16.15 V | drain_rate=0.067 %/s | home_distance=0.0 m | return_time=4 s | return_cost=0.3 % | margin_after_return=77.1 %
[INFO] [1790221281.822284202] [sage_energy_monitor]: ENERGY | remaining=97.3 % | voltage=16.15 V | drain_rate=0.066 %/s | home_distance=0.0 m | return_time=4 s | return_cost=0.3 % | margin_after_return=77.1 %
[INFO] [1790221282.823151791] [sage_energy_monitor]: ENERGY | remaining=97.3 % | voltage=16.15 V | drain_rate=0.065 %/s | home_distance=0.0 m | return_time=4 s | return_cost=0.3 % | margin_after_return=77.0 %
[INFO] [1790221283.822187009] [sage_energy_monitor]: ENERGY | remaining=97.3 % | voltage=16.15 V | drain_rate=0.064 %/s | home_distance=0.0 m | return_time=4 s | return_cost=0.3 % | margin_after_return=77.0 %
[INFO] [1790221284.822417077] [sage_energy_monitor]: ENERGY | remaining=97.2 % | voltage=16.15 V | drain_rate=0.063 %/s | home_distance=0.0 m | return_time=4 s | return_cost=0.2 % | margin_after_return=77.0 %
[INFO] [1790221285.829603927] [sage_energy_monitor]: ENERGY | remaining=97.2 % | voltage=16.15 V | drain_rate=0.062 %/s | home_distance=0.0 m | return_time=4 s | return_cost=0.2 % | margin_after_return=76.9 %
[INFO] [1790221286.829390965] [sage_energy_monitor]: ENERGY | remaining=97.1 % | voltage=16.15 V | drain_rate=0.062 %/s | home_distance=0.0 m | return_time=4 s | return_cost=0.2 % | margin_after_return=76.9 %
[INFO] [1790221287.824599663] [sage_energy_monitor]: ENERGY | remaining=97.1 % | voltage=16.15 V | drain_rate=0.062 %/s | home_distance=0.0 m | return_time=4 s | return_cost=0.2 % | margin_after_return=76.8 %
[INFO] [1790221288.822482169] [sage_energy_monitor]: ENERGY | remaining=97.0 % | voltage=16.14 V | drain_rate=0.062 %/s | home_distance=0.0 m | return_time=4 s | return_cost=0.2 % | margin_after_return=76.7 %
[INFO] [1790221289.822255022] [sage_energy_monitor]: ENERGY | remaining=96.9 % | voltage=16.14 V | drain_rate=0.062 %/s | home_distance=0.0 m | return_time=4 s | return_cost=0.2 % | margin_after_return=76.7 %
[INFO] [1790221290.827858489] [sage_energy_monitor]: ENERGY | remaining=96.9 % | voltage=16.14 V | drain_rate=0.062 %/s | home_distance=0.0 m | return_time=4 s | return_cost=0.2 % | margin_after_return=76.6 %
[INFO] [1790221291.825021590] [sage_energy_monitor]: ENERGY | remaining=96.8 % | voltage=16.14 V | drain_rate=0.062 %/s | home_distance=0.0 m | return_time=4 s | return_cost=0.2 % | margin_after_return=76.6 %
[INFO] [1790221292.823454855] [sage_energy_monitor]: ENERGY | remaining=96.7 % | voltage=16.14 V | drain_rate=0.061 %/s | home_distance=0.0 m | return_time=4 s | return_cost=0.2 % | margin_after_return=76.5 %
[INFO] [1790221293.826659640] [sage_energy_monitor]: ENERGY | remaining=96.7 % | voltage=16.14 V | drain_rate=0.061 %/s | home_distance=0.0 m | return_time=4 s | return_cost=0.2 % | margin_after_return=76.5 %
[INFO] [1790221294.822225175] [sage_energy_monitor]: ENERGY | remaining=96.6 % | voltage=16.14 V | drain_rate=0.060 %/s | home_distance=0.0 m | return_time=4 s | return_cost=0.2 % | margin_after_return=76.4 %
[INFO] [1790221295.822980778] [sage_energy_monitor]: ENERGY | remaining=96.6 % | voltage=16.14 V | drain_rate=0.059 %/s | home_distance=0.0 m | return_time=4 s | return_cost=0.2 % | margin_after_return=76.4 %
[INFO] [1790221296.827836088] [sage_energy_monitor]: ENERGY | remaining=96.5 % | voltage=16.14 V | drain_rate=0.058 %/s | home_distance=0.7 m | return_time=5 s | return_cost=0.3 % | margin_after_return=76.3 %
[INFO] [1790221297.827031477] [sage_energy_monitor]: ENERGY | remaining=96.5 % | voltage=16.14 V | drain_rate=0.058 %/s | home_distance=2.8 m | return_time=7 s | return_cost=0.4 % | margin_after_return=76.1 %
[INFO] [1790221298.828313800] [sage_energy_monitor]: ENERGY | remaining=96.4 % | voltage=16.13 V | drain_rate=0.057 %/s | home_distance=4.7 m | return_time=9 s | return_cost=0.5 % | margin_after_return=75.9 %
[INFO] [1790221299.822936891] [sage_energy_monitor]: ENERGY | remaining=96.4 % | voltage=16.13 V | drain_rate=0.057 %/s | home_distance=5.5 m | return_time=10 s | return_cost=0.5 % | margin_after_return=75.8 %
[INFO] [1790221300.827359235] [sage_energy_monitor]: ENERGY | remaining=96.3 % | voltage=16.13 V | drain_rate=0.056 %/s | home_distance=5.7 m | return_time=10 s | return_cost=0.6 % | margin_after_return=75.8 %
[INFO] [1790221301.824539865] [sage_energy_monitor]: ENERGY | remaining=96.2 % | voltage=16.13 V | drain_rate=0.056 %/s | home_distance=5.7 m | return_time=10 s | return_cost=0.6 % | margin_after_return=75.7 %
[INFO] [1790221302.826519831] [sage_energy_monitor]: ENERGY | remaining=96.2 % | voltage=16.13 V | drain_rate=0.056 %/s | home_distance=5.7 m | return_time=10 s | return_cost=0.6 % | margin_after_return=75.6 %
[INFO] [1790221303.824175676] [sage_energy_monitor]: ENERGY | remaining=96.1 % | voltage=16.13 V | drain_rate=0.056 %/s | home_distance=6.1 m | return_time=10 s | return_cost=0.6 % | margin_after_return=75.6 %
[INFO] [1790221304.833731648] [sage_energy_monitor]: ENERGY | remaining=96.1 % | voltage=16.13 V | drain_rate=0.056 %/s | home_distance=7.0 m | return_time=11 s | return_cost=0.6 % | margin_after_return=75.5 %
[INFO] [1790221305.824209216] [sage_energy_monitor]: ENERGY | remaining=96.0 % | voltage=16.13 V | drain_rate=0.055 %/s | home_distance=8.1 m | return_time=12 s | return_cost=0.7 % | margin_after_return=75.3 %
[INFO] [1790221306.823430557] [sage_energy_monitor]: ENERGY | remaining=96.0 % | voltage=16.13 V | drain_rate=0.056 %/s | home_distance=9.6 m | return_time=14 s | return_cost=0.8 % | margin_after_return=75.2 %
[INFO] [1790221307.824287736] [sage_energy_monitor]: ENERGY | remaining=95.9 % | voltage=16.12 V | drain_rate=0.056 %/s | home_distance=10.7 m | return_time=15 s | return_cost=0.8 % | margin_after_return=75.1 %
[INFO] [1790221308.823002902] [sage_energy_monitor]: ENERGY | remaining=95.8 % | voltage=16.12 V | drain_rate=0.055 %/s | home_distance=11.2 m | return_time=15 s | return_cost=0.8 % | margin_after_return=75.0 %
[INFO] [1790221309.825980904] [sage_energy_monitor]: ENERGY | remaining=95.8 % | voltage=16.12 V | drain_rate=0.055 %/s | home_distance=11.9 m | return_time=16 s | return_cost=0.9 % | margin_after_return=74.9 %
[INFO] [1790221310.825034367] [sage_energy_monitor]: ENERGY | remaining=95.7 % | voltage=16.12 V | drain_rate=0.055 %/s | home_distance=12.7 m | return_time=17 s | return_cost=0.9 % | margin_after_return=74.8 %
[INFO] [1790221311.823250570] [sage_energy_monitor]: ENERGY | remaining=95.7 % | voltage=16.12 V | drain_rate=0.056 %/s | home_distance=13.0 m | return_time=17 s | return_cost=0.9 % | margin_after_return=74.7 %
[INFO] [1790221312.823427137] [sage_energy_monitor]: ENERGY | remaining=95.6 % | voltage=16.12 V | drain_rate=0.056 %/s | home_distance=13.1 m | return_time=17 s | return_cost=1.0 % | margin_after_return=74.7 %
[INFO] [1790221313.823638906] [sage_energy_monitor]: ENERGY | remaining=95.6 % | voltage=16.12 V | drain_rate=0.057 %/s | home_distance=12.9 m | return_time=17 s | return_cost=1.0 % | margin_after_return=74.6 %
[INFO] [1790221314.824861411] [sage_energy_monitor]: ENERGY | remaining=95.5 % | voltage=16.12 V | drain_rate=0.057 %/s | home_distance=11.8 m | return_time=16 s | return_cost=0.9 % | margin_after_return=74.6 %
[INFO] [1790221315.824273156] [sage_energy_monitor]: ENERGY | remaining=95.5 % | voltage=16.12 V | drain_rate=0.057 %/s | home_distance=10.5 m | return_time=15 s | return_cost=0.8 % | margin_after_return=74.6 %
[INFO] [1790221316.824640387] [sage_energy_monitor]: ENERGY | remaining=95.4 % | voltage=16.12 V | drain_rate=0.057 %/s | home_distance=9.3 m | return_time=13 s | return_cost=0.8 % | margin_after_return=74.6 %
[INFO] [1790221317.833582979] [sage_energy_monitor]: ENERGY | remaining=95.3 % | voltage=16.11 V | drain_rate=0.057 %/s | home_distance=8.4 m | return_time=12 s | return_cost=0.7 % | margin_after_return=74.6 %
[INFO] [1790221318.824823575] [sage_energy_monitor]: ENERGY | remaining=95.3 % | voltage=16.11 V | drain_rate=0.057 %/s | home_distance=7.8 m | return_time=12 s | return_cost=0.7 % | margin_after_return=74.6 %
[INFO] [1790221319.835882860] [sage_energy_monitor]: ENERGY | remaining=95.2 % | voltage=16.11 V | drain_rate=0.057 %/s | home_distance=7.6 m | return_time=12 s | return_cost=0.7 % | margin_after_return=74.6 %
[INFO] [1790221320.827747163] [sage_energy_monitor]: ENERGY | remaining=95.2 % | voltage=16.11 V | drain_rate=0.057 %/s | home_distance=8.0 m | return_time=12 s | return_cost=0.7 % | margin_after_return=74.5 %
[INFO] [1790221321.827885851] [sage_energy_monitor]: ENERGY | remaining=95.1 % | voltage=16.11 V | drain_rate=0.056 %/s | home_distance=8.4 m | return_time=12 s | return_cost=0.7 % | margin_after_return=74.4 %
[INFO] [1790221322.831228990] [sage_energy_monitor]: ENERGY | remaining=95.1 % | voltage=16.11 V | drain_rate=0.056 %/s | home_distance=8.5 m | return_time=12 s | return_cost=0.7 % | margin_after_return=74.4 %
[INFO] [1790221323.824958288] [sage_energy_monitor]: ENERGY | remaining=95.0 % | voltage=16.11 V | drain_rate=0.056 %/s | home_distance=8.5 m | return_time=12 s | return_cost=0.7 % | margin_after_return=74.3 %
[INFO] [1790221324.823364345] [sage_energy_monitor]: ENERGY | remaining=94.9 % | voltage=16.11 V | drain_rate=0.057 %/s | home_distance=8.5 m | return_time=12 s | return_cost=0.7 % | margin_after_return=74.2 %
[INFO] [1790221325.828804776] [sage_energy_monitor]: ENERGY | remaining=94.9 % | voltage=16.11 V | drain_rate=0.057 %/s | home_distance=8.6 m | return_time=12 s | return_cost=0.7 % | margin_after_return=74.2 %
[INFO] [1790221326.823030268] [sage_energy_monitor]: ENERGY | remaining=94.8 % | voltage=16.11 V | drain_rate=0.057 %/s | home_distance=8.6 m | return_time=12 s | return_cost=0.7 % | margin_after_return=74.1 %
[INFO] [1790221327.828354790] [sage_energy_monitor]: ENERGY | remaining=94.8 % | voltage=16.10 V | drain_rate=0.057 %/s | home_distance=8.6 m | return_time=12 s | return_cost=0.7 % | margin_after_return=74.1 %
[INFO] [1790221328.831415031] [sage_energy_monitor]: ENERGY | remaining=94.7 % | voltage=16.10 V | drain_rate=0.057 %/s | home_distance=8.4 m | return_time=12 s | return_cost=0.7 % | margin_after_return=74.0 %
[INFO] [1790221329.824766584] [sage_energy_monitor]: ENERGY | remaining=94.7 % | voltage=16.10 V | drain_rate=0.057 %/s | home_distance=7.6 m | return_time=11 s | return_cost=0.6 % | margin_after_return=74.0 %
[INFO] [1790221330.828371280] [sage_energy_monitor]: ENERGY | remaining=94.6 % | voltage=16.10 V | drain_rate=0.057 %/s | home_distance=6.9 m | return_time=11 s | return_cost=0.6 % | margin_after_return=74.0 %
[INFO] [1790221331.824553236] [sage_energy_monitor]: ENERGY | remaining=94.5 % | voltage=16.10 V | drain_rate=0.057 %/s | home_distance=6.6 m | return_time=10 s | return_cost=0.6 % | margin_after_return=74.0 %
[INFO] [1790221332.827484351] [sage_energy_monitor]: ENERGY | remaining=94.5 % | voltage=16.10 V | drain_rate=0.057 %/s | home_distance=6.8 m | return_time=11 s | return_cost=0.6 % | margin_after_return=73.9 %
[INFO] [1790221333.825797664] [sage_energy_monitor]: ENERGY | remaining=94.4 % | voltage=16.10 V | drain_rate=0.057 %/s | home_distance=7.5 m | return_time=11 s | return_cost=0.6 % | margin_after_return=73.8 %
[INFO] [1790221334.827187969] [sage_energy_monitor]: ENERGY | remaining=94.4 % | voltage=16.10 V | drain_rate=0.057 %/s | home_distance=8.4 m | return_time=12 s | return_cost=0.7 % | margin_after_return=73.7 %
[INFO] [1790221335.823334758] [sage_energy_monitor]: ENERGY | remaining=94.3 % | voltage=16.10 V | drain_rate=0.056 %/s | home_distance=8.9 m | return_time=13 s | return_cost=0.7 % | margin_after_return=73.6 %
[INFO] [1790221336.823887419] [sage_energy_monitor]: ENERGY | remaining=94.3 % | voltage=16.10 V | drain_rate=0.056 %/s | home_distance=8.5 m | return_time=12 s | return_cost=0.7 % | margin_after_return=73.6 %
[INFO] [1790221337.824205294] [sage_energy_monitor]: ENERGY | remaining=94.2 % | voltage=16.09 V | drain_rate=0.056 %/s | home_distance=6.8 m | return_time=11 s | return_cost=0.6 % | margin_after_return=73.6 %
[INFO] [1790221338.822849636] [sage_energy_monitor]: ENERGY | remaining=94.2 % | voltage=16.09 V | drain_rate=0.056 %/s | home_distance=5.3 m | return_time=9 s | return_cost=0.5 % | margin_after_return=73.6 %
[INFO] [1790221339.826629250] [sage_energy_monitor]: ENERGY | remaining=94.1 % | voltage=16.09 V | drain_rate=0.056 %/s | home_distance=4.8 m | return_time=9 s | return_cost=0.5 % | margin_after_return=73.6 %
[INFO] [1790221340.833545354] [sage_energy_monitor]: ENERGY | remaining=94.0 % | voltage=16.09 V | drain_rate=0.056 %/s | home_distance=4.8 m | return_time=9 s | return_cost=0.5 % | margin_after_return=73.5 %
[INFO] [1790221341.822803039] [sage_energy_monitor]: ENERGY | remaining=94.0 % | voltage=16.09 V | drain_rate=0.056 %/s | home_distance=5.6 m | return_time=10 s | return_cost=0.6 % | margin_after_return=73.4 %
[INFO] [1790221342.822320758] [sage_energy_monitor]: ENERGY | remaining=93.9 % | voltage=16.09 V | drain_rate=0.056 %/s | home_distance=6.6 m | return_time=11 s | return_cost=0.6 % | margin_after_return=73.3 %
[INFO] [1790221343.822862515] [sage_energy_monitor]: ENERGY | remaining=93.9 % | voltage=16.09 V | drain_rate=0.056 %/s | home_distance=7.0 m | return_time=11 s | return_cost=0.6 % | margin_after_return=73.2 %
[INFO] [1790221344.829162143] [sage_energy_monitor]: ENERGY | remaining=93.8 % | voltage=16.09 V | drain_rate=0.056 %/s | home_distance=6.9 m | return_time=11 s | return_cost=0.6 % | margin_after_return=73.2 %
[INFO] [1790221345.823898965] [sage_energy_monitor]: ENERGY | remaining=93.8 % | voltage=16.09 V | drain_rate=0.056 %/s | home_distance=5.5 m | return_time=10 s | return_cost=0.6 % | margin_after_return=73.2 %
[INFO] [1790221346.823232992] [sage_energy_monitor]: ENERGY | remaining=93.7 % | voltage=16.09 V | drain_rate=0.056 %/s | home_distance=4.1 m | return_time=8 s | return_cost=0.5 % | margin_after_return=73.2 %
[INFO] [1790221347.824958796] [sage_energy_monitor]: ENERGY | remaining=93.7 % | voltage=16.08 V | drain_rate=0.056 %/s | home_distance=3.4 m | return_time=8 s | return_cost=0.4 % | margin_after_return=73.2 %
[INFO] [1790221348.827067075] [sage_energy_monitor]: ENERGY | remaining=93.6 % | voltage=16.08 V | drain_rate=0.057 %/s | home_distance=3.9 m | return_time=8 s | return_cost=0.5 % | margin_after_return=73.1 %
[INFO] [1790221349.831685729] [sage_energy_monitor]: ENERGY | remaining=93.5 % | voltage=16.08 V | drain_rate=0.057 %/s | home_distance=5.1 m | return_time=9 s | return_cost=0.5 % | margin_after_return=73.0 %
[INFO] [1790221350.825887688] [sage_energy_monitor]: ENERGY | remaining=93.5 % | voltage=16.08 V | drain_rate=0.057 %/s | home_distance=6.8 m | return_time=11 s | return_cost=0.6 % | margin_after_return=72.9 %
[INFO] [1790221351.822939331] [sage_energy_monitor]: ENERGY | remaining=93.4 % | voltage=16.08 V | drain_rate=0.057 %/s | home_distance=8.2 m | return_time=12 s | return_cost=0.7 % | margin_after_return=72.7 %
[INFO] [1790221352.830908265] [sage_energy_monitor]: ENERGY | remaining=93.4 % | voltage=16.08 V | drain_rate=0.057 %/s | home_distance=8.8 m | return_time=13 s | return_cost=0.7 % | margin_after_return=72.6 %
[INFO] [1790221353.822533639] [sage_energy_monitor]: ENERGY | remaining=93.3 % | voltage=16.08 V | drain_rate=0.057 %/s | home_distance=8.8 m | return_time=13 s | return_cost=0.7 % | margin_after_return=72.6 %
[INFO] [1790221354.823447610] [sage_energy_monitor]: ENERGY | remaining=93.2 % | voltage=16.08 V | drain_rate=0.057 %/s | home_distance=8.8 m | return_time=13 s | return_cost=0.7 % | margin_after_return=72.5 %
[INFO] [1790221355.825036647] [sage_energy_monitor]: ENERGY | remaining=93.2 % | voltage=16.08 V | drain_rate=0.057 %/s | home_distance=8.7 m | return_time=13 s | return_cost=0.7 % | margin_after_return=72.5 %
[INFO] [1790221356.823608210] [sage_energy_monitor]: ENERGY | remaining=93.1 % | voltage=16.07 V | drain_rate=0.057 %/s | home_distance=8.6 m | return_time=13 s | return_cost=0.7 % | margin_after_return=72.4 %
[INFO] [1790221357.829365929] [sage_energy_monitor]: ENERGY | remaining=93.1 % | voltage=16.07 V | drain_rate=0.057 %/s | home_distance=8.5 m | return_time=13 s | return_cost=0.7 % | margin_after_return=72.4 %
[INFO] [1790221358.824158588] [sage_energy_monitor]: ENERGY | remaining=93.0 % | voltage=16.07 V | drain_rate=0.057 %/s | home_distance=8.5 m | return_time=13 s | return_cost=0.7 % | margin_after_return=72.3 %
[INFO] [1790221359.826849417] [sage_energy_monitor]: ENERGY | remaining=93.0 % | voltage=16.07 V | drain_rate=0.057 %/s | home_distance=8.5 m | return_time=13 s | return_cost=0.7 % | margin_after_return=72.2 %
[INFO] [1790221360.826617075] [sage_energy_monitor]: ENERGY | remaining=92.9 % | voltage=16.07 V | drain_rate=0.057 %/s | home_distance=8.4 m | return_time=12 s | return_cost=0.7 % | margin_after_return=72.2 %
[INFO] [1790221361.824583918] [sage_energy_monitor]: ENERGY | remaining=92.8 % | voltage=16.07 V | drain_rate=0.057 %/s | home_distance=7.7 m | return_time=11 s | return_cost=0.6 % | margin_after_return=72.2 %
[INFO] [1790221362.826604158] [sage_energy_monitor]: ENERGY | remaining=92.8 % | voltage=16.07 V | drain_rate=0.057 %/s | home_distance=6.7 m | return_time=11 s | return_cost=0.6 % | margin_after_return=72.2 %
[INFO] [1790221363.826761547] [sage_energy_monitor]: ENERGY | remaining=92.7 % | voltage=16.07 V | drain_rate=0.057 %/s | home_distance=6.1 m | return_time=10 s | return_cost=0.6 % | margin_after_return=72.1 %
[INFO] [1790221364.827053724] [sage_energy_monitor]: ENERGY | remaining=92.7 % | voltage=16.07 V | drain_rate=0.057 %/s | home_distance=6.0 m | return_time=10 s | return_cost=0.6 % | margin_after_return=72.1 %
[INFO] [1790221365.825371390] [sage_energy_monitor]: ENERGY | remaining=92.6 % | voltage=16.07 V | drain_rate=0.057 %/s | home_distance=6.0 m | return_time=10 s | return_cost=0.6 % | margin_after_return=72.0 %
[INFO] [1790221366.826124882] [sage_energy_monitor]: ENERGY | remaining=92.6 % | voltage=16.06 V | drain_rate=0.057 %/s | home_distance=6.0 m | return_time=10 s | return_cost=0.6 % | margin_after_return=72.0 %
[INFO] [1790221367.822921764] [sage_energy_monitor]: ENERGY | remaining=92.5 % | voltage=16.06 V | drain_rate=0.057 %/s | home_distance=6.4 m | return_time=10 s | return_cost=0.6 % | margin_after_return=71.9 %
[INFO] [1790221368.824121747] [sage_energy_monitor]: ENERGY | remaining=92.4 % | voltage=16.06 V | drain_rate=0.057 %/s | home_distance=7.7 m | return_time=11 s | return_cost=0.6 % | margin_after_return=71.8 %
[INFO] [1790221369.824154392] [sage_energy_monitor]: ENERGY | remaining=92.4 % | voltage=16.06 V | drain_rate=0.057 %/s | home_distance=8.6 m | return_time=13 s | return_cost=0.7 % | margin_after_return=71.7 %
[INFO] [1790221370.827376963] [sage_energy_monitor]: ENERGY | remaining=92.3 % | voltage=16.06 V | drain_rate=0.057 %/s | home_distance=9.0 m | return_time=13 s | return_cost=0.7 % | margin_after_return=71.6 %
[INFO] [1790221371.822157816] [sage_energy_monitor]: ENERGY | remaining=92.3 % | voltage=16.06 V | drain_rate=0.057 %/s | home_distance=8.2 m | return_time=12 s | return_cost=0.7 % | margin_after_return=71.6 %
[INFO] [1790221372.830849860] [sage_energy_monitor]: ENERGY | remaining=92.2 % | voltage=16.06 V | drain_rate=0.057 %/s | home_distance=7.0 m | return_time=11 s | return_cost=0.6 % | margin_after_return=71.6 %
[INFO] [1790221373.824969577] [sage_energy_monitor]: ENERGY | remaining=92.2 % | voltage=16.06 V | drain_rate=0.057 %/s | home_distance=6.4 m | return_time=10 s | return_cost=0.6 % | margin_after_return=71.6 %
[INFO] [1790221374.828482416] [sage_energy_monitor]: ENERGY | remaining=92.1 % | voltage=16.06 V | drain_rate=0.058 %/s | home_distance=6.2 m | return_time=10 s | return_cost=0.6 % | margin_after_return=71.5 %
[INFO] [1790221375.825253159] [sage_energy_monitor]: ENERGY | remaining=92.0 % | voltage=16.06 V | drain_rate=0.057 %/s | home_distance=5.9 m | return_time=10 s | return_cost=0.6 % | margin_after_return=71.5 %
[INFO] [1790221376.827311884] [sage_energy_monitor]: ENERGY | remaining=92.0 % | voltage=16.05 V | drain_rate=0.057 %/s | home_distance=5.9 m | return_time=10 s | return_cost=0.6 % | margin_after_return=71.4 %
[INFO] [1790221377.825403862] [sage_energy_monitor]: ENERGY | remaining=91.9 % | voltage=16.05 V | drain_rate=0.057 %/s | home_distance=6.0 m | return_time=10 s | return_cost=0.6 % | margin_after_return=71.4 %
[INFO] [1790221378.828577271] [sage_energy_monitor]: ENERGY | remaining=91.9 % | voltage=16.05 V | drain_rate=0.057 %/s | home_distance=6.0 m | return_time=10 s | return_cost=0.6 % | margin_after_return=71.3 %
[INFO] [1790221379.826478970] [sage_energy_monitor]: ENERGY | remaining=91.8 % | voltage=16.05 V | drain_rate=0.057 %/s | home_distance=5.9 m | return_time=10 s | return_cost=0.6 % | margin_after_return=71.2 %
[INFO] [1790221380.829837986] [sage_energy_monitor]: ENERGY | remaining=91.8 % | voltage=16.05 V | drain_rate=0.057 %/s | home_distance=5.8 m | return_time=10 s | return_cost=0.6 % | margin_after_return=71.2 %
[INFO] [1790221381.824193405] [sage_energy_monitor]: ENERGY | remaining=91.7 % | voltage=16.05 V | drain_rate=0.057 %/s | home_distance=5.9 m | return_time=10 s | return_cost=0.6 % | margin_after_return=71.1 %
[INFO] [1790221382.826044314] [sage_energy_monitor]: ENERGY | remaining=91.7 % | voltage=16.05 V | drain_rate=0.057 %/s | home_distance=5.9 m | return_time=10 s | return_cost=0.6 % | margin_after_return=71.1 %
[INFO] [1790221383.823209309] [sage_energy_monitor]: ENERGY | remaining=91.6 % | voltage=16.05 V | drain_rate=0.057 %/s | home_distance=5.9 m | return_time=10 s | return_cost=0.6 % | margin_after_return=71.0 %
[INFO] [1790221384.824455786] [sage_energy_monitor]: ENERGY | remaining=91.5 % | voltage=16.05 V | drain_rate=0.057 %/s | home_distance=5.9 m | return_time=10 s | return_cost=0.6 % | margin_after_return=71.0 %
[INFO] [1790221385.822524033] [sage_energy_monitor]: ENERGY | remaining=91.5 % | voltage=16.05 V | drain_rate=0.057 %/s | home_distance=6.0 m | return_time=10 s | return_cost=0.6 % | margin_after_return=70.9 %
[INFO] [1790221386.823443964] [sage_energy_monitor]: ENERGY | remaining=91.4 % | voltage=16.04 V | drain_rate=0.057 %/s | home_distance=6.0 m | return_time=10 s | return_cost=0.6 % | margin_after_return=70.9 %
[INFO] [1790221387.823432737] [sage_energy_monitor]: ENERGY | remaining=91.4 % | voltage=16.04 V | drain_rate=0.057 %/s | home_distance=6.2 m | return_time=10 s | return_cost=0.6 % | margin_after_return=70.8 %
[INFO] [1790221388.825308131] [sage_energy_monitor]: ENERGY | remaining=91.3 % | voltage=16.04 V | drain_rate=0.057 %/s | home_distance=6.7 m | return_time=11 s | return_cost=0.6 % | margin_after_return=70.7 %
[INFO] [1790221389.823145489] [sage_energy_monitor]: ENERGY | remaining=91.3 % | voltage=16.04 V | drain_rate=0.057 %/s | home_distance=7.7 m | return_time=12 s | return_cost=0.7 % | margin_after_return=70.6 %
[INFO] [1790221390.822562532] [sage_energy_monitor]: ENERGY | remaining=91.2 % | voltage=16.04 V | drain_rate=0.057 %/s | home_distance=8.3 m | return_time=12 s | return_cost=0.7 % | margin_after_return=70.5 %
[INFO] [1790221391.824438580] [sage_energy_monitor]: ENERGY | remaining=91.1 % | voltage=16.04 V | drain_rate=0.057 %/s | home_distance=8.5 m | return_time=13 s | return_cost=0.7 % | margin_after_return=70.4 %
[INFO] [1790221392.829841612] [sage_energy_monitor]: ENERGY | remaining=91.1 % | voltage=16.04 V | drain_rate=0.057 %/s | home_distance=8.5 m | return_time=13 s | return_cost=0.7 % | margin_after_return=70.4 %
[INFO] [1790221393.824277318] [sage_energy_monitor]: ENERGY | remaining=91.0 % | voltage=16.04 V | drain_rate=0.057 %/s | home_distance=8.5 m | return_time=13 s | return_cost=0.7 % | margin_after_return=70.3 %
[INFO] [1790221394.825137672] [sage_energy_monitor]: ENERGY | remaining=91.0 % | voltage=16.04 V | drain_rate=0.057 %/s | home_distance=8.4 m | return_time=13 s | return_cost=0.7 % | margin_after_return=70.3 %
[INFO] [1790221395.822999423] [sage_energy_monitor]: ENERGY | remaining=90.9 % | voltage=16.04 V | drain_rate=0.057 %/s | home_distance=8.4 m | return_time=13 s | return_cost=0.7 % | margin_after_return=70.2 %
[INFO] [1790221396.822598126] [sage_energy_monitor]: ENERGY | remaining=90.9 % | voltage=16.03 V | drain_rate=0.057 %/s | home_distance=8.4 m | return_time=13 s | return_cost=0.7 % | margin_after_return=70.1 %
[INFO] [1790221397.827741318] [sage_energy_monitor]: ENERGY | remaining=90.8 % | voltage=16.03 V | drain_rate=0.057 %/s | home_distance=8.5 m | return_time=13 s | return_cost=0.7 % | margin_after_return=70.1 %
[INFO] [1790221398.825878444] [sage_energy_monitor]: ENERGY | remaining=90.7 % | voltage=16.03 V | drain_rate=0.056 %/s | home_distance=8.0 m | return_time=12 s | return_cost=0.7 % | margin_after_return=70.1 %
[INFO] [1790221399.830875950] [sage_energy_monitor]: ENERGY | remaining=90.7 % | voltage=16.03 V | drain_rate=0.056 %/s | home_distance=6.5 m | return_time=11 s | return_cost=0.6 % | margin_after_return=70.1 %
[INFO] [1790221400.824388113] [sage_energy_monitor]: ENERGY | remaining=90.6 % | voltage=16.03 V | drain_rate=0.056 %/s | home_distance=4.9 m | return_time=9 s | return_cost=0.5 % | margin_after_return=70.1 %
[INFO] [1790221401.824479075] [sage_energy_monitor]: ENERGY | remaining=90.6 % | voltage=16.03 V | drain_rate=0.056 %/s | home_distance=3.6 m | return_time=8 s | return_cost=0.4 % | margin_after_return=70.2 %
[INFO] [1790221402.823364080] [sage_energy_monitor]: ENERGY | remaining=90.5 % | voltage=16.03 V | drain_rate=0.056 %/s | home_distance=3.3 m | return_time=7 s | return_cost=0.4 % | margin_after_return=70.1 %
[INFO] [1790221403.824138947] [sage_energy_monitor]: ENERGY | remaining=90.5 % | voltage=16.03 V | drain_rate=0.056 %/s | home_distance=4.0 m | return_time=8 s | return_cost=0.5 % | margin_after_return=70.0 %
[INFO] [1790221404.826145289] [sage_energy_monitor]: ENERGY | remaining=90.4 % | voltage=16.03 V | drain_rate=0.056 %/s | home_distance=5.3 m | return_time=9 s | return_cost=0.5 % | margin_after_return=69.9 %
[INFO] [1790221405.822695364] [sage_energy_monitor]: ENERGY | remaining=90.4 % | voltage=16.03 V | drain_rate=0.056 %/s | home_distance=6.8 m | return_time=11 s | return_cost=0.6 % | margin_after_return=69.8 %
[INFO] [1790221406.824297169] [sage_energy_monitor]: ENERGY | remaining=90.3 % | voltage=16.02 V | drain_rate=0.056 %/s | home_distance=7.9 m | return_time=12 s | return_cost=0.7 % | margin_after_return=69.6 %
[INFO] [1790221407.822979604] [sage_energy_monitor]: ENERGY | remaining=90.2 % | voltage=16.02 V | drain_rate=0.056 %/s | home_distance=8.2 m | return_time=12 s | return_cost=0.7 % | margin_after_return=69.6 %
[INFO] [1790221408.834419996] [sage_energy_monitor]: ENERGY | remaining=90.2 % | voltage=16.02 V | drain_rate=0.056 %/s | home_distance=7.6 m | return_time=12 s | return_cost=0.7 % | margin_after_return=69.5 %
[INFO] [1790221409.822934497] [sage_energy_monitor]: ENERGY | remaining=90.1 % | voltage=16.02 V | drain_rate=0.056 %/s | home_distance=7.2 m | return_time=11 s | return_cost=0.6 % | margin_after_return=69.5 %
[INFO] [1790221410.822737413] [sage_energy_monitor]: ENERGY | remaining=90.1 % | voltage=16.02 V | drain_rate=0.056 %/s | home_distance=7.0 m | return_time=11 s | return_cost=0.6 % | margin_after_return=69.5 %
[INFO] [1790221411.822727284] [sage_energy_monitor]: ENERGY | remaining=90.0 % | voltage=16.02 V | drain_rate=0.056 %/s | home_distance=7.0 m | return_time=11 s | return_cost=0.6 % | margin_after_return=69.4 %
[INFO] [1790221412.825207120] [sage_energy_monitor]: ENERGY | remaining=90.0 % | voltage=16.02 V | drain_rate=0.056 %/s | home_distance=6.4 m | return_time=10 s | return_cost=0.6 % | margin_after_return=69.4 %
[INFO] [1790221413.822758758] [sage_energy_monitor]: ENERGY | remaining=89.9 % | voltage=16.02 V | drain_rate=0.056 %/s | home_distance=5.7 m | return_time=10 s | return_cost=0.5 % | margin_after_return=69.4 %
[INFO] [1790221414.829527383] [sage_energy_monitor]: ENERGY | remaining=89.9 % | voltage=16.02 V | drain_rate=0.056 %/s | home_distance=4.6 m | return_time=9 s | return_cost=0.5 % | margin_after_return=69.4 %
[INFO] [1790221415.823978936] [sage_energy_monitor]: ENERGY | remaining=89.8 % | voltage=16.01 V | drain_rate=0.056 %/s | home_distance=3.0 m | return_time=7 s | return_cost=0.4 % | margin_after_return=69.4 %
[INFO] [1790221416.823539365] [sage_energy_monitor]: ENERGY | remaining=89.7 % | voltage=16.01 V | drain_rate=0.056 %/s | home_distance=1.6 m | return_time=6 s | return_cost=0.3 % | margin_after_return=69.4 %
[INFO] [1790221417.823794259] [sage_energy_monitor]: ENERGY | remaining=89.7 % | voltage=16.01 V | drain_rate=0.056 %/s | home_distance=1.5 m | return_time=6 s | return_cost=0.3 % | margin_after_return=69.4 %
[INFO] [1790221418.823954933] [sage_energy_monitor]: ENERGY | remaining=89.6 % | voltage=16.01 V | drain_rate=0.056 %/s | home_distance=2.9 m | return_time=7 s | return_cost=0.4 % | margin_after_return=69.2 %
[INFO] [1790221419.825847881] [sage_energy_monitor]: ENERGY | remaining=89.6 % | voltage=16.01 V | drain_rate=0.056 %/s | home_distance=4.8 m | return_time=9 s | return_cost=0.5 % | margin_after_return=69.1 %
[INFO] [1790221420.824015366] [sage_energy_monitor]: ENERGY | remaining=89.5 % | voltage=16.01 V | drain_rate=0.056 %/s | home_distance=6.7 m | return_time=11 s | return_cost=0.6 % | margin_after_return=68.9 %
[INFO] [1790221421.825744383] [sage_energy_monitor]: ENERGY | remaining=89.5 % | voltage=16.01 V | drain_rate=0.056 %/s | home_distance=8.0 m | return_time=12 s | return_cost=0.7 % | margin_after_return=68.8 %
[INFO] [1790221422.825309035] [sage_energy_monitor]: ENERGY | remaining=89.4 % | voltage=16.01 V | drain_rate=0.055 %/s | home_distance=8.6 m | return_time=13 s | return_cost=0.7 % | margin_after_return=68.7 %
[INFO] [1790221423.824044090] [sage_energy_monitor]: ENERGY | remaining=89.4 % | voltage=16.01 V | drain_rate=0.055 %/s | home_distance=8.8 m | return_time=13 s | return_cost=0.7 % | margin_after_return=68.7 %
[INFO] [1790221424.825752375] [sage_energy_monitor]: ENERGY | remaining=89.3 % | voltage=16.01 V | drain_rate=0.055 %/s | home_distance=8.7 m | return_time=13 s | return_cost=0.7 % | margin_after_return=68.6 %
[INFO] [1790221425.829780184] [sage_energy_monitor]: ENERGY | remaining=89.2 % | voltage=16.00 V | drain_rate=0.056 %/s | home_distance=8.7 m | return_time=13 s | return_cost=0.7 % | margin_after_return=68.5 %
[INFO] [1790221426.823871687] [sage_energy_monitor]: ENERGY | remaining=89.2 % | voltage=16.00 V | drain_rate=0.056 %/s | home_distance=8.6 m | return_time=13 s | return_cost=0.7 % | margin_after_return=68.5 %
[INFO] [1790221427.823023517] [sage_energy_monitor]: ENERGY | remaining=89.1 % | voltage=16.00 V | drain_rate=0.056 %/s | home_distance=8.6 m | return_time=13 s | return_cost=0.7 % | margin_after_return=68.4 %
[INFO] [1790221428.824800865] [sage_energy_monitor]: ENERGY | remaining=89.1 % | voltage=16.00 V | drain_rate=0.056 %/s | home_distance=8.5 m | return_time=13 s | return_cost=0.7 % | margin_after_return=68.4 %
[INFO] [1790221429.823847678] [sage_energy_monitor]: ENERGY | remaining=89.0 % | voltage=16.00 V | drain_rate=0.056 %/s | home_distance=8.5 m | return_time=13 s | return_cost=0.7 % | margin_after_return=68.3 %
[INFO] [1790221430.822727612] [sage_energy_monitor]: ENERGY | remaining=89.0 % | voltage=16.00 V | drain_rate=0.056 %/s | home_distance=8.5 m | return_time=13 s | return_cost=0.7 % | margin_after_return=68.3 %
[INFO] [1790221431.823110337] [sage_energy_monitor]: ENERGY | remaining=88.9 % | voltage=16.00 V | drain_rate=0.056 %/s | home_distance=7.9 m | return_time=12 s | return_cost=0.7 % | margin_after_return=68.3 %
[INFO] [1790221432.827186851] [sage_energy_monitor]: ENERGY | remaining=88.8 % | voltage=16.00 V | drain_rate=0.056 %/s | home_distance=6.9 m | return_time=11 s | return_cost=0.6 % | margin_after_return=68.2 %
[INFO] [1790221433.823208565] [sage_energy_monitor]: ENERGY | remaining=88.8 % | voltage=16.00 V | drain_rate=0.056 %/s | home_distance=6.3 m | return_time=11 s | return_cost=0.6 % | margin_after_return=68.2 %
[INFO] [1790221434.828324456] [sage_energy_monitor]: ENERGY | remaining=88.7 % | voltage=16.00 V | drain_rate=0.056 %/s | home_distance=6.1 m | return_time=10 s | return_cost=0.6 % | margin_after_return=68.2 %
[INFO] [1790221435.831028041] [sage_energy_monitor]: ENERGY | remaining=88.7 % | voltage=15.99 V | drain_rate=0.056 %/s | home_distance=6.0 m | return_time=10 s | return_cost=0.6 % | margin_after_return=68.1 %
[INFO] [1790221436.823534294] [sage_energy_monitor]: ENERGY | remaining=88.6 % | voltage=15.99 V | drain_rate=0.056 %/s | home_distance=6.1 m | return_time=10 s | return_cost=0.6 % | margin_after_return=68.1 %
[INFO] [1790221437.827401455] [sage_energy_monitor]: ENERGY | remaining=88.6 % | voltage=15.99 V | drain_rate=0.056 %/s | home_distance=6.1 m | return_time=10 s | return_cost=0.6 % | margin_after_return=68.0 %
[INFO] [1790221438.823215743] [sage_energy_monitor]: ENERGY | remaining=88.5 % | voltage=15.99 V | drain_rate=0.056 %/s | home_distance=6.0 m | return_time=10 s | return_cost=0.6 % | margin_after_return=68.0 %
[INFO] [1790221439.823165958] [sage_energy_monitor]: ENERGY | remaining=88.5 % | voltage=15.99 V | drain_rate=0.056 %/s | home_distance=6.0 m | return_time=10 s | return_cost=0.6 % | margin_after_return=67.9 %
[INFO] [1790221440.822860725] [sage_energy_monitor]: ENERGY | remaining=88.4 % | voltage=15.99 V | drain_rate=0.056 %/s | home_distance=6.0 m | return_time=10 s | return_cost=0.6 % | margin_after_return=67.8 %
[INFO] [1790221441.824371219] [sage_energy_monitor]: ENERGY | remaining=88.3 % | voltage=15.99 V | drain_rate=0.056 %/s | home_distance=6.0 m | return_time=10 s | return_cost=0.6 % | margin_after_return=67.8 %
[INFO] [1790221442.824813871] [sage_energy_monitor]: ENERGY | remaining=88.3 % | voltage=15.99 V | drain_rate=0.056 %/s | home_distance=6.0 m | return_time=10 s | return_cost=0.6 % | margin_after_return=67.7 %
[INFO] [1790221443.824218685] [sage_energy_monitor]: ENERGY | remaining=88.2 % | voltage=15.99 V | drain_rate=0.056 %/s | home_distance=5.9 m | return_time=10 s | return_cost=0.6 % | margin_after_return=67.7 %
[INFO] [1790221444.822330935] [sage_energy_monitor]: ENERGY | remaining=88.2 % | voltage=15.99 V | drain_rate=0.056 %/s | home_distance=4.9 m | return_time=9 s | return_cost=0.5 % | margin_after_return=67.7 %
[INFO] [1790221445.824613797] [sage_energy_monitor]: ENERGY | remaining=88.1 % | voltage=15.98 V | drain_rate=0.056 %/s | home_distance=2.9 m | return_time=7 s | return_cost=0.4 % | margin_after_return=67.7 %
[INFO] [1790221446.824463301] [sage_energy_monitor]: ENERGY | remaining=88.1 % | voltage=15.98 V | drain_rate=0.056 %/s | home_distance=0.9 m | return_time=5 s | return_cost=0.3 % | margin_after_return=67.8 %
[INFO] [1790221447.830780623] [sage_energy_monitor]: ENERGY | remaining=88.0 % | voltage=15.98 V | drain_rate=0.056 %/s | home_distance=0.1 m | return_time=4 s | return_cost=0.2 % | margin_after_return=67.8 %
[INFO] [1790221448.829882680] [sage_energy_monitor]: ENERGY | remaining=87.9 % | voltage=15.98 V | drain_rate=0.056 %/s | home_distance=0.3 m | return_time=4 s | return_cost=0.3 % | margin_after_return=67.7 %
[INFO] [1790221449.822935206] [sage_energy_monitor]: ENERGY | remaining=87.9 % | voltage=15.98 V | drain_rate=0.056 %/s | home_distance=0.3 m | return_time=4 s | return_cost=0.2 % | margin_after_return=67.6 %
[INFO] [1790221450.822897495] [sage_energy_monitor]: ENERGY | remaining=87.8 % | voltage=15.98 V | drain_rate=0.056 %/s | home_distance=0.3 m | return_time=4 s | return_cost=0.2 % | margin_after_return=67.6 %
[INFO] [1790221451.822661891] [sage_energy_monitor]: ENERGY | remaining=87.8 % | voltage=15.98 V | drain_rate=0.056 %/s | home_distance=0.2 m | return_time=4 s | return_cost=0.2 % | margin_after_return=67.5 %
[INFO] [1790221452.824929717] [sage_energy_monitor]: ENERGY | remaining=87.7 % | voltage=15.98 V | drain_rate=0.057 %/s | home_distance=0.2 m | return_time=4 s | return_cost=0.2 % | margin_after_return=67.5 %
[INFO] [1790221453.832599084] [sage_energy_monitor]: ENERGY | remaining=87.7 % | voltage=15.98 V | drain_rate=0.057 %/s | home_distance=0.1 m | return_time=4 s | return_cost=0.2 % | margin_after_return=67.4 %
[INFO] [1790221454.823105966] [sage_energy_monitor]: ENERGY | remaining=87.6 % | voltage=15.98 V | drain_rate=0.057 %/s | home_distance=0.1 m | return_time=4 s | return_cost=0.2 % | margin_after_return=67.4 %
[INFO] [1790221455.822494757] [sage_energy_monitor]: ENERGY | remaining=87.6 % | voltage=15.97 V | drain_rate=0.056 %/s | home_distance=0.1 m | return_time=4 s | return_cost=0.2 % | margin_after_return=67.3 %
[INFO] [1790221456.825431187] [sage_energy_monitor]: ENERGY | remaining=87.5 % | voltage=15.97 V | drain_rate=0.056 %/s | home_distance=0.6 m | return_time=5 s | return_cost=0.3 % | margin_after_return=67.2 %
[INFO] [1790221457.825598528] [sage_energy_monitor]: ENERGY | remaining=87.4 % | voltage=15.97 V | drain_rate=0.056 %/s | home_distance=2.2 m | return_time=6 s | return_cost=0.3 % | margin_after_return=67.1 %
[INFO] [1790221458.822174207] [sage_energy_monitor]: ENERGY | remaining=87.4 % | voltage=15.97 V | drain_rate=0.056 %/s | home_distance=4.3 m | return_time=8 s | return_cost=0.5 % | margin_after_return=66.9 %
[INFO] [1790221459.828811820] [sage_energy_monitor]: ENERGY | remaining=87.3 % | voltage=15.97 V | drain_rate=0.056 %/s | home_distance=5.7 m | return_time=10 s | return_cost=0.5 % | margin_after_return=66.8 %
[INFO] [1790221460.822959406] [sage_energy_monitor]: ENERGY | remaining=87.3 % | voltage=15.97 V | drain_rate=0.056 %/s | home_distance=6.3 m | return_time=10 s | return_cost=0.6 % | margin_after_return=66.7 %
[INFO] [1790221461.826380703] [sage_energy_monitor]: ENERGY | remaining=87.2 % | voltage=15.97 V | drain_rate=0.057 %/s | home_distance=6.3 m | return_time=10 s | return_cost=0.6 % | margin_after_return=66.6 %
[INFO] [1790221462.826672549] [sage_energy_monitor]: ENERGY | remaining=87.2 % | voltage=15.97 V | drain_rate=0.056 %/s | home_distance=6.2 m | return_time=10 s | return_cost=0.6 % | margin_after_return=66.6 %
[INFO] [1790221463.823448836] [sage_energy_monitor]: ENERGY | remaining=87.1 % | voltage=15.97 V | drain_rate=0.057 %/s | home_distance=6.1 m | return_time=10 s | return_cost=0.6 % | margin_after_return=66.5 %
[INFO] [1790221464.824168979] [sage_energy_monitor]: ENERGY | remaining=87.0 % | voltage=15.97 V | drain_rate=0.057 %/s | home_distance=6.0 m | return_time=10 s | return_cost=0.6 % | margin_after_return=66.5 %
[INFO] [1790221465.822036816] [sage_energy_monitor]: ENERGY | remaining=87.0 % | voltage=15.96 V | drain_rate=0.057 %/s | home_distance=6.0 m | return_time=10 s | return_cost=0.6 % | margin_after_return=66.4 %
[INFO] [1790221466.824438773] [sage_energy_monitor]: ENERGY | remaining=86.9 % | voltage=15.96 V | drain_rate=0.057 %/s | home_distance=6.0 m | return_time=10 s | return_cost=0.6 % | margin_after_return=66.4 %
[INFO] [1790221467.829710114] [sage_energy_monitor]: ENERGY | remaining=86.9 % | voltage=15.96 V | drain_rate=0.057 %/s | home_distance=6.0 m | return_time=10 s | return_cost=0.6 % | margin_after_return=66.3 %
[INFO] [1790221468.824596063] [sage_energy_monitor]: ENERGY | remaining=86.8 % | voltage=15.96 V | drain_rate=0.057 %/s | home_distance=6.1 m | return_time=10 s | return_cost=0.6 % | margin_after_return=66.3 %
[INFO] [1790221469.829308318] [sage_energy_monitor]: ENERGY | remaining=86.8 % | voltage=15.96 V | drain_rate=0.057 %/s | home_distance=6.1 m | return_time=10 s | return_cost=0.6 % | margin_after_return=66.2 %
[INFO] [1790221470.822746166] [sage_energy_monitor]: ENERGY | remaining=86.7 % | voltage=15.96 V | drain_rate=0.057 %/s | home_distance=6.6 m | return_time=10 s | return_cost=0.6 % | margin_after_return=66.1 %
[INFO] [1790221471.822205815] [sage_energy_monitor]: ENERGY | remaining=86.6 % | voltage=15.96 V | drain_rate=0.057 %/s | home_distance=7.6 m | return_time=11 s | return_cost=0.6 % | margin_after_return=66.0 %
[INFO] [1790221472.827852933] [sage_energy_monitor]: ENERGY | remaining=86.6 % | voltage=15.96 V | drain_rate=0.057 %/s | home_distance=8.6 m | return_time=12 s | return_cost=0.7 % | margin_after_return=65.9 %
[INFO] [1790221473.822958997] [sage_energy_monitor]: ENERGY | remaining=86.5 % | voltage=15.96 V | drain_rate=0.057 %/s | home_distance=9.0 m | return_time=13 s | return_cost=0.7 % | margin_after_return=65.8 %
[INFO] [1790221474.823482394] [sage_energy_monitor]: ENERGY | remaining=86.5 % | voltage=15.96 V | drain_rate=0.057 %/s | home_distance=9.2 m | return_time=13 s | return_cost=0.7 % | margin_after_return=65.7 %
[INFO] [1790221475.823023943] [sage_energy_monitor]: ENERGY | remaining=86.4 % | voltage=15.95 V | drain_rate=0.057 %/s | home_distance=9.0 m | return_time=13 s | return_cost=0.7 % | margin_after_return=65.7 %
[INFO] [1790221476.831915118] [sage_energy_monitor]: ENERGY | remaining=86.4 % | voltage=15.95 V | drain_rate=0.057 %/s | home_distance=8.7 m | return_time=13 s | return_cost=0.7 % | margin_after_return=65.7 %
[INFO] [1790221477.822780219] [sage_energy_monitor]: ENERGY | remaining=86.3 % | voltage=15.95 V | drain_rate=0.056 %/s | home_distance=7.7 m | return_time=11 s | return_cost=0.6 % | margin_after_return=65.7 %
[INFO] [1790221478.825358111] [sage_energy_monitor]: ENERGY | remaining=86.3 % | voltage=15.95 V | drain_rate=0.056 %/s | home_distance=5.7 m | return_time=10 s | return_cost=0.5 % | margin_after_return=65.7 %
[INFO] [1790221479.825697224] [sage_energy_monitor]: ENERGY | remaining=86.2 % | voltage=15.95 V | drain_rate=0.056 %/s | home_distance=3.7 m | return_time=8 s | return_cost=0.4 % | margin_after_return=65.8 %
[INFO] [1790221480.824949935] [sage_energy_monitor]: ENERGY | remaining=86.1 % | voltage=15.95 V | drain_rate=0.056 %/s | home_distance=1.8 m | return_time=6 s | return_cost=0.3 % | margin_after_return=65.8 %
[INFO] [1790221481.824681286] [sage_energy_monitor]: ENERGY | remaining=86.1 % | voltage=15.95 V | drain_rate=0.056 %/s | home_distance=0.5 m | return_time=5 s | return_cost=0.3 % | margin_after_return=65.8 %
[INFO] [1790221482.824425616] [sage_energy_monitor]: ENERGY | remaining=86.0 % | voltage=15.95 V | drain_rate=0.056 %/s | home_distance=2.5 m | return_time=7 s | return_cost=0.4 % | margin_after_return=65.7 %
[INFO] [1790221483.828256220] [sage_energy_monitor]: ENERGY | remaining=86.0 % | voltage=15.95 V | drain_rate=0.056 %/s | home_distance=4.4 m | return_time=8 s | return_cost=0.5 % | margin_after_return=65.5 %
[INFO] [1790221484.822455813] [sage_energy_monitor]: ENERGY | remaining=85.9 % | voltage=15.95 V | drain_rate=0.056 %/s | home_distance=6.5 m | return_time=11 s | return_cost=0.6 % | margin_after_return=65.3 %
[INFO] [1790221485.825507604] [sage_energy_monitor]: ENERGY | remaining=85.9 % | voltage=15.94 V | drain_rate=0.057 %/s | home_distance=8.1 m | return_time=12 s | return_cost=0.7 % | margin_after_return=65.2 %
[INFO] [1790221486.822322674] [sage_energy_monitor]: ENERGY | remaining=85.8 % | voltage=15.94 V | drain_rate=0.056 %/s | home_distance=8.7 m | return_time=13 s | return_cost=0.7 % | margin_after_return=65.1 %
[INFO] [1790221487.822516345] [sage_energy_monitor]: ENERGY | remaining=85.7 % | voltage=15.94 V | drain_rate=0.057 %/s | home_distance=7.6 m | return_time=12 s | return_cost=0.7 % | margin_after_return=65.1 %
[INFO] [1790221488.822557696] [sage_energy_monitor]: ENERGY | remaining=85.7 % | voltage=15.94 V | drain_rate=0.057 %/s | home_distance=5.8 m | return_time=10 s | return_cost=0.6 % | margin_after_return=65.1 %
[INFO] [1790221489.825657519] [sage_energy_monitor]: ENERGY | remaining=85.6 % | voltage=15.94 V | drain_rate=0.057 %/s | home_distance=4.8 m | return_time=9 s | return_cost=0.5 % | margin_after_return=65.1 %
[INFO] [1790221490.827287088] [sage_energy_monitor]: ENERGY | remaining=85.6 % | voltage=15.94 V | drain_rate=0.057 %/s | home_distance=4.4 m | return_time=8 s | return_cost=0.5 % | margin_after_return=65.1 %
[INFO] [1790221491.823784878] [sage_energy_monitor]: ENERGY | remaining=85.5 % | voltage=15.94 V | drain_rate=0.057 %/s | home_distance=5.0 m | return_time=9 s | return_cost=0.5 % | margin_after_return=65.0 %
[INFO] [1790221492.830229080] [sage_energy_monitor]: ENERGY | remaining=85.5 % | voltage=15.94 V | drain_rate=0.057 %/s | home_distance=6.1 m | return_time=10 s | return_cost=0.6 % | margin_after_return=64.9 %
[INFO] [1790221493.823998785] [sage_energy_monitor]: ENERGY | remaining=85.4 % | voltage=15.94 V | drain_rate=0.057 %/s | home_distance=6.7 m | return_time=11 s | return_cost=0.6 % | margin_after_return=64.8 %
[INFO] [1790221494.823753156] [sage_energy_monitor]: ENERGY | remaining=85.4 % | voltage=15.93 V | drain_rate=0.056 %/s | home_distance=6.7 m | return_time=11 s | return_cost=0.6 % | margin_after_return=64.8 %
[INFO] [1790221495.822577583] [sage_energy_monitor]: ENERGY | remaining=85.3 % | voltage=15.93 V | drain_rate=0.056 %/s | home_distance=5.0 m | return_time=9 s | return_cost=0.5 % | margin_after_return=64.8 %
[INFO] [1790221496.822631578] [sage_energy_monitor]: ENERGY | remaining=85.2 % | voltage=15.93 V | drain_rate=0.056 %/s | home_distance=3.0 m | return_time=7 s | return_cost=0.4 % | margin_after_return=64.9 %
[INFO] [1790221497.822672872] [sage_energy_monitor]: ENERGY | remaining=85.2 % | voltage=15.93 V | drain_rate=0.056 %/s | home_distance=1.9 m | return_time=6 s | return_cost=0.3 % | margin_after_return=64.9 %
[INFO] [1790221498.835827051] [sage_energy_monitor]: ENERGY | remaining=85.1 % | voltage=15.93 V | drain_rate=0.056 %/s | home_distance=0.6 m | return_time=5 s | return_cost=0.3 % | margin_after_return=64.9 %
[INFO] [1790221499.822344135] [sage_energy_monitor]: ENERGY | remaining=85.1 % | voltage=15.93 V | drain_rate=0.056 %/s | home_distance=1.5 m | return_time=6 s | return_cost=0.3 % | margin_after_return=64.8 %
[INFO] [1790221500.824723998] [sage_energy_monitor]: ENERGY | remaining=85.0 % | voltage=15.93 V | drain_rate=0.056 %/s | home_distance=2.9 m | return_time=7 s | return_cost=0.4 % | margin_after_return=64.6 %
[INFO] [1790221501.825561212] [sage_energy_monitor]: ENERGY | remaining=85.0 % | voltage=15.93 V | drain_rate=0.056 %/s | home_distance=3.5 m | return_time=8 s | return_cost=0.4 % | margin_after_return=64.5 %
[INFO] [1790221502.823984824] [sage_energy_monitor]: ENERGY | remaining=84.9 % | voltage=15.93 V | drain_rate=0.056 %/s | home_distance=3.6 m | return_time=8 s | return_cost=0.4 % | margin_after_return=64.5 %
[INFO] [1790221503.824990541] [sage_energy_monitor]: ENERGY | remaining=84.9 % | voltage=15.93 V | drain_rate=0.056 %/s | home_distance=4.0 m | return_time=8 s | return_cost=0.5 % | margin_after_return=64.4 %
[INFO] [1790221504.825655998] [sage_energy_monitor]: ENERGY | remaining=84.8 % | voltage=15.92 V | drain_rate=0.056 %/s | home_distance=5.1 m | return_time=9 s | return_cost=0.5 % | margin_after_return=64.3 %
[INFO] [1790221505.824297527] [sage_energy_monitor]: ENERGY | remaining=84.7 % | voltage=15.92 V | drain_rate=0.056 %/s | home_distance=5.9 m | return_time=10 s | return_cost=0.6 % | margin_after_return=64.2 %
[INFO] [1790221506.822894518] [sage_energy_monitor]: ENERGY | remaining=84.7 % | voltage=15.92 V | drain_rate=0.056 %/s | home_distance=6.2 m | return_time=10 s | return_cost=0.6 % | margin_after_return=64.1 %
[INFO] [1790221507.829025851] [sage_energy_monitor]: ENERGY | remaining=84.6 % | voltage=15.92 V | drain_rate=0.057 %/s | home_distance=6.2 m | return_time=10 s | return_cost=0.6 % | margin_after_return=64.0 %
[INFO] [1790221508.825054953] [sage_energy_monitor]: ENERGY | remaining=84.6 % | voltage=15.92 V | drain_rate=0.057 %/s | home_distance=6.9 m | return_time=11 s | return_cost=0.6 % | margin_after_return=63.9 %
[INFO] [1790221509.824941090] [sage_energy_monitor]: ENERGY | remaining=84.5 % | voltage=15.92 V | drain_rate=0.057 %/s | home_distance=8.0 m | return_time=12 s | return_cost=0.7 % | margin_after_return=63.8 %
[INFO] [1790221510.824092888] [sage_energy_monitor]: ENERGY | remaining=84.4 % | voltage=15.92 V | drain_rate=0.057 %/s | home_distance=8.6 m | return_time=13 s | return_cost=0.7 % | margin_after_return=63.7 %
[INFO] [1790221511.824837341] [sage_energy_monitor]: ENERGY | remaining=84.4 % | voltage=15.92 V | drain_rate=0.057 %/s | home_distance=8.8 m | return_time=13 s | return_cost=0.7 % | margin_after_return=63.6 %
[INFO] [1790221512.822700242] [sage_energy_monitor]: ENERGY | remaining=84.3 % | voltage=15.92 V | drain_rate=0.057 %/s | home_distance=8.8 m | return_time=13 s | return_cost=0.7 % | margin_after_return=63.6 %
[INFO] [1790221513.830569368] [sage_energy_monitor]: ENERGY | remaining=84.3 % | voltage=15.92 V | drain_rate=0.057 %/s | home_distance=8.7 m | return_time=13 s | return_cost=0.7 % | margin_after_return=63.5 %
[INFO] [1790221514.822408359] [sage_energy_monitor]: ENERGY | remaining=84.2 % | voltage=15.91 V | drain_rate=0.057 %/s | home_distance=8.7 m | return_time=13 s | return_cost=0.7 % | margin_after_return=63.5 %
[INFO] [1790221515.832666893] [sage_energy_monitor]: ENERGY | remaining=84.2 % | voltage=15.91 V | drain_rate=0.057 %/s | home_distance=8.6 m | return_time=13 s | return_cost=0.7 % | margin_after_return=63.4 %
[INFO] [1790221516.832938619] [sage_energy_monitor]: ENERGY | remaining=84.1 % | voltage=15.91 V | drain_rate=0.057 %/s | home_distance=8.5 m | return_time=13 s | return_cost=0.7 % | margin_after_return=63.4 %
[INFO] [1790221517.825753902] [sage_energy_monitor]: ENERGY | remaining=84.1 % | voltage=15.91 V | drain_rate=0.057 %/s | home_distance=8.5 m | return_time=13 s | return_cost=0.7 % | margin_after_return=63.3 %
[INFO] [1790221518.822967283] [sage_energy_monitor]: ENERGY | remaining=84.0 % | voltage=15.91 V | drain_rate=0.057 %/s | home_distance=8.5 m | return_time=13 s | return_cost=0.7 % | margin_after_return=63.3 %
[INFO] [1790221519.824392764] [sage_energy_monitor]: ENERGY | remaining=83.9 % | voltage=15.91 V | drain_rate=0.057 %/s | home_distance=8.1 m | return_time=12 s | return_cost=0.7 % | margin_after_return=63.2 %
[INFO] [1790221520.823733494] [sage_energy_monitor]: ENERGY | remaining=83.9 % | voltage=15.91 V | drain_rate=0.057 %/s | home_distance=7.0 m | return_time=11 s | return_cost=0.6 % | margin_after_return=63.3 %
[INFO] [1790221521.825430145] [sage_energy_monitor]: ENERGY | remaining=83.8 % | voltage=15.91 V | drain_rate=0.056 %/s | home_distance=6.2 m | return_time=10 s | return_cost=0.6 % | margin_after_return=63.2 %
[INFO] [1790221522.824949267] [sage_energy_monitor]: ENERGY | remaining=83.8 % | voltage=15.91 V | drain_rate=0.056 %/s | home_distance=5.9 m | return_time=10 s | return_cost=0.6 % | margin_after_return=63.2 %
[INFO] [1790221523.824065263] [sage_energy_monitor]: ENERGY | remaining=83.7 % | voltage=15.91 V | drain_rate=0.057 %/s | home_distance=5.9 m | return_time=10 s | return_cost=0.6 % | margin_after_return=63.1 %
[INFO] [1790221524.827110662] [sage_energy_monitor]: ENERGY | remaining=83.6 % | voltage=15.90 V | drain_rate=0.057 %/s | home_distance=5.9 m | return_time=10 s | return_cost=0.6 % | margin_after_return=63.1 %
[INFO] [1790221525.831881570] [sage_energy_monitor]: ENERGY | remaining=83.6 % | voltage=15.90 V | drain_rate=0.057 %/s | home_distance=6.0 m | return_time=10 s | return_cost=0.6 % | margin_after_return=63.0 %
[INFO] [1790221526.829095037] [sage_energy_monitor]: ENERGY | remaining=83.5 % | voltage=15.90 V | drain_rate=0.057 %/s | home_distance=6.0 m | return_time=10 s | return_cost=0.6 % | margin_after_return=63.0 %
[INFO] [1790221527.833666667] [sage_energy_monitor]: ENERGY | remaining=83.5 % | voltage=15.90 V | drain_rate=0.057 %/s | home_distance=6.0 m | return_time=10 s | return_cost=0.6 % | margin_after_return=62.9 %
[INFO] [1790221528.831274180] [sage_energy_monitor]: ENERGY | remaining=83.4 % | voltage=15.90 V | drain_rate=0.057 %/s | home_distance=6.0 m | return_time=10 s | return_cost=0.6 % | margin_after_return=62.8 %
[INFO] [1790221529.822988751] [sage_energy_monitor]: ENERGY | remaining=83.4 % | voltage=15.90 V | drain_rate=0.057 %/s | home_distance=5.9 m | return_time=10 s | return_cost=0.6 % | margin_after_return=62.8 %
[INFO] [1790221530.828940398] [sage_energy_monitor]: ENERGY | remaining=83.3 % | voltage=15.90 V | drain_rate=0.057 %/s | home_distance=6.0 m | return_time=10 s | return_cost=0.6 % | margin_after_return=62.7 %
[INFO] [1790221531.826306786] [sage_energy_monitor]: ENERGY | remaining=83.3 % | voltage=15.90 V | drain_rate=0.057 %/s | home_distance=6.0 m | return_time=10 s | return_cost=0.6 % | margin_after_return=62.7 %
[INFO] [1790221532.824773047] [sage_energy_monitor]: ENERGY | remaining=83.2 % | voltage=15.90 V | drain_rate=0.057 %/s | home_distance=6.1 m | return_time=10 s | return_cost=0.6 % | margin_after_return=62.6 %
[INFO] [1790221533.829117661] [sage_energy_monitor]: ENERGY | remaining=83.1 % | voltage=15.90 V | drain_rate=0.057 %/s | home_distance=6.7 m | return_time=11 s | return_cost=0.6 % | margin_after_return=62.5 %
[INFO] [1790221534.822413454] [sage_energy_monitor]: ENERGY | remaining=83.1 % | voltage=15.89 V | drain_rate=0.057 %/s | home_distance=7.8 m | return_time=12 s | return_cost=0.7 % | margin_after_return=62.4 %
[INFO] [1790221535.823444130] [sage_energy_monitor]: ENERGY | remaining=83.0 % | voltage=15.89 V | drain_rate=0.057 %/s | home_distance=8.5 m | return_time=13 s | return_cost=0.7 % | margin_after_return=62.3 %
[INFO] [1790221536.823249745] [sage_energy_monitor]: ENERGY | remaining=83.0 % | voltage=15.89 V | drain_rate=0.057 %/s | home_distance=8.8 m | return_time=13 s | return_cost=0.7 % | margin_after_return=62.2 %
[INFO] [1790221537.829877257] [sage_energy_monitor]: ENERGY | remaining=82.9 % | voltage=15.89 V | drain_rate=0.057 %/s | home_distance=8.7 m | return_time=13 s | return_cost=0.7 % | margin_after_return=62.2 %
[INFO] [1790221538.825963407] [sage_energy_monitor]: ENERGY | remaining=82.9 % | voltage=15.89 V | drain_rate=0.057 %/s | home_distance=8.7 m | return_time=13 s | return_cost=0.7 % | margin_after_return=62.1 %
[INFO] [1790221539.823343457] [sage_energy_monitor]: ENERGY | remaining=82.8 % | voltage=15.89 V | drain_rate=0.057 %/s | home_distance=8.6 m | return_time=13 s | return_cost=0.7 % | margin_after_return=62.1 %
[INFO] [1790221540.823432222] [sage_energy_monitor]: ENERGY | remaining=82.7 % | voltage=15.89 V | drain_rate=0.057 %/s | home_distance=8.6 m | return_time=12 s | return_cost=0.7 % | margin_after_return=62.0 %
[INFO] [1790221541.824662443] [sage_energy_monitor]: ENERGY | remaining=82.7 % | voltage=15.89 V | drain_rate=0.057 %/s | home_distance=8.5 m | return_time=12 s | return_cost=0.7 % | margin_after_return=62.0 %
[INFO] [1790221542.823067383] [sage_energy_monitor]: ENERGY | remaining=82.6 % | voltage=15.89 V | drain_rate=0.057 %/s | home_distance=8.4 m | return_time=12 s | return_cost=0.7 % | margin_after_return=61.9 %
[INFO] [1790221543.829152290] [sage_energy_monitor]: ENERGY | remaining=82.6 % | voltage=15.88 V | drain_rate=0.057 %/s | home_distance=8.5 m | return_time=12 s | return_cost=0.7 % | margin_after_return=61.9 %
[INFO] [1790221544.826315965] [sage_energy_monitor]: ENERGY | remaining=82.5 % | voltage=15.88 V | drain_rate=0.057 %/s | home_distance=8.5 m | return_time=12 s | return_cost=0.7 % | margin_after_return=61.8 %
[INFO] [1790221545.829571927] [sage_energy_monitor]: ENERGY | remaining=82.5 % | voltage=15.88 V | drain_rate=0.057 %/s | home_distance=8.4 m | return_time=12 s | return_cost=0.7 % | margin_after_return=61.7 %
[INFO] [1790221546.825593893] [sage_energy_monitor]: ENERGY | remaining=82.4 % | voltage=15.88 V | drain_rate=0.057 %/s | home_distance=7.6 m | return_time=12 s | return_cost=0.7 % | margin_after_return=61.7 %
[INFO] [1790221547.826883383] [sage_energy_monitor]: ENERGY | remaining=82.3 % | voltage=15.88 V | drain_rate=0.057 %/s | home_distance=6.8 m | return_time=11 s | return_cost=0.6 % | margin_after_return=61.7 %
[INFO] [1790221548.824661225] [sage_energy_monitor]: ENERGY | remaining=82.3 % | voltage=15.88 V | drain_rate=0.057 %/s | home_distance=6.0 m | return_time=10 s | return_cost=0.6 % | margin_after_return=61.7 %
[INFO] [1790221549.823265390] [sage_energy_monitor]: ENERGY | remaining=82.2 % | voltage=15.88 V | drain_rate=0.057 %/s | home_distance=5.1 m | return_time=9 s | return_cost=0.5 % | margin_after_return=61.7 %
[INFO] [1790221550.823953610] [sage_energy_monitor]: ENERGY | remaining=82.2 % | voltage=15.88 V | drain_rate=0.057 %/s | home_distance=4.2 m | return_time=8 s | return_cost=0.5 % | margin_after_return=61.7 %
[INFO] [1790221551.825172354] [sage_energy_monitor]: ENERGY | remaining=82.1 % | voltage=15.88 V | drain_rate=0.057 %/s | home_distance=3.4 m | return_time=7 s | return_cost=0.4 % | margin_after_return=61.7 %
[INFO] [1790221552.823887888] [sage_energy_monitor]: ENERGY | remaining=82.0 % | voltage=15.88 V | drain_rate=0.057 %/s | home_distance=2.5 m | return_time=6 s | return_cost=0.4 % | margin_after_return=61.7 %
[INFO] [1790221553.826577107] [sage_energy_monitor]: ENERGY | remaining=82.0 % | voltage=15.87 V | drain_rate=0.057 %/s | home_distance=1.6 m | return_time=6 s | return_cost=0.3 % | margin_after_return=61.7 %
[INFO] [1790221554.826216478] [sage_energy_monitor]: ENERGY | remaining=81.9 % | voltage=15.87 V | drain_rate=0.057 %/s | home_distance=0.7 m | return_time=5 s | return_cost=0.3 % | margin_after_return=61.7 %
[INFO] [1790221555.822783239] [sage_energy_monitor]: ENERGY | remaining=81.9 % | voltage=15.87 V | drain_rate=0.057 %/s | home_distance=0.0 m | return_time=4 s | return_cost=0.2 % | margin_after_return=61.6 %
[INFO] [1790221556.823434164] [sage_energy_monitor]: ENERGY | remaining=81.8 % | voltage=15.87 V | drain_rate=0.058 %/s | home_distance=0.2 m | return_time=4 s | return_cost=0.2 % | margin_after_return=61.6 %
[INFO] [1790221557.834064271] [sage_energy_monitor]: ENERGY | remaining=81.8 % | voltage=15.87 V | drain_rate=0.057 %/s | home_distance=0.3 m | return_time=3 s | return_cost=0.2 % | margin_after_return=61.6 %
[INFO] [1790221558.824282639] [sage_energy_monitor]: ENERGY | remaining=81.7 % | voltage=15.87 V | drain_rate=0.058 %/s | home_distance=0.4 m | return_time=2 s | return_cost=0.1 % | margin_after_return=61.6 %
[INFO] [1790221559.823110374] [sage_energy_monitor]: ENERGY | remaining=81.6 % | voltage=15.87 V | drain_rate=0.058 %/s | home_distance=0.4 m | return_time=1 s | return_cost=0.1 % | margin_after_return=61.6 %
[INFO] [1790221560.824292478] [sage_energy_monitor]: ENERGY | remaining=81.6 % | voltage=15.87 V | drain_rate=0.058 %/s | home_distance=0.4 m | return_time=1 s | return_cost=0.0 % | margin_after_return=61.5 %
[INFO] [1790221561.822982339] [sage_energy_monitor]: ENERGY | remaining=81.5 % | voltage=15.87 V | drain_rate=0.058 %/s | home_distance=0.4 m | return_time=1 s | return_cost=0.0 % | margin_after_return=61.5 %
[INFO] [1790221562.827033916] [sage_energy_monitor]: ENERGY | remaining=81.4 % | voltage=15.86 V | drain_rate=0.058 %/s | home_distance=0.4 m | return_time=1 s | return_cost=0.0 % | margin_after_return=61.4 %
[INFO] [1790221563.825901877] [sage_energy_monitor]: ENERGY | remaining=88.8 % | voltage=16.20 V | drain_rate=0.000 %/s | home_distance=0.4 m | return_time=1 s | return_cost=0.0 % | margin_after_return=68.8 %
[INFO] [1790221564.825714711] [sage_energy_monitor]: ENERGY | remaining=94.7 % | voltage=16.20 V | drain_rate=0.000 %/s | home_distance=0.5 m | return_time=1 s | return_cost=0.0 % | margin_after_return=74.7 %
[INFO] [1790221565.826208381] [sage_energy_monitor]: ENERGY | remaining=97.4 % | voltage=16.20 V | drain_rate=0.000 %/s | home_distance=0.5 m | return_time=1 s | return_cost=0.0 % | margin_after_return=77.4 %
[INFO] [1790221566.822767016] [sage_energy_monitor]: ENERGY | remaining=98.7 % | voltage=16.20 V | drain_rate=0.000 %/s | home_distance=0.5 m | return_time=1 s | return_cost=0.0 % | margin_after_return=78.7 %
[INFO] [1790221567.825805185] [sage_energy_monitor]: ENERGY | remaining=99.4 % | voltage=16.20 V | drain_rate=0.000 %/s | home_distance=0.5 m | return_time=1 s | return_cost=0.0 % | margin_after_return=79.4 %
[INFO] [1790221568.823289971] [sage_energy_monitor]: ENERGY | remaining=99.7 % | voltage=16.20 V | drain_rate=0.000 %/s | home_distance=0.5 m | return_time=1 s | return_cost=0.0 % | margin_after_return=79.7 %
