[INFO] [1790221285.096525512] [sage_viewpoint_planner]: SAGE active-vision viewpoint planner started.
[INFO] [1790221285.097561085] [sage_viewpoint_planner]: Standoff distance: 3.0 m
[INFO] [1790221285.098186108] [sage_viewpoint_planner]: Viewpoint altitude: -2.0 m
[INFO] [1790221285.098664499] [sage_viewpoint_planner]: Search viewpoints: 4
[INFO] [1790221285.099117035] [sage_viewpoint_planner]: Arrival tolerance: 0.35 m
[INFO] [1790221285.099581762] [sage_viewpoint_planner]: Maximum planner step: 0.7 m
[INFO] [1790221285.100028392] [sage_viewpoint_planner]: Observation confidence threshold: 0.60
[INFO] [1790221285.100491503] [sage_viewpoint_planner]: Observation bbox-area threshold: 0.0100 (1% of image)
[INFO] [1790221285.100942149] [sage_viewpoint_planner]: Camera resolution for bbox measurement: 1280x960
[INFO] [1790221285.101656875] [sage_viewpoint_planner]: Image-border margin threshold: 0.02
[INFO] [1790221285.138947303] [sage_viewpoint_planner]: PERSON OBSERVATION | confidence=0.775 | bbox_area_fraction=0.0085 | bbox_center_px=(1102.6, 579.7) | image_position=(0.861, 0.604) | bbox_margin=0.108
[INFO] [1790221286.385207209] [sage_viewpoint_planner]: PERSON OBSERVATION | confidence=0.701 | bbox_area_fraction=0.0129 | bbox_center_px=(648.6, 662.0) | image_position=(0.507, 0.690) | bbox_margin=0.182
[INFO] [1790221287.391174467] [sage_viewpoint_planner]: PERSON OBSERVATION | confidence=0.691 | bbox_area_fraction=0.0112 | bbox_center_px=(646.9, 654.7) | image_position=(0.505, 0.682) | bbox_margin=0.189
[INFO] [1790221287.925638116] [sage_viewpoint_planner]: New target acquired | target_id=1
[INFO] [1790221288.687806234] [sage_viewpoint_planner]: PERSON OBSERVATION | confidence=0.702 | bbox_area_fraction=0.0116 | bbox_center_px=(648.6, 650.6) | image_position=(0.507, 0.678) | bbox_margin=0.196
[INFO] [1790221290.006534925] [sage_viewpoint_planner]: PERSON OBSERVATION | confidence=0.756 | bbox_area_fraction=0.0059 | bbox_center_px=(1112.4, 581.3) | image_position=(0.869, 0.605) | bbox_margin=0.108
[INFO] [1790221291.103092173] [sage_viewpoint_planner]: PERSON OBSERVATION | confidence=0.703 | bbox_area_fraction=0.0140 | bbox_center_px=(657.6, 652.1) | image_position=(0.514, 0.679) | bbox_margin=0.192
[INFO] [1790221292.214659922] [sage_viewpoint_planner]: PERSON OBSERVATION | confidence=0.735 | bbox_area_fraction=0.0140 | bbox_center_px=(659.8, 641.1) | image_position=(0.515, 0.668) | bbox_margin=0.205
[INFO] [1790221293.471224260] [sage_viewpoint_planner]: PERSON OBSERVATION | confidence=0.652 | bbox_area_fraction=0.0147 | bbox_center_px=(659.9, 638.6) | image_position=(0.516, 0.665) | bbox_margin=0.208
[INFO] [1790221294.666809698] [sage_viewpoint_planner]: PERSON OBSERVATION | confidence=0.726 | bbox_area_fraction=0.0091 | bbox_center_px=(1113.3, 565.3) | image_position=(0.870, 0.589) | bbox_margin=0.098
[INFO] [1790221295.160037329] [sage_viewpoint_planner]: MISSION ACCEPTED | target=person | attribute=None | quantity=all | output=locations | text='Find all people in this area and report their locations'
[INFO] [1790221295.174953130] [sage_viewpoint_planner]: New target acquired | target_id=1
[INFO] [1790221295.341943261] [sage_viewpoint_planner]: CANDIDATE STATUS | id=1 | track=(-0.2,4.5) | uav=(0.0,0.0) | range=4.4 m | sufficient=True | matches_track=False | evidence=0.0/2.0 s
[INFO] [1790221295.787018255] [sage_viewpoint_planner]: PERSON OBSERVATION | confidence=0.716 | bbox_area_fraction=0.0090 | bbox_center_px=(1113.1, 568.3) | image_position=(0.870, 0.592) | bbox_margin=0.098
[INFO] [1790221296.938427285] [sage_viewpoint_planner]: PERSON OBSERVATION | confidence=0.631 | bbox_area_fraction=0.0238 | bbox_center_px=(406.4, 506.9) | image_position=(0.317, 0.528) | bbox_margin=0.272
[INFO] [1790221298.176001941] [sage_viewpoint_planner]: PERSON OBSERVATION | confidence=0.408 | bbox_area_fraction=0.0099 | bbox_center_px=(133.1, 625.1) | image_position=(0.104, 0.651) | bbox_margin=0.070
[INFO] [1790221299.343195295] [sage_viewpoint_planner]: CANDIDATE STATUS | id=1 | track=(-0.4,3.8) | uav=(3.0,4.3) | range=3.4 m | sufficient=True | matches_track=True | evidence=0.6/2.0 s
[INFO] [1790221299.344464974] [sage_viewpoint_planner]: OBSERVATION SUFFICIENT | viewpoint=1/4 | person_confidence=0.770 | bbox_area_fraction=0.0513 | fresh=True | confidence_ok=True | bbox_size_ok=True | position_ok=True | bbox_margin=0.137 | confidence_threshold=0.60 | bbox_threshold=0.0100 | HOLDING VIEWPOINT.
[INFO] [1790221299.361551007] [sage_viewpoint_planner]: PERSON OBSERVATION | confidence=0.728 | bbox_area_fraction=0.0470 | bbox_center_px=(664.9, 653.4) | image_position=(0.519, 0.681) | bbox_margin=0.148
[INFO] [1790221300.465529585] [sage_viewpoint_planner]: PERSON OBSERVATION | confidence=0.788 | bbox_area_fraction=0.0343 | bbox_center_px=(800.8, 679.9) | image_position=(0.626, 0.708) | bbox_margin=0.136
[INFO] [1790221301.542022299] [sage_viewpoint_planner]: TARGET VERIFIED | id=1 | position=(-0.17, 3.77) | confidence=0.752 | evidence_points=11 | speed=0.13 m/s | verified_total=1
[INFO] [1790221301.570500040] [sage_viewpoint_planner]: New target acquired | target_id=2
[INFO] [1790221301.766556323] [sage_viewpoint_planner]: PERSON OBSERVATION | confidence=0.837 | bbox_area_fraction=0.0471 | bbox_center_px=(912.7, 777.1) | image_position=(0.713, 0.809) | bbox_margin=0.000
[INFO] [1790221302.775271344] [sage_viewpoint_planner]: PERSON OBSERVATION | confidence=0.819 | bbox_area_fraction=0.0414 | bbox_center_px=(845.6, 782.9) | image_position=(0.661, 0.815) | bbox_margin=0.001
[INFO] [1790221303.545196809] [sage_viewpoint_planner]: CANDIDATE STATUS | id=2 | track=(-8.2,9.9) | uav=(1.7,5.7) | range=10.7 m | sufficient=True | matches_track=False | evidence=0.0/2.0 s
[INFO] [1790221303.858439420] [sage_viewpoint_planner]: PERSON OBSERVATION | confidence=0.814 | bbox_area_fraction=0.0569 | bbox_center_px=(937.2, 768.1) | image_position=(0.732, 0.800) | bbox_margin=0.001
[INFO] [1790221304.866173405] [sage_viewpoint_planner]: PERSON OBSERVATION | confidence=0.492 | bbox_area_fraction=0.0074 | bbox_center_px=(583.9, 578.0) | image_position=(0.456, 0.602) | bbox_margin=0.305
[INFO] [1790221305.908748664] [sage_viewpoint_planner]: PERSON OBSERVATION | confidence=0.489 | bbox_area_fraction=0.0158 | bbox_center_px=(649.1, 631.9) | image_position=(0.507, 0.658) | bbox_margin=0.198
[INFO] [1790221307.105814406] [sage_viewpoint_planner]: PERSON OBSERVATION | confidence=0.764 | bbox_area_fraction=0.0255 | bbox_center_px=(821.1, 692.5) | image_position=(0.641, 0.721) | bbox_margin=0.131
[INFO] [1790221307.551670427] [sage_viewpoint_planner]: CANDIDATE STATUS | id=2 | track=(-7.5,9.1) | uav=(-4.5,9.4) | range=3.0 m | sufficient=False | matches_track=False | evidence=0.0/2.0 s
[INFO] [1790221308.133605410] [sage_viewpoint_planner]: PERSON OBSERVATION | confidence=0.783 | bbox_area_fraction=0.0529 | bbox_center_px=(1140.0, 801.2) | image_position=(0.891, 0.835) | bbox_margin=0.000
[INFO] [1790221308.144117076] [sage_viewpoint_planner]: OBSERVATION INSUFFICIENT | viewpoint=1/4 | person_confidence=0.783 | bbox_area_fraction=0.0529 | fresh=True | confidence_ok=True | bbox_size_ok=True | position_ok=False | bbox_margin=0.000 | confidence_threshold=0.60 | bbox_threshold=0.0100
[INFO] [1790221308.145000649] [sage_viewpoint_planner]: ENERGY-AWARE SELECTION | chosen=2/4 | distance=2.2 m | est_cost_incl_return=1.1 % | unaffordable_skipped=0
[INFO] [1790221310.053101053] [sage_viewpoint_planner]: PERSON OBSERVATION | confidence=0.797 | bbox_area_fraction=0.0712 | bbox_center_px=(1029.3, 773.6) | image_position=(0.804, 0.806) | bbox_margin=0.000
[INFO] [1790221310.748537727] [sage_viewpoint_planner]: OBSERVATION SUFFICIENT | viewpoint=2/4 | person_confidence=0.782 | bbox_area_fraction=0.0336 | fresh=True | confidence_ok=True | bbox_size_ok=True | position_ok=True | bbox_margin=0.117 | confidence_threshold=0.60 | bbox_threshold=0.0100 | HOLDING VIEWPOINT.
[INFO] [1790221311.117170512] [sage_viewpoint_planner]: PERSON OBSERVATION | confidence=0.826 | bbox_area_fraction=0.0216 | bbox_center_px=(554.6, 651.2) | image_position=(0.433, 0.678) | bbox_margin=0.190
[INFO] [1790221311.742749431] [sage_viewpoint_planner]: CANDIDATE STATUS | id=2 | track=(-6.0,6.9) | uav=(-7.0,10.9) | range=4.1 m | sufficient=True | matches_track=True | evidence=1.0/2.0 s
[INFO] [1790221312.304198455] [sage_viewpoint_planner]: PERSON OBSERVATION | confidence=0.766 | bbox_area_fraction=0.0204 | bbox_center_px=(825.4, 627.8) | image_position=(0.645, 0.654) | bbox_margin=0.220
[INFO] [1790221312.746290680] [sage_viewpoint_planner]: TARGET VERIFIED | id=2 | position=(-5.94, 6.99) | confidence=0.766 | evidence_points=11 | speed=0.08 m/s | verified_total=2
[INFO] [1790221312.940208629] [sage_viewpoint_planner]: COVERAGE START | area x[-9,9] y[-9,9] | 9 waypoints | continuous 45 deg/s yaw sweep each
[INFO] [1790221313.361714434] [sage_viewpoint_planner]: PERSON OBSERVATION | confidence=0.781 | bbox_area_fraction=0.0165 | bbox_center_px=(816.4, 646.7) | image_position=(0.638, 0.674) | bbox_margin=0.207
[INFO] [1790221314.527124891] [sage_viewpoint_planner]: PERSON OBSERVATION | confidence=0.745 | bbox_area_fraction=0.0168 | bbox_center_px=(802.9, 649.8) | image_position=(0.627, 0.677) | bbox_margin=0.207
[INFO] [1790221315.732392314] [sage_viewpoint_planner]: PERSON OBSERVATION | confidence=0.648 | bbox_area_fraction=0.0097 | bbox_center_px=(155.4, 528.6) | image_position=(0.121, 0.551) | bbox_margin=0.087
[INFO] [1790221316.859149522] [sage_viewpoint_planner]: PERSON OBSERVATION | confidence=0.493 | bbox_area_fraction=0.0109 | bbox_center_px=(257.7, 564.2) | image_position=(0.201, 0.588) | bbox_margin=0.162
[INFO] [1790221321.546184918] [sage_viewpoint_planner]: COVERAGE WAYPOINT | 1/9 at (6.0, 6.0) | scanning
[INFO] [1790221325.679732079] [sage_viewpoint_planner]: PERSON OBSERVATION | confidence=0.395 | bbox_area_fraction=0.0037 | bbox_center_px=(1094.0, 549.7) | image_position=(0.855, 0.573) | bbox_margin=0.129
[INFO] [1790221327.012399277] [sage_viewpoint_planner]: PERSON OBSERVATION | confidence=0.579 | bbox_area_fraction=0.0020 | bbox_center_px=(458.0, 534.6) | image_position=(0.358, 0.557) | bbox_margin=0.347
[INFO] [1790221327.686441473] [sage_viewpoint_planner]: New target acquired | target_id=4
[INFO] [1790221327.741853598] [sage_viewpoint_planner]: CANDIDATE FOUND | leaving sweep to verify target_id=4
[INFO] [1790221327.742766655] [sage_viewpoint_planner]: CANDIDATE STATUS | id=4 | track=(3.9,-5.8) | uav=(6.1,6.0) | range=12.0 m | sufficient=False | matches_track=False | evidence=0.0/2.0 s
[INFO] [1790221329.051284369] [sage_viewpoint_planner]: PERSON OBSERVATION | confidence=0.438 | bbox_area_fraction=0.0012 | bbox_center_px=(542.1, 398.4) | image_position=(0.423, 0.415) | bbox_margin=0.377
[INFO] [1790221331.743054145] [sage_viewpoint_planner]: CANDIDATE STATUS | id=4 | track=(3.9,-5.8) | uav=(6.6,0.5) | range=6.9 m | sufficient=False | matches_track=False | evidence=0.0/2.0 s
[INFO] [1790221332.061451056] [sage_viewpoint_planner]: PERSON OBSERVATION | confidence=0.561 | bbox_area_fraction=0.0200 | bbox_center_px=(267.1, 594.8) | image_position=(0.209, 0.620) | bbox_margin=0.154
[INFO] [1790221333.161145419] [sage_viewpoint_planner]: PERSON OBSERVATION | confidence=0.564 | bbox_area_fraction=0.0134 | bbox_center_px=(184.2, 601.1) | image_position=(0.144, 0.626) | bbox_margin=0.103
[INFO] [1790221334.227946734] [sage_viewpoint_planner]: PERSON OBSERVATION | confidence=0.747 | bbox_area_fraction=0.0088 | bbox_center_px=(96.6, 607.3) | image_position=(0.075, 0.633) | bbox_margin=0.048
[INFO] [1790221335.354272088] [sage_viewpoint_planner]: OBSERVATION INSUFFICIENT | viewpoint=1/4 | person_confidence=0.822 | bbox_area_fraction=0.0604 | fresh=True | confidence_ok=True | bbox_size_ok=True | position_ok=False | bbox_margin=0.003 | confidence_threshold=0.60 | bbox_threshold=0.0100
[INFO] [1790221335.355159636] [sage_viewpoint_planner]: ENERGY-AWARE SELECTION | chosen=2/4 | distance=4.0 m | est_cost_incl_return=0.7 % | unaffordable_skipped=0
[INFO] [1790221335.708724233] [sage_viewpoint_planner]: PERSON OBSERVATION | confidence=0.884 | bbox_area_fraction=0.0540 | bbox_center_px=(952.9, 820.3) | image_position=(0.744, 0.854) | bbox_margin=0.002
[INFO] [1790221335.943568570] [sage_viewpoint_planner]: CANDIDATE STATUS | id=4 | track=(4.0,-6.7) | uav=(6.8,-5.8) | range=2.9 m | sufficient=False | matches_track=False | evidence=0.0/2.0 s
[INFO] [1790221336.928738587] [sage_viewpoint_planner]: PERSON OBSERVATION | confidence=0.848 | bbox_area_fraction=0.0923 | bbox_center_px=(390.3, 760.3) | image_position=(0.305, 0.792) | bbox_margin=0.000
[INFO] [1790221338.791842443] [sage_viewpoint_planner]: PERSON OBSERVATION | confidence=0.865 | bbox_area_fraction=0.0421 | bbox_center_px=(578.1, 824.0) | image_position=(0.452, 0.858) | bbox_margin=0.001
[INFO] [1790221339.143545504] [sage_viewpoint_planner]: OBSERVATION INSUFFICIENT | viewpoint=2/4 | person_confidence=0.873 | bbox_area_fraction=0.0433 | fresh=True | confidence_ok=True | bbox_size_ok=True | position_ok=False | bbox_margin=0.002 | confidence_threshold=0.60 | bbox_threshold=0.0100
[INFO] [1790221339.149043077] [sage_viewpoint_planner]: ENERGY-AWARE SELECTION | chosen=3/4 | distance=4.6 m | est_cost_incl_return=0.9 % | unaffordable_skipped=0
[INFO] [1790221339.944097366] [sage_viewpoint_planner]: CANDIDATE STATUS | id=4 | track=(5.0,-6.2) | uav=(3.9,-2.8) | range=3.6 m | sufficient=True | matches_track=True | evidence=0.2/2.0 s
[INFO] [1790221339.978385821] [sage_viewpoint_planner]: PERSON OBSERVATION | confidence=0.832 | bbox_area_fraction=0.0421 | bbox_center_px=(939.2, 723.1) | image_position=(0.734, 0.753) | bbox_margin=0.063
[INFO] [1790221341.127030450] [sage_viewpoint_planner]: PERSON OBSERVATION | confidence=0.784 | bbox_area_fraction=0.0279 | bbox_center_px=(569.9, 576.5) | image_position=(0.445, 0.600) | bbox_margin=0.268
[INFO] [1790221342.380486415] [sage_viewpoint_planner]: PERSON OBSERVATION | confidence=0.359 | bbox_area_fraction=0.0375 | bbox_center_px=(121.7, 863.4) | image_position=(0.095, 0.899) | bbox_margin=0.001
[INFO] [1790221343.142632611] [sage_viewpoint_planner]: OBSERVATION INSUFFICIENT | viewpoint=3/4 | person_confidence=0.359 | bbox_area_fraction=0.0375 | fresh=True | confidence_ok=False | bbox_size_ok=True | position_ok=False | bbox_margin=0.001 | confidence_threshold=0.60 | bbox_threshold=0.0100
[INFO] [1790221343.144540696] [sage_viewpoint_planner]: ENERGY-AWARE SELECTION | chosen=4/4 | distance=3.8 m | est_cost_incl_return=1.0 % | unaffordable_skipped=0
[INFO] [1790221343.508280259] [sage_viewpoint_planner]: PERSON OBSERVATION | confidence=0.855 | bbox_area_fraction=0.0393 | bbox_center_px=(768.3, 753.5) | image_position=(0.600, 0.785) | bbox_margin=0.050
[INFO] [1790221343.549678644] [sage_viewpoint_planner]: TARGET VERIFIED | id=4 | position=(4.96, -5.84) | confidence=0.855 | evidence_points=11 | speed=0.23 m/s | verified_total=3
[INFO] [1790221344.563583335] [sage_viewpoint_planner]: PERSON OBSERVATION | confidence=0.784 | bbox_area_fraction=0.0201 | bbox_center_px=(698.2, 616.8) | image_position=(0.545, 0.643) | bbox_margin=0.238
[INFO] [1790221345.573649731] [sage_viewpoint_planner]: PERSON OBSERVATION | confidence=0.344 | bbox_area_fraction=0.0029 | bbox_center_px=(805.8, 366.4) | image_position=(0.630, 0.382) | bbox_margin=0.337
[INFO] [1790221346.690179576] [sage_viewpoint_planner]: PERSON OBSERVATION | confidence=0.608 | bbox_area_fraction=0.0036 | bbox_center_px=(882.8, 536.4) | image_position=(0.690, 0.559) | bbox_margin=0.293
[INFO] [1790221347.829044685] [sage_viewpoint_planner]: PERSON OBSERVATION | confidence=0.730 | bbox_area_fraction=0.0105 | bbox_center_px=(1128.5, 591.2) | image_position=(0.882, 0.616) | bbox_margin=0.086
[INFO] [1790221351.940869382] [sage_viewpoint_planner]: COVERAGE WAYPOINT | 1/9 at (6.0, 6.0) | scanning
[INFO] [1790221354.386988345] [sage_viewpoint_planner]: PERSON OBSERVATION | confidence=0.650 | bbox_area_fraction=0.0030 | bbox_center_px=(974.6, 542.6) | image_position=(0.761, 0.565) | bbox_margin=0.224
[INFO] [1790221355.676115670] [sage_viewpoint_planner]: PERSON OBSERVATION | confidence=0.610 | bbox_area_fraction=0.0018 | bbox_center_px=(443.6, 546.5) | image_position=(0.347, 0.569) | bbox_margin=0.337
[INFO] [1790221356.844443647] [sage_viewpoint_planner]: PERSON OBSERVATION | confidence=0.533 | bbox_area_fraction=0.0097 | bbox_center_px=(25.9, 670.7) | image_position=(0.020, 0.699) | bbox_margin=0.000
[INFO] [1790221363.182789468] [sage_viewpoint_planner]: PERSON OBSERVATION | confidence=0.624 | bbox_area_fraction=0.0051 | bbox_center_px=(203.9, 517.3) | image_position=(0.159, 0.539) | bbox_margin=0.138
[INFO] [1790221364.303890933] [sage_viewpoint_planner]: PERSON OBSERVATION | confidence=0.537 | bbox_area_fraction=0.0041 | bbox_center_px=(746.4, 602.8) | image_position=(0.583, 0.628) | bbox_margin=0.315
[INFO] [1790221364.350735597] [sage_viewpoint_planner]: COVERAGE WAYPOINT | 2/9 at (6.0, 0.0) | scanning
[INFO] [1790221365.469120221] [sage_viewpoint_planner]: PERSON OBSERVATION | confidence=0.614 | bbox_area_fraction=0.0088 | bbox_center_px=(514.0, 694.1) | image_position=(0.402, 0.723) | bbox_margin=0.191
[INFO] [1790221366.372170232] [sage_viewpoint_planner]: New target acquired | target_id=5
[INFO] [1790221366.539636003] [sage_viewpoint_planner]: PERSON OBSERVATION | confidence=0.518 | bbox_area_fraction=0.0106 | bbox_center_px=(405.1, 660.9) | image_position=(0.316, 0.688) | bbox_margin=0.216
[INFO] [1790221366.541992756] [sage_viewpoint_planner]: CANDIDATE FOUND | leaving sweep to verify target_id=5
[INFO] [1790221366.543082440] [sage_viewpoint_planner]: CANDIDATE STATUS | id=5 | track=(5.4,-3.0) | uav=(6.0,-0.2) | range=2.9 m | sufficient=False | matches_track=False | evidence=0.0/2.0 s
[INFO] [1790221369.150209002] [sage_viewpoint_planner]: PERSON OBSERVATION | confidence=0.783 | bbox_area_fraction=0.0175 | bbox_center_px=(217.4, 573.0) | image_position=(0.170, 0.597) | bbox_margin=0.132
[INFO] [1790221369.743868493] [sage_viewpoint_planner]: OBSERVATION SUFFICIENT | viewpoint=1/4 | person_confidence=0.763 | bbox_area_fraction=0.0131 | fresh=True | confidence_ok=True | bbox_size_ok=True | position_ok=True | bbox_margin=0.217 | confidence_threshold=0.60 | bbox_threshold=0.0100 | HOLDING VIEWPOINT.
[INFO] [1790221370.141244860] [sage_viewpoint_planner]: OBSERVATION QUALITY LOST | fresh=True | confidence_ok=True | bbox_size_ok=False | position_ok=True | resuming active search.
[INFO] [1790221370.145085525] [sage_viewpoint_planner]: OBSERVATION INSUFFICIENT | viewpoint=1/4 | person_confidence=0.765 | bbox_area_fraction=0.0053 | fresh=True | confidence_ok=True | bbox_size_ok=False | position_ok=True | bbox_margin=0.129 | confidence_threshold=0.60 | bbox_threshold=0.0100
[INFO] [1790221370.149123481] [sage_viewpoint_planner]: ENERGY-AWARE SELECTION | chosen=2/4 | distance=2.8 m | est_cost_incl_return=0.7 % | unaffordable_skipped=0
[INFO] [1790221370.335483890] [sage_viewpoint_planner]: PERSON OBSERVATION | confidence=0.700 | bbox_area_fraction=0.0035 | bbox_center_px=(361.5, 455.0) | image_position=(0.282, 0.474) | bbox_margin=0.266
[INFO] [1790221370.741705708] [sage_viewpoint_planner]: CANDIDATE STATUS | id=5 | track=(5.5,-6.3) | uav=(8.4,-3.2) | range=4.3 m | sufficient=False | matches_track=False | evidence=0.8/2.0 s
[INFO] [1790221371.680913096] [sage_viewpoint_planner]: PERSON OBSERVATION | confidence=0.769 | bbox_area_fraction=0.0229 | bbox_center_px=(959.5, 600.7) | image_position=(0.750, 0.626) | bbox_margin=0.202
[INFO] [1790221373.326332709] [sage_viewpoint_planner]: PERSON OBSERVATION | confidence=0.862 | bbox_area_fraction=0.0765 | bbox_center_px=(183.0, 775.5) | image_position=(0.143, 0.808) | bbox_margin=0.003
[INFO] [1790221373.542987762] [sage_viewpoint_planner]: OBSERVATION INSUFFICIENT | viewpoint=2/4 | person_confidence=0.862 | bbox_area_fraction=0.0765 | fresh=True | confidence_ok=True | bbox_size_ok=True | position_ok=False | bbox_margin=0.003 | confidence_threshold=0.60 | bbox_threshold=0.0100
[INFO] [1790221373.547032698] [sage_viewpoint_planner]: ENERGY-AWARE SELECTION | chosen=3/4 | distance=5.0 m | est_cost_incl_return=0.9 % | unaffordable_skipped=0
[INFO] [1790221374.348487305] [sage_viewpoint_planner]: DUPLICATE TRACK MERGED | id=5 | position=(5.23, -6.18) | same as verified id=4
[INFO] [1790221374.423628466] [sage_viewpoint_planner]: PERSON OBSERVATION | confidence=0.794 | bbox_area_fraction=0.0320 | bbox_center_px=(605.4, 737.6) | image_position=(0.473, 0.768) | bbox_margin=0.052
[INFO] [1790221376.669164423] [sage_viewpoint_planner]: PERSON OBSERVATION | confidence=0.705 | bbox_area_fraction=0.0137 | bbox_center_px=(1146.1, 525.1) | image_position=(0.895, 0.547) | bbox_margin=0.055
[INFO] [1790221378.140944905] [sage_viewpoint_planner]: COVERAGE WAYPOINT | 2/9 at (6.0, 0.0) | scanning
[INFO] [1790221380.198501425] [sage_viewpoint_planner]: PERSON OBSERVATION | confidence=0.724 | bbox_area_fraction=0.0111 | bbox_center_px=(1090.8, 634.3) | image_position=(0.852, 0.661) | bbox_margin=0.116
[INFO] [1790221381.548844546] [sage_viewpoint_planner]: PERSON OBSERVATION | confidence=0.343 | bbox_area_fraction=0.0013 | bbox_center_px=(520.3, 547.0) | image_position=(0.406, 0.570) | bbox_margin=0.396
[INFO] [1790221382.551668327] [sage_viewpoint_planner]: PERSON OBSERVATION | confidence=0.711 | bbox_area_fraction=0.0184 | bbox_center_px=(1231.5, 669.5) | image_position=(0.962, 0.697) | bbox_margin=0.001
[INFO] [1790221384.116947538] [sage_viewpoint_planner]: PERSON OBSERVATION | confidence=0.503 | bbox_area_fraction=0.0118 | bbox_center_px=(367.5, 621.6) | image_position=(0.287, 0.648) | bbox_margin=0.255
[INFO] [1790221389.514821509] [sage_viewpoint_planner]: PERSON OBSERVATION | confidence=0.813 | bbox_area_fraction=0.0247 | bbox_center_px=(402.0, 638.1) | image_position=(0.314, 0.665) | bbox_margin=0.194
[INFO] [1790221390.721601377] [sage_viewpoint_planner]: PERSON OBSERVATION | confidence=0.807 | bbox_area_fraction=0.0385 | bbox_center_px=(280.4, 883.3) | image_position=(0.219, 0.920) | bbox_margin=0.000
[INFO] [1790221390.742407210] [sage_viewpoint_planner]: COVERAGE WAYPOINT | 3/9 at (6.0, -6.0) | scanning
[INFO] [1790221396.727562311] [sage_viewpoint_planner]: PERSON OBSERVATION | confidence=0.545 | bbox_area_fraction=0.0022 | bbox_center_px=(830.6, 558.7) | image_position=(0.649, 0.582) | bbox_margin=0.339
[INFO] [1790221397.380391681] [sage_viewpoint_planner]: New target acquired | target_id=7
[INFO] [1790221397.542214942] [sage_viewpoint_planner]: CANDIDATE FOUND | leaving sweep to verify target_id=7
[INFO] [1790221397.545595444] [sage_viewpoint_planner]: CANDIDATE STATUS | id=7 | track=(-2.5,8.0) | uav=(6.0,-6.0) | range=16.3 m | sufficient=False | matches_track=False | evidence=0.0/2.0 s
[INFO] [1790221397.785040355] [sage_viewpoint_planner]: PERSON OBSERVATION | confidence=0.537 | bbox_area_fraction=0.0033 | bbox_center_px=(239.6, 571.2) | image_position=(0.187, 0.595) | bbox_margin=0.171
[INFO] [1790221400.698212985] [sage_viewpoint_planner]: PERSON OBSERVATION | confidence=0.484 | bbox_area_fraction=0.0027 | bbox_center_px=(63.7, 507.5) | image_position=(0.050, 0.529) | bbox_margin=0.034
[INFO] [1790221401.744380473] [sage_viewpoint_planner]: CANDIDATE STATUS | id=7 | track=(-3.3,6.1) | uav=(3.6,-0.6) | range=9.6 m | sufficient=False | matches_track=False | evidence=0.0/2.0 s
[INFO] [1790221401.860157056] [sage_viewpoint_planner]: PERSON OBSERVATION | confidence=0.703 | bbox_area_fraction=0.0040 | bbox_center_px=(41.8, 569.9) | image_position=(0.033, 0.594) | bbox_margin=0.014
[INFO] [1790221402.925018317] [sage_viewpoint_planner]: PERSON OBSERVATION | confidence=0.641 | bbox_area_fraction=0.0042 | bbox_center_px=(159.0, 557.8) | image_position=(0.124, 0.581) | bbox_margin=0.106
[INFO] [1790221404.173519703] [sage_viewpoint_planner]: PERSON OBSERVATION | confidence=0.821 | bbox_area_fraction=0.0624 | bbox_center_px=(192.8, 778.9) | image_position=(0.151, 0.811) | bbox_margin=0.001
[INFO] [1790221405.338554763] [sage_viewpoint_planner]: PERSON OBSERVATION | confidence=0.874 | bbox_area_fraction=0.0493 | bbox_center_px=(688.0, 822.1) | image_position=(0.538, 0.856) | bbox_margin=0.002
[INFO] [1790221405.943949657] [sage_viewpoint_planner]: CANDIDATE STATUS | id=7 | track=(-1.9,4.6) | uav=(0.9,6.9) | range=3.6 m | sufficient=False | matches_track=False | evidence=0.0/2.0 s
[INFO] [1790221406.569573367] [sage_viewpoint_planner]: PERSON OBSERVATION | confidence=0.693 | bbox_area_fraction=0.0088 | bbox_center_px=(561.9, 652.2) | image_position=(0.439, 0.679) | bbox_margin=0.230
[INFO] [1790221406.745064154] [sage_viewpoint_planner]: OBSERVATION INSUFFICIENT | viewpoint=1/4 | person_confidence=0.693 | bbox_area_fraction=0.0088 | fresh=True | confidence_ok=True | bbox_size_ok=False | position_ok=True | bbox_margin=0.230 | confidence_threshold=0.60 | bbox_threshold=0.0100
[INFO] [1790221406.745826747] [sage_viewpoint_planner]: ENERGY-AWARE SELECTION | chosen=2/4 | distance=2.1 m | est_cost_incl_return=0.7 % | unaffordable_skipped=0
[INFO] [1790221407.742921584] [sage_viewpoint_planner]: PERSON OBSERVATION | confidence=0.578 | bbox_area_fraction=0.0146 | bbox_center_px=(711.2, 641.0) | image_position=(0.556, 0.668) | bbox_margin=0.233
[INFO] [1790221408.744832456] [sage_viewpoint_planner]: PERSON OBSERVATION | confidence=0.776 | bbox_area_fraction=0.0198 | bbox_center_px=(922.1, 556.0) | image_position=(0.720, 0.579) | bbox_margin=0.239
[INFO] [1790221409.744330530] [sage_viewpoint_planner]: OBSERVATION SUFFICIENT | viewpoint=2/4 | person_confidence=0.757 | bbox_area_fraction=0.0211 | fresh=True | confidence_ok=True | bbox_size_ok=True | position_ok=True | bbox_margin=0.135 | confidence_threshold=0.60 | bbox_threshold=0.0100 | HOLDING VIEWPOINT.
[INFO] [1790221410.076031157] [sage_viewpoint_planner]: PERSON OBSERVATION | confidence=0.795 | bbox_area_fraction=0.0241 | bbox_center_px=(581.6, 732.3) | image_position=(0.454, 0.763) | bbox_margin=0.097
[INFO] [1790221410.141185410] [sage_viewpoint_planner]: CANDIDATE STATUS | id=7 | track=(-0.7,4.3) | uav=(-1.2,7.0) | range=2.8 m | sufficient=True | matches_track=True | evidence=0.6/2.0 s
[INFO] [1790221410.946629825] [sage_viewpoint_planner]: OBSERVATION QUALITY LOST | fresh=True | confidence_ok=True | bbox_size_ok=True | position_ok=False | resuming active search.
[INFO] [1790221410.949694818] [sage_viewpoint_planner]: OBSERVATION INSUFFICIENT | viewpoint=2/4 | person_confidence=0.829 | bbox_area_fraction=0.0391 | fresh=True | confidence_ok=True | bbox_size_ok=True | position_ok=False | bbox_margin=0.016 | confidence_threshold=0.60 | bbox_threshold=0.0100
[INFO] [1790221410.951618065] [sage_viewpoint_planner]: ENERGY-AWARE SELECTION | chosen=3/4 | distance=3.4 m | est_cost_incl_return=0.7 % | unaffordable_skipped=0
[INFO] [1790221411.166329099] [sage_viewpoint_planner]: PERSON OBSERVATION | confidence=0.845 | bbox_area_fraction=0.0420 | bbox_center_px=(953.0, 794.3) | image_position=(0.745, 0.827) | bbox_margin=0.000
[INFO] [1790221412.389397294] [sage_viewpoint_planner]: PERSON OBSERVATION | confidence=0.825 | bbox_area_fraction=0.0375 | bbox_center_px=(908.3, 775.1) | image_position=(0.710, 0.807) | bbox_margin=0.023
[INFO] [1790221412.740451781] [sage_viewpoint_planner]: DUPLICATE TRACK MERGED | id=7 | position=(-0.40, 4.26) | same as verified id=1
[INFO] [1790221413.457913949] [sage_viewpoint_planner]: PERSON OBSERVATION | confidence=0.806 | bbox_area_fraction=0.0334 | bbox_center_px=(68.9, 722.4) | image_position=(0.054, 0.752) | bbox_margin=0.000
[INFO] [1790221414.549285750] [sage_viewpoint_planner]: PERSON OBSERVATION | confidence=0.858 | bbox_area_fraction=0.0571 | bbox_center_px=(104.5, 791.1) | image_position=(0.082, 0.824) | bbox_margin=0.000
[INFO] [1790221415.843491404] [sage_viewpoint_planner]: PERSON OBSERVATION | confidence=0.840 | bbox_area_fraction=0.0489 | bbox_center_px=(1002.4, 623.6) | image_position=(0.783, 0.650) | bbox_margin=0.145
[INFO] [1790221417.291883321] [sage_viewpoint_planner]: PERSON OBSERVATION | confidence=0.584 | bbox_area_fraction=0.0029 | bbox_center_px=(534.5, 548.0) | image_position=(0.418, 0.571) | bbox_margin=0.382
[INFO] [1790221418.304493318] [sage_viewpoint_planner]: PERSON OBSERVATION | confidence=0.489 | bbox_area_fraction=0.0047 | bbox_center_px=(581.1, 556.5) | image_position=(0.454, 0.580) | bbox_margin=0.365
[INFO] [1790221419.907887956] [sage_viewpoint_planner]: PERSON OBSERVATION | confidence=0.778 | bbox_area_fraction=0.0154 | bbox_center_px=(564.4, 612.7) | image_position=(0.441, 0.638) | bbox_margin=0.260
[INFO] [1790221420.920373983] [sage_viewpoint_planner]: PERSON OBSERVATION | confidence=0.772 | bbox_area_fraction=0.0315 | bbox_center_px=(535.2, 738.8) | image_position=(0.418, 0.770) | bbox_margin=0.072
[INFO] [1790221422.081905332] [sage_viewpoint_planner]: PERSON OBSERVATION | confidence=0.693 | bbox_area_fraction=0.0340 | bbox_center_px=(438.4, 870.2) | image_position=(0.343, 0.907) | bbox_margin=0.001
[INFO] [1790221422.140974204] [sage_viewpoint_planner]: COVERAGE WAYPOINT | 3/9 at (6.0, -6.0) | scanning
[INFO] [1790221425.944755309] [sage_viewpoint_planner]: PERSON OBSERVATION | confidence=0.722 | bbox_area_fraction=0.0041 | bbox_center_px=(1117.6, 556.3) | image_position=(0.873, 0.580) | bbox_margin=0.107
[INFO] [1790221427.064639913] [sage_viewpoint_planner]: PERSON OBSERVATION | confidence=0.459 | bbox_area_fraction=0.0008 | bbox_center_px=(724.5, 521.3) | image_position=(0.566, 0.543) | bbox_margin=0.426
[INFO] [1790221428.215571343] [sage_viewpoint_planner]: PERSON OBSERVATION | confidence=0.537 | bbox_area_fraction=0.0444 | bbox_center_px=(572.7, 896.8) | image_position=(0.447, 0.934) | bbox_margin=0.002
[INFO] [1790221433.600008141] [sage_viewpoint_planner]: PERSON OBSERVATION | confidence=0.665 | bbox_area_fraction=0.0024 | bbox_center_px=(178.8, 524.3) | image_position=(0.140, 0.546) | bbox_margin=0.124
[INFO] [1790221434.745551676] [sage_viewpoint_planner]: COVERAGE WAYPOINT | 4/9 at (0.0, -6.0) | scanning
[INFO] [1790221440.144719571] [sage_viewpoint_planner]: PERSON OBSERVATION | confidence=0.717 | bbox_area_fraction=0.0176 | bbox_center_px=(809.3, 641.4) | image_position=(0.632, 0.668) | bbox_margin=0.223
[INFO] [1790221441.424552579] [sage_viewpoint_planner]: PERSON OBSERVATION | confidence=0.372 | bbox_area_fraction=0.0219 | bbox_center_px=(363.8, 651.7) | image_position=(0.284, 0.679) | bbox_margin=0.204
[INFO] [1790221442.712953297] [sage_viewpoint_planner]: PERSON OBSERVATION | confidence=0.407 | bbox_area_fraction=0.0019 | bbox_center_px=(711.1, 557.7) | image_position=(0.556, 0.581) | bbox_margin=0.373
[INFO] [1790221443.791803799] [sage_viewpoint_planner]: PERSON OBSERVATION | confidence=0.589 | bbox_area_fraction=0.0027 | bbox_center_px=(246.4, 552.6) | image_position=(0.193, 0.576) | bbox_margin=0.175
[INFO] [1790221445.065552984] [sage_viewpoint_planner]: PERSON OBSERVATION | confidence=0.627 | bbox_area_fraction=0.0022 | bbox_center_px=(309.1, 345.1) | image_position=(0.242, 0.360) | bbox_margin=0.227
[INFO] [1790221446.322784110] [sage_viewpoint_planner]: PERSON OBSERVATION | confidence=0.643 | bbox_area_fraction=0.0033 | bbox_center_px=(1076.4, 541.7) | image_position=(0.841, 0.564) | bbox_margin=0.142
[INFO] [1790221447.343587499] [sage_viewpoint_planner]: COVERAGE WAYPOINT | 5/9 at (0.0, 0.0) | scanning
[INFO] [1790221447.663997835] [sage_viewpoint_planner]: PERSON OBSERVATION | confidence=0.664 | bbox_area_fraction=0.0044 | bbox_center_px=(967.3, 665.8) | image_position=(0.756, 0.694) | bbox_margin=0.225
[INFO] [1790221449.047682936] [sage_viewpoint_planner]: PERSON OBSERVATION | confidence=0.784 | bbox_area_fraction=0.0092 | bbox_center_px=(1090.7, 662.9) | image_position=(0.852, 0.690) | bbox_margin=0.115
[INFO] [1790221450.230610039] [sage_viewpoint_planner]: PERSON OBSERVATION | confidence=0.830 | bbox_area_fraction=0.0405 | bbox_center_px=(88.2, 815.6) | image_position=(0.069, 0.850) | bbox_margin=0.001
[INFO] [1790221452.694564167] [sage_viewpoint_planner]: PERSON OBSERVATION | confidence=0.658 | bbox_area_fraction=0.0093 | bbox_center_px=(1128.1, 613.4) | image_position=(0.881, 0.639) | bbox_margin=0.088
[INFO] [1790221453.931724308] [sage_viewpoint_planner]: PERSON OBSERVATION | confidence=0.558 | bbox_area_fraction=0.0045 | bbox_center_px=(538.7, 579.2) | image_position=(0.421, 0.603) | bbox_margin=0.337
[INFO] [1790221455.897657282] [sage_viewpoint_planner]: PERSON OBSERVATION | confidence=0.780 | bbox_area_fraction=0.0363 | bbox_center_px=(1216.2, 768.0) | image_position=(0.950, 0.800) | bbox_margin=0.002
[INFO] [1790221456.921483618] [sage_viewpoint_planner]: PERSON OBSERVATION | confidence=0.769 | bbox_area_fraction=0.0159 | bbox_center_px=(588.9, 535.1) | image_position=(0.460, 0.557) | bbox_margin=0.319
[INFO] [1790221458.053926314] [sage_viewpoint_planner]: PERSON OBSERVATION | confidence=0.823 | bbox_area_fraction=0.0279 | bbox_center_px=(555.9, 611.8) | image_position=(0.434, 0.637) | bbox_margin=0.197
[INFO] [1790221459.940434962] [sage_viewpoint_planner]: COVERAGE WAYPOINT | 6/9 at (0.0, 6.0) | scanning
[INFO] [1790221462.878157554] [sage_viewpoint_planner]: PERSON OBSERVATION | confidence=0.684 | bbox_area_fraction=0.0152 | bbox_center_px=(1093.1, 617.9) | image_position=(0.854, 0.644) | bbox_margin=0.110
[INFO] [1790221464.991999093] [sage_viewpoint_planner]: PERSON OBSERVATION | confidence=0.392 | bbox_area_fraction=0.0623 | bbox_center_px=(880.7, 774.1) | image_position=(0.688, 0.806) | bbox_margin=0.003
[INFO] [1790221466.048612347] [sage_viewpoint_planner]: PERSON OBSERVATION | confidence=0.369 | bbox_area_fraction=0.0496 | bbox_center_px=(352.4, 796.5) | image_position=(0.275, 0.830) | bbox_margin=0.002
[INFO] [1790221467.307628873] [sage_viewpoint_planner]: PERSON OBSERVATION | confidence=0.723 | bbox_area_fraction=0.0492 | bbox_center_px=(105.7, 814.2) | image_position=(0.083, 0.848) | bbox_margin=0.000
[INFO] [1790221469.776755458] [sage_viewpoint_planner]: PERSON OBSERVATION | confidence=0.589 | bbox_area_fraction=0.0186 | bbox_center_px=(1214.9, 391.0) | image_position=(0.949, 0.407) | bbox_margin=0.010
[INFO] [1790221471.752902856] [sage_viewpoint_planner]: PERSON OBSERVATION | confidence=0.651 | bbox_area_fraction=0.0291 | bbox_center_px=(41.3, 734.1) | image_position=(0.032, 0.765) | bbox_margin=0.001
[INFO] [1790221472.343067756] [sage_viewpoint_planner]: COVERAGE WAYPOINT | 7/9 at (-6.0, 6.0) | scanning
[INFO] [1790221472.831928962] [sage_viewpoint_planner]: PERSON OBSERVATION | confidence=0.549 | bbox_area_fraction=0.0503 | bbox_center_px=(92.1, 789.6) | image_position=(0.072, 0.822) | bbox_margin=0.000
[INFO] [1790221476.030672595] [sage_viewpoint_planner]: PERSON OBSERVATION | confidence=0.503 | bbox_area_fraction=0.0025 | bbox_center_px=(1168.3, 486.8) | image_position=(0.913, 0.507) | bbox_margin=0.071
[INFO] [1790221476.082778175] [sage_viewpoint_planner]: New target acquired | target_id=9
[INFO] [1790221476.140122843] [sage_viewpoint_planner]: CANDIDATE FOUND | leaving sweep to verify target_id=9
[INFO] [1790221476.140791659] [sage_viewpoint_planner]: CANDIDATE STATUS | id=9 | track=(1.5,-7.3) | uav=(-5.9,6.7) | range=15.8 m | sufficient=False | matches_track=False | evidence=0.0/2.0 s
[INFO] [1790221477.564662519] [sage_viewpoint_planner]: PERSON OBSERVATION | confidence=0.605 | bbox_area_fraction=0.0111 | bbox_center_px=(898.2, 499.5) | image_position=(0.702, 0.520) | bbox_margin=0.263
[INFO] [1790221479.379255092] [sage_viewpoint_planner]: PERSON OBSERVATION | confidence=0.873 | bbox_area_fraction=0.0728 | bbox_center_px=(152.1, 790.6) | image_position=(0.119, 0.824) | bbox_margin=0.000
[INFO] [1790221480.150510171] [sage_viewpoint_planner]: CANDIDATE STATUS | id=9 | track=(1.3,-7.2) | uav=(-2.0,2.4) | range=10.1 m | sufficient=False | matches_track=False | evidence=0.2/2.0 s
[INFO] [1790221484.341788001] [sage_viewpoint_planner]: CANDIDATE STATUS | id=9 | track=(1.3,-7.2) | uav=(2.7,-4.8) | range=2.8 m | sufficient=False | matches_track=False | evidence=0.0/2.0 s
[INFO] [1790221485.949324642] [sage_viewpoint_planner]: OBSERVATION INSUFFICIENT | viewpoint=1/4 | person_confidence=0.373 | bbox_area_fraction=0.0076 | fresh=False | confidence_ok=False | bbox_size_ok=False | position_ok=False | bbox_margin=0.001 | confidence_threshold=0.60 | bbox_threshold=0.0100
[INFO] [1790221485.950618094] [sage_viewpoint_planner]: ENERGY-AWARE SELECTION | chosen=2/4 | distance=4.0 m | est_cost_incl_return=0.7 % | unaffordable_skipped=0
[INFO] [1790221488.544037768] [sage_viewpoint_planner]: CANDIDATE STATUS | id=9 | track=(1.3,-7.2) | uav=(2.5,-5.8) | range=1.8 m | sufficient=False | matches_track=False | evidence=0.0/2.0 s
[INFO] [1790221489.952367119] [sage_viewpoint_planner]: OBSERVATION INSUFFICIENT | viewpoint=2/4 | person_confidence=0.373 | bbox_area_fraction=0.0076 | fresh=False | confidence_ok=False | bbox_size_ok=False | position_ok=False | bbox_margin=0.001 | confidence_threshold=0.60 | bbox_threshold=0.0100
[INFO] [1790221489.957261289] [sage_viewpoint_planner]: ENERGY-AWARE SELECTION | chosen=3/4 | distance=4.0 m | est_cost_incl_return=0.9 % | unaffordable_skipped=0
[WARN] [1790221491.142098498] [sage_viewpoint_planner]: CANDIDATE REJECTED | id=9 | no person visible (phantom) | resuming coverage.
[INFO] [1790221491.491121396] [sage_viewpoint_planner]: PERSON OBSERVATION | confidence=0.793 | bbox_area_fraction=0.0481 | bbox_center_px=(1141.8, 732.1) | image_position=(0.892, 0.763) | bbox_margin=0.030
[INFO] [1790221492.783786219] [sage_viewpoint_planner]: PERSON OBSERVATION | confidence=0.737 | bbox_area_fraction=0.0244 | bbox_center_px=(346.5, 676.6) | image_position=(0.271, 0.705) | bbox_margin=0.167
[INFO] [1790221494.008039631] [sage_viewpoint_planner]: PERSON OBSERVATION | confidence=0.708 | bbox_area_fraction=0.0109 | bbox_center_px=(710.2, 557.1) | image_position=(0.555, 0.580) | bbox_margin=0.337
[INFO] [1790221495.179872099] [sage_viewpoint_planner]: PERSON OBSERVATION | confidence=0.759 | bbox_area_fraction=0.0068 | bbox_center_px=(720.8, 541.2) | image_position=(0.563, 0.564) | bbox_margin=0.359
[INFO] [1790221496.353930380] [sage_viewpoint_planner]: PERSON OBSERVATION | confidence=0.366 | bbox_area_fraction=0.0018 | bbox_center_px=(835.1, 455.0) | image_position=(0.652, 0.474) | bbox_margin=0.336
[INFO] [1790221496.683596218] [sage_viewpoint_planner]: New target acquired | target_id=10
[INFO] [1790221496.740640124] [sage_viewpoint_planner]: CANDIDATE FOUND | leaving sweep to verify target_id=10
[INFO] [1790221496.743835089] [sage_viewpoint_planner]: CANDIDATE STATUS | id=10 | track=(-2.6,3.3) | uav=(-0.9,-3.0) | range=6.5 m | sufficient=False | matches_track=False | evidence=0.0/2.0 s
[INFO] [1790221497.427925783] [sage_viewpoint_planner]: PERSON OBSERVATION | confidence=0.662 | bbox_area_fraction=0.0023 | bbox_center_px=(432.9, 522.2) | image_position=(0.338, 0.544) | bbox_margin=0.325
[INFO] [1790221498.664351023] [sage_viewpoint_planner]: PERSON OBSERVATION | confidence=0.662 | bbox_area_fraction=0.0023 | bbox_center_px=(432.9, 522.2) | image_position=(0.338, 0.544) | bbox_margin=0.325
[INFO] [1790221500.440364063] [sage_viewpoint_planner]: PERSON OBSERVATION | confidence=0.630 | bbox_area_fraction=0.0090 | bbox_center_px=(83.6, 622.4) | image_position=(0.065, 0.648) | bbox_margin=0.036
[INFO] [1790221500.939894417] [sage_viewpoint_planner]: CANDIDATE STATUS | id=10 | track=(-4.8,6.6) | uav=(0.6,3.0) | range=6.5 m | sufficient=False | matches_track=False | evidence=0.0/2.0 s
[INFO] [1790221501.142836684] [sage_viewpoint_planner]: OBSERVATION INSUFFICIENT | viewpoint=1/4 | person_confidence=0.699 | bbox_area_fraction=0.0074 | fresh=True | confidence_ok=True | bbox_size_ok=False | position_ok=True | bbox_margin=0.180 | confidence_threshold=0.60 | bbox_threshold=0.0100
[INFO] [1790221501.146924889] [sage_viewpoint_planner]: ENERGY-AWARE SELECTION | chosen=4/4 | distance=5.4 m | est_cost_incl_return=0.9 % | unaffordable_skipped=0
[INFO] [1790221501.728538898] [sage_viewpoint_planner]: PERSON OBSERVATION | confidence=0.618 | bbox_area_fraction=0.0073 | bbox_center_px=(308.2, 632.4) | image_position=(0.241, 0.659) | bbox_margin=0.214
[INFO] [1790221503.015549053] [sage_viewpoint_planner]: PERSON OBSERVATION | confidence=0.870 | bbox_area_fraction=0.0830 | bbox_center_px=(761.5, 807.9) | image_position=(0.595, 0.842) | bbox_margin=0.001
[INFO] [1790221504.944782514] [sage_viewpoint_planner]: CANDIDATE STATUS | id=10 | track=(-5.1,7.1) | uav=(-3.8,3.6) | range=3.7 m | sufficient=False | matches_track=False | evidence=0.0/2.0 s
[INFO] [1790221504.980494675] [sage_viewpoint_planner]: PERSON OBSERVATION | confidence=0.795 | bbox_area_fraction=0.0231 | bbox_center_px=(1172.7, 739.1) | image_position=(0.916, 0.770) | bbox_margin=0.042
[INFO] [1790221505.543759591] [sage_viewpoint_planner]: OBSERVATION SUFFICIENT | viewpoint=4/4 | person_confidence=0.832 | bbox_area_fraction=0.0196 | fresh=True | confidence_ok=True | bbox_size_ok=True | position_ok=True | bbox_margin=0.079 | confidence_threshold=0.60 | bbox_threshold=0.0100 | HOLDING VIEWPOINT.
[INFO] [1790221506.030600408] [sage_viewpoint_planner]: PERSON OBSERVATION | confidence=0.833 | bbox_area_fraction=0.0307 | bbox_center_px=(874.2, 781.7) | image_position=(0.683, 0.814) | bbox_margin=0.044
[INFO] [1790221507.142545098] [sage_viewpoint_planner]: DUPLICATE TRACK MERGED | id=10 | position=(-5.79, 6.59) | same as verified id=2
[INFO] [1790221507.241785295] [sage_viewpoint_planner]: PERSON OBSERVATION | confidence=0.803 | bbox_area_fraction=0.0524 | bbox_center_px=(816.7, 777.8) | image_position=(0.638, 0.810) | bbox_margin=0.037
[INFO] [1790221508.255807237] [sage_viewpoint_planner]: PERSON OBSERVATION | confidence=0.706 | bbox_area_fraction=0.0706 | bbox_center_px=(790.6, 760.9) | image_position=(0.618, 0.793) | bbox_margin=0.047
[INFO] [1790221509.365521623] [sage_viewpoint_planner]: PERSON OBSERVATION | confidence=0.732 | bbox_area_fraction=0.0612 | bbox_center_px=(509.4, 682.9) | image_position=(0.398, 0.711) | bbox_margin=0.127
[INFO] [1790221510.145721537] [sage_viewpoint_planner]: COVERAGE WAYPOINT | 7/9 at (-6.0, 6.0) | scanning
[INFO] [1790221515.025250295] [sage_viewpoint_planner]: PERSON OBSERVATION | confidence=0.614 | bbox_area_fraction=0.0025 | bbox_center_px=(1157.9, 549.5) | image_position=(0.905, 0.572) | bbox_margin=0.079
[INFO] [1790221516.569326183] [sage_viewpoint_planner]: PERSON OBSERVATION | confidence=0.498 | bbox_area_fraction=0.0107 | bbox_center_px=(668.8, 614.4) | image_position=(0.522, 0.640) | bbox_margin=0.285
[INFO] [1790221517.673979152] [sage_viewpoint_planner]: PERSON OBSERVATION | confidence=0.759 | bbox_area_fraction=0.0204 | bbox_center_px=(62.3, 672.0) | image_position=(0.049, 0.700) | bbox_margin=0.001
[INFO] [1790221520.963279501] [sage_viewpoint_planner]: PERSON OBSERVATION | confidence=0.368 | bbox_area_fraction=0.0024 | bbox_center_px=(1007.5, 481.2) | image_position=(0.787, 0.501) | bbox_margin=0.196
[INFO] [1790221521.989903147] [sage_viewpoint_planner]: PERSON OBSERVATION | confidence=0.562 | bbox_area_fraction=0.0014 | bbox_center_px=(824.0, 482.4) | image_position=(0.644, 0.502) | bbox_margin=0.345
[INFO] [1790221522.940033378] [sage_viewpoint_planner]: COVERAGE WAYPOINT | 8/9 at (-6.0, 0.0) | scanning
[INFO] [1790221525.486711406] [sage_viewpoint_planner]: PERSON OBSERVATION | confidence=0.625 | bbox_area_fraction=0.0040 | bbox_center_px=(1099.6, 578.1) | image_position=(0.859, 0.602) | bbox_margin=0.121
[INFO] [1790221526.773228375] [sage_viewpoint_planner]: PERSON OBSERVATION | confidence=0.628 | bbox_area_fraction=0.0124 | bbox_center_px=(1086.4, 618.2) | image_position=(0.849, 0.644) | bbox_margin=0.116
[INFO] [1790221527.850502261] [sage_viewpoint_planner]: PERSON OBSERVATION | confidence=0.714 | bbox_area_fraction=0.0204 | bbox_center_px=(1186.2, 650.6) | image_position=(0.927, 0.678) | bbox_margin=0.023
[INFO] [1790221528.917199215] [sage_viewpoint_planner]: PERSON OBSERVATION | confidence=0.658 | bbox_area_fraction=0.0080 | bbox_center_px=(586.8, 599.5) | image_position=(0.458, 0.624) | bbox_margin=0.305
[INFO] [1790221535.542680659] [sage_viewpoint_planner]: COVERAGE WAYPOINT | 9/9 at (-6.0, -6.0) | scanning
[INFO] [1790221538.135381692] [sage_viewpoint_planner]: PERSON OBSERVATION | confidence=0.568 | bbox_area_fraction=0.0048 | bbox_center_px=(1034.1, 563.3) | image_position=(0.808, 0.587) | bbox_margin=0.167
[INFO] [1790221539.353244090] [sage_viewpoint_planner]: PERSON OBSERVATION | confidence=0.304 | bbox_area_fraction=0.0026 | bbox_center_px=(358.4, 553.5) | image_position=(0.280, 0.577) | bbox_margin=0.265
[INFO] [1790221541.537388487] [sage_viewpoint_planner]: PERSON OBSERVATION | confidence=0.593 | bbox_area_fraction=0.0025 | bbox_center_px=(264.0, 541.1) | image_position=(0.206, 0.564) | bbox_margin=0.192
[INFO] [1790221543.942323274] [sage_viewpoint_planner]: MISSION COMPLETE | status=area_covered | found=3 | locations=#1 (-0.2, 3.8); #2 (-5.9, 7.0); #4 (5.0, -5.8) | duration=249 s
[INFO] [1790221543.943881340] [sage_viewpoint_planner]: Requesting return home + land.
[INFO] [1790221546.740346524] [sage_viewpoint_planner]: PERSON OBSERVATION | confidence=0.448 | bbox_area_fraction=0.0049 | bbox_center_px=(1054.7, 506.3) | image_position=(0.824, 0.527) | bbox_margin=0.151
[INFO] [1790221547.095212493] [sage_viewpoint_planner]: New target acquired | target_id=1
[INFO] [1790221547.824101001] [sage_viewpoint_planner]: PERSON OBSERVATION | confidence=0.324 | bbox_area_fraction=0.0026 | bbox_center_px=(511.7, 536.9) | image_position=(0.400, 0.559) | bbox_margin=0.384
[INFO] [1790221548.981615692] [sage_viewpoint_planner]: PERSON OBSERVATION | confidence=0.615 | bbox_area_fraction=0.0031 | bbox_center_px=(623.1, 542.4) | image_position=(0.487, 0.565) | bbox_margin=0.390
[INFO] [1790221550.239914376] [sage_viewpoint_planner]: PERSON OBSERVATION | confidence=0.528 | bbox_area_fraction=0.0045 | bbox_center_px=(552.4, 543.6) | image_position=(0.432, 0.566) | bbox_margin=0.384
[INFO] [1790221551.871809796] [sage_viewpoint_planner]: PERSON OBSERVATION | confidence=0.501 | bbox_area_fraction=0.0100 | bbox_center_px=(444.3, 558.1) | image_position=(0.347, 0.581) | bbox_margin=0.307
[INFO] [1790221553.132155381] [sage_viewpoint_planner]: PERSON OBSERVATION | confidence=0.527 | bbox_area_fraction=0.0076 | bbox_center_px=(356.4, 577.3) | image_position=(0.278, 0.601) | bbox_margin=0.249
[INFO] [1790221554.319606048] [sage_viewpoint_planner]: PERSON OBSERVATION | confidence=0.732 | bbox_area_fraction=0.0085 | bbox_center_px=(257.4, 598.7) | image_position=(0.201, 0.624) | bbox_margin=0.171
[INFO] [1790221555.597559963] [sage_viewpoint_planner]: PERSON OBSERVATION | confidence=0.753 | bbox_area_fraction=0.0121 | bbox_center_px=(124.9, 623.6) | image_position=(0.098, 0.650) | bbox_margin=0.063
