[INFO] [1790212875.006687089] [sage_energy_monitor]: SAGE energy monitor started.
[INFO] [1790212875.009492098] [sage_energy_monitor]: Cruise speed 1.0 m/s | reserve 0.20
[INFO] [1790212875.917758194] [sage_energy_monitor]: ENERGY | remaining=98.7 % | voltage=16.18 V | drain_rate=n/a | home_distance=0.4 m | return_time=5 s | return_cost=n/a | margin_after_return=n/a
[INFO] [1790212876.917886920] [sage_energy_monitor]: ENERGY | remaining=98.6 % | voltage=16.17 V | drain_rate=n/a | home_distance=0.3 m | return_time=4 s | return_cost=n/a | margin_after_return=n/a
[INFO] [1790212877.917571471] [sage_energy_monitor]: ENERGY | remaining=98.6 % | voltage=16.17 V | drain_rate=n/a | home_distance=0.2 m | return_time=4 s | return_cost=n/a | margin_after_return=n/a
[INFO] [1790212878.919307618] [sage_energy_monitor]: ENERGY | remaining=98.5 % | voltage=16.17 V | drain_rate=n/a | home_distance=0.2 m | return_time=4 s | return_cost=n/a | margin_after_return=n/a
[INFO] [1790212879.917919432] [sage_energy_monitor]: ENERGY | remaining=98.4 % | voltage=16.17 V | drain_rate=n/a | home_distance=0.2 m | return_time=4 s | return_cost=n/a | margin_after_return=n/a
[INFO] [1790212880.917020651] [sage_energy_monitor]: ENERGY | remaining=98.3 % | voltage=16.17 V | drain_rate=0.077 %/s | home_distance=0.2 m | return_time=4 s | return_cost=0.3 % | margin_after_return=78.1 %
[INFO] [1790212881.918514533] [sage_energy_monitor]: ENERGY | remaining=98.3 % | voltage=16.17 V | drain_rate=0.077 %/s | home_distance=0.2 m | return_time=3 s | return_cost=0.3 % | margin_after_return=78.0 %
[INFO] [1790212882.916606674] [sage_energy_monitor]: ENERGY | remaining=98.2 % | voltage=16.17 V | drain_rate=0.075 %/s | home_distance=0.2 m | return_time=3 s | return_cost=0.3 % | margin_after_return=77.9 %
[INFO] [1790212883.919286923] [sage_energy_monitor]: ENERGY | remaining=98.1 % | voltage=16.16 V | drain_rate=0.074 %/s | home_distance=0.2 m | return_time=3 s | return_cost=0.2 % | margin_after_return=77.9 %
[INFO] [1790212884.917874613] [sage_energy_monitor]: ENERGY | remaining=98.1 % | voltage=16.16 V | drain_rate=0.074 %/s | home_distance=0.2 m | return_time=3 s | return_cost=0.2 % | margin_after_return=77.8 %
[INFO] [1790212885.916703456] [sage_energy_monitor]: ENERGY | remaining=98.0 % | voltage=16.16 V | drain_rate=0.074 %/s | home_distance=0.2 m | return_time=3 s | return_cost=0.2 % | margin_after_return=77.8 %
[INFO] [1790212886.916591734] [sage_energy_monitor]: ENERGY | remaining=97.9 % | voltage=16.16 V | drain_rate=0.073 %/s | home_distance=0.2 m | return_time=3 s | return_cost=0.2 % | margin_after_return=77.7 %
[INFO] [1790212887.920205054] [sage_energy_monitor]: ENERGY | remaining=97.9 % | voltage=16.16 V | drain_rate=0.073 %/s | home_distance=0.1 m | return_time=3 s | return_cost=0.2 % | margin_after_return=77.6 %
[INFO] [1790212888.920841424] [sage_energy_monitor]: ENERGY | remaining=97.8 % | voltage=16.16 V | drain_rate=0.073 %/s | home_distance=0.1 m | return_time=3 s | return_cost=0.2 % | margin_after_return=77.5 %
[INFO] [1790212889.918461829] [sage_energy_monitor]: ENERGY | remaining=97.7 % | voltage=16.16 V | drain_rate=0.073 %/s | home_distance=0.2 m | return_time=3 s | return_cost=0.2 % | margin_after_return=77.5 %
[INFO] [1790212890.925978715] [sage_energy_monitor]: ENERGY | remaining=97.6 % | voltage=16.16 V | drain_rate=0.072 %/s | home_distance=0.2 m | return_time=3 s | return_cost=0.2 % | margin_after_return=77.4 %
[INFO] [1790212891.917240319] [sage_energy_monitor]: ENERGY | remaining=97.6 % | voltage=16.15 V | drain_rate=0.072 %/s | home_distance=0.1 m | return_time=3 s | return_cost=0.2 % | margin_after_return=77.3 %
[INFO] [1790212892.917915454] [sage_energy_monitor]: ENERGY | remaining=97.5 % | voltage=16.15 V | drain_rate=0.072 %/s | home_distance=0.1 m | return_time=3 s | return_cost=0.2 % | margin_after_return=77.3 %
[INFO] [1790212893.917067860] [sage_energy_monitor]: ENERGY | remaining=97.5 % | voltage=16.15 V | drain_rate=0.071 %/s | home_distance=0.1 m | return_time=3 s | return_cost=0.2 % | margin_after_return=77.2 %
[INFO] [1790212894.924210511] [sage_energy_monitor]: ENERGY | remaining=97.4 % | voltage=16.15 V | drain_rate=0.071 %/s | home_distance=0.1 m | return_time=3 s | return_cost=0.2 % | margin_after_return=77.2 %
[INFO] [1790212895.921776757] [sage_energy_monitor]: ENERGY | remaining=97.3 % | voltage=16.15 V | drain_rate=0.070 %/s | home_distance=0.1 m | return_time=3 s | return_cost=0.2 % | margin_after_return=77.1 %
[INFO] [1790212896.916975051] [sage_energy_monitor]: ENERGY | remaining=97.3 % | voltage=16.15 V | drain_rate=0.070 %/s | home_distance=0.1 m | return_time=4 s | return_cost=0.3 % | margin_after_return=77.0 %
[INFO] [1790212897.921243378] [sage_energy_monitor]: ENERGY | remaining=97.2 % | voltage=16.15 V | drain_rate=0.070 %/s | home_distance=0.1 m | return_time=4 s | return_cost=0.3 % | margin_after_return=76.9 %
[INFO] [1790212898.917924529] [sage_energy_monitor]: ENERGY | remaining=97.1 % | voltage=16.15 V | drain_rate=0.069 %/s | home_distance=0.1 m | return_time=4 s | return_cost=0.3 % | margin_after_return=76.9 %
[INFO] [1790212899.918556299] [sage_energy_monitor]: ENERGY | remaining=97.1 % | voltage=16.15 V | drain_rate=0.068 %/s | home_distance=0.0 m | return_time=4 s | return_cost=0.3 % | margin_after_return=76.8 %
[INFO] [1790212900.917338646] [sage_energy_monitor]: ENERGY | remaining=97.1 % | voltage=16.15 V | drain_rate=0.067 %/s | home_distance=0.0 m | return_time=4 s | return_cost=0.3 % | margin_after_return=76.8 %
[INFO] [1790212901.922712839] [sage_energy_monitor]: ENERGY | remaining=97.0 % | voltage=16.14 V | drain_rate=0.066 %/s | home_distance=0.1 m | return_time=4 s | return_cost=0.3 % | margin_after_return=76.7 %
[INFO] [1790212902.922410440] [sage_energy_monitor]: ENERGY | remaining=97.0 % | voltage=16.14 V | drain_rate=0.066 %/s | home_distance=0.1 m | return_time=4 s | return_cost=0.3 % | margin_after_return=76.7 %
[INFO] [1790212903.923037292] [sage_energy_monitor]: ENERGY | remaining=96.9 % | voltage=16.14 V | drain_rate=0.066 %/s | home_distance=0.0 m | return_time=4 s | return_cost=0.3 % | margin_after_return=76.6 %
[INFO] [1790212904.918732593] [sage_energy_monitor]: ENERGY | remaining=96.8 % | voltage=16.14 V | drain_rate=0.066 %/s | home_distance=0.1 m | return_time=4 s | return_cost=0.3 % | margin_after_return=76.5 %
[INFO] [1790212905.917714413] [sage_energy_monitor]: ENERGY | remaining=96.8 % | voltage=16.14 V | drain_rate=0.065 %/s | home_distance=0.1 m | return_time=4 s | return_cost=0.3 % | margin_after_return=76.5 %
[INFO] [1790212906.921258364] [sage_energy_monitor]: ENERGY | remaining=96.7 % | voltage=16.14 V | drain_rate=0.064 %/s | home_distance=0.0 m | return_time=4 s | return_cost=0.3 % | margin_after_return=76.4 %
[INFO] [1790212907.918278282] [sage_energy_monitor]: ENERGY | remaining=96.6 % | voltage=16.14 V | drain_rate=0.064 %/s | home_distance=0.0 m | return_time=4 s | return_cost=0.3 % | margin_after_return=76.4 %
[INFO] [1790212908.916633368] [sage_energy_monitor]: ENERGY | remaining=96.6 % | voltage=16.14 V | drain_rate=0.064 %/s | home_distance=0.0 m | return_time=4 s | return_cost=0.3 % | margin_after_return=76.3 %
[INFO] [1790212909.917376255] [sage_energy_monitor]: ENERGY | remaining=96.5 % | voltage=16.14 V | drain_rate=0.063 %/s | home_distance=0.0 m | return_time=4 s | return_cost=0.3 % | margin_after_return=76.2 %
[INFO] [1790212910.921446779] [sage_energy_monitor]: ENERGY | remaining=96.5 % | voltage=16.13 V | drain_rate=0.063 %/s | home_distance=0.0 m | return_time=4 s | return_cost=0.3 % | margin_after_return=76.2 %
[INFO] [1790212911.919523170] [sage_energy_monitor]: ENERGY | remaining=96.4 % | voltage=16.13 V | drain_rate=0.062 %/s | home_distance=0.0 m | return_time=4 s | return_cost=0.3 % | margin_after_return=76.1 %
[INFO] [1790212912.921206351] [sage_energy_monitor]: ENERGY | remaining=96.3 % | voltage=16.13 V | drain_rate=0.062 %/s | home_distance=0.0 m | return_time=4 s | return_cost=0.3 % | margin_after_return=76.1 %
[INFO] [1790212913.916792479] [sage_energy_monitor]: ENERGY | remaining=96.3 % | voltage=16.13 V | drain_rate=0.062 %/s | home_distance=0.6 m | return_time=5 s | return_cost=0.3 % | margin_after_return=76.0 %
[INFO] [1790212914.918620375] [sage_energy_monitor]: ENERGY | remaining=96.2 % | voltage=16.13 V | drain_rate=0.061 %/s | home_distance=2.6 m | return_time=7 s | return_cost=0.4 % | margin_after_return=75.8 %
[INFO] [1790212915.921844667] [sage_energy_monitor]: ENERGY | remaining=96.2 % | voltage=16.13 V | drain_rate=0.061 %/s | home_distance=4.3 m | return_time=9 s | return_cost=0.5 % | margin_after_return=75.6 %
[INFO] [1790212916.918388760] [sage_energy_monitor]: ENERGY | remaining=96.1 % | voltage=16.13 V | drain_rate=0.061 %/s | home_distance=4.8 m | return_time=9 s | return_cost=0.6 % | margin_after_return=75.5 %
[INFO] [1790212917.919932275] [sage_energy_monitor]: ENERGY | remaining=96.0 % | voltage=16.13 V | drain_rate=0.060 %/s | home_distance=4.5 m | return_time=9 s | return_cost=0.5 % | margin_after_return=75.5 %
[INFO] [1790212918.918246608] [sage_energy_monitor]: ENERGY | remaining=96.0 % | voltage=16.13 V | drain_rate=0.060 %/s | home_distance=2.5 m | return_time=7 s | return_cost=0.4 % | margin_after_return=75.5 %
[INFO] [1790212919.925041167] [sage_energy_monitor]: ENERGY | remaining=95.9 % | voltage=16.13 V | drain_rate=0.060 %/s | home_distance=1.2 m | return_time=6 s | return_cost=0.3 % | margin_after_return=75.6 %
[INFO] [1790212920.920381142] [sage_energy_monitor]: ENERGY | remaining=95.9 % | voltage=16.12 V | drain_rate=0.060 %/s | home_distance=1.0 m | return_time=5 s | return_cost=0.3 % | margin_after_return=75.5 %
[INFO] [1790212921.917881344] [sage_energy_monitor]: ENERGY | remaining=95.8 % | voltage=16.12 V | drain_rate=0.059 %/s | home_distance=2.3 m | return_time=7 s | return_cost=0.4 % | margin_after_return=75.4 %
[INFO] [1790212922.918039236] [sage_energy_monitor]: ENERGY | remaining=95.7 % | voltage=16.12 V | drain_rate=0.059 %/s | home_distance=4.1 m | return_time=9 s | return_cost=0.5 % | margin_after_return=75.2 %
[INFO] [1790212923.917266756] [sage_energy_monitor]: ENERGY | remaining=95.7 % | voltage=16.12 V | drain_rate=0.059 %/s | home_distance=4.9 m | return_time=9 s | return_cost=0.6 % | margin_after_return=75.1 %
[INFO] [1790212924.923108035] [sage_energy_monitor]: ENERGY | remaining=95.6 % | voltage=16.12 V | drain_rate=0.059 %/s | home_distance=5.1 m | return_time=9 s | return_cost=0.6 % | margin_after_return=75.1 %
[INFO] [1790212925.927271137] [sage_energy_monitor]: ENERGY | remaining=95.6 % | voltage=16.12 V | drain_rate=0.059 %/s | home_distance=5.6 m | return_time=10 s | return_cost=0.6 % | margin_after_return=75.0 %
[INFO] [1790212926.917870550] [sage_energy_monitor]: ENERGY | remaining=95.5 % | voltage=16.12 V | drain_rate=0.059 %/s | home_distance=6.1 m | return_time=10 s | return_cost=0.6 % | margin_after_return=74.9 %
[INFO] [1790212927.917890282] [sage_energy_monitor]: ENERGY | remaining=95.4 % | voltage=16.12 V | drain_rate=0.059 %/s | home_distance=6.0 m | return_time=10 s | return_cost=0.6 % | margin_after_return=74.8 %
[INFO] [1790212928.923879767] [sage_energy_monitor]: ENERGY | remaining=95.4 % | voltage=16.12 V | drain_rate=0.059 %/s | home_distance=6.5 m | return_time=11 s | return_cost=0.6 % | margin_after_return=74.7 %
[INFO] [1790212929.923484380] [sage_energy_monitor]: ENERGY | remaining=95.3 % | voltage=16.11 V | drain_rate=0.059 %/s | home_distance=7.8 m | return_time=12 s | return_cost=0.7 % | margin_after_return=74.6 %
[INFO] [1790212930.918915052] [sage_energy_monitor]: ENERGY | remaining=95.3 % | voltage=16.11 V | drain_rate=0.060 %/s | home_distance=8.6 m | return_time=13 s | return_cost=0.8 % | margin_after_return=74.5 %
[INFO] [1790212931.926694952] [sage_energy_monitor]: ENERGY | remaining=95.2 % | voltage=16.11 V | drain_rate=0.060 %/s | home_distance=8.9 m | return_time=14 s | return_cost=0.8 % | margin_after_return=74.4 %
[INFO] [1790212932.921295229] [sage_energy_monitor]: ENERGY | remaining=95.1 % | voltage=16.11 V | drain_rate=0.060 %/s | home_distance=8.9 m | return_time=13 s | return_cost=0.8 % | margin_after_return=74.3 %
[INFO] [1790212933.918151209] [sage_energy_monitor]: ENERGY | remaining=95.1 % | voltage=16.11 V | drain_rate=0.060 %/s | home_distance=8.7 m | return_time=13 s | return_cost=0.8 % | margin_after_return=74.3 %
[INFO] [1790212934.926972979] [sage_energy_monitor]: ENERGY | remaining=95.0 % | voltage=16.11 V | drain_rate=0.060 %/s | home_distance=8.6 m | return_time=13 s | return_cost=0.8 % | margin_after_return=74.2 %
[INFO] [1790212935.919854890] [sage_energy_monitor]: ENERGY | remaining=95.0 % | voltage=16.11 V | drain_rate=0.061 %/s | home_distance=8.6 m | return_time=13 s | return_cost=0.8 % | margin_after_return=74.2 %
[INFO] [1790212936.917079828] [sage_energy_monitor]: ENERGY | remaining=94.9 % | voltage=16.11 V | drain_rate=0.061 %/s | home_distance=8.6 m | return_time=13 s | return_cost=0.8 % | margin_after_return=74.1 %
[INFO] [1790212937.918778628] [sage_energy_monitor]: ENERGY | remaining=94.8 % | voltage=16.11 V | drain_rate=0.060 %/s | home_distance=8.5 m | return_time=13 s | return_cost=0.8 % | margin_after_return=74.1 %
[INFO] [1790212938.920026345] [sage_energy_monitor]: ENERGY | remaining=94.8 % | voltage=16.10 V | drain_rate=0.060 %/s | home_distance=8.5 m | return_time=13 s | return_cost=0.8 % | margin_after_return=74.0 %
[INFO] [1790212939.917475700] [sage_energy_monitor]: ENERGY | remaining=94.7 % | voltage=16.10 V | drain_rate=0.060 %/s | home_distance=8.5 m | return_time=13 s | return_cost=0.8 % | margin_after_return=73.9 %
[INFO] [1790212940.919057220] [sage_energy_monitor]: ENERGY | remaining=94.7 % | voltage=16.10 V | drain_rate=0.060 %/s | home_distance=8.0 m | return_time=12 s | return_cost=0.7 % | margin_after_return=73.9 %
[INFO] [1790212941.925570279] [sage_energy_monitor]: ENERGY | remaining=94.6 % | voltage=16.10 V | drain_rate=0.060 %/s | home_distance=7.0 m | return_time=11 s | return_cost=0.7 % | margin_after_return=73.9 %
[INFO] [1790212942.920892393] [sage_energy_monitor]: ENERGY | remaining=94.5 % | voltage=16.10 V | drain_rate=0.060 %/s | home_distance=6.7 m | return_time=11 s | return_cost=0.6 % | margin_after_return=73.9 %
[INFO] [1790212943.918663365] [sage_energy_monitor]: ENERGY | remaining=94.5 % | voltage=16.10 V | drain_rate=0.060 %/s | home_distance=7.2 m | return_time=11 s | return_cost=0.7 % | margin_after_return=73.8 %
[INFO] [1790212944.919507876] [sage_energy_monitor]: ENERGY | remaining=94.4 % | voltage=16.10 V | drain_rate=0.060 %/s | home_distance=7.8 m | return_time=12 s | return_cost=0.7 % | margin_after_return=73.7 %
[INFO] [1790212945.919786960] [sage_energy_monitor]: ENERGY | remaining=94.4 % | voltage=16.10 V | drain_rate=0.060 %/s | home_distance=8.0 m | return_time=12 s | return_cost=0.7 % | margin_after_return=73.6 %
[INFO] [1790212946.917087952] [sage_energy_monitor]: ENERGY | remaining=94.3 % | voltage=16.10 V | drain_rate=0.060 %/s | home_distance=7.7 m | return_time=12 s | return_cost=0.7 % | margin_after_return=73.6 %
[INFO] [1790212947.917742639] [sage_energy_monitor]: ENERGY | remaining=94.2 % | voltage=16.09 V | drain_rate=0.060 %/s | home_distance=7.3 m | return_time=12 s | return_cost=0.7 % | margin_after_return=73.5 %
[INFO] [1790212948.921181359] [sage_energy_monitor]: ENERGY | remaining=94.2 % | voltage=16.09 V | drain_rate=0.060 %/s | home_distance=7.3 m | return_time=12 s | return_cost=0.7 % | margin_after_return=73.5 %
[INFO] [1790212949.921561244] [sage_energy_monitor]: ENERGY | remaining=94.1 % | voltage=16.09 V | drain_rate=0.060 %/s | home_distance=7.5 m | return_time=12 s | return_cost=0.7 % | margin_after_return=73.4 %
[INFO] [1790212950.919722064] [sage_energy_monitor]: ENERGY | remaining=94.1 % | voltage=16.09 V | drain_rate=0.060 %/s | home_distance=9.2 m | return_time=14 s | return_cost=0.8 % | margin_after_return=73.3 %
[INFO] [1790212951.918553129] [sage_energy_monitor]: ENERGY | remaining=94.0 % | voltage=16.09 V | drain_rate=0.059 %/s | home_distance=10.9 m | return_time=15 s | return_cost=0.9 % | margin_after_return=73.1 %
[INFO] [1790212952.920530860] [sage_energy_monitor]: ENERGY | remaining=94.0 % | voltage=16.09 V | drain_rate=0.059 %/s | home_distance=11.9 m | return_time=16 s | return_cost=1.0 % | margin_after_return=73.0 %
[INFO] [1790212953.920054952] [sage_energy_monitor]: ENERGY | remaining=93.9 % | voltage=16.09 V | drain_rate=0.059 %/s | home_distance=12.2 m | return_time=16 s | return_cost=1.0 % | margin_after_return=73.0 %
[INFO] [1790212954.918678745] [sage_energy_monitor]: ENERGY | remaining=93.9 % | voltage=16.09 V | drain_rate=0.059 %/s | home_distance=11.9 m | return_time=16 s | return_cost=1.0 % | margin_after_return=72.9 %
[INFO] [1790212955.919173838] [sage_energy_monitor]: ENERGY | remaining=93.8 % | voltage=16.09 V | drain_rate=0.059 %/s | home_distance=11.7 m | return_time=16 s | return_cost=0.9 % | margin_after_return=72.9 %
[INFO] [1790212956.920453924] [sage_energy_monitor]: ENERGY | remaining=93.7 % | voltage=16.09 V | drain_rate=0.059 %/s | home_distance=11.9 m | return_time=16 s | return_cost=0.9 % | margin_after_return=72.8 %
[INFO] [1790212957.917921616] [sage_energy_monitor]: ENERGY | remaining=93.7 % | voltage=16.08 V | drain_rate=0.059 %/s | home_distance=12.1 m | return_time=16 s | return_cost=1.0 % | margin_after_return=72.7 %
[INFO] [1790212958.918224748] [sage_energy_monitor]: ENERGY | remaining=93.6 % | voltage=16.08 V | drain_rate=0.059 %/s | home_distance=11.8 m | return_time=16 s | return_cost=0.9 % | margin_after_return=72.7 %
[INFO] [1790212959.918404720] [sage_energy_monitor]: ENERGY | remaining=93.6 % | voltage=16.08 V | drain_rate=0.058 %/s | home_distance=10.5 m | return_time=15 s | return_cost=0.9 % | margin_after_return=72.7 %
[INFO] [1790212960.921916606] [sage_energy_monitor]: ENERGY | remaining=93.5 % | voltage=16.08 V | drain_rate=0.059 %/s | home_distance=8.9 m | return_time=13 s | return_cost=0.7 % | margin_after_return=72.8 %
[INFO] [1790212961.916980226] [sage_energy_monitor]: ENERGY | remaining=93.4 % | voltage=16.08 V | drain_rate=0.059 %/s | home_distance=6.9 m | return_time=11 s | return_cost=0.6 % | margin_after_return=72.8 %
[INFO] [1790212962.920967895] [sage_energy_monitor]: ENERGY | remaining=93.4 % | voltage=16.08 V | drain_rate=0.058 %/s | home_distance=4.7 m | return_time=9 s | return_cost=0.5 % | margin_after_return=72.9 %
[INFO] [1790212963.916754340] [sage_energy_monitor]: ENERGY | remaining=93.3 % | voltage=16.08 V | drain_rate=0.058 %/s | home_distance=3.0 m | return_time=7 s | return_cost=0.4 % | margin_after_return=72.9 %
[INFO] [1790212964.919801881] [sage_energy_monitor]: ENERGY | remaining=93.3 % | voltage=16.08 V | drain_rate=0.058 %/s | home_distance=2.4 m | return_time=6 s | return_cost=0.4 % | margin_after_return=72.9 %
[INFO] [1790212965.918902494] [sage_energy_monitor]: ENERGY | remaining=93.2 % | voltage=16.08 V | drain_rate=0.058 %/s | home_distance=3.7 m | return_time=8 s | return_cost=0.4 % | margin_after_return=72.8 %
[INFO] [1790212966.918463067] [sage_energy_monitor]: ENERGY | remaining=93.2 % | voltage=16.08 V | drain_rate=0.057 %/s | home_distance=5.2 m | return_time=9 s | return_cost=0.5 % | margin_after_return=72.6 %
[INFO] [1790212967.917810857] [sage_energy_monitor]: ENERGY | remaining=93.1 % | voltage=16.07 V | drain_rate=0.057 %/s | home_distance=7.1 m | return_time=11 s | return_cost=0.6 % | margin_after_return=72.5 %
[INFO] [1790212968.918357389] [sage_energy_monitor]: ENERGY | remaining=93.1 % | voltage=16.07 V | drain_rate=0.057 %/s | home_distance=9.2 m | return_time=13 s | return_cost=0.8 % | margin_after_return=72.3 %
[INFO] [1790212969.919904922] [sage_energy_monitor]: ENERGY | remaining=93.0 % | voltage=16.07 V | drain_rate=0.057 %/s | home_distance=10.6 m | return_time=15 s | return_cost=0.9 % | margin_after_return=72.1 %
[INFO] [1790212970.921745677] [sage_energy_monitor]: ENERGY | remaining=92.9 % | voltage=16.07 V | drain_rate=0.057 %/s | home_distance=11.0 m | return_time=15 s | return_cost=0.9 % | margin_after_return=72.1 %
[INFO] [1790212971.918541756] [sage_energy_monitor]: ENERGY | remaining=92.9 % | voltage=16.07 V | drain_rate=0.057 %/s | home_distance=9.9 m | return_time=14 s | return_cost=0.8 % | margin_after_return=72.1 %
[INFO] [1790212972.921573486] [sage_energy_monitor]: ENERGY | remaining=92.8 % | voltage=16.07 V | drain_rate=0.057 %/s | home_distance=7.8 m | return_time=12 s | return_cost=0.7 % | margin_after_return=72.1 %
[INFO] [1790212973.917767908] [sage_energy_monitor]: ENERGY | remaining=92.8 % | voltage=16.07 V | drain_rate=0.057 %/s | home_distance=6.8 m | return_time=11 s | return_cost=0.6 % | margin_after_return=72.1 %
[INFO] [1790212974.917027631] [sage_energy_monitor]: ENERGY | remaining=92.7 % | voltage=16.07 V | drain_rate=0.057 %/s | home_distance=6.5 m | return_time=11 s | return_cost=0.6 % | margin_after_return=72.1 %
[INFO] [1790212975.925291811] [sage_energy_monitor]: ENERGY | remaining=92.6 % | voltage=16.07 V | drain_rate=0.057 %/s | home_distance=6.6 m | return_time=11 s | return_cost=0.6 % | margin_after_return=72.0 %
[INFO] [1790212976.918975281] [sage_energy_monitor]: ENERGY | remaining=92.6 % | voltage=16.07 V | drain_rate=0.057 %/s | home_distance=7.1 m | return_time=11 s | return_cost=0.7 % | margin_after_return=71.9 %
[INFO] [1790212977.918783894] [sage_energy_monitor]: ENERGY | remaining=92.5 % | voltage=16.06 V | drain_rate=0.057 %/s | home_distance=7.4 m | return_time=12 s | return_cost=0.7 % | margin_after_return=71.9 %
[INFO] [1790212978.918727251] [sage_energy_monitor]: ENERGY | remaining=92.5 % | voltage=16.06 V | drain_rate=0.057 %/s | home_distance=8.2 m | return_time=12 s | return_cost=0.7 % | margin_after_return=71.8 %
[INFO] [1790212979.922822365] [sage_energy_monitor]: ENERGY | remaining=92.4 % | voltage=16.06 V | drain_rate=0.057 %/s | home_distance=10.0 m | return_time=14 s | return_cost=0.8 % | margin_after_return=71.6 %
[INFO] [1790212980.918660654] [sage_energy_monitor]: ENERGY | remaining=92.4 % | voltage=16.06 V | drain_rate=0.057 %/s | home_distance=11.0 m | return_time=15 s | return_cost=0.9 % | margin_after_return=71.5 %
[INFO] [1790212981.918997201] [sage_energy_monitor]: ENERGY | remaining=92.3 % | voltage=16.06 V | drain_rate=0.057 %/s | home_distance=11.2 m | return_time=15 s | return_cost=0.9 % | margin_after_return=71.4 %
[INFO] [1790212982.917890936] [sage_energy_monitor]: ENERGY | remaining=92.2 % | voltage=16.06 V | drain_rate=0.058 %/s | home_distance=9.8 m | return_time=14 s | return_cost=0.8 % | margin_after_return=71.4 %
[INFO] [1790212983.918655610] [sage_energy_monitor]: ENERGY | remaining=92.2 % | voltage=16.06 V | drain_rate=0.058 %/s | home_distance=7.8 m | return_time=12 s | return_cost=0.7 % | margin_after_return=71.5 %
[INFO] [1790212984.924919716] [sage_energy_monitor]: ENERGY | remaining=92.1 % | voltage=16.06 V | drain_rate=0.058 %/s | home_distance=6.9 m | return_time=11 s | return_cost=0.6 % | margin_after_return=71.5 %
[INFO] [1790212985.920176469] [sage_energy_monitor]: ENERGY | remaining=92.1 % | voltage=16.06 V | drain_rate=0.058 %/s | home_distance=6.5 m | return_time=11 s | return_cost=0.6 % | margin_after_return=71.5 %
[INFO] [1790212986.919987210] [sage_energy_monitor]: ENERGY | remaining=92.0 % | voltage=16.05 V | drain_rate=0.058 %/s | home_distance=6.3 m | return_time=11 s | return_cost=0.6 % | margin_after_return=71.4 %
[INFO] [1790212987.926704059] [sage_energy_monitor]: ENERGY | remaining=91.9 % | voltage=16.05 V | drain_rate=0.058 %/s | home_distance=6.7 m | return_time=11 s | return_cost=0.6 % | margin_after_return=71.3 %
[INFO] [1790212988.918997407] [sage_energy_monitor]: ENERGY | remaining=91.9 % | voltage=16.05 V | drain_rate=0.058 %/s | home_distance=6.8 m | return_time=11 s | return_cost=0.6 % | margin_after_return=71.2 %
[INFO] [1790212989.919150035] [sage_energy_monitor]: ENERGY | remaining=91.8 % | voltage=16.05 V | drain_rate=0.058 %/s | home_distance=7.5 m | return_time=12 s | return_cost=0.7 % | margin_after_return=71.2 %
[INFO] [1790212990.919634717] [sage_energy_monitor]: ENERGY | remaining=91.8 % | voltage=16.05 V | drain_rate=0.058 %/s | home_distance=9.0 m | return_time=13 s | return_cost=0.8 % | margin_after_return=71.0 %
[INFO] [1790212991.924333913] [sage_energy_monitor]: ENERGY | remaining=91.7 % | voltage=16.05 V | drain_rate=0.058 %/s | home_distance=9.9 m | return_time=14 s | return_cost=0.8 % | margin_after_return=70.9 %
[INFO] [1790212992.917205286] [sage_energy_monitor]: ENERGY | remaining=91.7 % | voltage=16.05 V | drain_rate=0.058 %/s | home_distance=10.3 m | return_time=15 s | return_cost=0.8 % | margin_after_return=70.8 %
[INFO] [1790212993.927368442] [sage_energy_monitor]: ENERGY | remaining=91.6 % | voltage=16.05 V | drain_rate=0.058 %/s | home_distance=9.2 m | return_time=13 s | return_cost=0.8 % | margin_after_return=70.8 %
[INFO] [1790212994.920896347] [sage_energy_monitor]: ENERGY | remaining=91.5 % | voltage=16.05 V | drain_rate=0.058 %/s | home_distance=7.1 m | return_time=11 s | return_cost=0.7 % | margin_after_return=70.9 %
[INFO] [1790212995.921669348] [sage_energy_monitor]: ENERGY | remaining=91.5 % | voltage=16.05 V | drain_rate=0.059 %/s | home_distance=5.8 m | return_time=10 s | return_cost=0.6 % | margin_after_return=70.9 %
[INFO] [1790212996.923922010] [sage_energy_monitor]: ENERGY | remaining=91.4 % | voltage=16.04 V | drain_rate=0.059 %/s | home_distance=5.4 m | return_time=10 s | return_cost=0.6 % | margin_after_return=70.9 %
[INFO] [1790212997.917740924] [sage_energy_monitor]: ENERGY | remaining=91.4 % | voltage=16.04 V | drain_rate=0.058 %/s | home_distance=5.5 m | return_time=10 s | return_cost=0.6 % | margin_after_return=70.8 %
[INFO] [1790212998.919211835] [sage_energy_monitor]: ENERGY | remaining=91.3 % | voltage=16.04 V | drain_rate=0.058 %/s | home_distance=5.9 m | return_time=10 s | return_cost=0.6 % | margin_after_return=70.7 %
[INFO] [1790212999.922177576] [sage_energy_monitor]: ENERGY | remaining=91.2 % | voltage=16.04 V | drain_rate=0.058 %/s | home_distance=5.1 m | return_time=9 s | return_cost=0.5 % | margin_after_return=70.7 %
[INFO] [1790213000.917998873] [sage_energy_monitor]: ENERGY | remaining=91.2 % | voltage=16.04 V | drain_rate=0.058 %/s | home_distance=4.3 m | return_time=9 s | return_cost=0.5 % | margin_after_return=70.7 %
[INFO] [1790213001.925655432] [sage_energy_monitor]: ENERGY | remaining=91.1 % | voltage=16.04 V | drain_rate=0.058 %/s | home_distance=4.2 m | return_time=8 s | return_cost=0.5 % | margin_after_return=70.6 %
[INFO] [1790213002.922184634] [sage_energy_monitor]: ENERGY | remaining=91.1 % | voltage=16.04 V | drain_rate=0.058 %/s | home_distance=4.2 m | return_time=8 s | return_cost=0.5 % | margin_after_return=70.6 %
[INFO] [1790213003.927334800] [sage_energy_monitor]: ENERGY | remaining=91.0 % | voltage=16.04 V | drain_rate=0.058 %/s | home_distance=4.2 m | return_time=8 s | return_cost=0.5 % | margin_after_return=70.5 %
[INFO] [1790213004.922373610] [sage_energy_monitor]: ENERGY | remaining=91.0 % | voltage=16.04 V | drain_rate=0.058 %/s | home_distance=4.2 m | return_time=8 s | return_cost=0.5 % | margin_after_return=70.5 %
[INFO] [1790213005.918490143] [sage_energy_monitor]: ENERGY | remaining=90.9 % | voltage=16.03 V | drain_rate=0.059 %/s | home_distance=4.2 m | return_time=8 s | return_cost=0.5 % | margin_after_return=70.4 %
[INFO] [1790213006.927840910] [sage_energy_monitor]: ENERGY | remaining=90.8 % | voltage=16.03 V | drain_rate=0.059 %/s | home_distance=4.2 m | return_time=8 s | return_cost=0.5 % | margin_after_return=70.3 %
[INFO] [1790213007.917171285] [sage_energy_monitor]: ENERGY | remaining=90.8 % | voltage=16.03 V | drain_rate=0.059 %/s | home_distance=4.2 m | return_time=8 s | return_cost=0.5 % | margin_after_return=70.3 %
[INFO] [1790213008.918823905] [sage_energy_monitor]: ENERGY | remaining=90.7 % | voltage=16.03 V | drain_rate=0.059 %/s | home_distance=4.2 m | return_time=8 s | return_cost=0.5 % | margin_after_return=70.2 %
[INFO] [1790213009.918568837] [sage_energy_monitor]: ENERGY | remaining=90.7 % | voltage=16.03 V | drain_rate=0.059 %/s | home_distance=4.2 m | return_time=8 s | return_cost=0.5 % | margin_after_return=70.2 %
[INFO] [1790213010.917288383] [sage_energy_monitor]: ENERGY | remaining=90.6 % | voltage=16.03 V | drain_rate=0.059 %/s | home_distance=4.2 m | return_time=8 s | return_cost=0.5 % | margin_after_return=70.1 %
[INFO] [1790213011.923927982] [sage_energy_monitor]: ENERGY | remaining=90.5 % | voltage=16.03 V | drain_rate=0.059 %/s | home_distance=4.2 m | return_time=8 s | return_cost=0.5 % | margin_after_return=70.0 %
[INFO] [1790213012.921581473] [sage_energy_monitor]: ENERGY | remaining=90.5 % | voltage=16.03 V | drain_rate=0.059 %/s | home_distance=4.1 m | return_time=8 s | return_cost=0.5 % | margin_after_return=70.0 %
[INFO] [1790213013.917374685] [sage_energy_monitor]: ENERGY | remaining=90.4 % | voltage=16.03 V | drain_rate=0.059 %/s | home_distance=4.1 m | return_time=8 s | return_cost=0.5 % | margin_after_return=69.9 %
[INFO] [1790213014.919791291] [sage_energy_monitor]: ENERGY | remaining=90.4 % | voltage=16.03 V | drain_rate=0.059 %/s | home_distance=4.1 m | return_time=8 s | return_cost=0.5 % | margin_after_return=69.9 %
[INFO] [1790213015.917889637] [sage_energy_monitor]: ENERGY | remaining=90.3 % | voltage=16.02 V | drain_rate=0.059 %/s | home_distance=4.1 m | return_time=8 s | return_cost=0.5 % | margin_after_return=69.8 %
[INFO] [1790213016.920799937] [sage_energy_monitor]: ENERGY | remaining=90.2 % | voltage=16.02 V | drain_rate=0.059 %/s | home_distance=4.1 m | return_time=8 s | return_cost=0.5 % | margin_after_return=69.8 %
[INFO] [1790213017.919067102] [sage_energy_monitor]: ENERGY | remaining=90.2 % | voltage=16.02 V | drain_rate=0.059 %/s | home_distance=4.1 m | return_time=8 s | return_cost=0.5 % | margin_after_return=69.7 %
[INFO] [1790213018.917594632] [sage_energy_monitor]: ENERGY | remaining=90.1 % | voltage=16.02 V | drain_rate=0.059 %/s | home_distance=4.1 m | return_time=8 s | return_cost=0.5 % | margin_after_return=69.6 %
[INFO] [1790213019.917829013] [sage_energy_monitor]: ENERGY | remaining=90.1 % | voltage=16.02 V | drain_rate=0.059 %/s | home_distance=4.1 m | return_time=8 s | return_cost=0.5 % | margin_after_return=69.6 %
[INFO] [1790213020.919154587] [sage_energy_monitor]: ENERGY | remaining=90.0 % | voltage=16.02 V | drain_rate=0.059 %/s | home_distance=4.1 m | return_time=8 s | return_cost=0.5 % | margin_after_return=69.5 %
[INFO] [1790213021.921492385] [sage_energy_monitor]: ENERGY | remaining=89.9 % | voltage=16.02 V | drain_rate=0.059 %/s | home_distance=4.1 m | return_time=8 s | return_cost=0.5 % | margin_after_return=69.5 %
[INFO] [1790213022.920175698] [sage_energy_monitor]: ENERGY | remaining=89.9 % | voltage=16.02 V | drain_rate=0.059 %/s | home_distance=4.1 m | return_time=8 s | return_cost=0.5 % | margin_after_return=69.4 %
[INFO] [1790213023.917520276] [sage_energy_monitor]: ENERGY | remaining=89.8 % | voltage=16.02 V | drain_rate=0.059 %/s | home_distance=4.1 m | return_time=8 s | return_cost=0.5 % | margin_after_return=69.3 %
[INFO] [1790213024.925178094] [sage_energy_monitor]: ENERGY | remaining=89.8 % | voltage=16.01 V | drain_rate=0.059 %/s | home_distance=4.1 m | return_time=8 s | return_cost=0.5 % | margin_after_return=69.3 %
[INFO] [1790213025.924434553] [sage_energy_monitor]: ENERGY | remaining=89.7 % | voltage=16.01 V | drain_rate=0.059 %/s | home_distance=4.2 m | return_time=8 s | return_cost=0.5 % | margin_after_return=69.2 %
[INFO] [1790213026.921375111] [sage_energy_monitor]: ENERGY | remaining=89.6 % | voltage=16.01 V | drain_rate=0.059 %/s | home_distance=4.2 m | return_time=8 s | return_cost=0.5 % | margin_after_return=69.2 %
[INFO] [1790213027.918118614] [sage_energy_monitor]: ENERGY | remaining=89.6 % | voltage=16.01 V | drain_rate=0.059 %/s | home_distance=4.2 m | return_time=8 s | return_cost=0.5 % | margin_after_return=69.1 %
[INFO] [1790213028.918043942] [sage_energy_monitor]: ENERGY | remaining=89.5 % | voltage=16.01 V | drain_rate=0.059 %/s | home_distance=4.2 m | return_time=8 s | return_cost=0.5 % | margin_after_return=69.0 %
[INFO] [1790213029.918477494] [sage_energy_monitor]: ENERGY | remaining=89.5 % | voltage=16.01 V | drain_rate=0.059 %/s | home_distance=4.1 m | return_time=8 s | return_cost=0.5 % | margin_after_return=69.0 %
[INFO] [1790213030.917158928] [sage_energy_monitor]: ENERGY | remaining=89.4 % | voltage=16.01 V | drain_rate=0.059 %/s | home_distance=4.1 m | return_time=8 s | return_cost=0.5 % | margin_after_return=68.9 %
[INFO] [1790213031.920088906] [sage_energy_monitor]: ENERGY | remaining=89.4 % | voltage=16.01 V | drain_rate=0.059 %/s | home_distance=4.2 m | return_time=8 s | return_cost=0.5 % | margin_after_return=68.9 %
[INFO] [1790213032.918134403] [sage_energy_monitor]: ENERGY | remaining=89.3 % | voltage=16.01 V | drain_rate=0.059 %/s | home_distance=4.2 m | return_time=8 s | return_cost=0.5 % | margin_after_return=68.8 %
[INFO] [1790213033.918369718] [sage_energy_monitor]: ENERGY | remaining=89.2 % | voltage=16.00 V | drain_rate=0.060 %/s | home_distance=4.2 m | return_time=8 s | return_cost=0.5 % | margin_after_return=68.7 %
[INFO] [1790213034.925147964] [sage_energy_monitor]: ENERGY | remaining=89.2 % | voltage=16.00 V | drain_rate=0.059 %/s | home_distance=4.2 m | return_time=9 s | return_cost=0.5 % | margin_after_return=68.7 %
[INFO] [1790213035.917368060] [sage_energy_monitor]: ENERGY | remaining=89.1 % | voltage=16.00 V | drain_rate=0.059 %/s | home_distance=4.2 m | return_time=9 s | return_cost=0.5 % | margin_after_return=68.6 %
[INFO] [1790213036.924210735] [sage_energy_monitor]: ENERGY | remaining=89.0 % | voltage=16.00 V | drain_rate=0.060 %/s | home_distance=4.2 m | return_time=9 s | return_cost=0.5 % | margin_after_return=68.5 %
[INFO] [1790213037.920043135] [sage_energy_monitor]: ENERGY | remaining=89.0 % | voltage=16.00 V | drain_rate=0.060 %/s | home_distance=4.1 m | return_time=8 s | return_cost=0.5 % | margin_after_return=68.5 %
[INFO] [1790213038.918638013] [sage_energy_monitor]: ENERGY | remaining=88.9 % | voltage=16.00 V | drain_rate=0.060 %/s | home_distance=4.1 m | return_time=8 s | return_cost=0.5 % | margin_after_return=68.4 %
[INFO] [1790213039.918163503] [sage_energy_monitor]: ENERGY | remaining=88.9 % | voltage=16.00 V | drain_rate=0.060 %/s | home_distance=4.1 m | return_time=8 s | return_cost=0.5 % | margin_after_return=68.4 %
[INFO] [1790213040.916505454] [sage_energy_monitor]: ENERGY | remaining=88.8 % | voltage=16.00 V | drain_rate=0.059 %/s | home_distance=4.1 m | return_time=8 s | return_cost=0.5 % | margin_after_return=68.3 %
[INFO] [1790213041.917610306] [sage_energy_monitor]: ENERGY | remaining=88.7 % | voltage=16.00 V | drain_rate=0.060 %/s | home_distance=4.2 m | return_time=8 s | return_cost=0.5 % | margin_after_return=68.2 %
[INFO] [1790213042.922468809] [sage_energy_monitor]: ENERGY | remaining=88.7 % | voltage=15.99 V | drain_rate=0.060 %/s | home_distance=4.2 m | return_time=8 s | return_cost=0.5 % | margin_after_return=68.2 %
[INFO] [1790213043.917009055] [sage_energy_monitor]: ENERGY | remaining=88.6 % | voltage=15.99 V | drain_rate=0.060 %/s | home_distance=4.2 m | return_time=8 s | return_cost=0.5 % | margin_after_return=68.1 %
[INFO] [1790213044.924140027] [sage_energy_monitor]: ENERGY | remaining=88.6 % | voltage=15.99 V | drain_rate=0.060 %/s | home_distance=4.2 m | return_time=8 s | return_cost=0.5 % | margin_after_return=68.1 %
[INFO] [1790213045.925854997] [sage_energy_monitor]: ENERGY | remaining=88.5 % | voltage=15.99 V | drain_rate=0.060 %/s | home_distance=4.4 m | return_time=8 s | return_cost=0.5 % | margin_after_return=68.0 %
[INFO] [1790213046.918895571] [sage_energy_monitor]: ENERGY | remaining=88.4 % | voltage=15.99 V | drain_rate=0.060 %/s | home_distance=5.7 m | return_time=10 s | return_cost=0.6 % | margin_after_return=67.9 %
[INFO] [1790213047.917436131] [sage_energy_monitor]: ENERGY | remaining=88.4 % | voltage=15.99 V | drain_rate=0.060 %/s | home_distance=7.3 m | return_time=11 s | return_cost=0.7 % | margin_after_return=67.7 %
[INFO] [1790213048.922308464] [sage_energy_monitor]: ENERGY | remaining=88.3 % | voltage=15.99 V | drain_rate=0.060 %/s | home_distance=8.4 m | return_time=12 s | return_cost=0.7 % | margin_after_return=67.6 %
[INFO] [1790213049.925016663] [sage_energy_monitor]: ENERGY | remaining=88.3 % | voltage=15.99 V | drain_rate=0.060 %/s | home_distance=8.7 m | return_time=12 s | return_cost=0.7 % | margin_after_return=67.5 %
[INFO] [1790213050.922845362] [sage_energy_monitor]: ENERGY | remaining=88.2 % | voltage=15.99 V | drain_rate=0.060 %/s | home_distance=8.6 m | return_time=13 s | return_cost=0.8 % | margin_after_return=67.4 %
[INFO] [1790213051.920307378] [sage_energy_monitor]: ENERGY | remaining=88.2 % | voltage=15.99 V | drain_rate=0.060 %/s | home_distance=8.6 m | return_time=13 s | return_cost=0.8 % | margin_after_return=67.4 %
[INFO] [1790213052.919926270] [sage_energy_monitor]: ENERGY | remaining=88.1 % | voltage=15.98 V | drain_rate=0.060 %/s | home_distance=8.5 m | return_time=12 s | return_cost=0.7 % | margin_after_return=67.3 %
[INFO] [1790213053.916919180] [sage_energy_monitor]: ENERGY | remaining=88.0 % | voltage=15.98 V | drain_rate=0.060 %/s | home_distance=8.5 m | return_time=13 s | return_cost=0.8 % | margin_after_return=67.3 %
[INFO] [1790213054.917832940] [sage_energy_monitor]: ENERGY | remaining=88.0 % | voltage=15.98 V | drain_rate=0.060 %/s | home_distance=8.5 m | return_time=13 s | return_cost=0.8 % | margin_after_return=67.2 %
[INFO] [1790213055.919639358] [sage_energy_monitor]: ENERGY | remaining=87.9 % | voltage=15.98 V | drain_rate=0.060 %/s | home_distance=8.5 m | return_time=12 s | return_cost=0.7 % | margin_after_return=67.2 %
[INFO] [1790213056.924308709] [sage_energy_monitor]: ENERGY | remaining=87.9 % | voltage=15.98 V | drain_rate=0.060 %/s | home_distance=8.5 m | return_time=13 s | return_cost=0.8 % | margin_after_return=67.1 %
[INFO] [1790213057.917406942] [sage_energy_monitor]: ENERGY | remaining=87.8 % | voltage=15.98 V | drain_rate=0.060 %/s | home_distance=8.3 m | return_time=13 s | return_cost=0.8 % | margin_after_return=67.0 %
[INFO] [1790213058.922463853] [sage_energy_monitor]: ENERGY | remaining=87.7 % | voltage=15.98 V | drain_rate=0.059 %/s | home_distance=7.2 m | return_time=11 s | return_cost=0.7 % | margin_after_return=67.1 %
[INFO] [1790213059.919789154] [sage_energy_monitor]: ENERGY | remaining=87.7 % | voltage=15.98 V | drain_rate=0.059 %/s | home_distance=6.3 m | return_time=10 s | return_cost=0.6 % | margin_after_return=67.1 %
[INFO] [1790213060.918370121] [sage_energy_monitor]: ENERGY | remaining=87.6 % | voltage=15.98 V | drain_rate=0.059 %/s | home_distance=6.0 m | return_time=10 s | return_cost=0.6 % | margin_after_return=67.0 %
[INFO] [1790213061.920086008] [sage_energy_monitor]: ENERGY | remaining=87.6 % | voltage=15.97 V | drain_rate=0.059 %/s | home_distance=5.6 m | return_time=10 s | return_cost=0.6 % | margin_after_return=67.0 %
[INFO] [1790213062.919267987] [sage_energy_monitor]: ENERGY | remaining=87.5 % | voltage=15.97 V | drain_rate=0.059 %/s | home_distance=5.1 m | return_time=9 s | return_cost=0.6 % | margin_after_return=67.0 %
[INFO] [1790213063.917077150] [sage_energy_monitor]: ENERGY | remaining=87.4 % | voltage=15.97 V | drain_rate=0.059 %/s | home_distance=5.2 m | return_time=9 s | return_cost=0.6 % | margin_after_return=66.9 %
[INFO] [1790213064.919858669] [sage_energy_monitor]: ENERGY | remaining=87.4 % | voltage=15.97 V | drain_rate=0.059 %/s | home_distance=5.4 m | return_time=9 s | return_cost=0.6 % | margin_after_return=66.8 %
[INFO] [1790213065.919946813] [sage_energy_monitor]: ENERGY | remaining=87.3 % | voltage=15.97 V | drain_rate=0.059 %/s | home_distance=4.3 m | return_time=8 s | return_cost=0.5 % | margin_after_return=66.8 %
[INFO] [1790213066.917379458] [sage_energy_monitor]: ENERGY | remaining=87.3 % | voltage=15.97 V | drain_rate=0.059 %/s | home_distance=2.4 m | return_time=7 s | return_cost=0.4 % | margin_after_return=66.9 %
[INFO] [1790213067.918261636] [sage_energy_monitor]: ENERGY | remaining=87.2 % | voltage=15.97 V | drain_rate=0.059 %/s | home_distance=1.7 m | return_time=6 s | return_cost=0.3 % | margin_after_return=66.9 %
[INFO] [1790213068.917380304] [sage_energy_monitor]: ENERGY | remaining=87.2 % | voltage=15.97 V | drain_rate=0.059 %/s | home_distance=1.4 m | return_time=5 s | return_cost=0.3 % | margin_after_return=66.8 %
[INFO] [1790213069.918269280] [sage_energy_monitor]: ENERGY | remaining=87.1 % | voltage=15.97 V | drain_rate=0.059 %/s | home_distance=0.7 m | return_time=5 s | return_cost=0.3 % | margin_after_return=66.8 %
[INFO] [1790213070.921758387] [sage_energy_monitor]: ENERGY | remaining=87.0 % | voltage=15.97 V | drain_rate=0.059 %/s | home_distance=2.2 m | return_time=7 s | return_cost=0.4 % | margin_after_return=66.7 %
[INFO] [1790213071.918716839] [sage_energy_monitor]: ENERGY | remaining=87.0 % | voltage=15.96 V | drain_rate=0.059 %/s | home_distance=3.0 m | return_time=7 s | return_cost=0.4 % | margin_after_return=66.6 %
[INFO] [1790213072.930204033] [sage_energy_monitor]: ENERGY | remaining=86.9 % | voltage=15.96 V | drain_rate=0.059 %/s | home_distance=3.2 m | return_time=7 s | return_cost=0.4 % | margin_after_return=66.5 %
[INFO] [1790213073.917883912] [sage_energy_monitor]: ENERGY | remaining=86.9 % | voltage=15.96 V | drain_rate=0.059 %/s | home_distance=2.9 m | return_time=7 s | return_cost=0.4 % | margin_after_return=66.5 %
[INFO] [1790213074.918699443] [sage_energy_monitor]: ENERGY | remaining=86.8 % | voltage=15.96 V | drain_rate=0.059 %/s | home_distance=1.3 m | return_time=6 s | return_cost=0.3 % | margin_after_return=66.5 %
[INFO] [1790213075.922093239] [sage_energy_monitor]: ENERGY | remaining=86.8 % | voltage=15.96 V | drain_rate=0.058 %/s | home_distance=0.7 m | return_time=5 s | return_cost=0.3 % | margin_after_return=66.5 %
[INFO] [1790213076.920354957] [sage_energy_monitor]: ENERGY | remaining=86.7 % | voltage=15.96 V | drain_rate=0.058 %/s | home_distance=1.5 m | return_time=6 s | return_cost=0.3 % | margin_after_return=66.4 %
[INFO] [1790213077.922762791] [sage_energy_monitor]: ENERGY | remaining=86.6 % | voltage=15.96 V | drain_rate=0.058 %/s | home_distance=1.7 m | return_time=6 s | return_cost=0.3 % | margin_after_return=66.3 %
[INFO] [1790213078.918601196] [sage_energy_monitor]: ENERGY | remaining=86.6 % | voltage=15.96 V | drain_rate=0.058 %/s | home_distance=1.7 m | return_time=6 s | return_cost=0.3 % | margin_after_return=66.3 %
[INFO] [1790213079.927088432] [sage_energy_monitor]: ENERGY | remaining=86.5 % | voltage=15.96 V | drain_rate=0.058 %/s | home_distance=1.6 m | return_time=6 s | return_cost=0.3 % | margin_after_return=66.2 %
[INFO] [1790213080.919529033] [sage_energy_monitor]: ENERGY | remaining=86.5 % | voltage=15.95 V | drain_rate=0.058 %/s | home_distance=2.4 m | return_time=7 s | return_cost=0.4 % | margin_after_return=66.1 %
[INFO] [1790213081.917011097] [sage_energy_monitor]: ENERGY | remaining=86.4 % | voltage=15.95 V | drain_rate=0.058 %/s | home_distance=4.3 m | return_time=9 s | return_cost=0.5 % | margin_after_return=65.9 %
[INFO] [1790213082.928605158] [sage_energy_monitor]: ENERGY | remaining=86.3 % | voltage=15.95 V | drain_rate=0.058 %/s | home_distance=5.4 m | return_time=9 s | return_cost=0.6 % | margin_after_return=65.8 %
[INFO] [1790213083.917935629] [sage_energy_monitor]: ENERGY | remaining=86.3 % | voltage=15.95 V | drain_rate=0.058 %/s | home_distance=5.5 m | return_time=9 s | return_cost=0.5 % | margin_after_return=65.7 %
[INFO] [1790213084.919692539] [sage_energy_monitor]: ENERGY | remaining=86.2 % | voltage=15.95 V | drain_rate=0.058 %/s | home_distance=5.4 m | return_time=9 s | return_cost=0.5 % | margin_after_return=65.7 %
[INFO] [1790213085.920475766] [sage_energy_monitor]: ENERGY | remaining=86.2 % | voltage=15.95 V | drain_rate=0.058 %/s | home_distance=5.7 m | return_time=10 s | return_cost=0.6 % | margin_after_return=65.6 %
[INFO] [1790213086.916714060] [sage_energy_monitor]: ENERGY | remaining=86.1 % | voltage=15.95 V | drain_rate=0.058 %/s | home_distance=6.0 m | return_time=10 s | return_cost=0.6 % | margin_after_return=65.5 %
[INFO] [1790213087.917439704] [sage_energy_monitor]: ENERGY | remaining=86.1 % | voltage=15.95 V | drain_rate=0.058 %/s | home_distance=5.8 m | return_time=10 s | return_cost=0.6 % | margin_after_return=65.5 %
[INFO] [1790213088.917927872] [sage_energy_monitor]: ENERGY | remaining=86.0 % | voltage=15.95 V | drain_rate=0.058 %/s | home_distance=5.4 m | return_time=9 s | return_cost=0.6 % | margin_after_return=65.5 %
[INFO] [1790213089.918708062] [sage_energy_monitor]: ENERGY | remaining=85.9 % | voltage=15.95 V | drain_rate=0.058 %/s | home_distance=5.6 m | return_time=10 s | return_cost=0.6 % | margin_after_return=65.4 %
[INFO] [1790213090.918103591] [sage_energy_monitor]: ENERGY | remaining=85.9 % | voltage=15.94 V | drain_rate=0.058 %/s | home_distance=5.5 m | return_time=9 s | return_cost=0.5 % | margin_after_return=65.3 %
[INFO] [1790213091.917355669] [sage_energy_monitor]: ENERGY | remaining=85.8 % | voltage=15.94 V | drain_rate=0.058 %/s | home_distance=3.9 m | return_time=8 s | return_cost=0.5 % | margin_after_return=65.4 %
[INFO] [1790213092.917142202] [sage_energy_monitor]: ENERGY | remaining=85.8 % | voltage=15.94 V | drain_rate=0.058 %/s | home_distance=2.2 m | return_time=6 s | return_cost=0.4 % | margin_after_return=65.4 %
[INFO] [1790213093.917894359] [sage_energy_monitor]: ENERGY | remaining=85.7 % | voltage=15.94 V | drain_rate=0.058 %/s | home_distance=1.7 m | return_time=6 s | return_cost=0.3 % | margin_after_return=65.4 %
[INFO] [1790213094.916782224] [sage_energy_monitor]: ENERGY | remaining=85.7 % | voltage=15.94 V | drain_rate=0.058 %/s | home_distance=1.5 m | return_time=5 s | return_cost=0.3 % | margin_after_return=65.3 %
[INFO] [1790213095.918895454] [sage_energy_monitor]: ENERGY | remaining=85.6 % | voltage=15.94 V | drain_rate=0.058 %/s | home_distance=1.0 m | return_time=5 s | return_cost=0.3 % | margin_after_return=65.3 %
[INFO] [1790213096.922236653] [sage_energy_monitor]: ENERGY | remaining=85.5 % | voltage=15.94 V | drain_rate=0.058 %/s | home_distance=2.5 m | return_time=7 s | return_cost=0.4 % | margin_after_return=65.2 %
[INFO] [1790213097.922543304] [sage_energy_monitor]: ENERGY | remaining=85.5 % | voltage=15.94 V | drain_rate=0.058 %/s | home_distance=3.3 m | return_time=7 s | return_cost=0.4 % | margin_after_return=65.0 %
[INFO] [1790213098.918143622] [sage_energy_monitor]: ENERGY | remaining=85.4 % | voltage=15.94 V | drain_rate=0.058 %/s | home_distance=3.5 m | return_time=8 s | return_cost=0.4 % | margin_after_return=65.0 %
[INFO] [1790213099.931625240] [sage_energy_monitor]: ENERGY | remaining=85.4 % | voltage=15.93 V | drain_rate=0.058 %/s | home_distance=3.4 m | return_time=7 s | return_cost=0.4 % | margin_after_return=64.9 %
[INFO] [1790213100.924612089] [sage_energy_monitor]: ENERGY | remaining=85.3 % | voltage=15.93 V | drain_rate=0.058 %/s | home_distance=3.8 m | return_time=8 s | return_cost=0.5 % | margin_after_return=64.8 %
[INFO] [1790213101.918148598] [sage_energy_monitor]: ENERGY | remaining=85.2 % | voltage=15.93 V | drain_rate=0.058 %/s | home_distance=4.9 m | return_time=9 s | return_cost=0.5 % | margin_after_return=64.7 %
[INFO] [1790213102.918456337] [sage_energy_monitor]: ENERGY | remaining=85.2 % | voltage=15.93 V | drain_rate=0.058 %/s | home_distance=5.8 m | return_time=10 s | return_cost=0.6 % | margin_after_return=64.6 %
[INFO] [1790213103.918102328] [sage_energy_monitor]: ENERGY | remaining=85.1 % | voltage=15.93 V | drain_rate=0.058 %/s | home_distance=5.7 m | return_time=9 s | return_cost=0.5 % | margin_after_return=64.6 %
[INFO] [1790213104.922942477] [sage_energy_monitor]: ENERGY | remaining=85.1 % | voltage=15.93 V | drain_rate=0.058 %/s | home_distance=4.9 m | return_time=9 s | return_cost=0.5 % | margin_after_return=64.6 %
[INFO] [1790213105.917445804] [sage_energy_monitor]: ENERGY | remaining=85.0 % | voltage=15.93 V | drain_rate=0.058 %/s | home_distance=5.0 m | return_time=9 s | return_cost=0.5 % | margin_after_return=64.5 %
[INFO] [1790213106.920975590] [sage_energy_monitor]: ENERGY | remaining=85.0 % | voltage=15.93 V | drain_rate=0.058 %/s | home_distance=6.2 m | return_time=10 s | return_cost=0.6 % | margin_after_return=64.3 %
[INFO] [1790213107.916761761] [sage_energy_monitor]: ENERGY | remaining=84.9 % | voltage=15.93 V | drain_rate=0.058 %/s | home_distance=8.0 m | return_time=12 s | return_cost=0.7 % | margin_after_return=64.2 %
[INFO] [1790213108.920191083] [sage_energy_monitor]: ENERGY | remaining=84.8 % | voltage=15.93 V | drain_rate=0.058 %/s | home_distance=9.8 m | return_time=14 s | return_cost=0.8 % | margin_after_return=64.0 %
[INFO] [1790213109.917614543] [sage_energy_monitor]: ENERGY | remaining=84.8 % | voltage=15.92 V | drain_rate=0.058 %/s | home_distance=10.8 m | return_time=15 s | return_cost=0.9 % | margin_after_return=63.9 %
[INFO] [1790213110.918221261] [sage_energy_monitor]: ENERGY | remaining=84.7 % | voltage=15.92 V | drain_rate=0.058 %/s | home_distance=10.9 m | return_time=15 s | return_cost=0.9 % | margin_after_return=63.9 %
[INFO] [1790213111.919283041] [sage_energy_monitor]: ENERGY | remaining=84.7 % | voltage=15.92 V | drain_rate=0.058 %/s | home_distance=10.5 m | return_time=15 s | return_cost=0.8 % | margin_after_return=63.8 %
[INFO] [1790213112.921692089] [sage_energy_monitor]: ENERGY | remaining=84.6 % | voltage=15.92 V | drain_rate=0.058 %/s | home_distance=10.3 m | return_time=15 s | return_cost=0.8 % | margin_after_return=63.8 %
[INFO] [1790213113.919519398] [sage_energy_monitor]: ENERGY | remaining=84.6 % | voltage=15.92 V | drain_rate=0.058 %/s | home_distance=10.3 m | return_time=14 s | return_cost=0.8 % | margin_after_return=63.7 %
[INFO] [1790213114.923137721] [sage_energy_monitor]: ENERGY | remaining=84.5 % | voltage=15.92 V | drain_rate=0.058 %/s | home_distance=11.1 m | return_time=15 s | return_cost=0.9 % | margin_after_return=63.6 %
[INFO] [1790213115.919808113] [sage_energy_monitor]: ENERGY | remaining=84.4 % | voltage=15.92 V | drain_rate=0.058 %/s | home_distance=13.0 m | return_time=17 s | return_cost=1.0 % | margin_after_return=63.4 %
[INFO] [1790213116.917320775] [sage_energy_monitor]: ENERGY | remaining=84.4 % | voltage=15.92 V | drain_rate=0.058 %/s | home_distance=14.2 m | return_time=18 s | return_cost=1.1 % | margin_after_return=63.3 %
[INFO] [1790213117.919048692] [sage_energy_monitor]: ENERGY | remaining=84.3 % | voltage=15.92 V | drain_rate=0.058 %/s | home_distance=14.5 m | return_time=18 s | return_cost=1.1 % | margin_after_return=63.2 %
[INFO] [1790213118.922909326] [sage_energy_monitor]: ENERGY | remaining=84.3 % | voltage=15.92 V | drain_rate=0.058 %/s | home_distance=14.5 m | return_time=19 s | return_cost=1.1 % | margin_after_return=63.2 %
[INFO] [1790213119.917819628] [sage_energy_monitor]: ENERGY | remaining=84.2 % | voltage=15.91 V | drain_rate=0.058 %/s | home_distance=14.7 m | return_time=19 s | return_cost=1.1 % | margin_after_return=63.1 %
[INFO] [1790213120.919273513] [sage_energy_monitor]: ENERGY | remaining=84.1 % | voltage=15.91 V | drain_rate=0.058 %/s | home_distance=15.0 m | return_time=19 s | return_cost=1.1 % | margin_after_return=63.0 %
[INFO] [1790213121.918242614] [sage_energy_monitor]: ENERGY | remaining=84.1 % | voltage=15.91 V | drain_rate=0.058 %/s | home_distance=14.9 m | return_time=19 s | return_cost=1.1 % | margin_after_return=63.0 %
[INFO] [1790213122.917539173] [sage_energy_monitor]: ENERGY | remaining=84.0 % | voltage=15.91 V | drain_rate=0.058 %/s | home_distance=14.9 m | return_time=19 s | return_cost=1.1 % | margin_after_return=62.9 %
[INFO] [1790213123.920048186] [sage_energy_monitor]: ENERGY | remaining=84.0 % | voltage=15.91 V | drain_rate=0.058 %/s | home_distance=14.8 m | return_time=19 s | return_cost=1.1 % | margin_after_return=62.9 %
[INFO] [1790213124.929136575] [sage_energy_monitor]: ENERGY | remaining=83.9 % | voltage=15.91 V | drain_rate=0.058 %/s | home_distance=14.6 m | return_time=19 s | return_cost=1.1 % | margin_after_return=62.8 %
[INFO] [1790213125.920288943] [sage_energy_monitor]: ENERGY | remaining=83.9 % | voltage=15.91 V | drain_rate=0.058 %/s | home_distance=14.2 m | return_time=18 s | return_cost=1.1 % | margin_after_return=62.8 %
[INFO] [1790213126.917359238] [sage_energy_monitor]: ENERGY | remaining=83.8 % | voltage=15.91 V | drain_rate=0.058 %/s | home_distance=12.6 m | return_time=17 s | return_cost=1.0 % | margin_after_return=62.8 %
[INFO] [1790213127.923785318] [sage_energy_monitor]: ENERGY | remaining=83.7 % | voltage=15.91 V | drain_rate=0.058 %/s | home_distance=10.6 m | return_time=15 s | return_cost=0.9 % | margin_after_return=62.9 %
[INFO] [1790213128.917766591] [sage_energy_monitor]: ENERGY | remaining=83.7 % | voltage=15.90 V | drain_rate=0.058 %/s | home_distance=9.9 m | return_time=14 s | return_cost=0.8 % | margin_after_return=62.9 %
[INFO] [1790213129.917045295] [sage_energy_monitor]: ENERGY | remaining=83.6 % | voltage=15.90 V | drain_rate=0.058 %/s | home_distance=9.7 m | return_time=14 s | return_cost=0.8 % | margin_after_return=62.8 %
[INFO] [1790213130.917410974] [sage_energy_monitor]: ENERGY | remaining=83.6 % | voltage=15.90 V | drain_rate=0.058 %/s | home_distance=9.9 m | return_time=14 s | return_cost=0.8 % | margin_after_return=62.7 %
[INFO] [1790213131.917165026] [sage_energy_monitor]: ENERGY | remaining=83.5 % | voltage=15.90 V | drain_rate=0.058 %/s | home_distance=10.3 m | return_time=15 s | return_cost=0.8 % | margin_after_return=62.6 %
[INFO] [1790213132.927961518] [sage_energy_monitor]: ENERGY | remaining=83.4 % | voltage=15.90 V | drain_rate=0.058 %/s | home_distance=10.5 m | return_time=15 s | return_cost=0.9 % | margin_after_return=62.6 %
[INFO] [1790213133.917139754] [sage_energy_monitor]: ENERGY | remaining=83.4 % | voltage=15.90 V | drain_rate=0.058 %/s | home_distance=10.2 m | return_time=14 s | return_cost=0.8 % | margin_after_return=62.5 %
[INFO] [1790213134.919047188] [sage_energy_monitor]: ENERGY | remaining=83.3 % | voltage=15.90 V | drain_rate=0.058 %/s | home_distance=10.1 m | return_time=14 s | return_cost=0.8 % | margin_after_return=62.5 %
[INFO] [1790213135.925701721] [sage_energy_monitor]: ENERGY | remaining=83.3 % | voltage=15.90 V | drain_rate=0.058 %/s | home_distance=10.1 m | return_time=14 s | return_cost=0.8 % | margin_after_return=62.4 %
[INFO] [1790213136.919388908] [sage_energy_monitor]: ENERGY | remaining=83.2 % | voltage=15.90 V | drain_rate=0.058 %/s | home_distance=10.2 m | return_time=14 s | return_cost=0.8 % | margin_after_return=62.4 %
[INFO] [1790213137.922586917] [sage_energy_monitor]: ENERGY | remaining=83.2 % | voltage=15.90 V | drain_rate=0.058 %/s | home_distance=11.8 m | return_time=16 s | return_cost=0.9 % | margin_after_return=62.2 %
[INFO] [1790213138.917099734] [sage_energy_monitor]: ENERGY | remaining=83.1 % | voltage=15.89 V | drain_rate=0.058 %/s | home_distance=13.3 m | return_time=18 s | return_cost=1.0 % | margin_after_return=62.1 %
[INFO] [1790213139.920815782] [sage_energy_monitor]: ENERGY | remaining=83.0 % | voltage=15.89 V | drain_rate=0.058 %/s | home_distance=14.1 m | return_time=18 s | return_cost=1.1 % | margin_after_return=62.0 %
[INFO] [1790213140.926863022] [sage_energy_monitor]: ENERGY | remaining=83.0 % | voltage=15.89 V | drain_rate=0.058 %/s | home_distance=14.5 m | return_time=18 s | return_cost=1.1 % | margin_after_return=61.9 %
[INFO] [1790213141.919195571] [sage_energy_monitor]: ENERGY | remaining=82.9 % | voltage=15.89 V | drain_rate=0.058 %/s | home_distance=14.4 m | return_time=19 s | return_cost=1.1 % | margin_after_return=61.9 %
[INFO] [1790213142.926022065] [sage_energy_monitor]: ENERGY | remaining=82.9 % | voltage=15.89 V | drain_rate=0.058 %/s | home_distance=14.5 m | return_time=19 s | return_cost=1.1 % | margin_after_return=61.8 %
[INFO] [1790213143.919764394] [sage_energy_monitor]: ENERGY | remaining=82.8 % | voltage=15.89 V | drain_rate=0.058 %/s | home_distance=14.8 m | return_time=19 s | return_cost=1.1 % | margin_after_return=61.7 %
[INFO] [1790213144.922948264] [sage_energy_monitor]: ENERGY | remaining=82.8 % | voltage=15.89 V | drain_rate=0.058 %/s | home_distance=15.0 m | return_time=19 s | return_cost=1.1 % | margin_after_return=61.7 %
[INFO] [1790213145.917756152] [sage_energy_monitor]: ENERGY | remaining=82.7 % | voltage=15.89 V | drain_rate=0.058 %/s | home_distance=15.0 m | return_time=19 s | return_cost=1.1 % | margin_after_return=61.6 %
[INFO] [1790213146.922741682] [sage_energy_monitor]: ENERGY | remaining=82.6 % | voltage=15.89 V | drain_rate=0.058 %/s | home_distance=15.1 m | return_time=19 s | return_cost=1.1 % | margin_after_return=61.5 %
[INFO] [1790213147.918347031] [sage_energy_monitor]: ENERGY | remaining=82.6 % | voltage=15.89 V | drain_rate=0.058 %/s | home_distance=15.0 m | return_time=19 s | return_cost=1.1 % | margin_after_return=61.5 %
[INFO] [1790213148.919338265] [sage_energy_monitor]: ENERGY | remaining=82.5 % | voltage=15.88 V | drain_rate=0.057 %/s | home_distance=14.7 m | return_time=19 s | return_cost=1.1 % | margin_after_return=61.5 %
[INFO] [1790213149.921758086] [sage_energy_monitor]: ENERGY | remaining=82.5 % | voltage=15.88 V | drain_rate=0.057 %/s | home_distance=13.3 m | return_time=17 s | return_cost=1.0 % | margin_after_return=61.5 %
[INFO] [1790213150.924356830] [sage_energy_monitor]: ENERGY | remaining=82.4 % | voltage=15.88 V | drain_rate=0.057 %/s | home_distance=11.6 m | return_time=16 s | return_cost=0.9 % | margin_after_return=61.5 %
[INFO] [1790213151.920543045] [sage_energy_monitor]: ENERGY | remaining=82.4 % | voltage=15.88 V | drain_rate=0.057 %/s | home_distance=10.0 m | return_time=14 s | return_cost=0.8 % | margin_after_return=61.6 %
[INFO] [1790213152.925708353] [sage_energy_monitor]: ENERGY | remaining=82.3 % | voltage=15.88 V | drain_rate=0.057 %/s | home_distance=8.6 m | return_time=13 s | return_cost=0.7 % | margin_after_return=61.6 %
[INFO] [1790213153.918049658] [sage_energy_monitor]: ENERGY | remaining=82.3 % | voltage=15.88 V | drain_rate=0.057 %/s | home_distance=7.6 m | return_time=12 s | return_cost=0.7 % | margin_after_return=61.6 %
[INFO] [1790213154.919358648] [sage_energy_monitor]: ENERGY | remaining=82.2 % | voltage=15.88 V | drain_rate=0.057 %/s | home_distance=7.3 m | return_time=11 s | return_cost=0.6 % | margin_after_return=61.6 %
[INFO] [1790213155.919386133] [sage_energy_monitor]: ENERGY | remaining=82.1 % | voltage=15.88 V | drain_rate=0.057 %/s | home_distance=7.4 m | return_time=11 s | return_cost=0.6 % | margin_after_return=61.5 %
[INFO] [1790213156.922576095] [sage_energy_monitor]: ENERGY | remaining=82.1 % | voltage=15.88 V | drain_rate=0.057 %/s | home_distance=8.2 m | return_time=12 s | return_cost=0.7 % | margin_after_return=61.4 %
[INFO] [1790213157.923198495] [sage_energy_monitor]: ENERGY | remaining=82.0 % | voltage=15.87 V | drain_rate=0.057 %/s | home_distance=8.7 m | return_time=13 s | return_cost=0.7 % | margin_after_return=61.3 %
[INFO] [1790213158.920621753] [sage_energy_monitor]: ENERGY | remaining=82.0 % | voltage=15.87 V | drain_rate=0.057 %/s | home_distance=8.8 m | return_time=13 s | return_cost=0.7 % | margin_after_return=61.2 %
[INFO] [1790213159.919799516] [sage_energy_monitor]: ENERGY | remaining=81.9 % | voltage=15.87 V | drain_rate=0.057 %/s | home_distance=8.7 m | return_time=13 s | return_cost=0.7 % | margin_after_return=61.2 %
[INFO] [1790213160.926062519] [sage_energy_monitor]: ENERGY | remaining=81.8 % | voltage=15.87 V | drain_rate=0.057 %/s | home_distance=8.6 m | return_time=13 s | return_cost=0.7 % | margin_after_return=61.1 %
[INFO] [1790213161.917425803] [sage_energy_monitor]: ENERGY | remaining=81.8 % | voltage=15.87 V | drain_rate=0.057 %/s | home_distance=8.6 m | return_time=13 s | return_cost=0.7 % | margin_after_return=61.1 %
[INFO] [1790213162.923108275] [sage_energy_monitor]: ENERGY | remaining=81.7 % | voltage=15.87 V | drain_rate=0.057 %/s | home_distance=8.6 m | return_time=13 s | return_cost=0.7 % | margin_after_return=61.0 %
[INFO] [1790213163.920742888] [sage_energy_monitor]: ENERGY | remaining=81.7 % | voltage=15.87 V | drain_rate=0.058 %/s | home_distance=8.6 m | return_time=13 s | return_cost=0.7 % | margin_after_return=60.9 %
[INFO] [1790213164.918675088] [sage_energy_monitor]: ENERGY | remaining=81.6 % | voltage=15.87 V | drain_rate=0.058 %/s | home_distance=8.6 m | return_time=12 s | return_cost=0.7 % | margin_after_return=60.9 %
[INFO] [1790213165.925215880] [sage_energy_monitor]: ENERGY | remaining=81.5 % | voltage=15.87 V | drain_rate=0.058 %/s | home_distance=8.6 m | return_time=13 s | return_cost=0.7 % | margin_after_return=60.8 %
[INFO] [1790213166.918207306] [sage_energy_monitor]: ENERGY | remaining=81.5 % | voltage=15.87 V | drain_rate=0.058 %/s | home_distance=8.7 m | return_time=13 s | return_cost=0.7 % | margin_after_return=60.7 %
[INFO] [1790213167.919403234] [sage_energy_monitor]: ENERGY | remaining=81.4 % | voltage=15.86 V | drain_rate=0.058 %/s | home_distance=8.6 m | return_time=12 s | return_cost=0.7 % | margin_after_return=60.7 %
[INFO] [1790213168.917893416] [sage_energy_monitor]: ENERGY | remaining=81.4 % | voltage=15.86 V | drain_rate=0.058 %/s | home_distance=8.6 m | return_time=13 s | return_cost=0.7 % | margin_after_return=60.6 %
[INFO] [1790213169.917626330] [sage_energy_monitor]: ENERGY | remaining=81.3 % | voltage=15.86 V | drain_rate=0.058 %/s | home_distance=8.5 m | return_time=13 s | return_cost=0.7 % | margin_after_return=60.6 %
[INFO] [1790213170.918550350] [sage_energy_monitor]: ENERGY | remaining=81.3 % | voltage=15.86 V | drain_rate=0.058 %/s | home_distance=8.4 m | return_time=12 s | return_cost=0.7 % | margin_after_return=60.5 %
[INFO] [1790213171.919454344] [sage_energy_monitor]: ENERGY | remaining=81.2 % | voltage=15.86 V | drain_rate=0.058 %/s | home_distance=7.5 m | return_time=12 s | return_cost=0.7 % | margin_after_return=60.5 %
[INFO] [1790213172.917847417] [sage_energy_monitor]: ENERGY | remaining=81.1 % | voltage=15.86 V | drain_rate=0.058 %/s | home_distance=6.4 m | return_time=10 s | return_cost=0.6 % | margin_after_return=60.5 %
[INFO] [1790213173.918246481] [sage_energy_monitor]: ENERGY | remaining=81.1 % | voltage=15.86 V | drain_rate=0.058 %/s | home_distance=6.0 m | return_time=10 s | return_cost=0.6 % | margin_after_return=60.5 %
[INFO] [1790213174.917049655] [sage_energy_monitor]: ENERGY | remaining=81.0 % | voltage=15.86 V | drain_rate=0.059 %/s | home_distance=5.9 m | return_time=10 s | return_cost=0.6 % | margin_after_return=60.4 %
[INFO] [1790213175.916746535] [sage_energy_monitor]: ENERGY | remaining=80.9 % | voltage=15.86 V | drain_rate=0.059 %/s | home_distance=5.8 m | return_time=10 s | return_cost=0.6 % | margin_after_return=60.4 %
[INFO] [1790213176.926845376] [sage_energy_monitor]: ENERGY | remaining=80.9 % | voltage=15.85 V | drain_rate=0.059 %/s | home_distance=5.8 m | return_time=10 s | return_cost=0.6 % | margin_after_return=60.3 %
[INFO] [1790213177.920087791] [sage_energy_monitor]: ENERGY | remaining=80.8 % | voltage=15.85 V | drain_rate=0.059 %/s | home_distance=5.8 m | return_time=10 s | return_cost=0.6 % | margin_after_return=60.3 %
[INFO] [1790213178.923304776] [sage_energy_monitor]: ENERGY | remaining=80.8 % | voltage=15.85 V | drain_rate=0.059 %/s | home_distance=5.9 m | return_time=10 s | return_cost=0.6 % | margin_after_return=60.2 %
[INFO] [1790213179.919617333] [sage_energy_monitor]: ENERGY | remaining=80.7 % | voltage=15.85 V | drain_rate=0.059 %/s | home_distance=6.0 m | return_time=10 s | return_cost=0.6 % | margin_after_return=60.1 %
[INFO] [1790213180.917398275] [sage_energy_monitor]: ENERGY | remaining=80.7 % | voltage=15.85 V | drain_rate=0.059 %/s | home_distance=6.1 m | return_time=10 s | return_cost=0.6 % | margin_after_return=60.1 %
[INFO] [1790213181.920393810] [sage_energy_monitor]: ENERGY | remaining=80.6 % | voltage=15.85 V | drain_rate=0.059 %/s | home_distance=6.1 m | return_time=10 s | return_cost=0.6 % | margin_after_return=60.0 %
[INFO] [1790213182.917057772] [sage_energy_monitor]: ENERGY | remaining=80.5 % | voltage=15.85 V | drain_rate=0.059 %/s | home_distance=6.1 m | return_time=10 s | return_cost=0.6 % | margin_after_return=59.9 %
[INFO] [1790213183.916927131] [sage_energy_monitor]: ENERGY | remaining=80.5 % | voltage=15.85 V | drain_rate=0.059 %/s | home_distance=6.1 m | return_time=10 s | return_cost=0.6 % | margin_after_return=59.9 %
[INFO] [1790213184.923283773] [sage_energy_monitor]: ENERGY | remaining=80.4 % | voltage=15.85 V | drain_rate=0.059 %/s | home_distance=6.1 m | return_time=10 s | return_cost=0.6 % | margin_after_return=59.8 %
[INFO] [1790213185.918437887] [sage_energy_monitor]: ENERGY | remaining=80.4 % | voltage=15.85 V | drain_rate=0.059 %/s | home_distance=6.0 m | return_time=10 s | return_cost=0.6 % | margin_after_return=59.8 %
[INFO] [1790213186.918559505] [sage_energy_monitor]: ENERGY | remaining=80.3 % | voltage=15.84 V | drain_rate=0.059 %/s | home_distance=6.0 m | return_time=10 s | return_cost=0.6 % | margin_after_return=59.7 %
[INFO] [1790213187.916981933] [sage_energy_monitor]: ENERGY | remaining=80.2 % | voltage=15.84 V | drain_rate=0.059 %/s | home_distance=6.0 m | return_time=10 s | return_cost=0.6 % | margin_after_return=59.7 %
[INFO] [1790213188.917054797] [sage_energy_monitor]: ENERGY | remaining=80.2 % | voltage=15.84 V | drain_rate=0.059 %/s | home_distance=6.6 m | return_time=11 s | return_cost=0.6 % | margin_after_return=59.6 %
[INFO] [1790213189.919867263] [sage_energy_monitor]: ENERGY | remaining=80.1 % | voltage=15.84 V | drain_rate=0.059 %/s | home_distance=7.8 m | return_time=12 s | return_cost=0.7 % | margin_after_return=59.4 %
[INFO] [1790213190.918011194] [sage_energy_monitor]: ENERGY | remaining=80.1 % | voltage=15.84 V | drain_rate=0.059 %/s | home_distance=8.5 m | return_time=12 s | return_cost=0.7 % | margin_after_return=59.3 %
[INFO] [1790213191.932792455] [sage_energy_monitor]: ENERGY | remaining=80.0 % | voltage=15.84 V | drain_rate=0.059 %/s | home_distance=8.7 m | return_time=13 s | return_cost=0.7 % | margin_after_return=59.3 %
[INFO] [1790213192.917851159] [sage_energy_monitor]: ENERGY | remaining=79.9 % | voltage=15.84 V | drain_rate=0.059 %/s | home_distance=8.7 m | return_time=13 s | return_cost=0.8 % | margin_after_return=59.2 %
[INFO] [1790213193.927431867] [sage_energy_monitor]: ENERGY | remaining=79.9 % | voltage=15.84 V | drain_rate=0.059 %/s | home_distance=8.6 m | return_time=13 s | return_cost=0.8 % | margin_after_return=59.1 %
[INFO] [1790213194.916989809] [sage_energy_monitor]: ENERGY | remaining=79.8 % | voltage=15.84 V | drain_rate=0.059 %/s | home_distance=8.6 m | return_time=13 s | return_cost=0.7 % | margin_after_return=59.1 %
[INFO] [1790213195.920344703] [sage_energy_monitor]: ENERGY | remaining=79.8 % | voltage=15.83 V | drain_rate=0.059 %/s | home_distance=8.6 m | return_time=13 s | return_cost=0.8 % | margin_after_return=59.0 %
[INFO] [1790213196.921721733] [sage_energy_monitor]: ENERGY | remaining=79.7 % | voltage=15.83 V | drain_rate=0.059 %/s | home_distance=8.7 m | return_time=13 s | return_cost=0.8 % | margin_after_return=59.0 %
[INFO] [1790213197.926937603] [sage_energy_monitor]: ENERGY | remaining=79.7 % | voltage=15.83 V | drain_rate=0.059 %/s | home_distance=8.7 m | return_time=13 s | return_cost=0.7 % | margin_after_return=58.9 %
[INFO] [1790213198.923658265] [sage_energy_monitor]: ENERGY | remaining=79.6 % | voltage=15.83 V | drain_rate=0.059 %/s | home_distance=8.6 m | return_time=13 s | return_cost=0.8 % | margin_after_return=58.8 %
[INFO] [1790213199.916843126] [sage_energy_monitor]: ENERGY | remaining=79.5 % | voltage=15.83 V | drain_rate=0.059 %/s | home_distance=8.5 m | return_time=13 s | return_cost=0.8 % | margin_after_return=58.8 %
[INFO] [1790213200.921061768] [sage_energy_monitor]: ENERGY | remaining=79.5 % | voltage=15.83 V | drain_rate=0.059 %/s | home_distance=8.5 m | return_time=12 s | return_cost=0.7 % | margin_after_return=58.7 %
[INFO] [1790213201.924621674] [sage_energy_monitor]: ENERGY | remaining=79.4 % | voltage=15.83 V | drain_rate=0.059 %/s | home_distance=8.5 m | return_time=12 s | return_cost=0.7 % | margin_after_return=58.7 %
[INFO] [1790213202.920693092] [sage_energy_monitor]: ENERGY | remaining=79.4 % | voltage=15.83 V | drain_rate=0.059 %/s | home_distance=8.4 m | return_time=12 s | return_cost=0.7 % | margin_after_return=58.6 %
[INFO] [1790213203.916884344] [sage_energy_monitor]: ENERGY | remaining=79.3 % | voltage=15.83 V | drain_rate=0.059 %/s | home_distance=8.3 m | return_time=12 s | return_cost=0.7 % | margin_after_return=58.6 %
[INFO] [1790213204.917225729] [sage_energy_monitor]: ENERGY | remaining=79.2 % | voltage=15.82 V | drain_rate=0.059 %/s | home_distance=7.4 m | return_time=12 s | return_cost=0.7 % | margin_after_return=58.6 %
[INFO] [1790213205.916642101] [sage_energy_monitor]: ENERGY | remaining=79.2 % | voltage=15.82 V | drain_rate=0.059 %/s | home_distance=6.6 m | return_time=11 s | return_cost=0.6 % | margin_after_return=58.6 %
[INFO] [1790213206.926814213] [sage_energy_monitor]: ENERGY | remaining=79.1 % | voltage=15.82 V | drain_rate=0.059 %/s | home_distance=6.2 m | return_time=10 s | return_cost=0.6 % | margin_after_return=58.5 %
[INFO] [1790213207.925206917] [sage_energy_monitor]: ENERGY | remaining=79.1 % | voltage=15.82 V | drain_rate=0.059 %/s | home_distance=6.1 m | return_time=10 s | return_cost=0.6 % | margin_after_return=58.5 %
[INFO] [1790213208.921625493] [sage_energy_monitor]: ENERGY | remaining=79.0 % | voltage=15.82 V | drain_rate=0.059 %/s | home_distance=5.9 m | return_time=10 s | return_cost=0.6 % | margin_after_return=58.4 %
[INFO] [1790213209.922450429] [sage_energy_monitor]: ENERGY | remaining=79.0 % | voltage=15.82 V | drain_rate=0.059 %/s | home_distance=5.8 m | return_time=10 s | return_cost=0.6 % | margin_after_return=58.4 %
[INFO] [1790213210.920809571] [sage_energy_monitor]: ENERGY | remaining=78.9 % | voltage=15.82 V | drain_rate=0.059 %/s | home_distance=5.7 m | return_time=10 s | return_cost=0.6 % | margin_after_return=58.3 %
[INFO] [1790213211.920409992] [sage_energy_monitor]: ENERGY | remaining=78.8 % | voltage=15.82 V | drain_rate=0.059 %/s | home_distance=5.7 m | return_time=10 s | return_cost=0.6 % | margin_after_return=58.3 %
[INFO] [1790213212.926274230] [sage_energy_monitor]: ENERGY | remaining=78.8 % | voltage=15.82 V | drain_rate=0.059 %/s | home_distance=5.8 m | return_time=10 s | return_cost=0.6 % | margin_after_return=58.2 %
[INFO] [1790213213.925891778] [sage_energy_monitor]: ENERGY | remaining=78.7 % | voltage=15.82 V | drain_rate=0.059 %/s | home_distance=5.8 m | return_time=10 s | return_cost=0.6 % | margin_after_return=58.1 %
[INFO] [1790213214.917215810] [sage_energy_monitor]: ENERGY | remaining=78.7 % | voltage=15.81 V | drain_rate=0.059 %/s | home_distance=5.9 m | return_time=10 s | return_cost=0.6 % | margin_after_return=58.1 %
[INFO] [1790213215.919192722] [sage_energy_monitor]: ENERGY | remaining=78.6 % | voltage=15.81 V | drain_rate=0.059 %/s | home_distance=5.9 m | return_time=10 s | return_cost=0.6 % | margin_after_return=58.0 %
[INFO] [1790213216.917758572] [sage_energy_monitor]: ENERGY | remaining=78.5 % | voltage=15.81 V | drain_rate=0.059 %/s | home_distance=5.9 m | return_time=10 s | return_cost=0.6 % | margin_after_return=58.0 %
[INFO] [1790213217.917263621] [sage_energy_monitor]: ENERGY | remaining=78.5 % | voltage=15.81 V | drain_rate=0.059 %/s | home_distance=5.9 m | return_time=10 s | return_cost=0.6 % | margin_after_return=57.9 %
[INFO] [1790213218.918446195] [sage_energy_monitor]: ENERGY | remaining=78.4 % | voltage=15.81 V | drain_rate=0.059 %/s | home_distance=5.9 m | return_time=10 s | return_cost=0.6 % | margin_after_return=57.8 %
[INFO] [1790213219.917747432] [sage_energy_monitor]: ENERGY | remaining=78.4 % | voltage=15.81 V | drain_rate=0.059 %/s | home_distance=5.9 m | return_time=10 s | return_cost=0.6 % | margin_after_return=57.8 %
[INFO] [1790213220.917579912] [sage_energy_monitor]: ENERGY | remaining=78.3 % | voltage=15.81 V | drain_rate=0.058 %/s | home_distance=5.1 m | return_time=9 s | return_cost=0.5 % | margin_after_return=57.8 %
[INFO] [1790213221.916645141] [sage_energy_monitor]: ENERGY | remaining=78.3 % | voltage=15.81 V | drain_rate=0.058 %/s | home_distance=2.8 m | return_time=7 s | return_cost=0.4 % | margin_after_return=57.8 %
[INFO] [1790213222.923391463] [sage_energy_monitor]: ENERGY | remaining=78.2 % | voltage=15.81 V | drain_rate=0.058 %/s | home_distance=0.8 m | return_time=5 s | return_cost=0.3 % | margin_after_return=57.9 %
[INFO] [1790213223.921375491] [sage_energy_monitor]: ENERGY | remaining=78.1 % | voltage=15.80 V | drain_rate=0.059 %/s | home_distance=0.4 m | return_time=5 s | return_cost=0.3 % | margin_after_return=57.9 %
[INFO] [1790213224.918585579] [sage_energy_monitor]: ENERGY | remaining=78.1 % | voltage=15.80 V | drain_rate=0.058 %/s | home_distance=0.4 m | return_time=5 s | return_cost=0.3 % | margin_after_return=57.8 %
[INFO] [1790213225.917810937] [sage_energy_monitor]: ENERGY | remaining=78.0 % | voltage=15.80 V | drain_rate=0.058 %/s | home_distance=0.3 m | return_time=4 s | return_cost=0.3 % | margin_after_return=57.8 %
[INFO] [1790213226.926099268] [sage_energy_monitor]: ENERGY | remaining=78.0 % | voltage=15.80 V | drain_rate=0.058 %/s | home_distance=0.2 m | return_time=4 s | return_cost=0.3 % | margin_after_return=57.7 %
[INFO] [1790213227.916468811] [sage_energy_monitor]: ENERGY | remaining=77.9 % | voltage=15.80 V | drain_rate=0.058 %/s | home_distance=0.2 m | return_time=4 s | return_cost=0.3 % | margin_after_return=57.7 %
[INFO] [1790213228.920482036] [sage_energy_monitor]: ENERGY | remaining=77.8 % | voltage=15.80 V | drain_rate=0.058 %/s | home_distance=0.1 m | return_time=4 s | return_cost=0.3 % | margin_after_return=57.6 %
[INFO] [1790213229.926091100] [sage_energy_monitor]: ENERGY | remaining=77.8 % | voltage=15.80 V | drain_rate=0.058 %/s | home_distance=0.1 m | return_time=4 s | return_cost=0.2 % | margin_after_return=57.5 %
[INFO] [1790213230.924292699] [sage_energy_monitor]: ENERGY | remaining=77.7 % | voltage=15.80 V | drain_rate=0.058 %/s | home_distance=0.1 m | return_time=4 s | return_cost=0.3 % | margin_after_return=57.5 %
[INFO] [1790213231.925715742] [sage_energy_monitor]: ENERGY | remaining=77.7 % | voltage=15.80 V | drain_rate=0.058 %/s | home_distance=0.1 m | return_time=4 s | return_cost=0.2 % | margin_after_return=57.4 %
[INFO] [1790213232.918547103] [sage_energy_monitor]: ENERGY | remaining=77.6 % | voltage=15.80 V | drain_rate=0.058 %/s | home_distance=0.0 m | return_time=4 s | return_cost=0.2 % | margin_after_return=57.4 %
[INFO] [1790213233.925299011] [sage_energy_monitor]: ENERGY | remaining=77.6 % | voltage=15.79 V | drain_rate=0.058 %/s | home_distance=0.1 m | return_time=4 s | return_cost=0.2 % | margin_after_return=57.3 %
[INFO] [1790213234.917636063] [sage_energy_monitor]: ENERGY | remaining=77.5 % | voltage=15.79 V | drain_rate=0.058 %/s | home_distance=0.1 m | return_time=4 s | return_cost=0.2 % | margin_after_return=57.3 %
[INFO] [1790213235.916660949] [sage_energy_monitor]: ENERGY | remaining=77.4 % | voltage=15.79 V | drain_rate=0.058 %/s | home_distance=0.1 m | return_time=4 s | return_cost=0.2 % | margin_after_return=57.2 %
[INFO] [1790213236.922798848] [sage_energy_monitor]: ENERGY | remaining=77.4 % | voltage=15.79 V | drain_rate=0.058 %/s | home_distance=0.1 m | return_time=4 s | return_cost=0.2 % | margin_after_return=57.1 %
[INFO] [1790213237.918622745] [sage_energy_monitor]: ENERGY | remaining=77.3 % | voltage=15.79 V | drain_rate=0.059 %/s | home_distance=0.0 m | return_time=4 s | return_cost=0.2 % | margin_after_return=57.1 %
[INFO] [1790213238.918818006] [sage_energy_monitor]: ENERGY | remaining=77.3 % | voltage=15.79 V | drain_rate=0.058 %/s | home_distance=0.5 m | return_time=4 s | return_cost=0.3 % | margin_after_return=57.0 %
[INFO] [1790213239.916924070] [sage_energy_monitor]: ENERGY | remaining=77.2 % | voltage=15.79 V | drain_rate=0.058 %/s | home_distance=2.1 m | return_time=6 s | return_cost=0.4 % | margin_after_return=56.8 %
[INFO] [1790213240.923381019] [sage_energy_monitor]: ENERGY | remaining=77.2 % | voltage=15.79 V | drain_rate=0.058 %/s | home_distance=4.2 m | return_time=8 s | return_cost=0.5 % | margin_after_return=56.7 %
[INFO] [1790213241.918704904] [sage_energy_monitor]: ENERGY | remaining=77.1 % | voltage=15.79 V | drain_rate=0.058 %/s | home_distance=5.7 m | return_time=10 s | return_cost=0.6 % | margin_after_return=56.5 %
[INFO] [1790213242.916669139] [sage_energy_monitor]: ENERGY | remaining=77.0 % | voltage=15.79 V | drain_rate=0.058 %/s | home_distance=6.2 m | return_time=10 s | return_cost=0.6 % | margin_after_return=56.4 %
[INFO] [1790213243.920502148] [sage_energy_monitor]: ENERGY | remaining=77.0 % | voltage=15.78 V | drain_rate=0.058 %/s | home_distance=6.2 m | return_time=10 s | return_cost=0.6 % | margin_after_return=56.4 %
[INFO] [1790213244.917796270] [sage_energy_monitor]: ENERGY | remaining=76.9 % | voltage=15.78 V | drain_rate=0.058 %/s | home_distance=6.1 m | return_time=10 s | return_cost=0.6 % | margin_after_return=56.3 %
[INFO] [1790213245.919423697] [sage_energy_monitor]: ENERGY | remaining=76.9 % | voltage=15.78 V | drain_rate=0.057 %/s | home_distance=6.1 m | return_time=10 s | return_cost=0.6 % | margin_after_return=56.3 %
[INFO] [1790213246.918981815] [sage_energy_monitor]: ENERGY | remaining=76.8 % | voltage=15.78 V | drain_rate=0.057 %/s | home_distance=6.0 m | return_time=10 s | return_cost=0.6 % | margin_after_return=56.3 %
[INFO] [1790213247.920395611] [sage_energy_monitor]: ENERGY | remaining=76.8 % | voltage=15.78 V | drain_rate=0.057 %/s | home_distance=6.0 m | return_time=10 s | return_cost=0.6 % | margin_after_return=56.2 %
[INFO] [1790213248.920601456] [sage_energy_monitor]: ENERGY | remaining=76.7 % | voltage=15.78 V | drain_rate=0.057 %/s | home_distance=6.1 m | return_time=10 s | return_cost=0.6 % | margin_after_return=56.2 %
[INFO] [1790213249.922758355] [sage_energy_monitor]: ENERGY | remaining=76.7 % | voltage=15.78 V | drain_rate=0.057 %/s | home_distance=6.0 m | return_time=10 s | return_cost=0.6 % | margin_after_return=56.1 %
[INFO] [1790213250.923886899] [sage_energy_monitor]: ENERGY | remaining=76.6 % | voltage=15.78 V | drain_rate=0.057 %/s | home_distance=6.0 m | return_time=10 s | return_cost=0.6 % | margin_after_return=56.0 %
[INFO] [1790213251.917919432] [sage_energy_monitor]: ENERGY | remaining=76.5 % | voltage=15.78 V | drain_rate=0.057 %/s | home_distance=6.0 m | return_time=10 s | return_cost=0.6 % | margin_after_return=56.0 %
[INFO] [1790213252.929691502] [sage_energy_monitor]: ENERGY | remaining=76.5 % | voltage=15.78 V | drain_rate=0.057 %/s | home_distance=6.0 m | return_time=10 s | return_cost=0.6 % | margin_after_return=55.9 %
[INFO] [1790213253.921545702] [sage_energy_monitor]: ENERGY | remaining=76.4 % | voltage=15.77 V | drain_rate=0.057 %/s | home_distance=6.0 m | return_time=10 s | return_cost=0.6 % | margin_after_return=55.9 %
[INFO] [1790213254.920296381] [sage_energy_monitor]: ENERGY | remaining=76.4 % | voltage=15.77 V | drain_rate=0.057 %/s | home_distance=6.0 m | return_time=10 s | return_cost=0.6 % | margin_after_return=55.8 %
[INFO] [1790213255.918858167] [sage_energy_monitor]: ENERGY | remaining=76.3 % | voltage=15.77 V | drain_rate=0.057 %/s | home_distance=5.9 m | return_time=10 s | return_cost=0.6 % | margin_after_return=55.7 %
[INFO] [1790213256.923350821] [sage_energy_monitor]: ENERGY | remaining=76.3 % | voltage=15.77 V | drain_rate=0.057 %/s | home_distance=6.0 m | return_time=10 s | return_cost=0.6 % | margin_after_return=55.7 %
[INFO] [1790213257.928445500] [sage_energy_monitor]: ENERGY | remaining=76.2 % | voltage=15.77 V | drain_rate=0.057 %/s | home_distance=6.0 m | return_time=10 s | return_cost=0.6 % | margin_after_return=55.6 %
[INFO] [1790213258.917464074] [sage_energy_monitor]: ENERGY | remaining=76.2 % | voltage=15.77 V | drain_rate=0.057 %/s | home_distance=6.3 m | return_time=11 s | return_cost=0.6 % | margin_after_return=55.6 %
[INFO] [1790213259.918560549] [sage_energy_monitor]: ENERGY | remaining=76.1 % | voltage=15.77 V | drain_rate=0.057 %/s | home_distance=7.3 m | return_time=11 s | return_cost=0.6 % | margin_after_return=55.5 %
[INFO] [1790213260.918913974] [sage_energy_monitor]: ENERGY | remaining=76.0 % | voltage=15.77 V | drain_rate=0.056 %/s | home_distance=8.2 m | return_time=12 s | return_cost=0.7 % | margin_after_return=55.3 %
[INFO] [1790213261.916846771] [sage_energy_monitor]: ENERGY | remaining=76.0 % | voltage=15.77 V | drain_rate=0.056 %/s | home_distance=8.4 m | return_time=12 s | return_cost=0.7 % | margin_after_return=55.3 %
[INFO] [1790213262.921597636] [sage_energy_monitor]: ENERGY | remaining=75.9 % | voltage=15.77 V | drain_rate=0.056 %/s | home_distance=8.4 m | return_time=12 s | return_cost=0.7 % | margin_after_return=55.2 %
[INFO] [1790213263.917289631] [sage_energy_monitor]: ENERGY | remaining=75.9 % | voltage=15.76 V | drain_rate=0.056 %/s | home_distance=8.4 m | return_time=12 s | return_cost=0.7 % | margin_after_return=55.2 %
[INFO] [1790213264.916986126] [sage_energy_monitor]: ENERGY | remaining=75.8 % | voltage=15.76 V | drain_rate=0.056 %/s | home_distance=8.5 m | return_time=12 s | return_cost=0.7 % | margin_after_return=55.1 %
[INFO] [1790213265.918908381] [sage_energy_monitor]: ENERGY | remaining=75.8 % | voltage=15.76 V | drain_rate=0.056 %/s | home_distance=8.5 m | return_time=13 s | return_cost=0.7 % | margin_after_return=55.0 %
[INFO] [1790213266.919344464] [sage_energy_monitor]: ENERGY | remaining=75.7 % | voltage=15.76 V | drain_rate=0.056 %/s | home_distance=8.5 m | return_time=13 s | return_cost=0.7 % | margin_after_return=55.0 %
[INFO] [1790213267.919025176] [sage_energy_monitor]: ENERGY | remaining=75.6 % | voltage=15.76 V | drain_rate=0.056 %/s | home_distance=8.5 m | return_time=13 s | return_cost=0.7 % | margin_after_return=54.9 %
[INFO] [1790213268.926838369] [sage_energy_monitor]: ENERGY | remaining=75.6 % | voltage=15.76 V | drain_rate=0.056 %/s | home_distance=8.6 m | return_time=13 s | return_cost=0.7 % | margin_after_return=54.9 %
[INFO] [1790213269.919752780] [sage_energy_monitor]: ENERGY | remaining=75.5 % | voltage=15.76 V | drain_rate=0.056 %/s | home_distance=8.6 m | return_time=13 s | return_cost=0.7 % | margin_after_return=54.8 %
[INFO] [1790213270.918944602] [sage_energy_monitor]: ENERGY | remaining=75.5 % | voltage=15.76 V | drain_rate=0.056 %/s | home_distance=8.5 m | return_time=13 s | return_cost=0.7 % | margin_after_return=54.7 %
[INFO] [1790213271.922126844] [sage_energy_monitor]: ENERGY | remaining=75.4 % | voltage=15.76 V | drain_rate=0.057 %/s | home_distance=8.5 m | return_time=12 s | return_cost=0.7 % | margin_after_return=54.7 %
[INFO] [1790213272.920598210] [sage_energy_monitor]: ENERGY | remaining=75.3 % | voltage=15.75 V | drain_rate=0.057 %/s | home_distance=8.5 m | return_time=13 s | return_cost=0.7 % | margin_after_return=54.6 %
[INFO] [1790213273.924619362] [sage_energy_monitor]: ENERGY | remaining=75.3 % | voltage=15.75 V | drain_rate=0.057 %/s | home_distance=8.5 m | return_time=13 s | return_cost=0.7 % | margin_after_return=54.6 %
[INFO] [1790213274.919298502] [sage_energy_monitor]: ENERGY | remaining=75.2 % | voltage=15.75 V | drain_rate=0.057 %/s | home_distance=8.2 m | return_time=12 s | return_cost=0.7 % | margin_after_return=54.5 %
[INFO] [1790213275.918455192] [sage_energy_monitor]: ENERGY | remaining=75.2 % | voltage=15.75 V | drain_rate=0.057 %/s | home_distance=7.0 m | return_time=11 s | return_cost=0.6 % | margin_after_return=54.5 %
[INFO] [1790213276.916715905] [sage_energy_monitor]: ENERGY | remaining=75.1 % | voltage=15.75 V | drain_rate=0.058 %/s | home_distance=6.2 m | return_time=10 s | return_cost=0.6 % | margin_after_return=54.5 %
[INFO] [1790213277.926653417] [sage_energy_monitor]: ENERGY | remaining=75.0 % | voltage=15.75 V | drain_rate=0.058 %/s | home_distance=6.1 m | return_time=10 s | return_cost=0.6 % | margin_after_return=54.5 %
[INFO] [1790213278.920893860] [sage_energy_monitor]: ENERGY | remaining=75.0 % | voltage=15.75 V | drain_rate=0.058 %/s | home_distance=6.0 m | return_time=10 s | return_cost=0.6 % | margin_after_return=54.4 %
[INFO] [1790213279.921885588] [sage_energy_monitor]: ENERGY | remaining=74.9 % | voltage=15.75 V | drain_rate=0.058 %/s | home_distance=6.0 m | return_time=10 s | return_cost=0.6 % | margin_after_return=54.3 %
[INFO] [1790213280.918550501] [sage_energy_monitor]: ENERGY | remaining=74.9 % | voltage=15.75 V | drain_rate=0.058 %/s | home_distance=6.0 m | return_time=10 s | return_cost=0.6 % | margin_after_return=54.3 %
[INFO] [1790213281.920380724] [sage_energy_monitor]: ENERGY | remaining=74.8 % | voltage=15.75 V | drain_rate=0.058 %/s | home_distance=6.0 m | return_time=10 s | return_cost=0.6 % | margin_after_return=54.2 %
[INFO] [1790213282.919683629] [sage_energy_monitor]: ENERGY | remaining=74.8 % | voltage=15.74 V | drain_rate=0.058 %/s | home_distance=6.0 m | return_time=10 s | return_cost=0.6 % | margin_after_return=54.2 %
[INFO] [1790213283.916952282] [sage_energy_monitor]: ENERGY | remaining=74.7 % | voltage=15.74 V | drain_rate=0.058 %/s | home_distance=5.9 m | return_time=10 s | return_cost=0.6 % | margin_after_return=54.1 %
[INFO] [1790213284.917474410] [sage_energy_monitor]: ENERGY | remaining=74.6 % | voltage=15.74 V | drain_rate=0.058 %/s | home_distance=5.9 m | return_time=10 s | return_cost=0.6 % | margin_after_return=54.1 %
[INFO] [1790213285.924871401] [sage_energy_monitor]: ENERGY | remaining=74.6 % | voltage=15.74 V | drain_rate=0.058 %/s | home_distance=6.0 m | return_time=10 s | return_cost=0.6 % | margin_after_return=54.0 %
[INFO] [1790213286.922841456] [sage_energy_monitor]: ENERGY | remaining=74.5 % | voltage=15.74 V | drain_rate=0.058 %/s | home_distance=6.0 m | return_time=10 s | return_cost=0.6 % | margin_after_return=53.9 %
[INFO] [1790213287.920903646] [sage_energy_monitor]: ENERGY | remaining=74.5 % | voltage=15.74 V | drain_rate=0.058 %/s | home_distance=6.0 m | return_time=10 s | return_cost=0.6 % | margin_after_return=53.9 %
[INFO] [1790213288.918307065] [sage_energy_monitor]: ENERGY | remaining=74.4 % | voltage=15.74 V | drain_rate=0.058 %/s | home_distance=6.0 m | return_time=10 s | return_cost=0.6 % | margin_after_return=53.8 %
[INFO] [1790213289.917017386] [sage_energy_monitor]: ENERGY | remaining=74.3 % | voltage=15.74 V | drain_rate=0.058 %/s | home_distance=6.0 m | return_time=10 s | return_cost=0.6 % | margin_after_return=53.7 %
[INFO] [1790213290.917876763] [sage_energy_monitor]: ENERGY | remaining=74.3 % | voltage=15.74 V | drain_rate=0.058 %/s | home_distance=6.0 m | return_time=10 s | return_cost=0.6 % | margin_after_return=53.7 %
[INFO] [1790213291.922679755] [sage_energy_monitor]: ENERGY | remaining=74.2 % | voltage=15.73 V | drain_rate=0.058 %/s | home_distance=6.0 m | return_time=10 s | return_cost=0.6 % | margin_after_return=53.6 %
[INFO] [1790213292.918380798] [sage_energy_monitor]: ENERGY | remaining=74.2 % | voltage=15.73 V | drain_rate=0.058 %/s | home_distance=6.6 m | return_time=11 s | return_cost=0.6 % | margin_after_return=53.5 %
[INFO] [1790213293.920596658] [sage_energy_monitor]: ENERGY | remaining=74.1 % | voltage=15.73 V | drain_rate=0.058 %/s | home_distance=7.7 m | return_time=12 s | return_cost=0.7 % | margin_after_return=53.4 %
[INFO] [1790213294.927625059] [sage_energy_monitor]: ENERGY | remaining=74.1 % | voltage=15.73 V | drain_rate=0.059 %/s | home_distance=8.5 m | return_time=13 s | return_cost=0.7 % | margin_after_return=53.3 %
[INFO] [1790213295.919542416] [sage_energy_monitor]: ENERGY | remaining=74.0 % | voltage=15.73 V | drain_rate=0.059 %/s | home_distance=8.7 m | return_time=13 s | return_cost=0.7 % | margin_after_return=53.3 %
[INFO] [1790213296.918510428] [sage_energy_monitor]: ENERGY | remaining=73.9 % | voltage=15.73 V | drain_rate=0.059 %/s | home_distance=8.6 m | return_time=13 s | return_cost=0.8 % | margin_after_return=53.2 %
[INFO] [1790213297.917212228] [sage_energy_monitor]: ENERGY | remaining=73.9 % | voltage=15.73 V | drain_rate=0.059 %/s | home_distance=8.6 m | return_time=13 s | return_cost=0.7 % | margin_after_return=53.1 %
[INFO] [1790213298.917726674] [sage_energy_monitor]: ENERGY | remaining=73.8 % | voltage=15.73 V | drain_rate=0.059 %/s | home_distance=8.5 m | return_time=12 s | return_cost=0.7 % | margin_after_return=53.1 %
[INFO] [1790213299.916817072] [sage_energy_monitor]: ENERGY | remaining=73.8 % | voltage=15.73 V | drain_rate=0.059 %/s | home_distance=8.4 m | return_time=13 s | return_cost=0.7 % | margin_after_return=53.0 %
[INFO] [1790213300.916864512] [sage_energy_monitor]: ENERGY | remaining=73.7 % | voltage=15.73 V | drain_rate=0.059 %/s | home_distance=8.4 m | return_time=12 s | return_cost=0.7 % | margin_after_return=53.0 %
[INFO] [1790213301.918751786] [sage_energy_monitor]: ENERGY | remaining=73.6 % | voltage=15.72 V | drain_rate=0.059 %/s | home_distance=8.5 m | return_time=12 s | return_cost=0.7 % | margin_after_return=52.9 %
[INFO] [1790213302.916505556] [sage_energy_monitor]: ENERGY | remaining=73.6 % | voltage=15.72 V | drain_rate=0.059 %/s | home_distance=8.5 m | return_time=12 s | return_cost=0.7 % | margin_after_return=52.9 %
[INFO] [1790213303.917110693] [sage_energy_monitor]: ENERGY | remaining=73.5 % | voltage=15.72 V | drain_rate=0.058 %/s | home_distance=8.5 m | return_time=12 s | return_cost=0.7 % | margin_after_return=52.8 %
[INFO] [1790213304.922234212] [sage_energy_monitor]: ENERGY | remaining=73.5 % | voltage=15.72 V | drain_rate=0.059 %/s | home_distance=8.4 m | return_time=12 s | return_cost=0.7 % | margin_after_return=52.8 %
[INFO] [1790213305.917611323] [sage_energy_monitor]: ENERGY | remaining=73.4 % | voltage=15.72 V | drain_rate=0.058 %/s | home_distance=8.4 m | return_time=12 s | return_cost=0.7 % | margin_after_return=52.7 %
[INFO] [1790213306.918654776] [sage_energy_monitor]: ENERGY | remaining=73.3 % | voltage=15.72 V | drain_rate=0.058 %/s | home_distance=8.4 m | return_time=13 s | return_cost=0.7 % | margin_after_return=52.6 %
[INFO] [1790213307.926985387] [sage_energy_monitor]: ENERGY | remaining=73.3 % | voltage=15.72 V | drain_rate=0.058 %/s | home_distance=8.4 m | return_time=13 s | return_cost=0.7 % | margin_after_return=52.6 %
[INFO] [1790213308.919854175] [sage_energy_monitor]: ENERGY | remaining=73.2 % | voltage=15.72 V | drain_rate=0.059 %/s | home_distance=8.4 m | return_time=12 s | return_cost=0.7 % | margin_after_return=52.5 %
[INFO] [1790213309.916869516] [sage_energy_monitor]: ENERGY | remaining=73.2 % | voltage=15.72 V | drain_rate=0.059 %/s | home_distance=7.7 m | return_time=12 s | return_cost=0.7 % | margin_after_return=52.5 %
[INFO] [1790213310.918288192] [sage_energy_monitor]: ENERGY | remaining=73.1 % | voltage=15.71 V | drain_rate=0.059 %/s | home_distance=7.0 m | return_time=11 s | return_cost=0.7 % | margin_after_return=52.5 %
[INFO] [1790213311.917126942] [sage_energy_monitor]: ENERGY | remaining=73.1 % | voltage=15.71 V | drain_rate=0.058 %/s | home_distance=6.2 m | return_time=10 s | return_cost=0.6 % | margin_after_return=52.5 %
[INFO] [1790213312.929378999] [sage_energy_monitor]: ENERGY | remaining=73.0 % | voltage=15.71 V | drain_rate=0.058 %/s | home_distance=5.5 m | return_time=10 s | return_cost=0.6 % | margin_after_return=52.5 %
[INFO] [1790213313.916866996] [sage_energy_monitor]: ENERGY | remaining=73.0 % | voltage=15.71 V | drain_rate=0.058 %/s | home_distance=4.6 m | return_time=9 s | return_cost=0.5 % | margin_after_return=52.5 %
[INFO] [1790213314.919541279] [sage_energy_monitor]: ENERGY | remaining=72.9 % | voltage=15.71 V | drain_rate=0.058 %/s | home_distance=3.7 m | return_time=8 s | return_cost=0.5 % | margin_after_return=52.4 %
[INFO] [1790213315.929417754] [sage_energy_monitor]: ENERGY | remaining=72.8 % | voltage=15.71 V | drain_rate=0.058 %/s | home_distance=2.9 m | return_time=7 s | return_cost=0.4 % | margin_after_return=52.4 %
[INFO] [1790213316.917600061] [sage_energy_monitor]: ENERGY | remaining=72.8 % | voltage=15.71 V | drain_rate=0.058 %/s | home_distance=2.0 m | return_time=6 s | return_cost=0.4 % | margin_after_return=52.4 %
[INFO] [1790213317.917142398] [sage_energy_monitor]: ENERGY | remaining=72.7 % | voltage=15.71 V | drain_rate=0.058 %/s | home_distance=1.1 m | return_time=5 s | return_cost=0.3 % | margin_after_return=52.4 %
[INFO] [1790213318.919444337] [sage_energy_monitor]: ENERGY | remaining=72.7 % | voltage=15.71 V | drain_rate=0.058 %/s | home_distance=0.3 m | return_time=4 s | return_cost=0.3 % | margin_after_return=52.4 %
[INFO] [1790213319.920710115] [sage_energy_monitor]: ENERGY | remaining=72.6 % | voltage=15.71 V | drain_rate=0.058 %/s | home_distance=0.1 m | return_time=4 s | return_cost=0.2 % | margin_after_return=52.4 %
[INFO] [1790213320.920676233] [sage_energy_monitor]: ENERGY | remaining=72.6 % | voltage=15.70 V | drain_rate=0.058 %/s | home_distance=0.2 m | return_time=3 s | return_cost=0.2 % | margin_after_return=52.4 %
[INFO] [1790213321.917838903] [sage_energy_monitor]: ENERGY | remaining=72.5 % | voltage=15.70 V | drain_rate=0.058 %/s | home_distance=0.3 m | return_time=3 s | return_cost=0.1 % | margin_after_return=52.4 %
[INFO] [1790213322.918995330] [sage_energy_monitor]: ENERGY | remaining=72.4 % | voltage=15.70 V | drain_rate=0.058 %/s | home_distance=0.3 m | return_time=2 s | return_cost=0.1 % | margin_after_return=52.3 %
[INFO] [1790213323.920569851] [sage_energy_monitor]: ENERGY | remaining=72.4 % | voltage=15.70 V | drain_rate=0.058 %/s | home_distance=0.4 m | return_time=0 s | return_cost=0.0 % | margin_after_return=52.4 %
[INFO] [1790213324.918395495] [sage_energy_monitor]: ENERGY | remaining=72.3 % | voltage=15.70 V | drain_rate=0.058 %/s | home_distance=0.4 m | return_time=0 s | return_cost=0.0 % | margin_after_return=52.3 %
[INFO] [1790213325.917458814] [sage_energy_monitor]: ENERGY | remaining=72.3 % | voltage=15.70 V | drain_rate=0.058 %/s | home_distance=0.4 m | return_time=0 s | return_cost=0.0 % | margin_after_return=52.2 %
[INFO] [1790213326.920913690] [sage_energy_monitor]: ENERGY | remaining=74.6 % | voltage=16.20 V | drain_rate=0.000 %/s | home_distance=0.4 m | return_time=0 s | return_cost=0.0 % | margin_after_return=54.6 %
[INFO] [1790213327.925556053] [sage_energy_monitor]: ENERGY | remaining=87.5 % | voltage=16.20 V | drain_rate=0.000 %/s | home_distance=0.4 m | return_time=0 s | return_cost=0.0 % | margin_after_return=67.5 %
[INFO] [1790213328.919027820] [sage_energy_monitor]: ENERGY | remaining=93.9 % | voltage=16.20 V | drain_rate=0.000 %/s | home_distance=0.4 m | return_time=0 s | return_cost=0.0 % | margin_after_return=73.9 %
[INFO] [1790213329.919499208] [sage_energy_monitor]: ENERGY | remaining=97.0 % | voltage=16.20 V | drain_rate=0.000 %/s | home_distance=0.4 m | return_time=1 s | return_cost=0.0 % | margin_after_return=77.0 %
[INFO] [1790213330.922537438] [sage_energy_monitor]: ENERGY | remaining=98.5 % | voltage=16.20 V | drain_rate=0.000 %/s | home_distance=0.4 m | return_time=1 s | return_cost=0.0 % | margin_after_return=78.5 %
[INFO] [1790213331.920367132] [sage_energy_monitor]: ENERGY | remaining=99.3 % | voltage=16.20 V | drain_rate=0.000 %/s | home_distance=0.4 m | return_time=1 s | return_cost=0.0 % | margin_after_return=79.3 %
[INFO] [1790213332.916636494] [sage_energy_monitor]: ENERGY | remaining=99.7 % | voltage=16.20 V | drain_rate=0.000 %/s | home_distance=0.4 m | return_time=1 s | return_cost=0.0 % | margin_after_return=79.7 %
[INFO] [1790213333.918892070] [sage_energy_monitor]: ENERGY | remaining=99.8 % | voltage=16.20 V | drain_rate=0.000 %/s | home_distance=0.4 m | return_time=1 s | return_cost=0.0 % | margin_after_return=79.8 %
[INFO] [1790213334.917010533] [sage_energy_monitor]: ENERGY | remaining=99.9 % | voltage=16.20 V | drain_rate=0.000 %/s | home_distance=0.4 m | return_time=1 s | return_cost=0.0 % | margin_after_return=79.9 %
